self.rq_model = RQVAE(in_dim=self.latent_dim * (len(self.eInfo['item']) + 1),
                  num_emb_list=[8, 8, 8],
                  e_dim=16,
                  layers=[64, 32],
                  dropout_prob=0,
                  bn=False,
                  loss_type='mse',
                  quant_loss_weight=1,
                  beta=0.25,
                  kmeans_init=True,
                  kmeans_iters=100,
                  sk_epsilons=[0.0, 0.0, 0.0],
                  sk_iters=50,
)

Wed 26 Nov 2025 01:25:29 INFO  ['/data/xwx/site-packages/RecBole/run_recbole.py', '--model', 'FairLightGCN', '--dataset', 'ml-1m', '--nproc', '1', '--ip', 'localhost', '--port', '5678', '--world_size', '-1', '--group_offset', '0', '--gpu_ids', '3']
Wed 26 Nov 2025 01:25:29 INFO  
General Hyper Parameters:
gpu_id = 0
use_gpu = True
seed = 2020
state = INFO
reproducibility = True
data_path = dataset/ml-1m
checkpoint_dir = saved
show_progress = True
save_dataset = False
dataset_save_path = None
save_dataloaders = False
dataloaders_save_path = None
log_wandb = False

Training Hyper Parameters:
epochs = 100
train_batch_size = 1024
learner = adam
learning_rate = 0.001
train_neg_sample_args = {'distribution': 'uniform', 'sample_num': 1, 'alpha': 1.0, 'dynamic': False, 'candidate_num': 0}
eval_step = 2
stopping_step = 10
clip_grad_norm = None
weight_decay = 0.0
loss_decimal_place = 4

Evaluation Hyper Parameters:
eval_args = {'split': {'RS': [0.8, 0.1, 0.1]}, 'order': 'RO', 'group_by': 'user', 'mode': {'valid': 'full', 'test': 'full'}}
repeatable = False
metrics = ['Recall', 'MRR', 'NDCG', 'Hit', 'Precision']
topk = [10]
valid_metric = MRR@10
valid_metric_bigger = True
eval_batch_size = 102400
metric_decimal_place = 4

Dataset Hyper Parameters:
train_batch_size = 1024
eval_batch_size = 102400
field_separator = 	
seq_separator =  
USER_ID_FIELD = user_id
ITEM_ID_FIELD = item_id
RATING_FIELD = rating
TIME_FIELD = timestamp
seq_len = None
LABEL_FIELD = label
threshold = None
NEG_PREFIX = neg_
load_col = {'inter': ['user_id', 'item_id', 'rating', 'timestamp'], 'user': ['user_id', 'age', 'gender', 'occupation'], 'item': ['item_id', 'release_year', 'class']}
unload_col = None
unused_col = None
additional_feat_suffix = None
rm_dup_inter = None
val_interval = None
filter_inter_by_user_or_item = True
user_inter_num_interval = None
item_inter_num_interval = None
alias_of_user_id = None
alias_of_item_id = None
alias_of_entity_id = None
alias_of_relation_id = None
preload_weight = None
normalize_field = None
normalize_all = True
ITEM_LIST_LENGTH_FIELD = item_length
LIST_SUFFIX = _list
MAX_ITEM_LIST_LENGTH = 50
POSITION_FIELD = position_id
HEAD_ENTITY_ID_FIELD = head_id
TAIL_ENTITY_ID_FIELD = tail_id
RELATION_ID_FIELD = relation_id
ENTITY_ID_FIELD = entity_id
kg_reverse_r = False
entity_kg_num_interval = None
relation_kg_num_interval = None
benchmark_filename = None
save_single_user = True
save_base_path = output
attr = {'user': {'need_inter_num': True, 'need_inter_hour': True, 'need_rating': True, 'need_item_genre': True, 'need_item_year': True, 'need_zipcode_to_region': True}, 'item': {'need_inter_num': True, 'need_inter_hour': True, 'need_rating': True, 'need_age': True, 'need_gender': True, 'need_occupation': True, 'need_region': True}, 'interaction': {'timestamp_unit': 's'}}
to_bin = {'user': {'mean_rating': {'n_bins': 5}, 'interaction_nums': {'n_bins': 5}}, 'item': {'mean_rating': {'n_bins': 5}, 'interaction_nums': {'n_bins': 5}}}

Other Hyper Parameters: 
worker = 0
wandb_project = recbole
shuffle = True
require_pow = False
enable_amp = False
enable_scaler = False
transform = None
export_topk_recs = True
export_topk_dir = None
export_topk_filename = None
export_topk_item_separator = None
export_topk_separate_columns = None
embedding_size = 64
n_layers = 2
reg_weight = 1e-05
numerical_features = []
discretization = None
MODEL_TYPE = ModelType.GENERAL
MODEL_INPUT_TYPE = InputType.PAIRWISE
eval_type = EvaluatorType.RANKING
single_spec = True
local_rank = 0
device = cuda
valid_neg_sample_args = {'distribution': 'uniform', 'sample_num': 'none'}
test_neg_sample_args = {'distribution': 'uniform', 'sample_num': 'none'}


Wed 26 Nov 2025 01:25:34 INFO  ml-1m
The number of users: 6041
Average actions of users: 165.5975165562914
The number of items: 3884
Average actions of items: 269.88909875876953
The number of inters: 1000209
The sparsity of the dataset: 95.73712398848173%
Remain Fields: ['user_id', 'item_id', 'rating', 'timestamp', 'age', 'gender', 'occupation', 'release_year']
Wed 26 Nov 2025 01:25:37 INFO  [Training]: train_batch_size = [1024] train_neg_sample_args: [{'distribution': 'uniform', 'sample_num': 1, 'alpha': 1.0, 'dynamic': False, 'candidate_num': 0}]
Wed 26 Nov 2025 01:25:37 INFO  [Evaluation]: eval_batch_size = [102400] eval_args: [{'split': {'RS': [0.8, 0.1, 0.1]}, 'order': 'RO', 'group_by': 'user', 'mode': {'valid': 'full', 'test': 'full'}}]
Wed 26 Nov 2025 01:26:11 INFO  FairLightGCN(
  (user_embedding): Embedding(6041, 64)
  (item_embedding): Embedding(3884, 64)
  (mf_loss): BPRLoss()
  (reg_loss): EmbLoss()
  (rq_model): RQVAE(
    (encoder): MLPLayers(
      (mlp_layers): Sequential(
        (0): Dropout(p=0, inplace=False)
        (1): Linear(in_features=128, out_features=64, bias=True)
        (2): Sigmoid()
        (3): Dropout(p=0, inplace=False)
        (4): Linear(in_features=64, out_features=32, bias=True)
        (5): Sigmoid()
        (6): Dropout(p=0, inplace=False)
        (7): Linear(in_features=32, out_features=16, bias=True)
      )
    )
    (rq): ResidualVectorQuantizer(
      (vq_layers): ModuleList(
        (0-2): 3 x VectorQuantizer(
          (embedding): Embedding(8, 16)
        )
      )
    )
    (decoder): MLPLayers(
      (mlp_layers): Sequential(
        (0): Dropout(p=0, inplace=False)
        (1): Linear(in_features=16, out_features=32, bias=True)
        (2): Sigmoid()
        (3): Dropout(p=0, inplace=False)
        (4): Linear(in_features=32, out_features=64, bias=True)
        (5): Sigmoid()
        (6): Dropout(p=0, inplace=False)
        (7): Linear(in_features=64, out_features=128, bias=True)
      )
    )
  )
)
Trainable parameters: 657424
Wed 26 Nov 2025 01:26:11 INFO  FLOPs: 0.0
Wed 26 Nov 2025 01:28:49 INFO  epoch 0 training [time: 156.60s, train loss: 1271.0510]
Wed 26 Nov 2025 01:30:41 INFO  epoch 1 training [time: 112.08s, train loss: 1109.2291]
Wed 26 Nov 2025 01:30:45 INFO  epoch 1 evaluating [time: 3.39s, valid_score: 0.239300]
Wed 26 Nov 2025 01:30:45 INFO  valid result: 
recall@10 : 0.0931    mrr@10 : 0.2393    ndcg@10 : 0.1156    hit@10 : 0.5513    precision@10 : 0.0867
Wed 26 Nov 2025 01:30:45 INFO  Saving current: saved/FairLightGCN-Nov-26-2025_01-26-11.pth
Wed 26 Nov 2025 01:32:41 INFO  epoch 2 training [time: 116.04s, train loss: 1066.0099]
Wed 26 Nov 2025 01:33:33 INFO  epoch 3 training [time: 52.26s, train loss: 1043.8701]
Wed 26 Nov 2025 01:33:34 INFO  epoch 3 evaluating [time: 0.49s, valid_score: 0.220500]
Wed 26 Nov 2025 01:33:34 INFO  valid result: 
recall@10 : 0.0853    mrr@10 : 0.2205    ndcg@10 : 0.1062    hit@10 : 0.5225    precision@10 : 0.0809
Wed 26 Nov 2025 01:34:42 INFO  epoch 4 training [time: 68.22s, train loss: 1038.0732]
Wed 26 Nov 2025 01:35:35 INFO  epoch 5 training [time: 52.69s, train loss: 1020.5637]
Wed 26 Nov 2025 01:35:35 INFO  epoch 5 evaluating [time: 0.57s, valid_score: 0.230700]
Wed 26 Nov 2025 01:35:35 INFO  valid result: 
recall@10 : 0.0861    mrr@10 : 0.2307    ndcg@10 : 0.1108    hit@10 : 0.5298    precision@10 : 0.0843
Wed 26 Nov 2025 01:36:20 INFO  epoch 6 training [time: 44.45s, train loss: 1020.7093]
Wed 26 Nov 2025 01:36:56 INFO  epoch 7 training [time: 36.43s, train loss: 1004.4128]
Wed 26 Nov 2025 01:36:56 INFO  epoch 7 evaluating [time: 0.31s, valid_score: 0.217700]
Wed 26 Nov 2025 01:36:56 INFO  valid result: 
recall@10 : 0.0807    mrr@10 : 0.2177    ndcg@10 : 0.1036    hit@10 : 0.501    precision@10 : 0.0785
Wed 26 Nov 2025 01:37:33 INFO  epoch 8 training [time: 36.55s, train loss: 999.0471]
Wed 26 Nov 2025 01:38:16 INFO  epoch 9 training [time: 42.94s, train loss: 993.6343]
Wed 26 Nov 2025 01:38:16 INFO  epoch 9 evaluating [time: 0.48s, valid_score: 0.162300]
Wed 26 Nov 2025 01:38:16 INFO  valid result: 
recall@10 : 0.0583    mrr@10 : 0.1623    ndcg@10 : 0.0752    hit@10 : 0.3911    precision@10 : 0.0571
Wed 26 Nov 2025 01:39:09 INFO  epoch 10 training [time: 52.45s, train loss: 1004.2673]
Wed 26 Nov 2025 01:40:01 INFO  epoch 11 training [time: 52.40s, train loss: 988.0260]
Wed 26 Nov 2025 01:40:02 INFO  epoch 11 evaluating [time: 0.48s, valid_score: 0.141200]
Wed 26 Nov 2025 01:40:02 INFO  valid result: 
recall@10 : 0.0489    mrr@10 : 0.1412    ndcg@10 : 0.0659    hit@10 : 0.3455    precision@10 : 0.0512
Wed 26 Nov 2025 01:40:54 INFO  epoch 12 training [time: 52.41s, train loss: 974.7119]
Wed 26 Nov 2025 01:41:56 INFO  epoch 13 training [time: 62.24s, train loss: 947.7073]
Wed 26 Nov 2025 01:41:57 INFO  epoch 13 evaluating [time: 0.32s, valid_score: 0.177200]
Wed 26 Nov 2025 01:41:57 INFO  valid result: 
recall@10 : 0.0587    mrr@10 : 0.1772    ndcg@10 : 0.0838    hit@10 : 0.4104    precision@10 : 0.0657
Wed 26 Nov 2025 01:42:49 INFO  epoch 14 training [time: 52.10s, train loss: 908.9955]
Wed 26 Nov 2025 01:43:41 INFO  epoch 15 training [time: 52.19s, train loss: 880.3760]
Wed 26 Nov 2025 01:43:41 INFO  epoch 15 evaluating [time: 0.48s, valid_score: 0.287100]
Wed 26 Nov 2025 01:43:41 INFO  valid result: 
recall@10 : 0.1009    mrr@10 : 0.2871    ndcg@10 : 0.1432    hit@10 : 0.5975    precision@10 : 0.1109
Wed 26 Nov 2025 01:43:41 INFO  Saving current: saved/FairLightGCN-Nov-26-2025_01-26-11.pth
Wed 26 Nov 2025 01:44:34 INFO  epoch 16 training [time: 52.19s, train loss: 824.9110]
Wed 26 Nov 2025 01:45:13 INFO  epoch 17 training [time: 39.78s, train loss: 806.2390]
Wed 26 Nov 2025 01:45:14 INFO  epoch 17 evaluating [time: 0.32s, valid_score: 0.357100]
Wed 26 Nov 2025 01:45:14 INFO  valid result: 
recall@10 : 0.1397    mrr@10 : 0.3571    ndcg@10 : 0.1908    hit@10 : 0.7078    precision@10 : 0.1467
Wed 26 Nov 2025 01:45:14 INFO  Saving current: saved/FairLightGCN-Nov-26-2025_01-26-11.pth
Wed 26 Nov 2025 01:46:06 INFO  epoch 18 training [time: 52.33s, train loss: 787.1383]
Wed 26 Nov 2025 01:47:07 INFO  epoch 19 training [time: 60.43s, train loss: 755.2742]
Wed 26 Nov 2025 01:47:07 INFO  epoch 19 evaluating [time: 0.48s, valid_score: 0.375200]
Wed 26 Nov 2025 01:47:07 INFO  valid result: 
recall@10 : 0.1507    mrr@10 : 0.3752    ndcg@10 : 0.2039    hit@10 : 0.7308    precision@10 : 0.1569
Wed 26 Nov 2025 01:47:07 INFO  Saving current: saved/FairLightGCN-Nov-26-2025_01-26-11.pth
Wed 26 Nov 2025 01:48:00 INFO  epoch 20 training [time: 53.07s, train loss: 754.3465]
Wed 26 Nov 2025 01:48:53 INFO  epoch 21 training [time: 52.67s, train loss: 752.9588]
Wed 26 Nov 2025 01:48:53 INFO  epoch 21 evaluating [time: 0.49s, valid_score: 0.382900]
Wed 26 Nov 2025 01:48:53 INFO  valid result: 
recall@10 : 0.1553    mrr@10 : 0.3829    ndcg@10 : 0.2092    hit@10 : 0.7389    precision@10 : 0.1601
Wed 26 Nov 2025 01:48:54 INFO  Saving current: saved/FairLightGCN-Nov-26-2025_01-26-11.pth
Wed 26 Nov 2025 01:49:46 INFO  epoch 22 training [time: 52.44s, train loss: 735.5923]
Wed 26 Nov 2025 01:50:38 INFO  epoch 23 training [time: 52.21s, train loss: 733.8819]
Wed 26 Nov 2025 01:50:39 INFO  epoch 23 evaluating [time: 0.49s, valid_score: 0.386200]
Wed 26 Nov 2025 01:50:39 INFO  valid result: 
recall@10 : 0.1591    mrr@10 : 0.3862    ndcg@10 : 0.2127    hit@10 : 0.743    precision@10 : 0.1629
Wed 26 Nov 2025 01:50:39 INFO  Saving current: saved/FairLightGCN-Nov-26-2025_01-26-11.pth
Wed 26 Nov 2025 01:51:31 INFO  epoch 24 training [time: 52.34s, train loss: 760.7538]
Wed 26 Nov 2025 01:52:23 INFO  epoch 25 training [time: 52.23s, train loss: 727.6095]
Wed 26 Nov 2025 01:52:24 INFO  epoch 25 evaluating [time: 0.48s, valid_score: 0.387300]
Wed 26 Nov 2025 01:52:24 INFO  valid result: 
recall@10 : 0.1603    mrr@10 : 0.3873    ndcg@10 : 0.214    hit@10 : 0.747    precision@10 : 0.1642
Wed 26 Nov 2025 01:52:24 INFO  Saving current: saved/FairLightGCN-Nov-26-2025_01-26-11.pth
Wed 26 Nov 2025 01:53:16 INFO  epoch 26 training [time: 52.44s, train loss: 713.0876]
Wed 26 Nov 2025 01:54:09 INFO  epoch 27 training [time: 52.32s, train loss: 711.9438]
Wed 26 Nov 2025 01:54:09 INFO  epoch 27 evaluating [time: 0.48s, valid_score: 0.392600]
Wed 26 Nov 2025 01:54:09 INFO  valid result: 
recall@10 : 0.1618    mrr@10 : 0.3926    ndcg@10 : 0.2167    hit@10 : 0.7488    precision@10 : 0.1656
Wed 26 Nov 2025 01:54:09 INFO  Saving current: saved/FairLightGCN-Nov-26-2025_01-26-11.pth
Wed 26 Nov 2025 01:55:02 INFO  epoch 28 training [time: 52.37s, train loss: 697.3343]
Wed 26 Nov 2025 01:55:54 INFO  epoch 29 training [time: 52.61s, train loss: 684.7535]
Wed 26 Nov 2025 01:55:55 INFO  epoch 29 evaluating [time: 0.49s, valid_score: 0.391600]
Wed 26 Nov 2025 01:55:55 INFO  valid result: 
recall@10 : 0.1621    mrr@10 : 0.3916    ndcg@10 : 0.2172    hit@10 : 0.7493    precision@10 : 0.1664
Wed 26 Nov 2025 01:56:47 INFO  epoch 30 training [time: 52.60s, train loss: 669.3146]
Wed 26 Nov 2025 01:58:20 INFO  epoch 31 training [time: 92.78s, train loss: 679.6108]
Wed 26 Nov 2025 01:58:26 INFO  epoch 31 evaluating [time: 5.53s, valid_score: 0.393800]
Wed 26 Nov 2025 01:58:26 INFO  valid result: 
recall@10 : 0.1634    mrr@10 : 0.3938    ndcg@10 : 0.2185    hit@10 : 0.7526    precision@10 : 0.1674
Wed 26 Nov 2025 01:58:26 INFO  Saving current: saved/FairLightGCN-Nov-26-2025_01-26-11.pth
Wed 26 Nov 2025 02:01:26 INFO  epoch 32 training [time: 180.38s, train loss: 672.8988]
Wed 26 Nov 2025 02:04:22 INFO  epoch 33 training [time: 176.27s, train loss: 665.2623]
Wed 26 Nov 2025 02:04:28 INFO  epoch 33 evaluating [time: 5.52s, valid_score: 0.393500]
Wed 26 Nov 2025 02:04:28 INFO  valid result: 
recall@10 : 0.1632    mrr@10 : 0.3935    ndcg@10 : 0.2184    hit@10 : 0.7536    precision@10 : 0.1672
Wed 26 Nov 2025 02:07:13 INFO  epoch 34 training [time: 165.03s, train loss: 675.0803]
Wed 26 Nov 2025 02:10:13 INFO  epoch 35 training [time: 180.20s, train loss: 683.0624]
Wed 26 Nov 2025 02:10:18 INFO  epoch 35 evaluating [time: 5.33s, valid_score: 0.395100]
Wed 26 Nov 2025 02:10:18 INFO  valid result: 
recall@10 : 0.1637    mrr@10 : 0.3951    ndcg@10 : 0.2188    hit@10 : 0.7543    precision@10 : 0.1673
Wed 26 Nov 2025 02:10:19 INFO  Saving current: saved/FairLightGCN-Nov-26-2025_01-26-11.pth
Wed 26 Nov 2025 02:13:19 INFO  epoch 36 training [time: 180.23s, train loss: 679.6858]
Wed 26 Nov 2025 02:16:19 INFO  epoch 37 training [time: 180.14s, train loss: 662.2619]
Wed 26 Nov 2025 02:16:24 INFO  epoch 37 evaluating [time: 5.39s, valid_score: 0.397100]
Wed 26 Nov 2025 02:16:24 INFO  valid result: 
recall@10 : 0.1651    mrr@10 : 0.3971    ndcg@10 : 0.2207    hit@10 : 0.7566    precision@10 : 0.1685
Wed 26 Nov 2025 02:16:25 INFO  Saving current: saved/FairLightGCN-Nov-26-2025_01-26-11.pth
Wed 26 Nov 2025 02:19:25 INFO  epoch 38 training [time: 180.46s, train loss: 664.7856]
Wed 26 Nov 2025 02:22:25 INFO  epoch 39 training [time: 179.63s, train loss: 657.5762]
Wed 26 Nov 2025 02:22:30 INFO  epoch 39 evaluating [time: 5.16s, valid_score: 0.395900]
Wed 26 Nov 2025 02:22:30 INFO  valid result: 
recall@10 : 0.1651    mrr@10 : 0.3959    ndcg@10 : 0.2201    hit@10 : 0.7556    precision@10 : 0.1683
Wed 26 Nov 2025 02:25:30 INFO  epoch 40 training [time: 180.19s, train loss: 648.1266]
Wed 26 Nov 2025 02:28:30 INFO  epoch 41 training [time: 180.30s, train loss: 648.8328]
Wed 26 Nov 2025 02:28:35 INFO  epoch 41 evaluating [time: 5.09s, valid_score: 0.396700]
Wed 26 Nov 2025 02:28:35 INFO  valid result: 
recall@10 : 0.1655    mrr@10 : 0.3967    ndcg@10 : 0.2209    hit@10 : 0.7565    precision@10 : 0.1692
Wed 26 Nov 2025 02:31:36 INFO  epoch 42 training [time: 180.12s, train loss: 645.8274]
Wed 26 Nov 2025 02:34:36 INFO  epoch 43 training [time: 180.10s, train loss: 648.3087]
Wed 26 Nov 2025 02:34:41 INFO  epoch 43 evaluating [time: 5.22s, valid_score: 0.396300]
Wed 26 Nov 2025 02:34:41 INFO  valid result: 
recall@10 : 0.1654    mrr@10 : 0.3963    ndcg@10 : 0.2203    hit@10 : 0.7558    precision@10 : 0.1688
Wed 26 Nov 2025 02:37:41 INFO  epoch 44 training [time: 180.07s, train loss: 666.5344]
Wed 26 Nov 2025 02:40:41 INFO  epoch 45 training [time: 180.27s, train loss: 648.7145]
Wed 26 Nov 2025 02:40:47 INFO  epoch 45 evaluating [time: 5.53s, valid_score: 0.398200]
Wed 26 Nov 2025 02:40:47 INFO  valid result: 
recall@10 : 0.1657    mrr@10 : 0.3982    ndcg@10 : 0.2211    hit@10 : 0.7575    precision@10 : 0.1695
Wed 26 Nov 2025 02:40:47 INFO  Saving current: saved/FairLightGCN-Nov-26-2025_01-26-11.pth
Wed 26 Nov 2025 02:43:45 INFO  epoch 46 training [time: 178.18s, train loss: 654.9729]
Wed 26 Nov 2025 02:46:45 INFO  epoch 47 training [time: 180.42s, train loss: 673.7952]
Wed 26 Nov 2025 02:46:51 INFO  epoch 47 evaluating [time: 5.56s, valid_score: 0.397800]
Wed 26 Nov 2025 02:46:51 INFO  valid result: 
recall@10 : 0.1663    mrr@10 : 0.3978    ndcg@10 : 0.2214    hit@10 : 0.7571    precision@10 : 0.1698
Wed 26 Nov 2025 02:49:52 INFO  epoch 48 training [time: 180.73s, train loss: 651.9866]
Wed 26 Nov 2025 02:52:48 INFO  epoch 49 training [time: 176.76s, train loss: 645.0139]
Wed 26 Nov 2025 02:52:54 INFO  epoch 49 evaluating [time: 5.06s, valid_score: 0.398600]
Wed 26 Nov 2025 02:52:54 INFO  valid result: 
recall@10 : 0.1665    mrr@10 : 0.3986    ndcg@10 : 0.2216    hit@10 : 0.7576    precision@10 : 0.1698
Wed 26 Nov 2025 02:52:54 INFO  Saving current: saved/FairLightGCN-Nov-26-2025_01-26-11.pth
Wed 26 Nov 2025 02:55:51 INFO  epoch 50 training [time: 177.52s, train loss: 657.1888]
Wed 26 Nov 2025 02:58:51 INFO  epoch 51 training [time: 180.28s, train loss: 643.8834]
Wed 26 Nov 2025 02:58:57 INFO  epoch 51 evaluating [time: 5.25s, valid_score: 0.398100]
Wed 26 Nov 2025 02:58:57 INFO  valid result: 
recall@10 : 0.1668    mrr@10 : 0.3981    ndcg@10 : 0.2221    hit@10 : 0.757    precision@10 : 0.1707
Wed 26 Nov 2025 03:01:56 INFO  epoch 52 training [time: 179.77s, train loss: 673.6927]
Wed 26 Nov 2025 03:04:57 INFO  epoch 53 training [time: 180.23s, train loss: 663.0101]
Wed 26 Nov 2025 03:05:02 INFO  epoch 53 evaluating [time: 5.07s, valid_score: 0.398400]
Wed 26 Nov 2025 03:05:02 INFO  valid result: 
recall@10 : 0.1665    mrr@10 : 0.3984    ndcg@10 : 0.2216    hit@10 : 0.757    precision@10 : 0.1698
Wed 26 Nov 2025 03:08:02 INFO  epoch 54 training [time: 180.17s, train loss: 655.7635]
Wed 26 Nov 2025 03:11:02 INFO  epoch 55 training [time: 180.11s, train loss: 646.2274]
Wed 26 Nov 2025 03:11:07 INFO  epoch 55 evaluating [time: 5.08s, valid_score: 0.397500]
Wed 26 Nov 2025 03:11:07 INFO  valid result: 
recall@10 : 0.1656    mrr@10 : 0.3975    ndcg@10 : 0.2215    hit@10 : 0.7556    precision@10 : 0.17
Wed 26 Nov 2025 03:14:07 INFO  epoch 56 training [time: 180.00s, train loss: 624.4976]
Wed 26 Nov 2025 03:17:07 INFO  epoch 57 training [time: 180.32s, train loss: 611.0777]
Wed 26 Nov 2025 03:17:12 INFO  epoch 57 evaluating [time: 5.00s, valid_score: 0.397800]
Wed 26 Nov 2025 03:17:12 INFO  valid result: 
recall@10 : 0.166    mrr@10 : 0.3978    ndcg@10 : 0.2215    hit@10 : 0.7579    precision@10 : 0.1696
Wed 26 Nov 2025 03:20:09 INFO  epoch 58 training [time: 176.23s, train loss: 632.0581]
Wed 26 Nov 2025 03:22:53 INFO  epoch 59 training [time: 164.70s, train loss: 654.1138]
Wed 26 Nov 2025 03:22:58 INFO  epoch 59 evaluating [time: 4.95s, valid_score: 0.398600]
Wed 26 Nov 2025 03:22:58 INFO  valid result: 
recall@10 : 0.1666    mrr@10 : 0.3986    ndcg@10 : 0.2222    hit@10 : 0.7586    precision@10 : 0.1703
Wed 26 Nov 2025 03:22:58 INFO  Saving current: saved/FairLightGCN-Nov-26-2025_01-26-11.pth
Wed 26 Nov 2025 03:25:59 INFO  epoch 60 training [time: 180.21s, train loss: 653.9684]
Wed 26 Nov 2025 03:28:59 INFO  epoch 61 training [time: 180.64s, train loss: 637.8580]
Wed 26 Nov 2025 03:29:05 INFO  epoch 61 evaluating [time: 5.38s, valid_score: 0.398500]
Wed 26 Nov 2025 03:29:05 INFO  valid result: 
recall@10 : 0.1662    mrr@10 : 0.3985    ndcg@10 : 0.222    hit@10 : 0.7583    precision@10 : 0.1701
Wed 26 Nov 2025 03:32:05 INFO  epoch 62 training [time: 180.12s, train loss: 622.1539]
Wed 26 Nov 2025 03:35:05 INFO  epoch 63 training [time: 179.99s, train loss: 645.7974]
Wed 26 Nov 2025 03:35:10 INFO  epoch 63 evaluating [time: 5.35s, valid_score: 0.399400]
Wed 26 Nov 2025 03:35:10 INFO  valid result: 
recall@10 : 0.1664    mrr@10 : 0.3994    ndcg@10 : 0.2225    hit@10 : 0.7599    precision@10 : 0.1704
Wed 26 Nov 2025 03:35:10 INFO  Saving current: saved/FairLightGCN-Nov-26-2025_01-26-11.pth
Wed 26 Nov 2025 03:38:11 INFO  epoch 64 training [time: 180.52s, train loss: 626.5220]
Wed 26 Nov 2025 03:41:01 INFO  epoch 65 training [time: 170.48s, train loss: 611.8759]
Wed 26 Nov 2025 03:41:06 INFO  epoch 65 evaluating [time: 5.17s, valid_score: 0.399200]
Wed 26 Nov 2025 03:41:06 INFO  valid result: 
recall@10 : 0.1665    mrr@10 : 0.3992    ndcg@10 : 0.2226    hit@10 : 0.7596    precision@10 : 0.1706
Wed 26 Nov 2025 03:43:51 INFO  epoch 66 training [time: 164.84s, train loss: 604.7744]
Wed 26 Nov 2025 03:46:37 INFO  epoch 67 training [time: 165.24s, train loss: 619.2746]
Wed 26 Nov 2025 03:46:42 INFO  epoch 67 evaluating [time: 5.18s, valid_score: 0.398500]
Wed 26 Nov 2025 03:46:42 INFO  valid result: 
recall@10 : 0.1663    mrr@10 : 0.3985    ndcg@10 : 0.2225    hit@10 : 0.7584    precision@10 : 0.1708
Wed 26 Nov 2025 03:49:26 INFO  epoch 68 training [time: 164.39s, train loss: 620.0099]
Wed 26 Nov 2025 03:52:25 INFO  epoch 69 training [time: 179.04s, train loss: 613.2416]
Wed 26 Nov 2025 03:52:30 INFO  epoch 69 evaluating [time: 5.04s, valid_score: 0.398500]
Wed 26 Nov 2025 03:52:30 INFO  valid result: 
recall@10 : 0.1666    mrr@10 : 0.3985    ndcg@10 : 0.2224    hit@10 : 0.7599    precision@10 : 0.1707
Wed 26 Nov 2025 03:55:30 INFO  epoch 70 training [time: 179.84s, train loss: 626.5955]
Wed 26 Nov 2025 03:58:30 INFO  epoch 71 training [time: 180.35s, train loss: 635.8779]
Wed 26 Nov 2025 03:58:35 INFO  epoch 71 evaluating [time: 5.05s, valid_score: 0.399200]
Wed 26 Nov 2025 03:58:35 INFO  valid result: 
recall@10 : 0.1663    mrr@10 : 0.3992    ndcg@10 : 0.2225    hit@10 : 0.7575    precision@10 : 0.1704
Wed 26 Nov 2025 04:01:36 INFO  epoch 72 training [time: 180.26s, train loss: 629.2253]
Wed 26 Nov 2025 04:04:36 INFO  epoch 73 training [time: 180.22s, train loss: 628.1163]
Wed 26 Nov 2025 04:04:41 INFO  epoch 73 evaluating [time: 5.26s, valid_score: 0.399000]
Wed 26 Nov 2025 04:04:41 INFO  valid result: 
recall@10 : 0.1663    mrr@10 : 0.399    ndcg@10 : 0.2224    hit@10 : 0.7593    precision@10 : 0.1702
Wed 26 Nov 2025 04:07:41 INFO  epoch 74 training [time: 180.23s, train loss: 658.8399]
Wed 26 Nov 2025 04:10:42 INFO  epoch 75 training [time: 180.56s, train loss: 621.3761]
Wed 26 Nov 2025 04:10:47 INFO  epoch 75 evaluating [time: 5.01s, valid_score: 0.398100]
Wed 26 Nov 2025 04:10:47 INFO  valid result: 
recall@10 : 0.1667    mrr@10 : 0.3981    ndcg@10 : 0.2226    hit@10 : 0.7589    precision@10 : 0.1706
Wed 26 Nov 2025 04:13:47 INFO  epoch 76 training [time: 179.99s, train loss: 601.1735]
Wed 26 Nov 2025 04:16:47 INFO  epoch 77 training [time: 180.26s, train loss: 599.0027]
Wed 26 Nov 2025 04:16:53 INFO  epoch 77 evaluating [time: 5.37s, valid_score: 0.397600]
Wed 26 Nov 2025 04:16:53 INFO  valid result: 
recall@10 : 0.1664    mrr@10 : 0.3976    ndcg@10 : 0.2226    hit@10 : 0.7606    precision@10 : 0.1709
Wed 26 Nov 2025 04:19:53 INFO  epoch 78 training [time: 180.14s, train loss: 607.6802]
Wed 26 Nov 2025 04:22:53 INFO  epoch 79 training [time: 180.11s, train loss: 665.4437]
Wed 26 Nov 2025 04:22:58 INFO  epoch 79 evaluating [time: 5.06s, valid_score: 0.400600]
Wed 26 Nov 2025 04:22:58 INFO  valid result: 
recall@10 : 0.1654    mrr@10 : 0.4006    ndcg@10 : 0.2227    hit@10 : 0.7589    precision@10 : 0.1704
Wed 26 Nov 2025 04:22:58 INFO  Saving current: saved/FairLightGCN-Nov-26-2025_01-26-11.pth
Wed 26 Nov 2025 04:25:58 INFO  epoch 80 training [time: 180.11s, train loss: 628.1572]
Wed 26 Nov 2025 04:28:58 INFO  epoch 81 training [time: 180.15s, train loss: 663.7752]
Wed 26 Nov 2025 04:29:04 INFO  epoch 81 evaluating [time: 5.44s, valid_score: 0.401100]
Wed 26 Nov 2025 04:29:04 INFO  valid result: 
recall@10 : 0.1658    mrr@10 : 0.4011    ndcg@10 : 0.223    hit@10 : 0.7594    precision@10 : 0.1705
Wed 26 Nov 2025 04:29:04 INFO  Saving current: saved/FairLightGCN-Nov-26-2025_01-26-11.pth
Wed 26 Nov 2025 04:32:04 INFO  epoch 82 training [time: 180.44s, train loss: 670.7003]
Wed 26 Nov 2025 04:35:04 INFO  epoch 83 training [time: 179.94s, train loss: 651.4614]
Wed 26 Nov 2025 04:35:09 INFO  epoch 83 evaluating [time: 5.07s, valid_score: 0.400400]
Wed 26 Nov 2025 04:35:09 INFO  valid result: 
recall@10 : 0.1651    mrr@10 : 0.4004    ndcg@10 : 0.2224    hit@10 : 0.7586    precision@10 : 0.1701
Wed 26 Nov 2025 04:38:09 INFO  epoch 84 training [time: 180.12s, train loss: 651.5779]
Wed 26 Nov 2025 04:41:10 INFO  epoch 85 training [time: 180.63s, train loss: 659.3835]
Wed 26 Nov 2025 04:41:15 INFO  epoch 85 evaluating [time: 5.21s, valid_score: 0.399300]
Wed 26 Nov 2025 04:41:15 INFO  valid result: 
recall@10 : 0.1651    mrr@10 : 0.3993    ndcg@10 : 0.2221    hit@10 : 0.7576    precision@10 : 0.1699
Wed 26 Nov 2025 04:44:16 INFO  epoch 86 training [time: 180.68s, train loss: 639.9102]
Wed 26 Nov 2025 04:47:17 INFO  epoch 87 training [time: 180.71s, train loss: 644.6246]
Wed 26 Nov 2025 04:47:22 INFO  epoch 87 evaluating [time: 5.23s, valid_score: 0.400100]
Wed 26 Nov 2025 04:47:22 INFO  valid result: 
recall@10 : 0.1655    mrr@10 : 0.4001    ndcg@10 : 0.2224    hit@10 : 0.7619    precision@10 : 0.1703
Wed 26 Nov 2025 04:50:23 INFO  epoch 88 training [time: 180.76s, train loss: 631.7853]
Wed 26 Nov 2025 04:53:23 INFO  epoch 89 training [time: 180.59s, train loss: 640.3255]
Wed 26 Nov 2025 04:53:28 INFO  epoch 89 evaluating [time: 5.22s, valid_score: 0.398100]
Wed 26 Nov 2025 04:53:28 INFO  valid result: 
recall@10 : 0.1648    mrr@10 : 0.3981    ndcg@10 : 0.2215    hit@10 : 0.7581    precision@10 : 0.1696
Wed 26 Nov 2025 04:56:29 INFO  epoch 90 training [time: 180.93s, train loss: 623.0583]
Wed 26 Nov 2025 04:59:30 INFO  epoch 91 training [time: 180.13s, train loss: 623.2172]
Wed 26 Nov 2025 04:59:35 INFO  epoch 91 evaluating [time: 5.52s, valid_score: 0.401000]
Wed 26 Nov 2025 04:59:35 INFO  valid result: 
recall@10 : 0.1655    mrr@10 : 0.401    ndcg@10 : 0.2229    hit@10 : 0.7604    precision@10 : 0.1706
Wed 26 Nov 2025 05:02:36 INFO  epoch 92 training [time: 180.71s, train loss: 612.1506]
Wed 26 Nov 2025 05:05:36 INFO  epoch 93 training [time: 180.66s, train loss: 599.5868]
Wed 26 Nov 2025 05:05:42 INFO  epoch 93 evaluating [time: 5.29s, valid_score: 0.399000]
Wed 26 Nov 2025 05:05:42 INFO  valid result: 
recall@10 : 0.1654    mrr@10 : 0.399    ndcg@10 : 0.2222    hit@10 : 0.7614    precision@10 : 0.1703
Wed 26 Nov 2025 05:08:43 INFO  epoch 94 training [time: 181.13s, train loss: 600.9065]
Wed 26 Nov 2025 05:11:44 INFO  epoch 95 training [time: 180.91s, train loss: 668.9637]
Wed 26 Nov 2025 05:11:49 INFO  epoch 95 evaluating [time: 5.53s, valid_score: 0.399500]
Wed 26 Nov 2025 05:11:49 INFO  valid result: 
recall@10 : 0.1658    mrr@10 : 0.3995    ndcg@10 : 0.2228    hit@10 : 0.7601    precision@10 : 0.1708
Wed 26 Nov 2025 05:14:50 INFO  epoch 96 training [time: 180.56s, train loss: 635.6139]
Wed 26 Nov 2025 05:17:50 INFO  epoch 97 training [time: 179.96s, train loss: 643.8646]
Wed 26 Nov 2025 05:17:55 INFO  epoch 97 evaluating [time: 5.15s, valid_score: 0.398900]
Wed 26 Nov 2025 05:17:55 INFO  valid result: 
recall@10 : 0.165    mrr@10 : 0.3989    ndcg@10 : 0.2218    hit@10 : 0.7599    precision@10 : 0.17
Wed 26 Nov 2025 05:20:55 INFO  epoch 98 training [time: 180.08s, train loss: 623.8669]
Wed 26 Nov 2025 05:23:55 INFO  epoch 99 training [time: 180.04s, train loss: 677.1622]
Wed 26 Nov 2025 05:24:00 INFO  epoch 99 evaluating [time: 5.39s, valid_score: 0.398600]
Wed 26 Nov 2025 05:24:00 INFO  valid result: 
recall@10 : 0.1651    mrr@10 : 0.3986    ndcg@10 : 0.222    hit@10 : 0.7591    precision@10 : 0.1703
Wed 26 Nov 2025 05:24:01 INFO  Loading model structure and parameters from saved/FairLightGCN-Nov-26-2025_01-26-11.pth
Wed 26 Nov 2025 05:24:06 INFO  count    1427.000000
mean       42.326559
std        63.938894
min         1.000000
25%         3.000000
50%        17.000000
75%        53.000000
max       564.000000
dtype: float64
Wed 26 Nov 2025 05:24:07 INFO  The running environment of this training is as follows:
+-------------+-----------------+
| Environment |      Usage      |
+=============+=================+
| CPU         |     10.20 %     |
+-------------+-----------------+
| GPU         | 0.32 G/47.53 G  |
+-------------+-----------------+
| Memory      | 2.07 G/251.48 G |
+-------------+-----------------+
Wed 26 Nov 2025 05:24:07 INFO  best valid : OrderedDict([('recall@10', 0.1658), ('mrr@10', 0.4011), ('ndcg@10', 0.223), ('hit@10', 0.7594), ('precision@10', 0.1705)])
Wed 26 Nov 2025 05:24:07 INFO  test result: OrderedDict([('recall@10', 0.18777538079470202), ('mrr@10', 0.4778442880794702), ('ndcg@10', 0.2792059602649007), ('hit@10', 0.7923841059602649), ('precision@10', 0.21312913907284772)])
