elf.rq_model = RQVAE(in_dim=self.latent_dim * (len(self.eInfo['item']) + 1),
                  num_emb_list=[8, 8, 8],
                  e_dim=16,
                  layers=[64, 32],
                  dropout_prob=0,
                  bn=False,
                  loss_type='mse',
                  quant_loss_weight=1,
                  beta=0.25,
                  kmeans_init=True,
                  kmeans_iters=100,
                  sk_epsilons=[0.0, 0.0, 0.0],
                  sk_iters=50,
)

Wed 26 Nov 2025 01:34:37 INFO  ['run_recbole.py', '--model', 'FairLightGCN', '--datset', 'ml-1m', '--gpu_ids', '2']
Wed 26 Nov 2025 01:34:37 INFO  
General Hyper Parameters:
gpu_id = 0
use_gpu = True
seed = 2020
state = INFO
reproducibility = True
data_path = dataset/ml-1m
checkpoint_dir = saved
show_progress = True
save_dataset = False
dataset_save_path = None
save_dataloaders = False
dataloaders_save_path = None
log_wandb = False

Training Hyper Parameters:
epochs = 100
train_batch_size = 1024
learner = adam
learning_rate = 0.001
train_neg_sample_args = {'distribution': 'uniform', 'sample_num': 1, 'alpha': 1.0, 'dynamic': False, 'candidate_num': 0}
eval_step = 2
stopping_step = 10
clip_grad_norm = None
weight_decay = 0.0
loss_decimal_place = 4

Evaluation Hyper Parameters:
eval_args = {'split': {'RS': [0.8, 0.1, 0.1]}, 'order': 'RO', 'group_by': 'user', 'mode': {'valid': 'full', 'test': 'full'}}
repeatable = False
metrics = ['Recall', 'MRR', 'NDCG', 'Hit', 'Precision']
topk = [10]
valid_metric = MRR@10
valid_metric_bigger = True
eval_batch_size = 102400
metric_decimal_place = 4

Dataset Hyper Parameters:
train_batch_size = 1024
eval_batch_size = 102400
field_separator = 	
seq_separator =  
USER_ID_FIELD = user_id
ITEM_ID_FIELD = item_id
RATING_FIELD = rating
TIME_FIELD = timestamp
seq_len = None
LABEL_FIELD = label
threshold = None
NEG_PREFIX = neg_
load_col = {'inter': ['user_id', 'item_id', 'rating', 'timestamp'], 'user': ['user_id', 'age', 'gender', 'occupation'], 'item': ['item_id', 'release_year', 'class']}
unload_col = None
unused_col = None
additional_feat_suffix = None
rm_dup_inter = None
val_interval = None
filter_inter_by_user_or_item = True
user_inter_num_interval = None
item_inter_num_interval = None
alias_of_user_id = None
alias_of_item_id = None
alias_of_entity_id = None
alias_of_relation_id = None
preload_weight = None
normalize_field = None
normalize_all = True
ITEM_LIST_LENGTH_FIELD = item_length
LIST_SUFFIX = _list
MAX_ITEM_LIST_LENGTH = 50
POSITION_FIELD = position_id
HEAD_ENTITY_ID_FIELD = head_id
TAIL_ENTITY_ID_FIELD = tail_id
RELATION_ID_FIELD = relation_id
ENTITY_ID_FIELD = entity_id
kg_reverse_r = False
entity_kg_num_interval = None
relation_kg_num_interval = None
benchmark_filename = None
save_single_user = True
save_base_path = output
attr = {'user': {'need_inter_num': True, 'need_inter_hour': True, 'need_rating': True, 'need_item_genre': True, 'need_item_year': True, 'need_zipcode_to_region': True}, 'item': {'need_inter_num': True, 'need_inter_hour': True, 'need_rating': True, 'need_age': True, 'need_gender': True, 'need_occupation': True, 'need_region': True}, 'interaction': {'timestamp_unit': 's'}}
to_bin = {'user': {'mean_rating': {'n_bins': 5}, 'interaction_nums': {'n_bins': 5}}, 'item': {'mean_rating': {'n_bins': 5}, 'interaction_nums': {'n_bins': 5}}}

Other Hyper Parameters: 
worker = 0
wandb_project = recbole
shuffle = True
require_pow = False
enable_amp = False
enable_scaler = False
transform = None
export_topk_recs = True
export_topk_dir = None
export_topk_filename = None
export_topk_item_separator = None
export_topk_separate_columns = None
embedding_size = 64
n_layers = 2
reg_weight = 1e-05
numerical_features = []
discretization = None
MODEL_TYPE = ModelType.GENERAL
MODEL_INPUT_TYPE = InputType.PAIRWISE
eval_type = EvaluatorType.RANKING
single_spec = True
local_rank = 0
device = cuda
valid_neg_sample_args = {'distribution': 'uniform', 'sample_num': 'none'}
test_neg_sample_args = {'distribution': 'uniform', 'sample_num': 'none'}


Wed 26 Nov 2025 01:34:40 INFO  ml-1m
The number of users: 6041
Average actions of users: 165.5975165562914
The number of items: 3884
Average actions of items: 269.88909875876953
The number of inters: 1000209
The sparsity of the dataset: 95.73712398848173%
Remain Fields: ['user_id', 'item_id', 'rating', 'timestamp', 'age', 'gender', 'occupation', 'release_year']
Wed 26 Nov 2025 01:34:42 INFO  [Training]: train_batch_size = [1024] train_neg_sample_args: [{'distribution': 'uniform', 'sample_num': 1, 'alpha': 1.0, 'dynamic': False, 'candidate_num': 0}]
Wed 26 Nov 2025 01:34:42 INFO  [Evaluation]: eval_batch_size = [102400] eval_args: [{'split': {'RS': [0.8, 0.1, 0.1]}, 'order': 'RO', 'group_by': 'user', 'mode': {'valid': 'full', 'test': 'full'}}]
Wed 26 Nov 2025 01:34:59 INFO  FairLightGCN(
  (user_embedding): Embedding(6041, 64)
  (item_embedding): Embedding(3884, 64)
  (mf_loss): BPRLoss()
  (reg_loss): EmbLoss()
  (rq_model): RQVAE(
    (encoder): MLPLayers(
      (mlp_layers): Sequential(
        (0): Dropout(p=0, inplace=False)
        (1): Linear(in_features=128, out_features=64, bias=True)
        (2): Sigmoid()
        (3): Dropout(p=0, inplace=False)
        (4): Linear(in_features=64, out_features=32, bias=True)
        (5): Sigmoid()
        (6): Dropout(p=0, inplace=False)
        (7): Linear(in_features=32, out_features=16, bias=True)
      )
    )
    (rq): ResidualVectorQuantizer(
      (vq_layers): ModuleList(
        (0-2): 3 x VectorQuantizer(
          (embedding): Embedding(8, 16)
        )
      )
    )
    (decoder): MLPLayers(
      (mlp_layers): Sequential(
        (0): Dropout(p=0, inplace=False)
        (1): Linear(in_features=16, out_features=32, bias=True)
        (2): Sigmoid()
        (3): Dropout(p=0, inplace=False)
        (4): Linear(in_features=32, out_features=64, bias=True)
        (5): Sigmoid()
        (6): Dropout(p=0, inplace=False)
        (7): Linear(in_features=64, out_features=128, bias=True)
      )
    )
  )
)
Trainable parameters: 657424
Wed 26 Nov 2025 01:34:59 INFO  FLOPs: 0.0
Wed 26 Nov 2025 01:35:50 INFO  epoch 0 training [time: 50.23s, train loss: 4134.7389]
Wed 26 Nov 2025 01:36:38 INFO  epoch 1 training [time: 48.51s, train loss: 2901.5129]
Wed 26 Nov 2025 01:36:39 INFO  epoch 1 evaluating [time: 0.36s, valid_score: 0.239500]
Wed 26 Nov 2025 01:36:39 INFO  valid result: 
recall@10 : 0.0965    mrr@10 : 0.2395    ndcg@10 : 0.1169    hit@10 : 0.553    precision@10 : 0.0862
Wed 26 Nov 2025 01:36:39 INFO  Saving current: saved/FairLightGCN-Nov-26-2025_01-34-59.pth
Wed 26 Nov 2025 01:37:27 INFO  epoch 2 training [time: 48.09s, train loss: 2478.3295]
Wed 26 Nov 2025 01:38:15 INFO  epoch 3 training [time: 48.17s, train loss: 2567.0817]
Wed 26 Nov 2025 01:38:15 INFO  epoch 3 evaluating [time: 0.34s, valid_score: 0.242900]
Wed 26 Nov 2025 01:38:15 INFO  valid result: 
recall@10 : 0.0948    mrr@10 : 0.2429    ndcg@10 : 0.1184    hit@10 : 0.5611    precision@10 : 0.0887
Wed 26 Nov 2025 01:38:15 INFO  Saving current: saved/FairLightGCN-Nov-26-2025_01-34-59.pth
Wed 26 Nov 2025 01:39:03 INFO  epoch 4 training [time: 47.84s, train loss: 2389.9517]
Wed 26 Nov 2025 01:39:51 INFO  epoch 5 training [time: 48.13s, train loss: 2333.2208]
Wed 26 Nov 2025 01:39:52 INFO  epoch 5 evaluating [time: 0.35s, valid_score: 0.226700]
Wed 26 Nov 2025 01:39:52 INFO  valid result: 
recall@10 : 0.0896    mrr@10 : 0.2267    ndcg@10 : 0.1122    hit@10 : 0.532    precision@10 : 0.0845
Wed 26 Nov 2025 01:40:40 INFO  epoch 6 training [time: 48.16s, train loss: 2267.1100]
Wed 26 Nov 2025 01:41:29 INFO  epoch 7 training [time: 48.75s, train loss: 2236.5112]
Wed 26 Nov 2025 01:41:29 INFO  epoch 7 evaluating [time: 0.42s, valid_score: 0.218300]
Wed 26 Nov 2025 01:41:29 INFO  valid result: 
recall@10 : 0.0862    mrr@10 : 0.2183    ndcg@10 : 0.1083    hit@10 : 0.5192    precision@10 : 0.0828
Wed 26 Nov 2025 01:42:18 INFO  epoch 8 training [time: 49.34s, train loss: 2318.3576]
Wed 26 Nov 2025 01:43:07 INFO  epoch 9 training [time: 48.41s, train loss: 2287.1990]
Wed 26 Nov 2025 01:43:07 INFO  epoch 9 evaluating [time: 0.33s, valid_score: 0.140900]
Wed 26 Nov 2025 01:43:07 INFO  valid result: 
recall@10 : 0.0571    mrr@10 : 0.1409    ndcg@10 : 0.0697    hit@10 : 0.3477    precision@10 : 0.052
Wed 26 Nov 2025 01:43:56 INFO  epoch 10 training [time: 48.50s, train loss: 2291.3824]
Wed 26 Nov 2025 01:45:09 INFO  epoch 11 training [time: 73.78s, train loss: 2210.2761]
Wed 26 Nov 2025 01:45:15 INFO  epoch 11 evaluating [time: 5.24s, valid_score: 0.104500]
Wed 26 Nov 2025 01:45:15 INFO  valid result: 
recall@10 : 0.0394    mrr@10 : 0.1045    ndcg@10 : 0.0512    hit@10 : 0.2558    precision@10 : 0.0389
Wed 26 Nov 2025 01:48:10 INFO  epoch 12 training [time: 175.05s, train loss: 2086.7263]
Wed 26 Nov 2025 01:51:05 INFO  epoch 13 training [time: 175.67s, train loss: 2003.3050]
Wed 26 Nov 2025 01:51:10 INFO  epoch 13 evaluating [time: 4.97s, valid_score: 0.155200]
Wed 26 Nov 2025 01:51:10 INFO  valid result: 
recall@10 : 0.0579    mrr@10 : 0.1552    ndcg@10 : 0.0761    hit@10 : 0.38    precision@10 : 0.0595
Wed 26 Nov 2025 01:54:05 INFO  epoch 14 training [time: 174.89s, train loss: 2030.5328]
Wed 26 Nov 2025 01:57:00 INFO  epoch 15 training [time: 175.02s, train loss: 2109.0471]
Wed 26 Nov 2025 01:57:05 INFO  epoch 15 evaluating [time: 4.92s, valid_score: 0.301900]
Wed 26 Nov 2025 01:57:05 INFO  valid result: 
recall@10 : 0.1111    mrr@10 : 0.3019    ndcg@10 : 0.1528    hit@10 : 0.6283    precision@10 : 0.1169
Wed 26 Nov 2025 01:57:05 INFO  Saving current: saved/FairLightGCN-Nov-26-2025_01-34-59.pth
Wed 26 Nov 2025 02:00:00 INFO  epoch 16 training [time: 174.99s, train loss: 2312.7820]
Wed 26 Nov 2025 02:02:56 INFO  epoch 17 training [time: 175.24s, train loss: 2072.5032]
Wed 26 Nov 2025 02:03:01 INFO  epoch 17 evaluating [time: 5.18s, valid_score: 0.359700]
Wed 26 Nov 2025 02:03:01 INFO  valid result: 
recall@10 : 0.1405    mrr@10 : 0.3597    ndcg@10 : 0.1916    hit@10 : 0.7076    precision@10 : 0.1472
Wed 26 Nov 2025 02:03:01 INFO  Saving current: saved/FairLightGCN-Nov-26-2025_01-34-59.pth
Wed 26 Nov 2025 02:05:56 INFO  epoch 18 training [time: 175.34s, train loss: 1977.4378]
Wed 26 Nov 2025 02:08:51 INFO  epoch 19 training [time: 175.14s, train loss: 2050.3202]
Wed 26 Nov 2025 02:08:56 INFO  epoch 19 evaluating [time: 4.88s, valid_score: 0.373700]
Wed 26 Nov 2025 02:08:56 INFO  valid result: 
recall@10 : 0.1499    mrr@10 : 0.3737    ndcg@10 : 0.2029    hit@10 : 0.7278    precision@10 : 0.1552
Wed 26 Nov 2025 02:08:56 INFO  Saving current: saved/FairLightGCN-Nov-26-2025_01-34-59.pth
Wed 26 Nov 2025 02:11:52 INFO  epoch 20 training [time: 175.32s, train loss: 2023.4539]
Wed 26 Nov 2025 02:14:47 INFO  epoch 21 training [time: 175.79s, train loss: 1941.7691]
Wed 26 Nov 2025 02:14:53 INFO  epoch 21 evaluating [time: 5.35s, valid_score: 0.380900]
Wed 26 Nov 2025 02:14:53 INFO  valid result: 
recall@10 : 0.1538    mrr@10 : 0.3809    ndcg@10 : 0.2076    hit@10 : 0.7353    precision@10 : 0.1588
Wed 26 Nov 2025 02:14:53 INFO  Saving current: saved/FairLightGCN-Nov-26-2025_01-34-59.pth
Wed 26 Nov 2025 02:17:48 INFO  epoch 22 training [time: 175.01s, train loss: 1967.4477]
Wed 26 Nov 2025 02:20:43 INFO  epoch 23 training [time: 175.37s, train loss: 1925.8113]
Wed 26 Nov 2025 02:20:48 INFO  epoch 23 evaluating [time: 5.05s, valid_score: 0.385000]
Wed 26 Nov 2025 02:20:48 INFO  valid result: 
recall@10 : 0.1565    mrr@10 : 0.385    ndcg@10 : 0.2103    hit@10 : 0.7406    precision@10 : 0.1608
Wed 26 Nov 2025 02:20:48 INFO  Saving current: saved/FairLightGCN-Nov-26-2025_01-34-59.pth
Wed 26 Nov 2025 02:23:44 INFO  epoch 24 training [time: 175.67s, train loss: 1849.6867]
Wed 26 Nov 2025 02:26:38 INFO  epoch 25 training [time: 174.30s, train loss: 1742.6486]
Wed 26 Nov 2025 02:26:43 INFO  epoch 25 evaluating [time: 4.85s, valid_score: 0.385400]
Wed 26 Nov 2025 02:26:43 INFO  valid result: 
recall@10 : 0.159    mrr@10 : 0.3854    ndcg@10 : 0.2121    hit@10 : 0.7477    precision@10 : 0.1625
Wed 26 Nov 2025 02:26:43 INFO  Saving current: saved/FairLightGCN-Nov-26-2025_01-34-59.pth
Wed 26 Nov 2025 02:29:39 INFO  epoch 26 training [time: 175.30s, train loss: 1830.1137]
Wed 26 Nov 2025 02:32:34 INFO  epoch 27 training [time: 175.51s, train loss: 1791.6447]
Wed 26 Nov 2025 02:32:39 INFO  epoch 27 evaluating [time: 5.11s, valid_score: 0.387200]
Wed 26 Nov 2025 02:32:39 INFO  valid result: 
recall@10 : 0.1607    mrr@10 : 0.3872    ndcg@10 : 0.2141    hit@10 : 0.75    precision@10 : 0.1643
Wed 26 Nov 2025 02:32:39 INFO  Saving current: saved/FairLightGCN-Nov-26-2025_01-34-59.pth
Wed 26 Nov 2025 02:35:35 INFO  epoch 28 training [time: 175.30s, train loss: 1706.8300]
Wed 26 Nov 2025 02:38:30 INFO  epoch 29 training [time: 175.56s, train loss: 1688.8041]
Wed 26 Nov 2025 02:38:35 INFO  epoch 29 evaluating [time: 5.06s, valid_score: 0.388800]
Wed 26 Nov 2025 02:38:35 INFO  valid result: 
recall@10 : 0.161    mrr@10 : 0.3888    ndcg@10 : 0.2152    hit@10 : 0.7495    precision@10 : 0.1648
Wed 26 Nov 2025 02:38:35 INFO  Saving current: saved/FairLightGCN-Nov-26-2025_01-34-59.pth
Wed 26 Nov 2025 02:41:31 INFO  epoch 30 training [time: 175.42s, train loss: 1845.0568]
Wed 26 Nov 2025 02:44:26 INFO  epoch 31 training [time: 175.29s, train loss: 1930.6325]
Wed 26 Nov 2025 02:44:31 INFO  epoch 31 evaluating [time: 4.87s, valid_score: 0.389900]
Wed 26 Nov 2025 02:44:31 INFO  valid result: 
recall@10 : 0.1622    mrr@10 : 0.3899    ndcg@10 : 0.2163    hit@10 : 0.7525    precision@10 : 0.1657
Wed 26 Nov 2025 02:44:31 INFO  Saving current: saved/FairLightGCN-Nov-26-2025_01-34-59.pth
Wed 26 Nov 2025 02:47:26 INFO  epoch 32 training [time: 174.59s, train loss: 1731.4966]
Wed 26 Nov 2025 02:50:21 INFO  epoch 33 training [time: 175.24s, train loss: 1798.1467]
Wed 26 Nov 2025 02:50:26 INFO  epoch 33 evaluating [time: 5.15s, valid_score: 0.389500]
Wed 26 Nov 2025 02:50:26 INFO  valid result: 
recall@10 : 0.1625    mrr@10 : 0.3895    ndcg@10 : 0.2167    hit@10 : 0.7545    precision@10 : 0.1665
Wed 26 Nov 2025 02:53:22 INFO  epoch 34 training [time: 175.62s, train loss: 1717.1082]
Wed 26 Nov 2025 02:56:17 INFO  epoch 35 training [time: 175.13s, train loss: 1595.0167]
Wed 26 Nov 2025 02:56:22 INFO  epoch 35 evaluating [time: 5.05s, valid_score: 0.388600]
Wed 26 Nov 2025 02:56:22 INFO  valid result: 
recall@10 : 0.1621    mrr@10 : 0.3886    ndcg@10 : 0.2166    hit@10 : 0.753    precision@10 : 0.1662
Wed 26 Nov 2025 02:59:17 INFO  epoch 36 training [time: 175.09s, train loss: 1629.4624]
Wed 26 Nov 2025 03:02:12 INFO  epoch 37 training [time: 175.16s, train loss: 1478.2926]
Wed 26 Nov 2025 03:02:17 INFO  epoch 37 evaluating [time: 4.98s, valid_score: 0.393100]
Wed 26 Nov 2025 03:02:17 INFO  valid result: 
recall@10 : 0.1635    mrr@10 : 0.3931    ndcg@10 : 0.2188    hit@10 : 0.7548    precision@10 : 0.1677
Wed 26 Nov 2025 03:02:17 INFO  Saving current: saved/FairLightGCN-Nov-26-2025_01-34-59.pth
Wed 26 Nov 2025 03:05:12 INFO  epoch 38 training [time: 175.07s, train loss: 1546.5721]
Wed 26 Nov 2025 03:08:07 INFO  epoch 39 training [time: 175.06s, train loss: 1541.3521]
Wed 26 Nov 2025 03:08:12 INFO  epoch 39 evaluating [time: 4.80s, valid_score: 0.392300]
Wed 26 Nov 2025 03:08:12 INFO  valid result: 
recall@10 : 0.1638    mrr@10 : 0.3923    ndcg@10 : 0.2188    hit@10 : 0.7556    precision@10 : 0.168
Wed 26 Nov 2025 03:11:04 INFO  epoch 40 training [time: 172.09s, train loss: 1623.7476]
Wed 26 Nov 2025 03:13:53 INFO  epoch 41 training [time: 168.96s, train loss: 1596.9413]
Wed 26 Nov 2025 03:13:58 INFO  epoch 41 evaluating [time: 5.12s, valid_score: 0.392500]
Wed 26 Nov 2025 03:13:58 INFO  valid result: 
recall@10 : 0.1649    mrr@10 : 0.3925    ndcg@10 : 0.2197    hit@10 : 0.7566    precision@10 : 0.1687
Wed 26 Nov 2025 03:16:54 INFO  epoch 42 training [time: 175.31s, train loss: 1523.0424]
Wed 26 Nov 2025 03:19:49 INFO  epoch 43 training [time: 175.04s, train loss: 1703.8425]
Wed 26 Nov 2025 03:19:54 INFO  epoch 43 evaluating [time: 5.56s, valid_score: 0.392500]
Wed 26 Nov 2025 03:19:54 INFO  valid result: 
recall@10 : 0.1649    mrr@10 : 0.3925    ndcg@10 : 0.2196    hit@10 : 0.7563    precision@10 : 0.1686
Wed 26 Nov 2025 03:22:45 INFO  epoch 44 training [time: 170.32s, train loss: 1789.6248]
Wed 26 Nov 2025 03:25:27 INFO  epoch 45 training [time: 162.68s, train loss: 1893.4604]
Wed 26 Nov 2025 03:25:32 INFO  epoch 45 evaluating [time: 4.62s, valid_score: 0.393200]
Wed 26 Nov 2025 03:25:32 INFO  valid result: 
recall@10 : 0.1656    mrr@10 : 0.3932    ndcg@10 : 0.2201    hit@10 : 0.7593    precision@10 : 0.169
Wed 26 Nov 2025 03:25:32 INFO  Saving current: saved/FairLightGCN-Nov-26-2025_01-34-59.pth
Wed 26 Nov 2025 03:28:27 INFO  epoch 46 training [time: 174.45s, train loss: 1889.8779]
Wed 26 Nov 2025 03:31:22 INFO  epoch 47 training [time: 175.01s, train loss: 2206.1330]
Wed 26 Nov 2025 03:31:27 INFO  epoch 47 evaluating [time: 5.20s, valid_score: 0.393500]
Wed 26 Nov 2025 03:31:27 INFO  valid result: 
recall@10 : 0.1661    mrr@10 : 0.3935    ndcg@10 : 0.2208    hit@10 : 0.7584    precision@10 : 0.1698
Wed 26 Nov 2025 03:31:27 INFO  Saving current: saved/FairLightGCN-Nov-26-2025_01-34-59.pth
Wed 26 Nov 2025 03:34:22 INFO  epoch 48 training [time: 175.52s, train loss: 2044.1623]
Wed 26 Nov 2025 03:37:18 INFO  epoch 49 training [time: 175.25s, train loss: 1895.0785]
Wed 26 Nov 2025 03:37:22 INFO  epoch 49 evaluating [time: 4.60s, valid_score: 0.393700]
Wed 26 Nov 2025 03:37:22 INFO  valid result: 
recall@10 : 0.1657    mrr@10 : 0.3937    ndcg@10 : 0.2202    hit@10 : 0.7593    precision@10 : 0.1689
Wed 26 Nov 2025 03:37:22 INFO  Saving current: saved/FairLightGCN-Nov-26-2025_01-34-59.pth
Wed 26 Nov 2025 03:40:18 INFO  epoch 50 training [time: 175.36s, train loss: 1813.6433]
Wed 26 Nov 2025 03:43:13 INFO  epoch 51 training [time: 175.15s, train loss: 1831.7571]
Wed 26 Nov 2025 03:43:18 INFO  epoch 51 evaluating [time: 4.84s, valid_score: 0.394700]
Wed 26 Nov 2025 03:43:18 INFO  valid result: 
recall@10 : 0.1664    mrr@10 : 0.3947    ndcg@10 : 0.2212    hit@10 : 0.7603    precision@10 : 0.17
Wed 26 Nov 2025 03:43:18 INFO  Saving current: saved/FairLightGCN-Nov-26-2025_01-34-59.pth
Wed 26 Nov 2025 03:46:13 INFO  epoch 52 training [time: 175.50s, train loss: 1985.6501]
Wed 26 Nov 2025 03:49:09 INFO  epoch 53 training [time: 175.44s, train loss: 1943.5779]
Wed 26 Nov 2025 03:49:14 INFO  epoch 53 evaluating [time: 5.06s, valid_score: 0.393800]
Wed 26 Nov 2025 03:49:14 INFO  valid result: 
recall@10 : 0.1663    mrr@10 : 0.3938    ndcg@10 : 0.2206    hit@10 : 0.7616    precision@10 : 0.1695
Wed 26 Nov 2025 03:52:09 INFO  epoch 54 training [time: 175.18s, train loss: 1638.3157]
Wed 26 Nov 2025 03:55:04 INFO  epoch 55 training [time: 174.95s, train loss: 1672.5635]
Wed 26 Nov 2025 03:55:09 INFO  epoch 55 evaluating [time: 5.27s, valid_score: 0.394400]
Wed 26 Nov 2025 03:55:09 INFO  valid result: 
recall@10 : 0.1666    mrr@10 : 0.3944    ndcg@10 : 0.221    hit@10 : 0.7599    precision@10 : 0.1697
Wed 26 Nov 2025 03:58:05 INFO  epoch 56 training [time: 175.36s, train loss: 1735.7179]
Wed 26 Nov 2025 04:01:00 INFO  epoch 57 training [time: 175.18s, train loss: 1759.9519]
Wed 26 Nov 2025 04:01:05 INFO  epoch 57 evaluating [time: 5.26s, valid_score: 0.394200]
Wed 26 Nov 2025 04:01:05 INFO  valid result: 
recall@10 : 0.1669    mrr@10 : 0.3942    ndcg@10 : 0.221    hit@10 : 0.7613    precision@10 : 0.17
Wed 26 Nov 2025 04:04:00 INFO  epoch 58 training [time: 175.44s, train loss: 1529.7244]
Wed 26 Nov 2025 04:06:56 INFO  epoch 59 training [time: 175.13s, train loss: 1674.7444]
Wed 26 Nov 2025 04:07:01 INFO  epoch 59 evaluating [time: 5.09s, valid_score: 0.395000]
Wed 26 Nov 2025 04:07:01 INFO  valid result: 
recall@10 : 0.1671    mrr@10 : 0.395    ndcg@10 : 0.2216    hit@10 : 0.7609    precision@10 : 0.1704
Wed 26 Nov 2025 04:07:01 INFO  Saving current: saved/FairLightGCN-Nov-26-2025_01-34-59.pth
Wed 26 Nov 2025 04:09:56 INFO  epoch 60 training [time: 175.38s, train loss: 1552.7966]
Wed 26 Nov 2025 04:12:52 INFO  epoch 61 training [time: 175.23s, train loss: 1573.3804]
Wed 26 Nov 2025 04:12:57 INFO  epoch 61 evaluating [time: 5.52s, valid_score: 0.396200]
Wed 26 Nov 2025 04:12:57 INFO  valid result: 
recall@10 : 0.1673    mrr@10 : 0.3962    ndcg@10 : 0.2218    hit@10 : 0.7599    precision@10 : 0.1703
Wed 26 Nov 2025 04:12:57 INFO  Saving current: saved/FairLightGCN-Nov-26-2025_01-34-59.pth
Wed 26 Nov 2025 04:15:52 INFO  epoch 62 training [time: 175.07s, train loss: 1794.8279]
Wed 26 Nov 2025 04:18:48 INFO  epoch 63 training [time: 175.40s, train loss: 1769.4861]
Wed 26 Nov 2025 04:18:52 INFO  epoch 63 evaluating [time: 4.72s, valid_score: 0.395800]
Wed 26 Nov 2025 04:18:52 INFO  valid result: 
recall@10 : 0.1673    mrr@10 : 0.3958    ndcg@10 : 0.222    hit@10 : 0.7598    precision@10 : 0.1707
Wed 26 Nov 2025 04:21:48 INFO  epoch 64 training [time: 175.58s, train loss: 1785.5657]
Wed 26 Nov 2025 04:24:43 INFO  epoch 65 training [time: 175.30s, train loss: 1786.8431]
Wed 26 Nov 2025 04:24:49 INFO  epoch 65 evaluating [time: 5.37s, valid_score: 0.396100]
Wed 26 Nov 2025 04:24:49 INFO  valid result: 
recall@10 : 0.1675    mrr@10 : 0.3961    ndcg@10 : 0.2221    hit@10 : 0.7623    precision@10 : 0.1707
Wed 26 Nov 2025 04:27:44 INFO  epoch 66 training [time: 175.20s, train loss: 1734.8178]
Wed 26 Nov 2025 04:30:39 INFO  epoch 67 training [time: 175.19s, train loss: 1949.8928]
Wed 26 Nov 2025 04:30:44 INFO  epoch 67 evaluating [time: 4.48s, valid_score: 0.396400]
Wed 26 Nov 2025 04:30:44 INFO  valid result: 
recall@10 : 0.1674    mrr@10 : 0.3964    ndcg@10 : 0.2217    hit@10 : 0.7613    precision@10 : 0.17
Wed 26 Nov 2025 04:30:44 INFO  Saving current: saved/FairLightGCN-Nov-26-2025_01-34-59.pth
Wed 26 Nov 2025 04:33:39 INFO  epoch 68 training [time: 175.43s, train loss: 1618.9521]
Wed 26 Nov 2025 04:36:34 INFO  epoch 69 training [time: 175.00s, train loss: 1584.4598]
Wed 26 Nov 2025 04:36:40 INFO  epoch 69 evaluating [time: 5.52s, valid_score: 0.396400]
Wed 26 Nov 2025 04:36:40 INFO  valid result: 
recall@10 : 0.1674    mrr@10 : 0.3964    ndcg@10 : 0.222    hit@10 : 0.7616    precision@10 : 0.1705
Wed 26 Nov 2025 04:36:40 INFO  Saving current: saved/FairLightGCN-Nov-26-2025_01-34-59.pth
Wed 26 Nov 2025 04:39:34 INFO  epoch 70 training [time: 174.83s, train loss: 1748.7562]
Wed 26 Nov 2025 04:42:29 INFO  epoch 71 training [time: 174.21s, train loss: 1837.2424]
Wed 26 Nov 2025 04:42:34 INFO  epoch 71 evaluating [time: 5.47s, valid_score: 0.394600]
Wed 26 Nov 2025 04:42:34 INFO  valid result: 
recall@10 : 0.1678    mrr@10 : 0.3946    ndcg@10 : 0.2219    hit@10 : 0.7629    precision@10 : 0.1709
Wed 26 Nov 2025 04:45:29 INFO  epoch 72 training [time: 174.73s, train loss: 1749.8203]
Wed 26 Nov 2025 04:48:24 INFO  epoch 73 training [time: 175.04s, train loss: 1623.2134]
Wed 26 Nov 2025 04:48:29 INFO  epoch 73 evaluating [time: 5.52s, valid_score: 0.395700]
Wed 26 Nov 2025 04:48:29 INFO  valid result: 
recall@10 : 0.1673    mrr@10 : 0.3957    ndcg@10 : 0.2219    hit@10 : 0.7604    precision@10 : 0.1703
Wed 26 Nov 2025 04:51:25 INFO  epoch 74 training [time: 176.01s, train loss: 1908.6232]
Wed 26 Nov 2025 04:54:22 INFO  epoch 75 training [time: 176.51s, train loss: 1935.3300]
Wed 26 Nov 2025 04:54:27 INFO  epoch 75 evaluating [time: 5.19s, valid_score: 0.396400]
Wed 26 Nov 2025 04:54:27 INFO  valid result: 
recall@10 : 0.168    mrr@10 : 0.3964    ndcg@10 : 0.2225    hit@10 : 0.7631    precision@10 : 0.1708
Wed 26 Nov 2025 04:54:27 INFO  Saving current: saved/FairLightGCN-Nov-26-2025_01-34-59.pth
Wed 26 Nov 2025 04:57:23 INFO  epoch 76 training [time: 175.68s, train loss: 1892.1129]
Wed 26 Nov 2025 05:00:18 INFO  epoch 77 training [time: 174.75s, train loss: 1934.2999]
Wed 26 Nov 2025 05:00:23 INFO  epoch 77 evaluating [time: 5.37s, valid_score: 0.395900]
Wed 26 Nov 2025 05:00:23 INFO  valid result: 
recall@10 : 0.1677    mrr@10 : 0.3959    ndcg@10 : 0.2223    hit@10 : 0.7629    precision@10 : 0.171
Wed 26 Nov 2025 05:03:08 INFO  epoch 78 training [time: 165.13s, train loss: 2156.7689]
Wed 26 Nov 2025 05:05:51 INFO  epoch 79 training [time: 162.47s, train loss: 2054.1554]
Wed 26 Nov 2025 05:05:56 INFO  epoch 79 evaluating [time: 5.21s, valid_score: 0.397000]
Wed 26 Nov 2025 05:05:56 INFO  valid result: 
recall@10 : 0.1674    mrr@10 : 0.397    ndcg@10 : 0.2221    hit@10 : 0.7641    precision@10 : 0.1705
Wed 26 Nov 2025 05:05:56 INFO  Saving current: saved/FairLightGCN-Nov-26-2025_01-34-59.pth
Wed 26 Nov 2025 05:08:39 INFO  epoch 80 training [time: 162.69s, train loss: 2027.1217]
Wed 26 Nov 2025 05:11:22 INFO  epoch 81 training [time: 162.85s, train loss: 1919.2713]
Wed 26 Nov 2025 05:11:27 INFO  epoch 81 evaluating [time: 4.81s, valid_score: 0.397200]
Wed 26 Nov 2025 05:11:27 INFO  valid result: 
recall@10 : 0.1677    mrr@10 : 0.3972    ndcg@10 : 0.2226    hit@10 : 0.7626    precision@10 : 0.1711
Wed 26 Nov 2025 05:11:27 INFO  Saving current: saved/FairLightGCN-Nov-26-2025_01-34-59.pth
Wed 26 Nov 2025 05:14:21 INFO  epoch 82 training [time: 174.63s, train loss: 1855.1388]
Wed 26 Nov 2025 05:17:17 INFO  epoch 83 training [time: 175.55s, train loss: 1891.4179]
Wed 26 Nov 2025 05:17:22 INFO  epoch 83 evaluating [time: 5.35s, valid_score: 0.395900]
Wed 26 Nov 2025 05:17:22 INFO  valid result: 
recall@10 : 0.1675    mrr@10 : 0.3959    ndcg@10 : 0.222    hit@10 : 0.7621    precision@10 : 0.1708
Wed 26 Nov 2025 05:20:17 INFO  epoch 84 training [time: 175.29s, train loss: 1864.8483]
Wed 26 Nov 2025 05:23:13 INFO  epoch 85 training [time: 175.67s, train loss: 1869.3006]
Wed 26 Nov 2025 05:23:18 INFO  epoch 85 evaluating [time: 5.12s, valid_score: 0.396100]
Wed 26 Nov 2025 05:23:18 INFO  valid result: 
recall@10 : 0.1673    mrr@10 : 0.3961    ndcg@10 : 0.2218    hit@10 : 0.7618    precision@10 : 0.1704
Wed 26 Nov 2025 05:26:13 INFO  epoch 86 training [time: 174.93s, train loss: 1826.6590]
Wed 26 Nov 2025 05:29:08 INFO  epoch 87 training [time: 175.09s, train loss: 1797.8388]
Wed 26 Nov 2025 05:29:13 INFO  epoch 87 evaluating [time: 4.75s, valid_score: 0.398000]
Wed 26 Nov 2025 05:29:13 INFO  valid result: 
recall@10 : 0.1673    mrr@10 : 0.398    ndcg@10 : 0.222    hit@10 : 0.7606    precision@10 : 0.1703
Wed 26 Nov 2025 05:29:13 INFO  Saving current: saved/FairLightGCN-Nov-26-2025_01-34-59.pth
Wed 26 Nov 2025 05:32:05 INFO  epoch 88 training [time: 171.84s, train loss: 1640.4295]
Wed 26 Nov 2025 05:35:00 INFO  epoch 89 training [time: 175.43s, train loss: 1670.7997]
Wed 26 Nov 2025 05:35:05 INFO  epoch 89 evaluating [time: 4.98s, valid_score: 0.397100]
Wed 26 Nov 2025 05:35:05 INFO  valid result: 
recall@10 : 0.1662    mrr@10 : 0.3971    ndcg@10 : 0.2211    hit@10 : 0.7579    precision@10 : 0.1692
Wed 26 Nov 2025 05:38:00 INFO  epoch 90 training [time: 175.05s, train loss: 1563.2158]
Wed 26 Nov 2025 05:40:55 INFO  epoch 91 training [time: 174.78s, train loss: 1826.2541]
Wed 26 Nov 2025 05:41:00 INFO  epoch 91 evaluating [time: 5.27s, valid_score: 0.397300]
Wed 26 Nov 2025 05:41:00 INFO  valid result: 
recall@10 : 0.1678    mrr@10 : 0.3973    ndcg@10 : 0.2226    hit@10 : 0.7636    precision@10 : 0.1712
Wed 26 Nov 2025 05:43:56 INFO  epoch 92 training [time: 175.19s, train loss: 1588.4479]
Wed 26 Nov 2025 05:46:51 INFO  epoch 93 training [time: 175.00s, train loss: 1729.2916]
Wed 26 Nov 2025 05:46:56 INFO  epoch 93 evaluating [time: 4.95s, valid_score: 0.396600]
Wed 26 Nov 2025 05:46:56 INFO  valid result: 
recall@10 : 0.1669    mrr@10 : 0.3966    ndcg@10 : 0.2218    hit@10 : 0.7603    precision@10 : 0.1702
Wed 26 Nov 2025 05:49:51 INFO  epoch 94 training [time: 175.10s, train loss: 1964.2798]
Wed 26 Nov 2025 05:52:46 INFO  epoch 95 training [time: 175.05s, train loss: 1794.2637]
Wed 26 Nov 2025 05:52:51 INFO  epoch 95 evaluating [time: 4.97s, valid_score: 0.396900]
Wed 26 Nov 2025 05:52:51 INFO  valid result: 
recall@10 : 0.1673    mrr@10 : 0.3969    ndcg@10 : 0.2223    hit@10 : 0.7604    precision@10 : 0.1707
Wed 26 Nov 2025 05:55:45 INFO  epoch 96 training [time: 174.49s, train loss: 1572.6686]
Wed 26 Nov 2025 05:58:33 INFO  epoch 97 training [time: 168.04s, train loss: 1596.1732]
Wed 26 Nov 2025 05:58:38 INFO  epoch 97 evaluating [time: 4.84s, valid_score: 0.395900]
Wed 26 Nov 2025 05:58:38 INFO  valid result: 
recall@10 : 0.1661    mrr@10 : 0.3959    ndcg@10 : 0.2212    hit@10 : 0.7583    precision@10 : 0.1698
Wed 26 Nov 2025 06:01:33 INFO  epoch 98 training [time: 174.51s, train loss: 1498.4693]
Wed 26 Nov 2025 06:04:28 INFO  epoch 99 training [time: 175.23s, train loss: 1470.1962]
Wed 26 Nov 2025 06:04:33 INFO  epoch 99 evaluating [time: 5.26s, valid_score: 0.395900]
Wed 26 Nov 2025 06:04:33 INFO  valid result: 
recall@10 : 0.1669    mrr@10 : 0.3959    ndcg@10 : 0.2215    hit@10 : 0.7599    precision@10 : 0.1702
Wed 26 Nov 2025 06:04:33 INFO  Loading model structure and parameters from saved/FairLightGCN-Nov-26-2025_01-34-59.pth
Wed 26 Nov 2025 06:04:38 INFO  count    1376.000000
mean       43.895349
std        64.192794
min         1.000000
25%         4.000000
50%        20.000000
75%        56.000000
max       589.000000
dtype: float64
Wed 26 Nov 2025 06:04:39 INFO  The running environment of this training is as follows:
+-------------+-----------------+
| Environment |      Usage      |
+=============+=================+
| CPU         |     6.60 %      |
+-------------+-----------------+
| GPU         | 0.29 G/47.53 G  |
+-------------+-----------------+
| Memory      | 1.96 G/251.48 G |
+-------------+-----------------+
Wed 26 Nov 2025 06:04:39 INFO  best valid : OrderedDict([('recall@10', 0.1673), ('mrr@10', 0.398), ('ndcg@10', 0.222), ('hit@10', 0.7606), ('precision@10', 0.1703)])
Wed 26 Nov 2025 06:04:39 INFO  test result: OrderedDict([('recall@10', 0.1877550165562914), ('mrr@10', 0.47677271523178805), ('ndcg@10', 0.27952097682119204), ('hit@10', 0.7892384105960265), ('precision@10', 0.2135927152317881)])
