Wed 26 Nov 2025 02:00:47 INFO  ['run_recbole.py', '--model', 'FairLightGCN', '--dataset', 'ml-1m']
Wed 26 Nov 2025 02:00:47 INFO  
General Hyper Parameters:
gpu_id = 0
use_gpu = True
seed = 2020
state = INFO
reproducibility = True
data_path = dataset/ml-1m
checkpoint_dir = saved
show_progress = True
save_dataset = False
dataset_save_path = None
save_dataloaders = False
dataloaders_save_path = None
log_wandb = False

Training Hyper Parameters:
epochs = 100
train_batch_size = 1024
learner = adam
learning_rate = 0.001
train_neg_sample_args = {'distribution': 'uniform', 'sample_num': 1, 'alpha': 1.0, 'dynamic': False, 'candidate_num': 0}
eval_step = 2
stopping_step = 10
clip_grad_norm = None
weight_decay = 0.0
loss_decimal_place = 4

Evaluation Hyper Parameters:
eval_args = {'split': {'RS': [0.8, 0.1, 0.1]}, 'order': 'RO', 'group_by': 'user', 'mode': {'valid': 'full', 'test': 'full'}}
repeatable = False
metrics = ['Recall', 'MRR', 'NDCG', 'Hit', 'Precision']
topk = [10]
valid_metric = MRR@10
valid_metric_bigger = True
eval_batch_size = 102400
metric_decimal_place = 4

Dataset Hyper Parameters:
train_batch_size = 1024
eval_batch_size = 102400
field_separator = 	
seq_separator =  
USER_ID_FIELD = user_id
ITEM_ID_FIELD = item_id
RATING_FIELD = rating
TIME_FIELD = timestamp
seq_len = None
LABEL_FIELD = label
threshold = None
NEG_PREFIX = neg_
load_col = {'inter': ['user_id', 'item_id', 'rating', 'timestamp'], 'user': ['user_id', 'age', 'gender', 'occupation'], 'item': ['item_id', 'release_year', 'class']}
unload_col = None
unused_col = None
additional_feat_suffix = None
rm_dup_inter = None
val_interval = None
filter_inter_by_user_or_item = True
user_inter_num_interval = None
item_inter_num_interval = None
alias_of_user_id = None
alias_of_item_id = None
alias_of_entity_id = None
alias_of_relation_id = None
preload_weight = None
normalize_field = None
normalize_all = True
ITEM_LIST_LENGTH_FIELD = item_length
LIST_SUFFIX = _list
MAX_ITEM_LIST_LENGTH = 50
POSITION_FIELD = position_id
HEAD_ENTITY_ID_FIELD = head_id
TAIL_ENTITY_ID_FIELD = tail_id
RELATION_ID_FIELD = relation_id
ENTITY_ID_FIELD = entity_id
kg_reverse_r = False
entity_kg_num_interval = None
relation_kg_num_interval = None
benchmark_filename = None
save_single_user = True
save_base_path = output
attr = {'user': {'need_inter_num': True, 'need_inter_hour': True, 'need_rating': True, 'need_item_genre': True, 'need_item_year': True, 'need_zipcode_to_region': True}, 'item': {'need_inter_num': True, 'need_inter_hour': True, 'need_rating': True, 'need_age': True, 'need_gender': True, 'need_occupation': True, 'need_region': True}, 'interaction': {'timestamp_unit': 's'}}
to_bin = {'user': {'mean_rating': {'n_bins': 5}, 'interaction_nums': {'n_bins': 5}}, 'item': {'mean_rating': {'n_bins': 5}, 'interaction_nums': {'n_bins': 5}}}

Other Hyper Parameters: 
worker = 0
wandb_project = recbole
shuffle = True
require_pow = False
enable_amp = False
enable_scaler = False
transform = None
export_topk_recs = True
export_topk_dir = None
export_topk_filename = None
export_topk_item_separator = None
export_topk_separate_columns = None
embedding_size = 64
n_layers = 2
reg_weight = 1e-05
numerical_features = []
discretization = None
MODEL_TYPE = ModelType.GENERAL
MODEL_INPUT_TYPE = InputType.PAIRWISE
eval_type = EvaluatorType.RANKING
single_spec = True
local_rank = 0
device = cuda
valid_neg_sample_args = {'distribution': 'uniform', 'sample_num': 'none'}
test_neg_sample_args = {'distribution': 'uniform', 'sample_num': 'none'}


Wed 26 Nov 2025 02:00:50 INFO  ml-1m
The number of users: 6041
Average actions of users: 165.5975165562914
The number of items: 3884
Average actions of items: 269.88909875876953
The number of inters: 1000209
The sparsity of the dataset: 95.73712398848173%
Remain Fields: ['user_id', 'item_id', 'rating', 'timestamp', 'age', 'gender', 'occupation', 'release_year']
Wed 26 Nov 2025 02:00:53 INFO  [Training]: train_batch_size = [1024] train_neg_sample_args: [{'distribution': 'uniform', 'sample_num': 1, 'alpha': 1.0, 'dynamic': False, 'candidate_num': 0}]
Wed 26 Nov 2025 02:00:53 INFO  [Evaluation]: eval_batch_size = [102400] eval_args: [{'split': {'RS': [0.8, 0.1, 0.1]}, 'order': 'RO', 'group_by': 'user', 'mode': {'valid': 'full', 'test': 'full'}}]
Wed 26 Nov 2025 02:01:10 INFO  FairLightGCN(
  (user_embedding): Embedding(6041, 64)
  (item_embedding): Embedding(3884, 64)
  (mf_loss): BPRLoss()
  (reg_loss): EmbLoss()
  (rq_model): RQVAE(
    (encoder): MLPLayers(
      (mlp_layers): Sequential(
        (0): Dropout(p=0, inplace=False)
        (1): Linear(in_features=128, out_features=64, bias=True)
        (2): Sigmoid()
        (3): Dropout(p=0, inplace=False)
        (4): Linear(in_features=64, out_features=32, bias=True)
        (5): Sigmoid()
        (6): Dropout(p=0, inplace=False)
        (7): Linear(in_features=32, out_features=16, bias=True)
      )
    )
    (rq): ResidualVectorQuantizer(
      (vq_layers): ModuleList(
        (0-2): 3 x VectorQuantizer(
          (embedding): Embedding(8, 16)
        )
      )
    )
    (decoder): MLPLayers(
      (mlp_layers): Sequential(
        (0): Dropout(p=0, inplace=False)
        (1): Linear(in_features=16, out_features=32, bias=True)
        (2): Sigmoid()
        (3): Dropout(p=0, inplace=False)
        (4): Linear(in_features=32, out_features=64, bias=True)
        (5): Sigmoid()
        (6): Dropout(p=0, inplace=False)
        (7): Linear(in_features=64, out_features=128, bias=True)
      )
    )
  )
)
Trainable parameters: 657424
Wed 26 Nov 2025 02:01:10 INFO  FLOPs: 0.0
Wed 26 Nov 2025 02:03:41 INFO  epoch 0 training [time: 150.40s, train loss: 641.6793]
Wed 26 Nov 2025 02:06:08 INFO  epoch 1 training [time: 146.35s, train loss: 506.1144]
Wed 26 Nov 2025 02:06:09 INFO  epoch 1 evaluating [time: 1.14s, valid_score: 0.219800]
Wed 26 Nov 2025 02:06:09 INFO  valid result: 
recall@10 : 0.0677    mrr@10 : 0.2198    ndcg@10 : 0.1068    hit@10 : 0.4843    precision@10 : 0.0871
Wed 26 Nov 2025 02:06:09 INFO  Saving current: saved/FairLightGCN-Nov-26-2025_02-01-10.pth
Wed 26 Nov 2025 02:08:30 INFO  epoch 2 training [time: 140.66s, train loss: 455.8011]
Wed 26 Nov 2025 02:10:45 INFO  epoch 3 training [time: 135.56s, train loss: 442.2802]
Wed 26 Nov 2025 02:10:46 INFO  epoch 3 evaluating [time: 1.20s, valid_score: 0.257600]
Wed 26 Nov 2025 02:10:46 INFO  valid result: 
recall@10 : 0.0809    mrr@10 : 0.2576    ndcg@10 : 0.1258    hit@10 : 0.5354    precision@10 : 0.1013
Wed 26 Nov 2025 02:10:46 INFO  Saving current: saved/FairLightGCN-Nov-26-2025_02-01-10.pth
Wed 26 Nov 2025 02:13:01 INFO  epoch 4 training [time: 134.60s, train loss: 432.6299]
Wed 26 Nov 2025 02:15:17 INFO  epoch 5 training [time: 135.78s, train loss: 429.3077]
Wed 26 Nov 2025 02:15:18 INFO  epoch 5 evaluating [time: 1.12s, valid_score: 0.294400]
Wed 26 Nov 2025 02:15:18 INFO  valid result: 
recall@10 : 0.0946    mrr@10 : 0.2944    ndcg@10 : 0.1462    hit@10 : 0.5821    precision@10 : 0.1158
Wed 26 Nov 2025 02:15:18 INFO  Saving current: saved/FairLightGCN-Nov-26-2025_02-01-10.pth
Wed 26 Nov 2025 02:17:34 INFO  epoch 6 training [time: 136.45s, train loss: 409.0655]
Wed 26 Nov 2025 02:19:53 INFO  epoch 7 training [time: 138.39s, train loss: 392.8270]
Wed 26 Nov 2025 02:19:58 INFO  epoch 7 evaluating [time: 4.81s, valid_score: 0.300700]
Wed 26 Nov 2025 02:19:58 INFO  valid result: 
recall@10 : 0.097    mrr@10 : 0.3007    ndcg@10 : 0.1502    hit@10 : 0.5896    precision@10 : 0.1192
Wed 26 Nov 2025 02:19:58 INFO  Saving current: saved/FairLightGCN-Nov-26-2025_02-01-10.pth
Wed 26 Nov 2025 02:22:20 INFO  epoch 8 training [time: 142.20s, train loss: 400.4449]
Wed 26 Nov 2025 02:24:35 INFO  epoch 9 training [time: 135.42s, train loss: 388.0398]
Wed 26 Nov 2025 02:24:37 INFO  epoch 9 evaluating [time: 1.12s, valid_score: 0.305800]
Wed 26 Nov 2025 02:24:37 INFO  valid result: 
recall@10 : 0.0998    mrr@10 : 0.3058    ndcg@10 : 0.1539    hit@10 : 0.6005    precision@10 : 0.1224
Wed 26 Nov 2025 02:24:37 INFO  Saving current: saved/FairLightGCN-Nov-26-2025_02-01-10.pth
Wed 26 Nov 2025 02:26:53 INFO  epoch 10 training [time: 136.11s, train loss: 408.9868]
Wed 26 Nov 2025 02:29:12 INFO  epoch 11 training [time: 139.04s, train loss: 395.0146]
Wed 26 Nov 2025 02:29:13 INFO  epoch 11 evaluating [time: 1.15s, valid_score: 0.310300]
Wed 26 Nov 2025 02:29:13 INFO  valid result: 
recall@10 : 0.1006    mrr@10 : 0.3103    ndcg@10 : 0.1565    hit@10 : 0.6071    precision@10 : 0.1245
Wed 26 Nov 2025 02:29:13 INFO  Saving current: saved/FairLightGCN-Nov-26-2025_02-01-10.pth
Wed 26 Nov 2025 02:31:28 INFO  epoch 12 training [time: 134.95s, train loss: 399.9137]
Wed 26 Nov 2025 02:33:52 INFO  epoch 13 training [time: 143.65s, train loss: 363.6075]
Wed 26 Nov 2025 02:33:53 INFO  epoch 13 evaluating [time: 1.14s, valid_score: 0.315300]
Wed 26 Nov 2025 02:33:53 INFO  valid result: 
recall@10 : 0.1026    mrr@10 : 0.3153    ndcg@10 : 0.1594    hit@10 : 0.6139    precision@10 : 0.1265
Wed 26 Nov 2025 02:33:53 INFO  Saving current: saved/FairLightGCN-Nov-26-2025_02-01-10.pth
Wed 26 Nov 2025 02:36:09 INFO  epoch 14 training [time: 136.52s, train loss: 367.1018]
Wed 26 Nov 2025 02:38:35 INFO  epoch 15 training [time: 145.68s, train loss: 374.2662]
Wed 26 Nov 2025 02:38:40 INFO  epoch 15 evaluating [time: 4.58s, valid_score: 0.322100]
Wed 26 Nov 2025 02:38:40 INFO  valid result: 
recall@10 : 0.1061    mrr@10 : 0.3221    ndcg@10 : 0.1633    hit@10 : 0.6224    precision@10 : 0.1294
Wed 26 Nov 2025 02:38:40 INFO  Saving current: saved/FairLightGCN-Nov-26-2025_02-01-10.pth
Wed 26 Nov 2025 02:41:12 INFO  epoch 16 training [time: 151.81s, train loss: 350.8234]
Wed 26 Nov 2025 02:43:28 INFO  epoch 17 training [time: 136.71s, train loss: 342.8851]
Wed 26 Nov 2025 02:43:29 INFO  epoch 17 evaluating [time: 1.17s, valid_score: 0.328800]
Wed 26 Nov 2025 02:43:29 INFO  valid result: 
recall@10 : 0.11    mrr@10 : 0.3288    ndcg@10 : 0.1677    hit@10 : 0.6343    precision@10 : 0.1328
Wed 26 Nov 2025 02:43:30 INFO  Saving current: saved/FairLightGCN-Nov-26-2025_02-01-10.pth
Wed 26 Nov 2025 02:45:47 INFO  epoch 18 training [time: 137.22s, train loss: 330.2319]
Wed 26 Nov 2025 02:48:03 INFO  epoch 19 training [time: 136.46s, train loss: 384.8930]
Wed 26 Nov 2025 02:48:04 INFO  epoch 19 evaluating [time: 1.11s, valid_score: 0.334300]
Wed 26 Nov 2025 02:48:04 INFO  valid result: 
recall@10 : 0.114    mrr@10 : 0.3343    ndcg@10 : 0.1714    hit@10 : 0.6452    precision@10 : 0.1354
Wed 26 Nov 2025 02:48:04 INFO  Saving current: saved/FairLightGCN-Nov-26-2025_02-01-10.pth
Wed 26 Nov 2025 02:50:20 INFO  epoch 20 training [time: 135.29s, train loss: 353.6420]
Wed 26 Nov 2025 02:52:36 INFO  epoch 21 training [time: 135.98s, train loss: 349.3019]
Wed 26 Nov 2025 02:52:37 INFO  epoch 21 evaluating [time: 1.25s, valid_score: 0.338200]
Wed 26 Nov 2025 02:52:37 INFO  valid result: 
recall@10 : 0.1171    mrr@10 : 0.3382    ndcg@10 : 0.174    hit@10 : 0.6548    precision@10 : 0.1371
Wed 26 Nov 2025 02:52:37 INFO  Saving current: saved/FairLightGCN-Nov-26-2025_02-01-10.pth
Wed 26 Nov 2025 02:54:52 INFO  epoch 22 training [time: 135.15s, train loss: 322.8263]
Wed 26 Nov 2025 02:57:05 INFO  epoch 23 training [time: 132.31s, train loss: 309.4174]
Wed 26 Nov 2025 02:57:06 INFO  epoch 23 evaluating [time: 1.15s, valid_score: 0.343000]
Wed 26 Nov 2025 02:57:06 INFO  valid result: 
recall@10 : 0.1195    mrr@10 : 0.343    ndcg@10 : 0.1769    hit@10 : 0.6619    precision@10 : 0.1392
Wed 26 Nov 2025 02:57:06 INFO  Saving current: saved/FairLightGCN-Nov-26-2025_02-01-10.pth
Wed 26 Nov 2025 02:59:22 INFO  epoch 24 training [time: 136.24s, train loss: 305.9709]
Wed 26 Nov 2025 03:01:38 INFO  epoch 25 training [time: 136.23s, train loss: 316.4097]
Wed 26 Nov 2025 03:01:39 INFO  epoch 25 evaluating [time: 1.18s, valid_score: 0.344700]
Wed 26 Nov 2025 03:01:39 INFO  valid result: 
recall@10 : 0.1218    mrr@10 : 0.3447    ndcg@10 : 0.1787    hit@10 : 0.6666    precision@10 : 0.1404
Wed 26 Nov 2025 03:01:40 INFO  Saving current: saved/FairLightGCN-Nov-26-2025_02-01-10.pth
Wed 26 Nov 2025 03:03:54 INFO  epoch 26 training [time: 134.92s, train loss: 305.4165]
Wed 26 Nov 2025 03:06:21 INFO  epoch 27 training [time: 146.34s, train loss: 296.4981]
Wed 26 Nov 2025 03:06:22 INFO  epoch 27 evaluating [time: 1.08s, valid_score: 0.346600]
Wed 26 Nov 2025 03:06:22 INFO  valid result: 
recall@10 : 0.1231    mrr@10 : 0.3466    ndcg@10 : 0.1803    hit@10 : 0.6685    precision@10 : 0.1417
Wed 26 Nov 2025 03:06:22 INFO  Saving current: saved/FairLightGCN-Nov-26-2025_02-01-10.pth
Wed 26 Nov 2025 03:08:40 INFO  epoch 28 training [time: 137.64s, train loss: 295.9261]
Wed 26 Nov 2025 03:10:57 INFO  epoch 29 training [time: 137.70s, train loss: 292.5914]
Wed 26 Nov 2025 03:10:59 INFO  epoch 29 evaluating [time: 1.13s, valid_score: 0.350000]
Wed 26 Nov 2025 03:10:59 INFO  valid result: 
recall@10 : 0.1248    mrr@10 : 0.35    ndcg@10 : 0.1823    hit@10 : 0.6745    precision@10 : 0.1432
Wed 26 Nov 2025 03:10:59 INFO  Saving current: saved/FairLightGCN-Nov-26-2025_02-01-10.pth
Wed 26 Nov 2025 03:13:14 INFO  epoch 30 training [time: 135.23s, train loss: 298.3941]
Wed 26 Nov 2025 03:15:31 INFO  epoch 31 training [time: 137.08s, train loss: 313.9694]
Wed 26 Nov 2025 03:15:32 INFO  epoch 31 evaluating [time: 1.18s, valid_score: 0.350700]
Wed 26 Nov 2025 03:15:32 INFO  valid result: 
recall@10 : 0.1261    mrr@10 : 0.3507    ndcg@10 : 0.1836    hit@10 : 0.6775    precision@10 : 0.1442
Wed 26 Nov 2025 03:15:32 INFO  Saving current: saved/FairLightGCN-Nov-26-2025_02-01-10.pth
Wed 26 Nov 2025 03:17:51 INFO  epoch 32 training [time: 138.80s, train loss: 295.1741]
Wed 26 Nov 2025 03:20:07 INFO  epoch 33 training [time: 136.17s, train loss: 280.4054]
Wed 26 Nov 2025 03:20:08 INFO  epoch 33 evaluating [time: 1.06s, valid_score: 0.356300]
Wed 26 Nov 2025 03:20:08 INFO  valid result: 
recall@10 : 0.128    mrr@10 : 0.3563    ndcg@10 : 0.1864    hit@10 : 0.6815    precision@10 : 0.1459
Wed 26 Nov 2025 03:20:08 INFO  Saving current: saved/FairLightGCN-Nov-26-2025_02-01-10.pth
Wed 26 Nov 2025 03:22:23 INFO  epoch 34 training [time: 134.91s, train loss: 294.9038]
Wed 26 Nov 2025 03:24:37 INFO  epoch 35 training [time: 133.26s, train loss: 298.5414]
Wed 26 Nov 2025 03:24:38 INFO  epoch 35 evaluating [time: 1.05s, valid_score: 0.359100]
Wed 26 Nov 2025 03:24:38 INFO  valid result: 
recall@10 : 0.129    mrr@10 : 0.3591    ndcg@10 : 0.1878    hit@10 : 0.6846    precision@10 : 0.147
Wed 26 Nov 2025 03:24:38 INFO  Saving current: saved/FairLightGCN-Nov-26-2025_02-01-10.pth
Wed 26 Nov 2025 03:26:51 INFO  epoch 36 training [time: 133.49s, train loss: 304.0825]
Wed 26 Nov 2025 03:29:07 INFO  epoch 37 training [time: 135.83s, train loss: 301.2614]
Wed 26 Nov 2025 03:29:08 INFO  epoch 37 evaluating [time: 1.09s, valid_score: 0.360300]
Wed 26 Nov 2025 03:29:08 INFO  valid result: 
recall@10 : 0.1302    mrr@10 : 0.3603    ndcg@10 : 0.189    hit@10 : 0.6868    precision@10 : 0.1479
Wed 26 Nov 2025 03:29:08 INFO  Saving current: saved/FairLightGCN-Nov-26-2025_02-01-10.pth
Wed 26 Nov 2025 03:31:26 INFO  epoch 38 training [time: 137.86s, train loss: 317.7858]
Wed 26 Nov 2025 03:33:48 INFO  epoch 39 training [time: 142.14s, train loss: 306.2945]
Wed 26 Nov 2025 03:33:53 INFO  epoch 39 evaluating [time: 4.89s, valid_score: 0.360800]
Wed 26 Nov 2025 03:33:53 INFO  valid result: 
recall@10 : 0.1311    mrr@10 : 0.3608    ndcg@10 : 0.1898    hit@10 : 0.6886    precision@10 : 0.1488
Wed 26 Nov 2025 03:33:53 INFO  Saving current: saved/FairLightGCN-Nov-26-2025_02-01-10.pth
Wed 26 Nov 2025 03:36:19 INFO  epoch 40 training [time: 145.78s, train loss: 300.2240]
Wed 26 Nov 2025 03:38:36 INFO  epoch 41 training [time: 136.60s, train loss: 306.7125]
Wed 26 Nov 2025 03:38:37 INFO  epoch 41 evaluating [time: 1.12s, valid_score: 0.361800]
Wed 26 Nov 2025 03:38:37 INFO  valid result: 
recall@10 : 0.1323    mrr@10 : 0.3618    ndcg@10 : 0.1907    hit@10 : 0.6917    precision@10 : 0.1496
Wed 26 Nov 2025 03:38:37 INFO  Saving current: saved/FairLightGCN-Nov-26-2025_02-01-10.pth
Wed 26 Nov 2025 03:40:53 INFO  epoch 42 training [time: 136.40s, train loss: 302.1055]
Wed 26 Nov 2025 03:43:31 INFO  epoch 43 training [time: 157.28s, train loss: 293.0300]
Wed 26 Nov 2025 03:43:35 INFO  epoch 43 evaluating [time: 4.82s, valid_score: 0.360400]
Wed 26 Nov 2025 03:43:35 INFO  valid result: 
recall@10 : 0.1316    mrr@10 : 0.3604    ndcg@10 : 0.1905    hit@10 : 0.6892    precision@10 : 0.1495
Wed 26 Nov 2025 03:46:01 INFO  epoch 44 training [time: 145.66s, train loss: 288.6899]
Wed 26 Nov 2025 03:48:19 INFO  epoch 45 training [time: 138.21s, train loss: 288.1927]
Wed 26 Nov 2025 03:48:24 INFO  epoch 45 evaluating [time: 4.88s, valid_score: 0.360000]
Wed 26 Nov 2025 03:48:24 INFO  valid result: 
recall@10 : 0.1323    mrr@10 : 0.36    ndcg@10 : 0.1909    hit@10 : 0.6909    precision@10 : 0.1499
Wed 26 Nov 2025 03:50:49 INFO  epoch 46 training [time: 145.24s, train loss: 284.9328]
Wed 26 Nov 2025 03:53:19 INFO  epoch 47 training [time: 149.65s, train loss: 292.0720]
Wed 26 Nov 2025 03:53:20 INFO  epoch 47 evaluating [time: 1.10s, valid_score: 0.362000]
Wed 26 Nov 2025 03:53:20 INFO  valid result: 
recall@10 : 0.1329    mrr@10 : 0.362    ndcg@10 : 0.1918    hit@10 : 0.6934    precision@10 : 0.1507
Wed 26 Nov 2025 03:53:20 INFO  Saving current: saved/FairLightGCN-Nov-26-2025_02-01-10.pth
Wed 26 Nov 2025 03:55:36 INFO  epoch 48 training [time: 135.78s, train loss: 285.5984]
Wed 26 Nov 2025 03:58:08 INFO  epoch 49 training [time: 152.31s, train loss: 267.6778]
Wed 26 Nov 2025 03:58:13 INFO  epoch 49 evaluating [time: 4.87s, valid_score: 0.361100]
Wed 26 Nov 2025 03:58:13 INFO  valid result: 
recall@10 : 0.1332    mrr@10 : 0.3611    ndcg@10 : 0.1923    hit@10 : 0.6967    precision@10 : 0.1513
Wed 26 Nov 2025 04:00:34 INFO  epoch 50 training [time: 140.84s, train loss: 256.3544]
Wed 26 Nov 2025 04:02:51 INFO  epoch 51 training [time: 137.04s, train loss: 273.2726]
Wed 26 Nov 2025 04:02:52 INFO  epoch 51 evaluating [time: 1.13s, valid_score: 0.361600]
Wed 26 Nov 2025 04:02:52 INFO  valid result: 
recall@10 : 0.1329    mrr@10 : 0.3616    ndcg@10 : 0.1925    hit@10 : 0.6947    precision@10 : 0.1513
Wed 26 Nov 2025 04:05:10 INFO  epoch 52 training [time: 138.13s, train loss: 284.4488]
Wed 26 Nov 2025 04:07:26 INFO  epoch 53 training [time: 136.14s, train loss: 287.3554]
Wed 26 Nov 2025 04:07:28 INFO  epoch 53 evaluating [time: 1.17s, valid_score: 0.362600]
Wed 26 Nov 2025 04:07:28 INFO  valid result: 
recall@10 : 0.1339    mrr@10 : 0.3626    ndcg@10 : 0.1933    hit@10 : 0.6967    precision@10 : 0.1518
Wed 26 Nov 2025 04:07:28 INFO  Saving current: saved/FairLightGCN-Nov-26-2025_02-01-10.pth
Wed 26 Nov 2025 04:09:48 INFO  epoch 54 training [time: 140.12s, train loss: 273.4845]
Wed 26 Nov 2025 04:12:27 INFO  epoch 55 training [time: 158.73s, train loss: 268.1947]
Wed 26 Nov 2025 04:12:31 INFO  epoch 55 evaluating [time: 4.86s, valid_score: 0.364400]
Wed 26 Nov 2025 04:12:31 INFO  valid result: 
recall@10 : 0.1343    mrr@10 : 0.3644    ndcg@10 : 0.194    hit@10 : 0.6983    precision@10 : 0.1523
Wed 26 Nov 2025 04:12:32 INFO  Saving current: saved/FairLightGCN-Nov-26-2025_02-01-10.pth
Wed 26 Nov 2025 04:14:50 INFO  epoch 56 training [time: 138.86s, train loss: 274.9547]
Wed 26 Nov 2025 04:17:20 INFO  epoch 57 training [time: 149.40s, train loss: 262.0552]
Wed 26 Nov 2025 04:17:22 INFO  epoch 57 evaluating [time: 2.62s, valid_score: 0.365000]
Wed 26 Nov 2025 04:17:22 INFO  valid result: 
recall@10 : 0.1345    mrr@10 : 0.365    ndcg@10 : 0.1944    hit@10 : 0.6978    precision@10 : 0.1523
Wed 26 Nov 2025 04:17:23 INFO  Saving current: saved/FairLightGCN-Nov-26-2025_02-01-10.pth
Wed 26 Nov 2025 04:19:40 INFO  epoch 58 training [time: 137.40s, train loss: 268.6204]
Wed 26 Nov 2025 04:21:55 INFO  epoch 59 training [time: 135.49s, train loss: 294.7525]
Wed 26 Nov 2025 04:21:57 INFO  epoch 59 evaluating [time: 1.32s, valid_score: 0.365300]
Wed 26 Nov 2025 04:21:57 INFO  valid result: 
recall@10 : 0.1346    mrr@10 : 0.3653    ndcg@10 : 0.1947    hit@10 : 0.6997    precision@10 : 0.1524
Wed 26 Nov 2025 04:21:57 INFO  Saving current: saved/FairLightGCN-Nov-26-2025_02-01-10.pth
Wed 26 Nov 2025 04:24:21 INFO  epoch 60 training [time: 143.68s, train loss: 292.3011]
Wed 26 Nov 2025 04:26:46 INFO  epoch 61 training [time: 145.18s, train loss: 260.7208]
Wed 26 Nov 2025 04:26:47 INFO  epoch 61 evaluating [time: 1.07s, valid_score: 0.366100]
Wed 26 Nov 2025 04:26:47 INFO  valid result: 
recall@10 : 0.1354    mrr@10 : 0.3661    ndcg@10 : 0.1956    hit@10 : 0.702    precision@10 : 0.1536
Wed 26 Nov 2025 04:26:47 INFO  Saving current: saved/FairLightGCN-Nov-26-2025_02-01-10.pth
Wed 26 Nov 2025 04:29:06 INFO  epoch 62 training [time: 139.13s, train loss: 257.5521]
Wed 26 Nov 2025 04:31:31 INFO  epoch 63 training [time: 144.88s, train loss: 251.1508]
Wed 26 Nov 2025 04:31:32 INFO  epoch 63 evaluating [time: 1.15s, valid_score: 0.364900]
Wed 26 Nov 2025 04:31:32 INFO  valid result: 
recall@10 : 0.1358    mrr@10 : 0.3649    ndcg@10 : 0.1959    hit@10 : 0.702    precision@10 : 0.1539
Wed 26 Nov 2025 04:33:48 INFO  epoch 64 training [time: 135.60s, train loss: 266.2860]
Wed 26 Nov 2025 04:36:05 INFO  epoch 65 training [time: 137.00s, train loss: 281.8391]
Wed 26 Nov 2025 04:36:06 INFO  epoch 65 evaluating [time: 1.16s, valid_score: 0.366200]
Wed 26 Nov 2025 04:36:06 INFO  valid result: 
recall@10 : 0.1357    mrr@10 : 0.3662    ndcg@10 : 0.196    hit@10 : 0.7022    precision@10 : 0.154
Wed 26 Nov 2025 04:36:06 INFO  Saving current: saved/FairLightGCN-Nov-26-2025_02-01-10.pth
Wed 26 Nov 2025 04:38:20 INFO  epoch 66 training [time: 134.08s, train loss: 272.5588]
Wed 26 Nov 2025 04:40:31 INFO  epoch 67 training [time: 130.49s, train loss: 293.5257]
Wed 26 Nov 2025 04:40:32 INFO  epoch 67 evaluating [time: 0.97s, valid_score: 0.365200]
Wed 26 Nov 2025 04:40:32 INFO  valid result: 
recall@10 : 0.1364    mrr@10 : 0.3652    ndcg@10 : 0.1962    hit@10 : 0.7036    precision@10 : 0.1543
Wed 26 Nov 2025 04:42:45 INFO  epoch 68 training [time: 133.33s, train loss: 287.5663]
Wed 26 Nov 2025 04:44:56 INFO  epoch 69 training [time: 130.65s, train loss: 285.0999]
Wed 26 Nov 2025 04:44:57 INFO  epoch 69 evaluating [time: 1.13s, valid_score: 0.366600]
Wed 26 Nov 2025 04:44:57 INFO  valid result: 
recall@10 : 0.1365    mrr@10 : 0.3666    ndcg@10 : 0.1967    hit@10 : 0.7035    precision@10 : 0.1548
Wed 26 Nov 2025 04:44:57 INFO  Saving current: saved/FairLightGCN-Nov-26-2025_02-01-10.pth
Wed 26 Nov 2025 04:47:08 INFO  epoch 70 training [time: 131.11s, train loss: 279.0752]
Wed 26 Nov 2025 04:49:18 INFO  epoch 71 training [time: 130.43s, train loss: 287.5442]
Wed 26 Nov 2025 04:49:19 INFO  epoch 71 evaluating [time: 0.97s, valid_score: 0.368400]
Wed 26 Nov 2025 04:49:19 INFO  valid result: 
recall@10 : 0.1369    mrr@10 : 0.3684    ndcg@10 : 0.1975    hit@10 : 0.7048    precision@10 : 0.1552
Wed 26 Nov 2025 04:49:19 INFO  Saving current: saved/FairLightGCN-Nov-26-2025_02-01-10.pth
Wed 26 Nov 2025 04:51:33 INFO  epoch 72 training [time: 133.43s, train loss: 272.0376]
Wed 26 Nov 2025 04:53:57 INFO  epoch 73 training [time: 144.11s, train loss: 280.8394]
Wed 26 Nov 2025 04:53:58 INFO  epoch 73 evaluating [time: 1.06s, valid_score: 0.367700]
Wed 26 Nov 2025 04:53:58 INFO  valid result: 
recall@10 : 0.1366    mrr@10 : 0.3677    ndcg@10 : 0.1972    hit@10 : 0.7033    precision@10 : 0.1551
Wed 26 Nov 2025 04:56:14 INFO  epoch 74 training [time: 135.57s, train loss: 279.5655]
Wed 26 Nov 2025 04:58:30 INFO  epoch 75 training [time: 136.67s, train loss: 293.6014]
Wed 26 Nov 2025 04:58:31 INFO  epoch 75 evaluating [time: 1.13s, valid_score: 0.368900]
Wed 26 Nov 2025 04:58:31 INFO  valid result: 
recall@10 : 0.1367    mrr@10 : 0.3689    ndcg@10 : 0.1975    hit@10 : 0.7038    precision@10 : 0.1549
Wed 26 Nov 2025 04:58:31 INFO  Saving current: saved/FairLightGCN-Nov-26-2025_02-01-10.pth
Wed 26 Nov 2025 05:00:48 INFO  epoch 76 training [time: 136.27s, train loss: 311.0162]
Wed 26 Nov 2025 05:02:59 INFO  epoch 77 training [time: 131.67s, train loss: 310.5034]
Wed 26 Nov 2025 05:03:00 INFO  epoch 77 evaluating [time: 0.96s, valid_score: 0.368300]
Wed 26 Nov 2025 05:03:00 INFO  valid result: 
recall@10 : 0.1371    mrr@10 : 0.3683    ndcg@10 : 0.1976    hit@10 : 0.7058    precision@10 : 0.1551
Wed 26 Nov 2025 05:05:10 INFO  epoch 78 training [time: 129.37s, train loss: 327.4823]
Wed 26 Nov 2025 05:07:26 INFO  epoch 79 training [time: 136.01s, train loss: 320.4262]
Wed 26 Nov 2025 05:07:27 INFO  epoch 79 evaluating [time: 1.11s, valid_score: 0.367700]
Wed 26 Nov 2025 05:07:27 INFO  valid result: 
recall@10 : 0.1366    mrr@10 : 0.3677    ndcg@10 : 0.1972    hit@10 : 0.7022    precision@10 : 0.1547
Wed 26 Nov 2025 05:09:47 INFO  epoch 80 training [time: 140.67s, train loss: 313.6585]
Wed 26 Nov 2025 05:12:03 INFO  epoch 81 training [time: 135.82s, train loss: 293.8810]
Wed 26 Nov 2025 05:12:04 INFO  epoch 81 evaluating [time: 1.12s, valid_score: 0.368100]
Wed 26 Nov 2025 05:12:04 INFO  valid result: 
recall@10 : 0.1364    mrr@10 : 0.3681    ndcg@10 : 0.1975    hit@10 : 0.7048    precision@10 : 0.1549
Wed 26 Nov 2025 05:14:21 INFO  epoch 82 training [time: 136.97s, train loss: 278.7778]
Wed 26 Nov 2025 05:16:36 INFO  epoch 83 training [time: 135.10s, train loss: 284.3119]
Wed 26 Nov 2025 05:16:38 INFO  epoch 83 evaluating [time: 1.09s, valid_score: 0.370400]
Wed 26 Nov 2025 05:16:38 INFO  valid result: 
recall@10 : 0.1376    mrr@10 : 0.3704    ndcg@10 : 0.1987    hit@10 : 0.7066    precision@10 : 0.1557
Wed 26 Nov 2025 05:16:38 INFO  Saving current: saved/FairLightGCN-Nov-26-2025_02-01-10.pth
Wed 26 Nov 2025 05:18:54 INFO  epoch 84 training [time: 136.64s, train loss: 359.7155]
Wed 26 Nov 2025 05:21:26 INFO  epoch 85 training [time: 151.36s, train loss: 355.6556]
Wed 26 Nov 2025 05:21:31 INFO  epoch 85 evaluating [time: 4.93s, valid_score: 0.369500]
Wed 26 Nov 2025 05:21:31 INFO  valid result: 
recall@10 : 0.1374    mrr@10 : 0.3695    ndcg@10 : 0.1984    hit@10 : 0.706    precision@10 : 0.1553
Wed 26 Nov 2025 05:24:03 INFO  epoch 86 training [time: 152.45s, train loss: 305.0814]
Wed 26 Nov 2025 05:26:20 INFO  epoch 87 training [time: 136.92s, train loss: 310.9806]
Wed 26 Nov 2025 05:26:21 INFO  epoch 87 evaluating [time: 1.10s, valid_score: 0.370500]
Wed 26 Nov 2025 05:26:21 INFO  valid result: 
recall@10 : 0.1381    mrr@10 : 0.3705    ndcg@10 : 0.1986    hit@10 : 0.7096    precision@10 : 0.1554
Wed 26 Nov 2025 05:26:21 INFO  Saving current: saved/FairLightGCN-Nov-26-2025_02-01-10.pth
Wed 26 Nov 2025 05:28:44 INFO  epoch 88 training [time: 142.49s, train loss: 300.2884]
Wed 26 Nov 2025 05:31:24 INFO  epoch 89 training [time: 160.13s, train loss: 298.7052]
Wed 26 Nov 2025 05:31:29 INFO  epoch 89 evaluating [time: 4.91s, valid_score: 0.371200]
Wed 26 Nov 2025 05:31:29 INFO  valid result: 
recall@10 : 0.1385    mrr@10 : 0.3712    ndcg@10 : 0.1989    hit@10 : 0.7114    precision@10 : 0.1556
Wed 26 Nov 2025 05:31:29 INFO  Saving current: saved/FairLightGCN-Nov-26-2025_02-01-10.pth
Wed 26 Nov 2025 05:33:50 INFO  epoch 90 training [time: 140.95s, train loss: 301.4255]
Wed 26 Nov 2025 05:36:28 INFO  epoch 91 training [time: 158.70s, train loss: 301.7561]
Wed 26 Nov 2025 05:36:33 INFO  epoch 91 evaluating [time: 4.93s, valid_score: 0.370900]
Wed 26 Nov 2025 05:36:33 INFO  valid result: 
recall@10 : 0.1387    mrr@10 : 0.3709    ndcg@10 : 0.199    hit@10 : 0.7086    precision@10 : 0.1558
Wed 26 Nov 2025 05:39:14 INFO  epoch 92 training [time: 161.04s, train loss: 300.2799]
Wed 26 Nov 2025 05:41:48 INFO  epoch 93 training [time: 153.46s, train loss: 279.9399]
Wed 26 Nov 2025 05:41:49 INFO  epoch 93 evaluating [time: 1.22s, valid_score: 0.370300]
Wed 26 Nov 2025 05:41:49 INFO  valid result: 
recall@10 : 0.1383    mrr@10 : 0.3703    ndcg@10 : 0.1987    hit@10 : 0.7099    precision@10 : 0.1556
Wed 26 Nov 2025 05:44:05 INFO  epoch 94 training [time: 135.66s, train loss: 331.0676]
Wed 26 Nov 2025 05:46:22 INFO  epoch 95 training [time: 137.00s, train loss: 346.8766]
Wed 26 Nov 2025 05:46:23 INFO  epoch 95 evaluating [time: 1.10s, valid_score: 0.371100]
Wed 26 Nov 2025 05:46:23 INFO  valid result: 
recall@10 : 0.1389    mrr@10 : 0.3711    ndcg@10 : 0.1994    hit@10 : 0.7113    precision@10 : 0.156
Wed 26 Nov 2025 05:48:43 INFO  epoch 96 training [time: 140.48s, train loss: 303.5241]
Wed 26 Nov 2025 05:51:10 INFO  epoch 97 training [time: 146.23s, train loss: 278.2949]
Wed 26 Nov 2025 05:51:11 INFO  epoch 97 evaluating [time: 1.15s, valid_score: 0.371200]
Wed 26 Nov 2025 05:51:11 INFO  valid result: 
recall@10 : 0.1388    mrr@10 : 0.3712    ndcg@10 : 0.1993    hit@10 : 0.7116    precision@10 : 0.1558
Wed 26 Nov 2025 05:51:11 INFO  Saving current: saved/FairLightGCN-Nov-26-2025_02-01-10.pth
Wed 26 Nov 2025 05:53:26 INFO  epoch 98 training [time: 135.38s, train loss: 278.9307]
Wed 26 Nov 2025 05:55:41 INFO  epoch 99 training [time: 134.67s, train loss: 313.4833]
Wed 26 Nov 2025 05:55:42 INFO  epoch 99 evaluating [time: 1.19s, valid_score: 0.371200]
Wed 26 Nov 2025 05:55:42 INFO  valid result: 
recall@10 : 0.1391    mrr@10 : 0.3712    ndcg@10 : 0.1993    hit@10 : 0.7116    precision@10 : 0.1557
Wed 26 Nov 2025 05:55:42 INFO  Saving current: saved/FairLightGCN-Nov-26-2025_02-01-10.pth
Wed 26 Nov 2025 05:55:42 INFO  Loading model structure and parameters from saved/FairLightGCN-Nov-26-2025_02-01-10.pth
Wed 26 Nov 2025 05:55:43 INFO  count    1068.000000
mean       56.554307
std       132.647103
min         1.000000
25%         3.000000
50%        11.500000
75%        45.000000
max      1336.000000
dtype: float64
Wed 26 Nov 2025 05:55:44 INFO  The running environment of this training is as follows:
+-------------+-----------------+
| Environment |      Usage      |
+=============+=================+
| CPU         |     8.50 %      |
+-------------+-----------------+
| GPU         | 0.29 G/47.53 G  |
+-------------+-----------------+
| Memory      | 1.97 G/251.48 G |
+-------------+-----------------+
Wed 26 Nov 2025 05:55:44 INFO  best valid : OrderedDict([('recall@10', 0.1391), ('mrr@10', 0.3712), ('ndcg@10', 0.1993), ('hit@10', 0.7116), ('precision@10', 0.1557)])
Wed 26 Nov 2025 05:55:44 INFO  test result: OrderedDict([('recall@10', 0.15750567880794702), ('mrr@10', 0.44156677152317875), ('ndcg@10', 0.25203375827814567), ('hit@10', 0.7360927152317881), ('precision@10', 0.19736754966887415)])
