Sun 30 Nov 2025 01:35:08 INFO  ['run_recbole.py', '--model', 'FairLightGCN', '--dataset', 'ml-1m', '--gpu_ids', '0']
Sun 30 Nov 2025 01:35:08 INFO  
General Hyper Parameters:
gpu_id = 0
use_gpu = True
seed = 2020
state = INFO
reproducibility = True
data_path = dataset/ml-1m
checkpoint_dir = saved
show_progress = True
save_dataset = False
dataset_save_path = None
save_dataloaders = False
dataloaders_save_path = None
log_wandb = False

Training Hyper Parameters:
epochs = 100
train_batch_size = 1024
learner = adam
learning_rate = 0.001
train_neg_sample_args = {'distribution': 'uniform', 'sample_num': 1, 'alpha': 1.0, 'dynamic': False, 'candidate_num': 0}
eval_step = 2
stopping_step = 10
clip_grad_norm = None
weight_decay = 0.0
loss_decimal_place = 4

Evaluation Hyper Parameters:
eval_args = {'split': {'RS': [0.8, 0.1, 0.1]}, 'order': 'RO', 'group_by': 'user', 'mode': {'valid': 'full', 'test': 'full'}}
repeatable = False
metrics = ['Recall', 'MRR', 'NDCG', 'Hit', 'Precision']
topk = [10]
valid_metric = MRR@10
valid_metric_bigger = True
eval_batch_size = 102400
metric_decimal_place = 4

Dataset Hyper Parameters:
train_batch_size = 1024
eval_batch_size = 102400
field_separator = 	
seq_separator =  
USER_ID_FIELD = user_id
ITEM_ID_FIELD = item_id
RATING_FIELD = rating
TIME_FIELD = timestamp
seq_len = None
LABEL_FIELD = label
threshold = None
NEG_PREFIX = neg_
load_col = {'inter': ['user_id', 'item_id', 'rating', 'timestamp'], 'user': ['user_id', 'age', 'gender', 'occupation'], 'item': ['item_id', 'release_year', 'genre']}
unload_col = None
unused_col = None
additional_feat_suffix = None
rm_dup_inter = None
val_interval = None
filter_inter_by_user_or_item = True
user_inter_num_interval = None
item_inter_num_interval = None
alias_of_user_id = None
alias_of_item_id = None
alias_of_entity_id = None
alias_of_relation_id = None
preload_weight = None
normalize_field = None
normalize_all = True
ITEM_LIST_LENGTH_FIELD = item_length
LIST_SUFFIX = _list
MAX_ITEM_LIST_LENGTH = 50
POSITION_FIELD = position_id
HEAD_ENTITY_ID_FIELD = head_id
TAIL_ENTITY_ID_FIELD = tail_id
RELATION_ID_FIELD = relation_id
ENTITY_ID_FIELD = entity_id
kg_reverse_r = False
entity_kg_num_interval = None
relation_kg_num_interval = None
benchmark_filename = None
save_single_user = True
save_base_path = output
attr = {'user': {'need_inter_num': True, 'need_inter_hour': True, 'need_rating': True, 'need_item_genre': True, 'need_item_year': True, 'need_zipcode_to_region': True}, 'item': {'need_inter_num': True, 'need_inter_hour': True, 'need_rating': True, 'need_age': True, 'need_gender': True, 'need_occupation': True, 'need_region': True}, 'interaction': {'timestamp_unit': 's'}}
to_bin = {'user': {'mean_rating': {'n_bins': 5}, 'interaction_nums': {'n_bins': 5}}, 'item': {'mean_rating': {'n_bins': 5}, 'interaction_nums': {'n_bins': 5}}}

Other Hyper Parameters: 
worker = 0
wandb_project = recbole
shuffle = True
require_pow = False
enable_amp = False
enable_scaler = False
transform = None
export_topk_recs = True
export_topk_dir = None
export_topk_filename = None
export_topk_item_separator = None
export_topk_separate_columns = None
embedding_size = 64
n_layers = 2
reg_weight = 1e-05
numerical_features = []
discretization = None
MODEL_TYPE = ModelType.GENERAL
MODEL_INPUT_TYPE = InputType.PAIRWISE
eval_type = EvaluatorType.RANKING
single_spec = True
local_rank = 0
device = cuda
valid_neg_sample_args = {'distribution': 'uniform', 'sample_num': 'none'}
test_neg_sample_args = {'distribution': 'uniform', 'sample_num': 'none'}


Sun 30 Nov 2025 01:35:14 INFO  ml-1m
The number of users: 6041
Average actions of users: 165.5975165562914
The number of items: 3884
Average actions of items: 269.88909875876953
The number of inters: 1000209
The sparsity of the dataset: 95.73712398848173%
Remain Fields: ['user_id', 'item_id', 'rating', 'timestamp', 'age', 'gender', 'occupation', 'release_year', 'genre']
Sun 30 Nov 2025 01:35:20 INFO  [Training]: train_batch_size = [1024] train_neg_sample_args: [{'distribution': 'uniform', 'sample_num': 1, 'alpha': 1.0, 'dynamic': False, 'candidate_num': 0}]
Sun 30 Nov 2025 01:35:20 INFO  [Evaluation]: eval_batch_size = [102400] eval_args: [{'split': {'RS': [0.8, 0.1, 0.1]}, 'order': 'RO', 'group_by': 'user', 'mode': {'valid': 'full', 'test': 'full'}}]
Sun 30 Nov 2025 01:35:21 INFO  FairLightGCN(
  (user_embedding): Embedding(6041, 64)
  (item_embedding): Embedding(3884, 64)
  (mf_loss): BPRLoss()
  (reg_loss): EmbLoss()
  (rq_model_item): RQVAE(
    (encoder): MLPLayers(
      (mlp_layers): Sequential(
        (0): Dropout(p=0, inplace=False)
        (1): Linear(in_features=192, out_features=64, bias=True)
        (2): Sigmoid()
        (3): Dropout(p=0, inplace=False)
        (4): Linear(in_features=64, out_features=32, bias=True)
        (5): Sigmoid()
        (6): Dropout(p=0, inplace=False)
        (7): Linear(in_features=32, out_features=16, bias=True)
      )
    )
    (rq): ResidualVectorQuantizer(
      (vq_layers): ModuleList(
        (0-2): 3 x VectorQuantizer(
          (embedding): Embedding(8, 16)
        )
      )
    )
    (decoder): MLPLayers(
      (mlp_layers): Sequential(
        (0): Dropout(p=0, inplace=False)
        (1): Linear(in_features=16, out_features=32, bias=True)
        (2): Sigmoid()
        (3): Dropout(p=0, inplace=False)
        (4): Linear(in_features=32, out_features=64, bias=True)
        (5): Sigmoid()
        (6): Dropout(p=0, inplace=False)
        (7): Linear(in_features=64, out_features=192, bias=True)
      )
    )
    (W_gate): Linear(in_features=192, out_features=192, bias=True)
  )
  (rq_model_user): RQVAE(
    (encoder): MLPLayers(
      (mlp_layers): Sequential(
        (0): Dropout(p=0, inplace=False)
        (1): Linear(in_features=256, out_features=64, bias=True)
        (2): Sigmoid()
        (3): Dropout(p=0, inplace=False)
        (4): Linear(in_features=64, out_features=32, bias=True)
        (5): Sigmoid()
        (6): Dropout(p=0, inplace=False)
        (7): Linear(in_features=32, out_features=16, bias=True)
      )
    )
    (rq): ResidualVectorQuantizer(
      (vq_layers): ModuleList(
        (0-2): 3 x VectorQuantizer(
          (embedding): Embedding(8, 16)
        )
      )
    )
    (decoder): MLPLayers(
      (mlp_layers): Sequential(
        (0): Dropout(p=0, inplace=False)
        (1): Linear(in_features=16, out_features=32, bias=True)
        (2): Sigmoid()
        (3): Dropout(p=0, inplace=False)
        (4): Linear(in_features=32, out_features=64, bias=True)
        (5): Sigmoid()
        (6): Dropout(p=0, inplace=False)
        (7): Linear(in_features=64, out_features=256, bias=True)
      )
    )
    (W_gate): Linear(in_features=256, out_features=256, bias=True)
  )
)
Trainable parameters: 807264
Sun 30 Nov 2025 01:35:21 INFO  FLOPs: 0.0
Sun 30 Nov 2025 01:38:40 INFO  epoch 0 training [time: 198.22s, train loss: 1002.1051]
Sun 30 Nov 2025 01:41:58 INFO  epoch 1 training [time: 197.28s, train loss: 941.0390]
Sun 30 Nov 2025 01:42:07 INFO  epoch 1 evaluating [time: 9.36s, valid_score: 0.254900]
Sun 30 Nov 2025 01:42:07 INFO  valid result: 
recall@10 : 0.0975    pop_recall@10 : 0.1006    unpop_recall@10 : 0.0096    mrr@10 : 0.2549    pop_mrr@10 : 0.252    unpop_mrr@10 : 0.0057    ndcg@10 : 0.1243    pop_ndcg@10 : 0.1235    unpop_ndcg@10 : 0.0053    hit@10 : 0.5743    pop_hit@10 : 0.5689    unpop_hit@10 : 0.02    precision@10 : 0.0941    pop_precision@10 : 0.0919    unpop_precision@10 : 0.0022
Sun 30 Nov 2025 01:42:07 INFO  Saving current: saved/FairLightGCN-Nov-30-2025_01-35-21.pth
Sun 30 Nov 2025 01:45:24 INFO  epoch 2 training [time: 196.52s, train loss: 921.9642]
Sun 30 Nov 2025 01:48:41 INFO  epoch 3 training [time: 197.04s, train loss: 910.5339]
Sun 30 Nov 2025 01:48:50 INFO  epoch 3 evaluating [time: 9.34s, valid_score: 0.238300]
Sun 30 Nov 2025 01:48:50 INFO  valid result: 
recall@10 : 0.0911    pop_recall@10 : 0.0934    unpop_recall@10 : 0.0119    mrr@10 : 0.2383    pop_mrr@10 : 0.2338    unpop_mrr@10 : 0.0079    ndcg@10 : 0.116    pop_ndcg@10 : 0.1142    unpop_ndcg@10 : 0.007    hit@10 : 0.5407    pop_hit@10 : 0.5331    unpop_hit@10 : 0.026    precision@10 : 0.0885    pop_precision@10 : 0.0856    unpop_precision@10 : 0.0029
Sun 30 Nov 2025 01:52:07 INFO  epoch 4 training [time: 196.96s, train loss: 901.8118]
Sun 30 Nov 2025 01:55:24 INFO  epoch 5 training [time: 197.02s, train loss: 893.6060]
Sun 30 Nov 2025 01:55:33 INFO  epoch 5 evaluating [time: 9.36s, valid_score: 0.237800]
Sun 30 Nov 2025 01:55:33 INFO  valid result: 
recall@10 : 0.0899    pop_recall@10 : 0.0923    unpop_recall@10 : 0.0131    mrr@10 : 0.2378    pop_mrr@10 : 0.2326    unpop_mrr@10 : 0.0094    ndcg@10 : 0.1166    pop_ndcg@10 : 0.1143    unpop_ndcg@10 : 0.0078    hit@10 : 0.5469    pop_hit@10 : 0.5394    unpop_hit@10 : 0.0295    precision@10 : 0.0897    pop_precision@10 : 0.0863    unpop_precision@10 : 0.0034
Sun 30 Nov 2025 01:58:51 INFO  epoch 6 training [time: 197.33s, train loss: 883.6084]
Sun 30 Nov 2025 02:02:08 INFO  epoch 7 training [time: 197.65s, train loss: 868.0584]
Sun 30 Nov 2025 02:02:18 INFO  epoch 7 evaluating [time: 9.29s, valid_score: 0.246200]
Sun 30 Nov 2025 02:02:18 INFO  valid result: 
recall@10 : 0.0909    pop_recall@10 : 0.0945    unpop_recall@10 : 0.0093    mrr@10 : 0.2462    pop_mrr@10 : 0.2433    unpop_mrr@10 : 0.0062    ndcg@10 : 0.1224    pop_ndcg@10 : 0.1216    unpop_ndcg@10 : 0.0052    hit@10 : 0.5518    pop_hit@10 : 0.5464    unpop_hit@10 : 0.0215    precision@10 : 0.0946    pop_precision@10 : 0.0922    unpop_precision@10 : 0.0024
Sun 30 Nov 2025 02:05:35 INFO  epoch 8 training [time: 197.33s, train loss: 840.4306]
Sun 30 Nov 2025 02:08:52 INFO  epoch 9 training [time: 197.17s, train loss: 800.4562]
Sun 30 Nov 2025 02:09:02 INFO  epoch 9 evaluating [time: 9.40s, valid_score: 0.279400]
Sun 30 Nov 2025 02:09:02 INFO  valid result: 
recall@10 : 0.1025    pop_recall@10 : 0.1075    unpop_recall@10 : 0.0039    mrr@10 : 0.2794    pop_mrr@10 : 0.2785    unpop_mrr@10 : 0.0025    ndcg@10 : 0.1433    pop_ndcg@10 : 0.1443    unpop_ndcg@10 : 0.0022    hit@10 : 0.599    pop_hit@10 : 0.5978    unpop_hit@10 : 0.0091    precision@10 : 0.1123    pop_precision@10 : 0.1113    unpop_precision@10 : 0.001
Sun 30 Nov 2025 02:09:02 INFO  Saving current: saved/FairLightGCN-Nov-30-2025_01-35-21.pth
Sun 30 Nov 2025 02:12:19 INFO  epoch 10 training [time: 197.28s, train loss: 757.9351]
Sun 30 Nov 2025 02:15:36 INFO  epoch 11 training [time: 196.73s, train loss: 716.2511]
Sun 30 Nov 2025 02:15:45 INFO  epoch 11 evaluating [time: 9.36s, valid_score: 0.354500]
Sun 30 Nov 2025 02:15:45 INFO  valid result: 
recall@10 : 0.141    pop_recall@10 : 0.1476    unpop_recall@10 : 0.0026    mrr@10 : 0.3545    pop_mrr@10 : 0.3542    unpop_mrr@10 : 0.0011    ndcg@10 : 0.1928    pop_ndcg@10 : 0.1948    unpop_ndcg@10 : 0.0012    hit@10 : 0.7051    pop_hit@10 : 0.7041    unpop_hit@10 : 0.0048    precision@10 : 0.1502    pop_precision@10 : 0.1497    unpop_precision@10 : 0.0005
Sun 30 Nov 2025 02:15:45 INFO  Saving current: saved/FairLightGCN-Nov-30-2025_01-35-21.pth
Sun 30 Nov 2025 02:19:01 INFO  epoch 12 training [time: 196.37s, train loss: 689.3596]
Sun 30 Nov 2025 02:22:18 INFO  epoch 13 training [time: 196.92s, train loss: 670.9892]
Sun 30 Nov 2025 02:22:28 INFO  epoch 13 evaluating [time: 9.37s, valid_score: 0.370300]
Sun 30 Nov 2025 02:22:28 INFO  valid result: 
recall@10 : 0.1506    pop_recall@10 : 0.1578    unpop_recall@10 : 0.0023    mrr@10 : 0.3703    pop_mrr@10 : 0.3701    unpop_mrr@10 : 0.0011    ndcg@10 : 0.2034    pop_ndcg@10 : 0.2056    unpop_ndcg@10 : 0.0011    hit@10 : 0.7295    pop_hit@10 : 0.7286    unpop_hit@10 : 0.0045    precision@10 : 0.1579    pop_precision@10 : 0.1574    unpop_precision@10 : 0.0005
Sun 30 Nov 2025 02:22:28 INFO  Saving current: saved/FairLightGCN-Nov-30-2025_01-35-21.pth
Sun 30 Nov 2025 02:25:45 INFO  epoch 14 training [time: 196.81s, train loss: 657.4239]
Sun 30 Nov 2025 02:29:02 INFO  epoch 15 training [time: 197.23s, train loss: 645.9251]
Sun 30 Nov 2025 02:29:11 INFO  epoch 15 evaluating [time: 9.34s, valid_score: 0.374800]
Sun 30 Nov 2025 02:29:11 INFO  valid result: 
recall@10 : 0.1532    pop_recall@10 : 0.1605    unpop_recall@10 : 0.0023    mrr@10 : 0.3748    pop_mrr@10 : 0.3746    unpop_mrr@10 : 0.0011    ndcg@10 : 0.2064    pop_ndcg@10 : 0.2086    unpop_ndcg@10 : 0.0011    hit@10 : 0.7343    pop_hit@10 : 0.7338    unpop_hit@10 : 0.0046    precision@10 : 0.1597    pop_precision@10 : 0.1592    unpop_precision@10 : 0.0005
Sun 30 Nov 2025 02:29:11 INFO  Saving current: saved/FairLightGCN-Nov-30-2025_01-35-21.pth
Sun 30 Nov 2025 02:32:28 INFO  epoch 16 training [time: 196.66s, train loss: 636.9845]
Sun 30 Nov 2025 02:35:45 INFO  epoch 17 training [time: 197.16s, train loss: 629.1813]
Sun 30 Nov 2025 02:35:54 INFO  epoch 17 evaluating [time: 9.38s, valid_score: 0.379400]
Sun 30 Nov 2025 02:35:54 INFO  valid result: 
recall@10 : 0.156    pop_recall@10 : 0.1634    unpop_recall@10 : 0.0023    mrr@10 : 0.3794    pop_mrr@10 : 0.3792    unpop_mrr@10 : 0.0011    ndcg@10 : 0.2091    pop_ndcg@10 : 0.2113    unpop_ndcg@10 : 0.0011    hit@10 : 0.7391    pop_hit@10 : 0.7386    unpop_hit@10 : 0.0046    precision@10 : 0.1616    pop_precision@10 : 0.1611    unpop_precision@10 : 0.0005
Sun 30 Nov 2025 02:35:55 INFO  Saving current: saved/FairLightGCN-Nov-30-2025_01-35-21.pth
Sun 30 Nov 2025 02:39:11 INFO  epoch 18 training [time: 196.57s, train loss: 622.4165]
Sun 30 Nov 2025 02:42:28 INFO  epoch 19 training [time: 196.87s, train loss: 616.8302]
Sun 30 Nov 2025 02:42:37 INFO  epoch 19 evaluating [time: 9.34s, valid_score: 0.381800]
Sun 30 Nov 2025 02:42:37 INFO  valid result: 
recall@10 : 0.1589    pop_recall@10 : 0.1664    unpop_recall@10 : 0.0021    mrr@10 : 0.3818    pop_mrr@10 : 0.3816    unpop_mrr@10 : 0.001    ndcg@10 : 0.2112    pop_ndcg@10 : 0.2135    unpop_ndcg@10 : 0.0011    hit@10 : 0.7464    pop_hit@10 : 0.7459    unpop_hit@10 : 0.0045    precision@10 : 0.1632    pop_precision@10 : 0.1627    unpop_precision@10 : 0.0005
Sun 30 Nov 2025 02:42:37 INFO  Saving current: saved/FairLightGCN-Nov-30-2025_01-35-21.pth
Sun 30 Nov 2025 02:45:54 INFO  epoch 20 training [time: 196.86s, train loss: 611.4124]
Sun 30 Nov 2025 02:49:11 INFO  epoch 21 training [time: 196.87s, train loss: 606.2208]
Sun 30 Nov 2025 02:49:20 INFO  epoch 21 evaluating [time: 9.35s, valid_score: 0.381600]
Sun 30 Nov 2025 02:49:20 INFO  valid result: 
recall@10 : 0.159    pop_recall@10 : 0.1665    unpop_recall@10 : 0.0021    mrr@10 : 0.3816    pop_mrr@10 : 0.3814    unpop_mrr@10 : 0.001    ndcg@10 : 0.2113    pop_ndcg@10 : 0.2136    unpop_ndcg@10 : 0.0011    hit@10 : 0.7465    pop_hit@10 : 0.746    unpop_hit@10 : 0.0043    precision@10 : 0.1631    pop_precision@10 : 0.1626    unpop_precision@10 : 0.0005
Sun 30 Nov 2025 02:52:37 INFO  epoch 22 training [time: 196.57s, train loss: 602.4239]
Sun 30 Nov 2025 02:55:54 INFO  epoch 23 training [time: 196.71s, train loss: 598.4552]
Sun 30 Nov 2025 02:56:02 INFO  epoch 23 evaluating [time: 7.99s, valid_score: 0.383600]
Sun 30 Nov 2025 02:56:02 INFO  valid result: 
recall@10 : 0.1594    pop_recall@10 : 0.167    unpop_recall@10 : 0.0021    mrr@10 : 0.3836    pop_mrr@10 : 0.3833    unpop_mrr@10 : 0.001    ndcg@10 : 0.2122    pop_ndcg@10 : 0.2145    unpop_ndcg@10 : 0.0011    hit@10 : 0.744    pop_hit@10 : 0.7434    unpop_hit@10 : 0.0041    precision@10 : 0.1633    pop_precision@10 : 0.1628    unpop_precision@10 : 0.0005
Sun 30 Nov 2025 02:56:02 INFO  Saving current: saved/FairLightGCN-Nov-30-2025_01-35-21.pth
Sun 30 Nov 2025 02:57:03 INFO  epoch 24 training [time: 60.75s, train loss: 594.3655]
Sun 30 Nov 2025 02:58:03 INFO  epoch 25 training [time: 60.25s, train loss: 590.8439]
Sun 30 Nov 2025 02:58:04 INFO  epoch 25 evaluating [time: 0.90s, valid_score: 0.383400]
Sun 30 Nov 2025 02:58:04 INFO  valid result: 
recall@10 : 0.1601    pop_recall@10 : 0.1676    unpop_recall@10 : 0.0022    mrr@10 : 0.3834    pop_mrr@10 : 0.3832    unpop_mrr@10 : 0.0011    ndcg@10 : 0.2125    pop_ndcg@10 : 0.2148    unpop_ndcg@10 : 0.0011    hit@10 : 0.7447    pop_hit@10 : 0.744    unpop_hit@10 : 0.0045    precision@10 : 0.1637    pop_precision@10 : 0.1632    unpop_precision@10 : 0.0005
Sun 30 Nov 2025 02:59:04 INFO  epoch 26 training [time: 60.78s, train loss: 588.4338]
Sun 30 Nov 2025 03:00:05 INFO  epoch 27 training [time: 60.50s, train loss: 584.6173]
Sun 30 Nov 2025 03:00:06 INFO  epoch 27 evaluating [time: 0.91s, valid_score: 0.386800]
Sun 30 Nov 2025 03:00:06 INFO  valid result: 
recall@10 : 0.1617    pop_recall@10 : 0.1694    unpop_recall@10 : 0.002    mrr@10 : 0.3868    pop_mrr@10 : 0.3863    unpop_mrr@10 : 0.0012    ndcg@10 : 0.2141    pop_ndcg@10 : 0.2163    unpop_ndcg@10 : 0.0011    hit@10 : 0.7498    pop_hit@10 : 0.749    unpop_hit@10 : 0.0043    precision@10 : 0.1646    pop_precision@10 : 0.1641    unpop_precision@10 : 0.0005
Sun 30 Nov 2025 03:00:06 INFO  Saving current: saved/FairLightGCN-Nov-30-2025_01-35-21.pth
Sun 30 Nov 2025 03:01:07 INFO  epoch 28 training [time: 60.97s, train loss: 582.6002]
Sun 30 Nov 2025 03:02:08 INFO  epoch 29 training [time: 60.88s, train loss: 579.9511]
Sun 30 Nov 2025 03:02:09 INFO  epoch 29 evaluating [time: 0.97s, valid_score: 0.385900]
Sun 30 Nov 2025 03:02:09 INFO  valid result: 
recall@10 : 0.1615    pop_recall@10 : 0.1691    unpop_recall@10 : 0.0023    mrr@10 : 0.3859    pop_mrr@10 : 0.3855    unpop_mrr@10 : 0.0013    ndcg@10 : 0.2139    pop_ndcg@10 : 0.2161    unpop_ndcg@10 : 0.0012    hit@10 : 0.7498    pop_hit@10 : 0.7488    unpop_hit@10 : 0.005    precision@10 : 0.1646    pop_precision@10 : 0.164    unpop_precision@10 : 0.0005
Sun 30 Nov 2025 03:03:10 INFO  epoch 30 training [time: 61.35s, train loss: 577.0855]
Sun 30 Nov 2025 03:04:11 INFO  epoch 31 training [time: 60.75s, train loss: 574.7979]
Sun 30 Nov 2025 03:04:12 INFO  epoch 31 evaluating [time: 0.90s, valid_score: 0.387200]
Sun 30 Nov 2025 03:04:12 INFO  valid result: 
recall@10 : 0.1624    pop_recall@10 : 0.1699    unpop_recall@10 : 0.0024    mrr@10 : 0.3872    pop_mrr@10 : 0.3867    unpop_mrr@10 : 0.0013    ndcg@10 : 0.2147    pop_ndcg@10 : 0.2168    unpop_ndcg@10 : 0.0013    hit@10 : 0.7526    pop_hit@10 : 0.7515    unpop_hit@10 : 0.0048    precision@10 : 0.1649    pop_precision@10 : 0.1644    unpop_precision@10 : 0.0005
Sun 30 Nov 2025 03:04:12 INFO  Saving current: saved/FairLightGCN-Nov-30-2025_01-35-21.pth
Sun 30 Nov 2025 03:05:13 INFO  epoch 32 training [time: 60.81s, train loss: 573.7486]
Sun 30 Nov 2025 03:06:14 INFO  epoch 33 training [time: 61.08s, train loss: 570.6847]
Sun 30 Nov 2025 03:06:15 INFO  epoch 33 evaluating [time: 0.93s, valid_score: 0.387200]
Sun 30 Nov 2025 03:06:15 INFO  valid result: 
recall@10 : 0.1627    pop_recall@10 : 0.1701    unpop_recall@10 : 0.0024    mrr@10 : 0.3872    pop_mrr@10 : 0.3867    unpop_mrr@10 : 0.0013    ndcg@10 : 0.2149    pop_ndcg@10 : 0.217    unpop_ndcg@10 : 0.0013    hit@10 : 0.7531    pop_hit@10 : 0.752    unpop_hit@10 : 0.0048    precision@10 : 0.1651    pop_precision@10 : 0.1646    unpop_precision@10 : 0.0005
Sun 30 Nov 2025 03:06:15 INFO  Saving current: saved/FairLightGCN-Nov-30-2025_01-35-21.pth
Sun 30 Nov 2025 03:07:17 INFO  epoch 34 training [time: 61.87s, train loss: 569.2477]
Sun 30 Nov 2025 03:08:18 INFO  epoch 35 training [time: 61.36s, train loss: 567.3165]
Sun 30 Nov 2025 03:08:19 INFO  epoch 35 evaluating [time: 0.91s, valid_score: 0.387000]
Sun 30 Nov 2025 03:08:19 INFO  valid result: 
recall@10 : 0.1629    pop_recall@10 : 0.1705    unpop_recall@10 : 0.0025    mrr@10 : 0.387    pop_mrr@10 : 0.3865    unpop_mrr@10 : 0.0014    ndcg@10 : 0.2147    pop_ndcg@10 : 0.2169    unpop_ndcg@10 : 0.0013    hit@10 : 0.753    pop_hit@10 : 0.7518    unpop_hit@10 : 0.005    precision@10 : 0.1646    pop_precision@10 : 0.164    unpop_precision@10 : 0.0006
Sun 30 Nov 2025 03:09:20 INFO  epoch 36 training [time: 60.73s, train loss: 565.0611]
Sun 30 Nov 2025 03:10:20 INFO  epoch 37 training [time: 60.67s, train loss: 563.3388]
Sun 30 Nov 2025 03:10:21 INFO  epoch 37 evaluating [time: 0.90s, valid_score: 0.386700]
Sun 30 Nov 2025 03:10:21 INFO  valid result: 
recall@10 : 0.1633    pop_recall@10 : 0.1709    unpop_recall@10 : 0.0025    mrr@10 : 0.3867    pop_mrr@10 : 0.3862    unpop_mrr@10 : 0.0014    ndcg@10 : 0.2151    pop_ndcg@10 : 0.2172    unpop_ndcg@10 : 0.0013    hit@10 : 0.7536    pop_hit@10 : 0.7525    unpop_hit@10 : 0.0051    precision@10 : 0.165    pop_precision@10 : 0.1644    unpop_precision@10 : 0.0006
Sun 30 Nov 2025 03:11:22 INFO  epoch 38 training [time: 61.09s, train loss: 562.6879]
Sun 30 Nov 2025 03:12:23 INFO  epoch 39 training [time: 60.68s, train loss: 560.3239]
Sun 30 Nov 2025 03:12:24 INFO  epoch 39 evaluating [time: 0.89s, valid_score: 0.387400]
Sun 30 Nov 2025 03:12:24 INFO  valid result: 
recall@10 : 0.1634    pop_recall@10 : 0.171    unpop_recall@10 : 0.0025    mrr@10 : 0.3874    pop_mrr@10 : 0.3869    unpop_mrr@10 : 0.0014    ndcg@10 : 0.2152    pop_ndcg@10 : 0.2174    unpop_ndcg@10 : 0.0013    hit@10 : 0.7545    pop_hit@10 : 0.7533    unpop_hit@10 : 0.0051    precision@10 : 0.165    pop_precision@10 : 0.1644    unpop_precision@10 : 0.0006
Sun 30 Nov 2025 03:12:24 INFO  Saving current: saved/FairLightGCN-Nov-30-2025_01-35-21.pth
Sun 30 Nov 2025 03:13:25 INFO  epoch 40 training [time: 61.32s, train loss: 559.0955]
Sun 30 Nov 2025 03:14:26 INFO  epoch 41 training [time: 60.95s, train loss: 557.2927]
Sun 30 Nov 2025 03:14:27 INFO  epoch 41 evaluating [time: 0.85s, valid_score: 0.388400]
Sun 30 Nov 2025 03:14:27 INFO  valid result: 
recall@10 : 0.1636    pop_recall@10 : 0.171    unpop_recall@10 : 0.0026    mrr@10 : 0.3884    pop_mrr@10 : 0.3879    unpop_mrr@10 : 0.0014    ndcg@10 : 0.2159    pop_ndcg@10 : 0.218    unpop_ndcg@10 : 0.0014    hit@10 : 0.755    pop_hit@10 : 0.7538    unpop_hit@10 : 0.0053    precision@10 : 0.1655    pop_precision@10 : 0.1649    unpop_precision@10 : 0.0006
Sun 30 Nov 2025 03:14:27 INFO  Saving current: saved/FairLightGCN-Nov-30-2025_01-35-21.pth
Sun 30 Nov 2025 03:15:27 INFO  epoch 42 training [time: 60.40s, train loss: 555.9985]
Sun 30 Nov 2025 03:16:28 INFO  epoch 43 training [time: 61.04s, train loss: 554.4959]
Sun 30 Nov 2025 03:16:29 INFO  epoch 43 evaluating [time: 0.91s, valid_score: 0.388100]
Sun 30 Nov 2025 03:16:29 INFO  valid result: 
recall@10 : 0.1638    pop_recall@10 : 0.171    unpop_recall@10 : 0.0027    mrr@10 : 0.3881    pop_mrr@10 : 0.3876    unpop_mrr@10 : 0.0015    ndcg@10 : 0.2154    pop_ndcg@10 : 0.2174    unpop_ndcg@10 : 0.0014    hit@10 : 0.7561    pop_hit@10 : 0.7548    unpop_hit@10 : 0.0058    precision@10 : 0.1651    pop_precision@10 : 0.1644    unpop_precision@10 : 0.0006
Sun 30 Nov 2025 03:17:30 INFO  epoch 44 training [time: 60.66s, train loss: 553.3267]
Sun 30 Nov 2025 03:18:31 INFO  epoch 45 training [time: 60.71s, train loss: 551.8996]
Sun 30 Nov 2025 03:18:32 INFO  epoch 45 evaluating [time: 0.95s, valid_score: 0.389800]
Sun 30 Nov 2025 03:18:32 INFO  valid result: 
recall@10 : 0.1638    pop_recall@10 : 0.1711    unpop_recall@10 : 0.0026    mrr@10 : 0.3898    pop_mrr@10 : 0.3893    unpop_mrr@10 : 0.0015    ndcg@10 : 0.2158    pop_ndcg@10 : 0.2179    unpop_ndcg@10 : 0.0014    hit@10 : 0.7561    pop_hit@10 : 0.755    unpop_hit@10 : 0.0058    precision@10 : 0.165    pop_precision@10 : 0.1644    unpop_precision@10 : 0.0006
Sun 30 Nov 2025 03:18:32 INFO  Saving current: saved/FairLightGCN-Nov-30-2025_01-35-21.pth
Sun 30 Nov 2025 03:19:33 INFO  epoch 46 training [time: 61.40s, train loss: 550.7928]
Sun 30 Nov 2025 03:20:34 INFO  epoch 47 training [time: 61.32s, train loss: 549.7948]
Sun 30 Nov 2025 03:20:35 INFO  epoch 47 evaluating [time: 0.89s, valid_score: 0.388700]
Sun 30 Nov 2025 03:20:35 INFO  valid result: 
recall@10 : 0.164    pop_recall@10 : 0.1712    unpop_recall@10 : 0.0028    mrr@10 : 0.3887    pop_mrr@10 : 0.3882    unpop_mrr@10 : 0.0015    ndcg@10 : 0.2158    pop_ndcg@10 : 0.2178    unpop_ndcg@10 : 0.0014    hit@10 : 0.7578    pop_hit@10 : 0.7565    unpop_hit@10 : 0.0058    precision@10 : 0.1653    pop_precision@10 : 0.1646    unpop_precision@10 : 0.0006
Sun 30 Nov 2025 03:21:36 INFO  epoch 48 training [time: 60.37s, train loss: 548.8502]
Sun 30 Nov 2025 03:22:37 INFO  epoch 49 training [time: 61.20s, train loss: 547.1706]
Sun 30 Nov 2025 03:22:38 INFO  epoch 49 evaluating [time: 0.85s, valid_score: 0.389300]
Sun 30 Nov 2025 03:22:38 INFO  valid result: 
recall@10 : 0.164    pop_recall@10 : 0.1712    unpop_recall@10 : 0.0029    mrr@10 : 0.3893    pop_mrr@10 : 0.3888    unpop_mrr@10 : 0.0015    ndcg@10 : 0.2155    pop_ndcg@10 : 0.2175    unpop_ndcg@10 : 0.0015    hit@10 : 0.7581    pop_hit@10 : 0.7568    unpop_hit@10 : 0.006    precision@10 : 0.1649    pop_precision@10 : 0.1642    unpop_precision@10 : 0.0007
Sun 30 Nov 2025 03:23:39 INFO  epoch 50 training [time: 61.00s, train loss: 545.7293]
Sun 30 Nov 2025 03:24:39 INFO  epoch 51 training [time: 60.32s, train loss: 545.6149]
Sun 30 Nov 2025 03:24:40 INFO  epoch 51 evaluating [time: 0.90s, valid_score: 0.389000]
Sun 30 Nov 2025 03:24:40 INFO  valid result: 
recall@10 : 0.1643    pop_recall@10 : 0.1714    unpop_recall@10 : 0.0029    mrr@10 : 0.389    pop_mrr@10 : 0.3884    unpop_mrr@10 : 0.0016    ndcg@10 : 0.2154    pop_ndcg@10 : 0.2173    unpop_ndcg@10 : 0.0016    hit@10 : 0.7581    pop_hit@10 : 0.7566    unpop_hit@10 : 0.0063    precision@10 : 0.1646    pop_precision@10 : 0.1639    unpop_precision@10 : 0.0007
Sun 30 Nov 2025 03:25:41 INFO  epoch 52 training [time: 60.65s, train loss: 544.1550]
Sun 30 Nov 2025 03:26:41 INFO  epoch 53 training [time: 60.61s, train loss: 543.1846]
Sun 30 Nov 2025 03:26:42 INFO  epoch 53 evaluating [time: 0.92s, valid_score: 0.388900]
Sun 30 Nov 2025 03:26:42 INFO  valid result: 
recall@10 : 0.1644    pop_recall@10 : 0.1715    unpop_recall@10 : 0.003    mrr@10 : 0.3889    pop_mrr@10 : 0.3883    unpop_mrr@10 : 0.0016    ndcg@10 : 0.2154    pop_ndcg@10 : 0.2173    unpop_ndcg@10 : 0.0016    hit@10 : 0.7588    pop_hit@10 : 0.7573    unpop_hit@10 : 0.0063    precision@10 : 0.1646    pop_precision@10 : 0.1639    unpop_precision@10 : 0.0007
Sun 30 Nov 2025 03:27:43 INFO  epoch 54 training [time: 60.55s, train loss: 542.4742]
Sun 30 Nov 2025 03:28:43 INFO  epoch 55 training [time: 60.54s, train loss: 541.8522]
Sun 30 Nov 2025 03:28:44 INFO  epoch 55 evaluating [time: 0.87s, valid_score: 0.389700]
Sun 30 Nov 2025 03:28:44 INFO  valid result: 
recall@10 : 0.1643    pop_recall@10 : 0.1713    unpop_recall@10 : 0.003    mrr@10 : 0.3897    pop_mrr@10 : 0.3891    unpop_mrr@10 : 0.0017    ndcg@10 : 0.2155    pop_ndcg@10 : 0.2174    unpop_ndcg@10 : 0.0016    hit@10 : 0.7579    pop_hit@10 : 0.7565    unpop_hit@10 : 0.0063    precision@10 : 0.1644    pop_precision@10 : 0.1637    unpop_precision@10 : 0.0007
Sun 30 Nov 2025 03:29:45 INFO  epoch 56 training [time: 60.92s, train loss: 540.6092]
Sun 30 Nov 2025 03:30:46 INFO  epoch 57 training [time: 60.72s, train loss: 539.4814]
Sun 30 Nov 2025 03:30:47 INFO  epoch 57 evaluating [time: 0.87s, valid_score: 0.390400]
Sun 30 Nov 2025 03:30:47 INFO  valid result: 
recall@10 : 0.1643    pop_recall@10 : 0.1714    unpop_recall@10 : 0.0029    mrr@10 : 0.3904    pop_mrr@10 : 0.39    unpop_mrr@10 : 0.0015    ndcg@10 : 0.2158    pop_ndcg@10 : 0.2177    unpop_ndcg@10 : 0.0015    hit@10 : 0.7584    pop_hit@10 : 0.7571    unpop_hit@10 : 0.0061    precision@10 : 0.1648    pop_precision@10 : 0.1641    unpop_precision@10 : 0.0007
Sun 30 Nov 2025 03:30:47 INFO  Saving current: saved/FairLightGCN-Nov-30-2025_01-35-21.pth
Sun 30 Nov 2025 03:31:47 INFO  epoch 58 training [time: 60.65s, train loss: 538.4057]
Sun 30 Nov 2025 03:32:49 INFO  epoch 59 training [time: 61.11s, train loss: 537.8554]
Sun 30 Nov 2025 03:32:50 INFO  epoch 59 evaluating [time: 0.98s, valid_score: 0.390900]
Sun 30 Nov 2025 03:32:50 INFO  valid result: 
recall@10 : 0.1644    pop_recall@10 : 0.1714    unpop_recall@10 : 0.003    mrr@10 : 0.3909    pop_mrr@10 : 0.3903    unpop_mrr@10 : 0.0017    ndcg@10 : 0.2158    pop_ndcg@10 : 0.2177    unpop_ndcg@10 : 0.0016    hit@10 : 0.7576    pop_hit@10 : 0.7561    unpop_hit@10 : 0.0063    precision@10 : 0.1647    pop_precision@10 : 0.164    unpop_precision@10 : 0.0007
Sun 30 Nov 2025 03:32:50 INFO  Saving current: saved/FairLightGCN-Nov-30-2025_01-35-21.pth
Sun 30 Nov 2025 03:33:51 INFO  epoch 60 training [time: 61.23s, train loss: 537.1667]
Sun 30 Nov 2025 03:34:52 INFO  epoch 61 training [time: 61.18s, train loss: 536.4349]
Sun 30 Nov 2025 03:34:53 INFO  epoch 61 evaluating [time: 0.96s, valid_score: 0.390400]
Sun 30 Nov 2025 03:34:53 INFO  valid result: 
recall@10 : 0.1643    pop_recall@10 : 0.1714    unpop_recall@10 : 0.0029    mrr@10 : 0.3904    pop_mrr@10 : 0.3899    unpop_mrr@10 : 0.0016    ndcg@10 : 0.2155    pop_ndcg@10 : 0.2174    unpop_ndcg@10 : 0.0015    hit@10 : 0.7575    pop_hit@10 : 0.7561    unpop_hit@10 : 0.0063    precision@10 : 0.1644    pop_precision@10 : 0.1637    unpop_precision@10 : 0.0007
Sun 30 Nov 2025 03:35:54 INFO  epoch 62 training [time: 60.84s, train loss: 535.2667]
Sun 30 Nov 2025 03:36:55 INFO  epoch 63 training [time: 60.84s, train loss: 534.3351]
Sun 30 Nov 2025 03:36:56 INFO  epoch 63 evaluating [time: 0.92s, valid_score: 0.390000]
Sun 30 Nov 2025 03:36:56 INFO  valid result: 
recall@10 : 0.165    pop_recall@10 : 0.1721    unpop_recall@10 : 0.0029    mrr@10 : 0.39    pop_mrr@10 : 0.3893    unpop_mrr@10 : 0.0017    ndcg@10 : 0.2157    pop_ndcg@10 : 0.2176    unpop_ndcg@10 : 0.0016    hit@10 : 0.7594    pop_hit@10 : 0.7579    unpop_hit@10 : 0.0061    precision@10 : 0.1646    pop_precision@10 : 0.1639    unpop_precision@10 : 0.0007
Sun 30 Nov 2025 03:37:56 INFO  epoch 64 training [time: 60.69s, train loss: 534.0670]
Sun 30 Nov 2025 03:38:57 INFO  epoch 65 training [time: 61.07s, train loss: 533.0551]
Sun 30 Nov 2025 03:38:58 INFO  epoch 65 evaluating [time: 0.98s, valid_score: 0.390400]
Sun 30 Nov 2025 03:38:58 INFO  valid result: 
recall@10 : 0.1643    pop_recall@10 : 0.1712    unpop_recall@10 : 0.003    mrr@10 : 0.3904    pop_mrr@10 : 0.3899    unpop_mrr@10 : 0.0016    ndcg@10 : 0.2153    pop_ndcg@10 : 0.2171    unpop_ndcg@10 : 0.0015    hit@10 : 0.7589    pop_hit@10 : 0.7575    unpop_hit@10 : 0.0065    precision@10 : 0.1641    pop_precision@10 : 0.1634    unpop_precision@10 : 0.0007
Sun 30 Nov 2025 03:39:59 INFO  epoch 66 training [time: 61.05s, train loss: 532.6448]
Sun 30 Nov 2025 03:41:00 INFO  epoch 67 training [time: 60.75s, train loss: 531.3426]
Sun 30 Nov 2025 03:41:01 INFO  epoch 67 evaluating [time: 0.88s, valid_score: 0.390200]
Sun 30 Nov 2025 03:41:01 INFO  valid result: 
recall@10 : 0.1639    pop_recall@10 : 0.1708    unpop_recall@10 : 0.0029    mrr@10 : 0.3902    pop_mrr@10 : 0.3896    unpop_mrr@10 : 0.0017    ndcg@10 : 0.2149    pop_ndcg@10 : 0.2168    unpop_ndcg@10 : 0.0016    hit@10 : 0.7581    pop_hit@10 : 0.7566    unpop_hit@10 : 0.0063    precision@10 : 0.1636    pop_precision@10 : 0.1629    unpop_precision@10 : 0.0007
Sun 30 Nov 2025 03:42:01 INFO  epoch 68 training [time: 60.48s, train loss: 530.9375]
Sun 30 Nov 2025 03:43:01 INFO  epoch 69 training [time: 59.46s, train loss: 530.0007]
Sun 30 Nov 2025 03:43:02 INFO  epoch 69 evaluating [time: 0.92s, valid_score: 0.390100]
Sun 30 Nov 2025 03:43:02 INFO  valid result: 
recall@10 : 0.1637    pop_recall@10 : 0.1707    unpop_recall@10 : 0.0029    mrr@10 : 0.3901    pop_mrr@10 : 0.3895    unpop_mrr@10 : 0.0016    ndcg@10 : 0.2151    pop_ndcg@10 : 0.2169    unpop_ndcg@10 : 0.0015    hit@10 : 0.7575    pop_hit@10 : 0.756    unpop_hit@10 : 0.0061    precision@10 : 0.1638    pop_precision@10 : 0.1631    unpop_precision@10 : 0.0007
Sun 30 Nov 2025 03:44:02 INFO  epoch 70 training [time: 59.95s, train loss: 529.8068]
Sun 30 Nov 2025 03:45:02 INFO  epoch 71 training [time: 60.63s, train loss: 529.6208]
Sun 30 Nov 2025 03:45:03 INFO  epoch 71 evaluating [time: 0.87s, valid_score: 0.389700]
Sun 30 Nov 2025 03:45:03 INFO  valid result: 
recall@10 : 0.1638    pop_recall@10 : 0.1708    unpop_recall@10 : 0.0028    mrr@10 : 0.3897    pop_mrr@10 : 0.3892    unpop_mrr@10 : 0.0016    ndcg@10 : 0.2149    pop_ndcg@10 : 0.2168    unpop_ndcg@10 : 0.0015    hit@10 : 0.7571    pop_hit@10 : 0.7558    unpop_hit@10 : 0.0063    precision@10 : 0.1638    pop_precision@10 : 0.163    unpop_precision@10 : 0.0007
Sun 30 Nov 2025 03:46:04 INFO  epoch 72 training [time: 61.07s, train loss: 528.3126]
Sun 30 Nov 2025 03:47:05 INFO  epoch 73 training [time: 60.50s, train loss: 528.2857]
Sun 30 Nov 2025 03:47:06 INFO  epoch 73 evaluating [time: 0.88s, valid_score: 0.389400]
Sun 30 Nov 2025 03:47:06 INFO  valid result: 
recall@10 : 0.1635    pop_recall@10 : 0.1705    unpop_recall@10 : 0.0028    mrr@10 : 0.3894    pop_mrr@10 : 0.3888    unpop_mrr@10 : 0.0017    ndcg@10 : 0.2146    pop_ndcg@10 : 0.2165    unpop_ndcg@10 : 0.0015    hit@10 : 0.757    pop_hit@10 : 0.7556    unpop_hit@10 : 0.0061    precision@10 : 0.1636    pop_precision@10 : 0.1629    unpop_precision@10 : 0.0007
Sun 30 Nov 2025 03:48:05 INFO  epoch 74 training [time: 59.72s, train loss: 527.1736]
Sun 30 Nov 2025 03:49:05 INFO  epoch 75 training [time: 60.03s, train loss: 526.6396]
Sun 30 Nov 2025 03:49:06 INFO  epoch 75 evaluating [time: 0.86s, valid_score: 0.390200]
Sun 30 Nov 2025 03:49:06 INFO  valid result: 
recall@10 : 0.1632    pop_recall@10 : 0.1701    unpop_recall@10 : 0.0027    mrr@10 : 0.3902    pop_mrr@10 : 0.3895    unpop_mrr@10 : 0.0018    ndcg@10 : 0.2144    pop_ndcg@10 : 0.2163    unpop_ndcg@10 : 0.0015    hit@10 : 0.7561    pop_hit@10 : 0.755    unpop_hit@10 : 0.0061    precision@10 : 0.1631    pop_precision@10 : 0.1624    unpop_precision@10 : 0.0007
Sun 30 Nov 2025 03:50:06 INFO  epoch 76 training [time: 60.10s, train loss: 525.7038]
Sun 30 Nov 2025 03:51:07 INFO  epoch 77 training [time: 60.80s, train loss: 525.3493]
Sun 30 Nov 2025 03:51:08 INFO  epoch 77 evaluating [time: 0.89s, valid_score: 0.388500]
Sun 30 Nov 2025 03:51:08 INFO  valid result: 
recall@10 : 0.1633    pop_recall@10 : 0.1702    unpop_recall@10 : 0.0029    mrr@10 : 0.3885    pop_mrr@10 : 0.3878    unpop_mrr@10 : 0.0018    ndcg@10 : 0.214    pop_ndcg@10 : 0.2158    unpop_ndcg@10 : 0.0016    hit@10 : 0.7556    pop_hit@10 : 0.7543    unpop_hit@10 : 0.0065    precision@10 : 0.163    pop_precision@10 : 0.1623    unpop_precision@10 : 0.0007
Sun 30 Nov 2025 03:52:08 INFO  epoch 78 training [time: 59.79s, train loss: 525.0774]
Sun 30 Nov 2025 03:53:08 INFO  epoch 79 training [time: 60.11s, train loss: 524.7620]
Sun 30 Nov 2025 03:53:09 INFO  epoch 79 evaluating [time: 0.87s, valid_score: 0.388700]
Sun 30 Nov 2025 03:53:09 INFO  valid result: 
recall@10 : 0.163    pop_recall@10 : 0.1699    unpop_recall@10 : 0.003    mrr@10 : 0.3887    pop_mrr@10 : 0.388    unpop_mrr@10 : 0.0018    ndcg@10 : 0.214    pop_ndcg@10 : 0.2158    unpop_ndcg@10 : 0.0016    hit@10 : 0.7541    pop_hit@10 : 0.7528    unpop_hit@10 : 0.0066    precision@10 : 0.163    pop_precision@10 : 0.1623    unpop_precision@10 : 0.0007
Sun 30 Nov 2025 03:54:09 INFO  epoch 80 training [time: 60.17s, train loss: 523.8765]
Sun 30 Nov 2025 03:55:09 INFO  epoch 81 training [time: 59.93s, train loss: 523.8222]
Sun 30 Nov 2025 03:55:10 INFO  epoch 81 evaluating [time: 0.86s, valid_score: 0.389900]
Sun 30 Nov 2025 03:55:10 INFO  valid result: 
recall@10 : 0.163    pop_recall@10 : 0.1699    unpop_recall@10 : 0.003    mrr@10 : 0.3899    pop_mrr@10 : 0.3892    unpop_mrr@10 : 0.0018    ndcg@10 : 0.2143    pop_ndcg@10 : 0.2161    unpop_ndcg@10 : 0.0016    hit@10 : 0.755    pop_hit@10 : 0.7536    unpop_hit@10 : 0.0066    precision@10 : 0.1629    pop_precision@10 : 0.1621    unpop_precision@10 : 0.0007
Sun 30 Nov 2025 03:55:10 INFO  Finished training, best eval result in epoch 59
Sun 30 Nov 2025 03:55:10 INFO  Loading model structure and parameters from saved/FairLightGCN-Nov-30-2025_01-35-21.pth
Sun 30 Nov 2025 03:55:11 INFO  count    1664.000000
mean       36.298077
std        50.835297
min         1.000000
25%         3.000000
50%        14.000000
75%        50.000000
max       408.000000
dtype: float64
Sun 30 Nov 2025 03:55:12 INFO  The running environment of this training is as follows:
+-------------+-----------------+
| Environment |      Usage      |
+=============+=================+
| CPU         |     14.30 %     |
+-------------+-----------------+
| GPU         | 0.30 G/44.34 G  |
+-------------+-----------------+
| Memory      | 2.00 G/251.51 G |
+-------------+-----------------+
Sun 30 Nov 2025 03:55:12 INFO  best valid : OrderedDict([('recall@10', 0.1644), ('pop_recall@10', 0.1714), ('unpop_recall@10', 0.003), ('mrr@10', 0.3909), ('pop_mrr@10', 0.3903), ('unpop_mrr@10', 0.0017), ('ndcg@10', 0.2158), ('pop_ndcg@10', 0.2177), ('unpop_ndcg@10', 0.0016), ('hit@10', 0.7576), ('pop_hit@10', 0.7561), ('unpop_hit@10', 0.0063), ('precision@10', 0.1647), ('pop_precision@10', 0.164), ('unpop_precision@10', 0.0007)])
Sun 30 Nov 2025 03:55:12 INFO  test result: OrderedDict([('recall@10', 0.18467350993377482), ('pop_recall@10', 0.1935461589403973), ('unpop_recall@10', 0.002295480132450331), ('mrr@10', 0.4645953476821192), ('pop_mrr@10', 0.4644008278145695), ('unpop_mrr@10', 0.0011871523178807947), ('ndcg@10', 0.2679941556291391), ('pop_ndcg@10', 0.2705890397350994), ('unpop_ndcg@10', 0.0011386754966887416), ('hit@10', 0.7837748344370861), ('pop_hit@10', 0.7836092715231788), ('unpop_hit@10', 0.005960264900662252), ('precision@10', 0.2039403973509934), ('pop_precision@10', 0.20329470198675498), ('unpop_precision@10', 0.0006456953642384105)])
