Sun 30 Nov 2025 11:43:42 INFO  ['run_recbole.py', '--model', 'FairLightGCN', '--dataset', 'ml-1m', '--gpu_ids', '3']
Sun 30 Nov 2025 11:43:42 INFO  
General Hyper Parameters:
gpu_id = 0
use_gpu = True
seed = 2020
state = INFO
reproducibility = True
data_path = dataset/ml-1m
checkpoint_dir = saved
show_progress = True
save_dataset = False
dataset_save_path = None
save_dataloaders = False
dataloaders_save_path = None
log_wandb = False

Training Hyper Parameters:
epochs = 100
train_batch_size = 1024
learner = adam
learning_rate = 0.001
train_neg_sample_args = {'distribution': 'uniform', 'sample_num': 1, 'alpha': 1.0, 'dynamic': False, 'candidate_num': 0}
eval_step = 2
stopping_step = 10
clip_grad_norm = None
weight_decay = 0.0
loss_decimal_place = 4

Evaluation Hyper Parameters:
eval_args = {'split': {'RS': [0.8, 0.1, 0.1]}, 'order': 'RO', 'group_by': 'user', 'mode': {'valid': 'full', 'test': 'full'}}
repeatable = False
metrics = ['Recall', 'MRR', 'NDCG', 'Hit', 'Precision']
topk = [10]
valid_metric = MRR@10
valid_metric_bigger = True
eval_batch_size = 102400
metric_decimal_place = 4

Dataset Hyper Parameters:
train_batch_size = 1024
eval_batch_size = 102400
field_separator = 	
seq_separator =  
USER_ID_FIELD = user_id
ITEM_ID_FIELD = item_id
RATING_FIELD = rating
TIME_FIELD = timestamp
seq_len = None
LABEL_FIELD = label
threshold = None
NEG_PREFIX = neg_
load_col = {'inter': ['user_id', 'item_id', 'rating', 'timestamp'], 'user': ['user_id', 'age', 'gender', 'occupation'], 'item': ['item_id', 'release_year', 'genre']}
unload_col = None
unused_col = None
additional_feat_suffix = None
rm_dup_inter = None
val_interval = None
filter_inter_by_user_or_item = True
user_inter_num_interval = None
item_inter_num_interval = None
alias_of_user_id = None
alias_of_item_id = None
alias_of_entity_id = None
alias_of_relation_id = None
preload_weight = None
normalize_field = None
normalize_all = True
ITEM_LIST_LENGTH_FIELD = item_length
LIST_SUFFIX = _list
MAX_ITEM_LIST_LENGTH = 50
POSITION_FIELD = position_id
HEAD_ENTITY_ID_FIELD = head_id
TAIL_ENTITY_ID_FIELD = tail_id
RELATION_ID_FIELD = relation_id
ENTITY_ID_FIELD = entity_id
kg_reverse_r = False
entity_kg_num_interval = None
relation_kg_num_interval = None
benchmark_filename = None
save_single_user = True
save_base_path = output
attr = {'user': {'need_inter_num': True, 'need_inter_hour': True, 'need_rating': True, 'need_item_genre': True, 'need_item_year': True, 'need_zipcode_to_region': True}, 'item': {'need_inter_num': True, 'need_inter_hour': True, 'need_rating': True, 'need_age': True, 'need_gender': True, 'need_occupation': True, 'need_region': True}, 'interaction': {'timestamp_unit': 's'}}
to_bin = {'user': {'mean_rating': {'n_bins': 5}, 'interaction_nums': {'n_bins': 5}}, 'item': {'mean_rating': {'n_bins': 5}, 'interaction_nums': {'n_bins': 5}}}

Other Hyper Parameters: 
worker = 0
wandb_project = recbole
shuffle = True
require_pow = False
enable_amp = False
enable_scaler = False
transform = None
export_topk_recs = True
export_topk_dir = None
export_topk_filename = None
export_topk_item_separator = None
export_topk_separate_columns = None
embedding_size = 64
n_layers = 2
reg_weight = 1e-05
numerical_features = []
discretization = None
MODEL_TYPE = ModelType.GENERAL
MODEL_INPUT_TYPE = InputType.PAIRWISE
eval_type = EvaluatorType.RANKING
single_spec = True
local_rank = 0
device = cuda
valid_neg_sample_args = {'distribution': 'uniform', 'sample_num': 'none'}
test_neg_sample_args = {'distribution': 'uniform', 'sample_num': 'none'}


Sun 30 Nov 2025 11:43:46 INFO  ml-1m
The number of users: 6041
Average actions of users: 165.5975165562914
The number of items: 3884
Average actions of items: 269.88909875876953
The number of inters: 1000209
The sparsity of the dataset: 95.73712398848173%
Remain Fields: ['user_id', 'item_id', 'rating', 'timestamp', 'age', 'gender', 'occupation', 'release_year', 'genre']
Sun 30 Nov 2025 11:43:51 INFO  [Training]: train_batch_size = [1024] train_neg_sample_args: [{'distribution': 'uniform', 'sample_num': 1, 'alpha': 1.0, 'dynamic': False, 'candidate_num': 0}]
Sun 30 Nov 2025 11:43:51 INFO  [Evaluation]: eval_batch_size = [102400] eval_args: [{'split': {'RS': [0.8, 0.1, 0.1]}, 'order': 'RO', 'group_by': 'user', 'mode': {'valid': 'full', 'test': 'full'}}]
Sun 30 Nov 2025 11:43:52 INFO  FairLightGCN(
  (user_embedding): Embedding(6041, 64)
  (item_embedding): Embedding(3884, 64)
  (mf_loss): BPRLoss()
  (reg_loss): EmbLoss()
  (rq_model_item): RQVAE(
    (encoder): MLPLayers(
      (mlp_layers): Sequential(
        (0): Dropout(p=0, inplace=False)
        (1): Linear(in_features=192, out_features=64, bias=True)
        (2): Sigmoid()
        (3): Dropout(p=0, inplace=False)
        (4): Linear(in_features=64, out_features=32, bias=True)
        (5): Sigmoid()
        (6): Dropout(p=0, inplace=False)
        (7): Linear(in_features=32, out_features=16, bias=True)
      )
    )
    (rq): ResidualVectorQuantizer(
      (vq_layers): ModuleList(
        (0-2): 3 x VectorQuantizer(
          (embedding): Embedding(8, 16)
        )
      )
    )
    (decoder): MLPLayers(
      (mlp_layers): Sequential(
        (0): Dropout(p=0, inplace=False)
        (1): Linear(in_features=16, out_features=32, bias=True)
        (2): Sigmoid()
        (3): Dropout(p=0, inplace=False)
        (4): Linear(in_features=32, out_features=64, bias=True)
        (5): Sigmoid()
        (6): Dropout(p=0, inplace=False)
        (7): Linear(in_features=64, out_features=192, bias=True)
      )
    )
    (W_gate): Linear(in_features=192, out_features=192, bias=True)
  )
  (rq_model_user): RQVAE(
    (encoder): MLPLayers(
      (mlp_layers): Sequential(
        (0): Dropout(p=0, inplace=False)
        (1): Linear(in_features=256, out_features=64, bias=True)
        (2): Sigmoid()
        (3): Dropout(p=0, inplace=False)
        (4): Linear(in_features=64, out_features=32, bias=True)
        (5): Sigmoid()
        (6): Dropout(p=0, inplace=False)
        (7): Linear(in_features=32, out_features=16, bias=True)
      )
    )
    (rq): ResidualVectorQuantizer(
      (vq_layers): ModuleList(
        (0-2): 3 x VectorQuantizer(
          (embedding): Embedding(8, 16)
        )
      )
    )
    (decoder): MLPLayers(
      (mlp_layers): Sequential(
        (0): Dropout(p=0, inplace=False)
        (1): Linear(in_features=16, out_features=32, bias=True)
        (2): Sigmoid()
        (3): Dropout(p=0, inplace=False)
        (4): Linear(in_features=32, out_features=64, bias=True)
        (5): Sigmoid()
        (6): Dropout(p=0, inplace=False)
        (7): Linear(in_features=64, out_features=256, bias=True)
      )
    )
    (W_gate): Linear(in_features=256, out_features=256, bias=True)
  )
)
Trainable parameters: 807264
Sun 30 Nov 2025 11:43:52 INFO  FLOPs: 0.0
Sun 30 Nov 2025 11:44:38 INFO  epoch 0 training [time: 45.08s, train loss: 1008.9475]
Sun 30 Nov 2025 11:45:25 INFO  epoch 1 training [time: 46.96s, train loss: 953.2846]
Sun 30 Nov 2025 11:45:26 INFO  epoch 1 evaluating [time: 0.67s, valid_score: 0.264300]
Sun 30 Nov 2025 11:45:26 INFO  valid result: 
recall@10 : 0.1094    pop_recall@10 : 0.1144    unpop_recall@10 : 0.0534    mrr@10 : 0.2643    pop_mrr@10 : 0.2122    unpop_mrr@10 : 0.0674    ndcg@10 : 0.1323    pop_ndcg@10 : 0.1119    unpop_ndcg@10 : 0.042    hit@10 : 0.6018    pop_hit@10 : 0.4942    unpop_hit@10 : 0.1889    precision@10 : 0.0985    pop_precision@10 : 0.0729    unpop_precision@10 : 0.0256
Sun 30 Nov 2025 11:45:26 INFO  Saving current: saved/FairLightGCN-Nov-30-2025_11-43-52.pth
Sun 30 Nov 2025 11:46:14 INFO  epoch 2 training [time: 48.16s, train loss: 937.6001]
Sun 30 Nov 2025 11:47:03 INFO  epoch 3 training [time: 48.53s, train loss: 928.8596]
Sun 30 Nov 2025 11:47:03 INFO  epoch 3 evaluating [time: 0.62s, valid_score: 0.242500]
Sun 30 Nov 2025 11:47:03 INFO  valid result: 
recall@10 : 0.0961    pop_recall@10 : 0.0923    unpop_recall@10 : 0.0616    mrr@10 : 0.2425    pop_mrr@10 : 0.1749    unpop_mrr@10 : 0.0816    ndcg@10 : 0.119    pop_ndcg@10 : 0.0906    unpop_ndcg@10 : 0.0499    hit@10 : 0.5583    pop_hit@10 : 0.4167    unpop_hit@10 : 0.2142    precision@10 : 0.0893    pop_precision@10 : 0.059    unpop_precision@10 : 0.0303
Sun 30 Nov 2025 11:47:52 INFO  epoch 4 training [time: 48.90s, train loss: 922.6361]
Sun 30 Nov 2025 11:48:41 INFO  epoch 5 training [time: 48.32s, train loss: 916.9733]
Sun 30 Nov 2025 11:48:41 INFO  epoch 5 evaluating [time: 0.65s, valid_score: 0.224300]
Sun 30 Nov 2025 11:48:41 INFO  valid result: 
recall@10 : 0.0882    pop_recall@10 : 0.0793    unpop_recall@10 : 0.0674    mrr@10 : 0.2243    pop_mrr@10 : 0.1438    unpop_mrr@10 : 0.0943    ndcg@10 : 0.1095    pop_ndcg@10 : 0.0747    unpop_ndcg@10 : 0.0572    hit@10 : 0.5263    pop_hit@10 : 0.3586    unpop_hit@10 : 0.2406    precision@10 : 0.0824    pop_precision@10 : 0.0481    unpop_precision@10 : 0.0342
Sun 30 Nov 2025 11:49:30 INFO  epoch 6 training [time: 49.12s, train loss: 910.0196]
Sun 30 Nov 2025 11:50:20 INFO  epoch 7 training [time: 49.16s, train loss: 899.5230]
Sun 30 Nov 2025 11:50:20 INFO  epoch 7 evaluating [time: 0.75s, valid_score: 0.197900]
Sun 30 Nov 2025 11:50:20 INFO  valid result: 
recall@10 : 0.0778    pop_recall@10 : 0.0686    unpop_recall@10 : 0.0649    mrr@10 : 0.1979    pop_mrr@10 : 0.1233    unpop_mrr@10 : 0.088    ndcg@10 : 0.0961    pop_ndcg@10 : 0.0634    unpop_ndcg@10 : 0.0538    hit@10 : 0.4724    pop_hit@10 : 0.3149    unpop_hit@10 : 0.2257    precision@10 : 0.072    pop_precision@10 : 0.0403    unpop_precision@10 : 0.0317
Sun 30 Nov 2025 11:51:11 INFO  epoch 8 training [time: 50.38s, train loss: 882.3220]
Sun 30 Nov 2025 11:51:59 INFO  epoch 9 training [time: 48.78s, train loss: 856.0106]
Sun 30 Nov 2025 11:52:00 INFO  epoch 9 evaluating [time: 0.57s, valid_score: 0.229900]
Sun 30 Nov 2025 11:52:00 INFO  valid result: 
recall@10 : 0.0848    pop_recall@10 : 0.0817    unpop_recall@10 : 0.0598    mrr@10 : 0.2299    pop_mrr@10 : 0.1646    unpop_mrr@10 : 0.0829    ndcg@10 : 0.1114    pop_ndcg@10 : 0.0816    unpop_ndcg@10 : 0.0505    hit@10 : 0.5189    pop_hit@10 : 0.3924    unpop_hit@10 : 0.2172    precision@10 : 0.0841    pop_precision@10 : 0.0531    unpop_precision@10 : 0.031
Sun 30 Nov 2025 11:52:49 INFO  epoch 10 training [time: 48.89s, train loss: 821.8415]
Sun 30 Nov 2025 11:53:38 INFO  epoch 11 training [time: 49.32s, train loss: 778.0379]
Sun 30 Nov 2025 11:53:39 INFO  epoch 11 evaluating [time: 0.61s, valid_score: 0.371700]
Sun 30 Nov 2025 11:53:39 INFO  valid result: 
recall@10 : 0.1512    pop_recall@10 : 0.1831    unpop_recall@10 : 0.0268    mrr@10 : 0.3717    pop_mrr@10 : 0.3526    unpop_mrr@10 : 0.032    ndcg@10 : 0.2034    pop_ndcg@10 : 0.2025    unpop_ndcg@10 : 0.0208    hit@10 : 0.7257    pop_hit@10 : 0.6916    unpop_hit@10 : 0.0983    precision@10 : 0.1568    pop_precision@10 : 0.143    unpop_precision@10 : 0.0138
Sun 30 Nov 2025 11:53:39 INFO  Saving current: saved/FairLightGCN-Nov-30-2025_11-43-52.pth
Sun 30 Nov 2025 11:54:26 INFO  epoch 12 training [time: 47.42s, train loss: 726.4218]
Sun 30 Nov 2025 11:55:15 INFO  epoch 13 training [time: 48.24s, train loss: 692.1347]
Sun 30 Nov 2025 11:55:15 INFO  epoch 13 evaluating [time: 0.66s, valid_score: 0.399800]
Sun 30 Nov 2025 11:55:15 INFO  valid result: 
recall@10 : 0.1647    pop_recall@10 : 0.2063    unpop_recall@10 : 0.0175    mrr@10 : 0.3998    pop_mrr@10 : 0.3896    unpop_mrr@10 : 0.0193    ndcg@10 : 0.2214    pop_ndcg@10 : 0.2285    unpop_ndcg@10 : 0.013    hit@10 : 0.7558    pop_hit@10 : 0.7351    unpop_hit@10 : 0.0679    precision@10 : 0.1694    pop_precision@10 : 0.1602    unpop_precision@10 : 0.0092
Sun 30 Nov 2025 11:55:15 INFO  Saving current: saved/FairLightGCN-Nov-30-2025_11-43-52.pth
Sun 30 Nov 2025 11:56:03 INFO  epoch 14 training [time: 47.39s, train loss: 669.8917]
Sun 30 Nov 2025 11:56:49 INFO  epoch 15 training [time: 46.66s, train loss: 652.7723]
Sun 30 Nov 2025 11:56:50 INFO  epoch 15 evaluating [time: 0.55s, valid_score: 0.402400]
Sun 30 Nov 2025 11:56:50 INFO  valid result: 
recall@10 : 0.1688    pop_recall@10 : 0.2135    unpop_recall@10 : 0.0167    mrr@10 : 0.4024    pop_mrr@10 : 0.3937    unpop_mrr@10 : 0.0178    ndcg@10 : 0.2249    pop_ndcg@10 : 0.2337    unpop_ndcg@10 : 0.0122    hit@10 : 0.7649    pop_hit@10 : 0.7467    unpop_hit@10 : 0.0654    precision@10 : 0.1726    pop_precision@10 : 0.1638    unpop_precision@10 : 0.0089
Sun 30 Nov 2025 11:56:50 INFO  Saving current: saved/FairLightGCN-Nov-30-2025_11-43-52.pth
Sun 30 Nov 2025 11:57:39 INFO  epoch 16 training [time: 48.73s, train loss: 639.9944]
Sun 30 Nov 2025 11:58:27 INFO  epoch 17 training [time: 47.80s, train loss: 629.4667]
Sun 30 Nov 2025 11:58:27 INFO  epoch 17 evaluating [time: 0.53s, valid_score: 0.406300]
Sun 30 Nov 2025 11:58:27 INFO  valid result: 
recall@10 : 0.1718    pop_recall@10 : 0.2176    unpop_recall@10 : 0.0172    mrr@10 : 0.4063    pop_mrr@10 : 0.3979    unpop_mrr@10 : 0.0176    ndcg@10 : 0.228    pop_ndcg@10 : 0.2372    unpop_ndcg@10 : 0.0123    hit@10 : 0.7719    pop_hit@10 : 0.7541    unpop_hit@10 : 0.0669    precision@10 : 0.1752    pop_precision@10 : 0.1662    unpop_precision@10 : 0.009
Sun 30 Nov 2025 11:58:27 INFO  Saving current: saved/FairLightGCN-Nov-30-2025_11-43-52.pth
Sun 30 Nov 2025 11:59:16 INFO  epoch 18 training [time: 48.18s, train loss: 620.6697]
Sun 30 Nov 2025 12:00:04 INFO  epoch 19 training [time: 48.16s, train loss: 613.6214]
Sun 30 Nov 2025 12:00:04 INFO  epoch 19 evaluating [time: 0.60s, valid_score: 0.407200]
Sun 30 Nov 2025 12:00:04 INFO  valid result: 
recall@10 : 0.1723    pop_recall@10 : 0.2177    unpop_recall@10 : 0.0177    mrr@10 : 0.4072    pop_mrr@10 : 0.3987    unpop_mrr@10 : 0.018    ndcg@10 : 0.229    pop_ndcg@10 : 0.2381    unpop_ndcg@10 : 0.0125    hit@10 : 0.7735    pop_hit@10 : 0.756    unpop_hit@10 : 0.0679    precision@10 : 0.1758    pop_precision@10 : 0.1668    unpop_precision@10 : 0.009
Sun 30 Nov 2025 12:00:04 INFO  Saving current: saved/FairLightGCN-Nov-30-2025_11-43-52.pth
Sun 30 Nov 2025 12:00:53 INFO  epoch 20 training [time: 48.67s, train loss: 606.9726]
Sun 30 Nov 2025 12:01:41 INFO  epoch 21 training [time: 48.25s, train loss: 600.9425]
Sun 30 Nov 2025 12:01:42 INFO  epoch 21 evaluating [time: 0.52s, valid_score: 0.405800]
Sun 30 Nov 2025 12:01:42 INFO  valid result: 
recall@10 : 0.172    pop_recall@10 : 0.2171    unpop_recall@10 : 0.0176    mrr@10 : 0.4058    pop_mrr@10 : 0.3971    unpop_mrr@10 : 0.0186    ndcg@10 : 0.2282    pop_ndcg@10 : 0.2372    unpop_ndcg@10 : 0.0127    hit@10 : 0.7727    pop_hit@10 : 0.7551    unpop_hit@10 : 0.0699    precision@10 : 0.1751    pop_precision@10 : 0.1659    unpop_precision@10 : 0.0092
Sun 30 Nov 2025 12:02:29 INFO  epoch 22 training [time: 47.20s, train loss: 596.2451]
Sun 30 Nov 2025 12:03:17 INFO  epoch 23 training [time: 47.96s, train loss: 591.5708]
Sun 30 Nov 2025 12:03:18 INFO  epoch 23 evaluating [time: 0.68s, valid_score: 0.404200]
Sun 30 Nov 2025 12:03:18 INFO  valid result: 
recall@10 : 0.1729    pop_recall@10 : 0.2177    unpop_recall@10 : 0.0184    mrr@10 : 0.4042    pop_mrr@10 : 0.3953    unpop_mrr@10 : 0.0192    ndcg@10 : 0.2281    pop_ndcg@10 : 0.2367    unpop_ndcg@10 : 0.0132    hit@10 : 0.7747    pop_hit@10 : 0.7575    unpop_hit@10 : 0.0742    precision@10 : 0.1755    pop_precision@10 : 0.1658    unpop_precision@10 : 0.0097
Sun 30 Nov 2025 12:04:06 INFO  epoch 24 training [time: 48.52s, train loss: 586.8891]
Sun 30 Nov 2025 12:04:58 INFO  epoch 25 training [time: 51.37s, train loss: 583.0348]
Sun 30 Nov 2025 12:04:58 INFO  epoch 25 evaluating [time: 0.66s, valid_score: 0.404400]
Sun 30 Nov 2025 12:04:58 INFO  valid result: 
recall@10 : 0.1734    pop_recall@10 : 0.2178    unpop_recall@10 : 0.0192    mrr@10 : 0.4044    pop_mrr@10 : 0.3951    unpop_mrr@10 : 0.0198    ndcg@10 : 0.2282    pop_ndcg@10 : 0.2364    unpop_ndcg@10 : 0.0138    hit@10 : 0.7753    pop_hit@10 : 0.7571    unpop_hit@10 : 0.0757    precision@10 : 0.1754    pop_precision@10 : 0.1654    unpop_precision@10 : 0.01
Sun 30 Nov 2025 12:05:47 INFO  epoch 26 training [time: 48.84s, train loss: 580.1191]
Sun 30 Nov 2025 12:06:38 INFO  epoch 27 training [time: 50.59s, train loss: 576.0317]
Sun 30 Nov 2025 12:06:38 INFO  epoch 27 evaluating [time: 0.69s, valid_score: 0.405800]
Sun 30 Nov 2025 12:06:38 INFO  valid result: 
recall@10 : 0.1736    pop_recall@10 : 0.2184    unpop_recall@10 : 0.0189    mrr@10 : 0.4058    pop_mrr@10 : 0.3966    unpop_mrr@10 : 0.0196    ndcg@10 : 0.2292    pop_ndcg@10 : 0.2376    unpop_ndcg@10 : 0.0135    hit@10 : 0.7747    pop_hit@10 : 0.7568    unpop_hit@10 : 0.0742    precision@10 : 0.1759    pop_precision@10 : 0.1662    unpop_precision@10 : 0.0097
Sun 30 Nov 2025 12:07:28 INFO  epoch 28 training [time: 49.72s, train loss: 573.7366]
Sun 30 Nov 2025 12:08:19 INFO  epoch 29 training [time: 50.35s, train loss: 570.8232]
Sun 30 Nov 2025 12:08:19 INFO  epoch 29 evaluating [time: 0.65s, valid_score: 0.406700]
Sun 30 Nov 2025 12:08:19 INFO  valid result: 
recall@10 : 0.1735    pop_recall@10 : 0.2178    unpop_recall@10 : 0.0196    mrr@10 : 0.4067    pop_mrr@10 : 0.3971    unpop_mrr@10 : 0.0204    ndcg@10 : 0.229    pop_ndcg@10 : 0.2371    unpop_ndcg@10 : 0.014    hit@10 : 0.7748    pop_hit@10 : 0.7556    unpop_hit@10 : 0.077    precision@10 : 0.1756    pop_precision@10 : 0.1656    unpop_precision@10 : 0.0101
Sun 30 Nov 2025 12:09:08 INFO  epoch 30 training [time: 48.50s, train loss: 567.7921]
Sun 30 Nov 2025 12:09:56 INFO  epoch 31 training [time: 48.71s, train loss: 565.3740]
Sun 30 Nov 2025 12:09:57 INFO  epoch 31 evaluating [time: 0.66s, valid_score: 0.406000]
Sun 30 Nov 2025 12:09:57 INFO  valid result: 
recall@10 : 0.1736    pop_recall@10 : 0.218    unpop_recall@10 : 0.0197    mrr@10 : 0.406    pop_mrr@10 : 0.3965    unpop_mrr@10 : 0.0204    ndcg@10 : 0.2288    pop_ndcg@10 : 0.2371    unpop_ndcg@10 : 0.014    hit@10 : 0.7727    pop_hit@10 : 0.7543    unpop_hit@10 : 0.0775    precision@10 : 0.1755    pop_precision@10 : 0.1655    unpop_precision@10 : 0.01
Sun 30 Nov 2025 12:10:46 INFO  epoch 32 training [time: 48.74s, train loss: 564.1198]
Sun 30 Nov 2025 12:11:34 INFO  epoch 33 training [time: 48.61s, train loss: 561.1126]
Sun 30 Nov 2025 12:11:35 INFO  epoch 33 evaluating [time: 0.61s, valid_score: 0.406100]
Sun 30 Nov 2025 12:11:35 INFO  valid result: 
recall@10 : 0.1735    pop_recall@10 : 0.2176    unpop_recall@10 : 0.0204    mrr@10 : 0.4061    pop_mrr@10 : 0.3962    unpop_mrr@10 : 0.0215    ndcg@10 : 0.2289    pop_ndcg@10 : 0.2366    unpop_ndcg@10 : 0.0146    hit@10 : 0.7724    pop_hit@10 : 0.7543    unpop_hit@10 : 0.081    precision@10 : 0.1756    pop_precision@10 : 0.1652    unpop_precision@10 : 0.0104
Sun 30 Nov 2025 12:12:23 INFO  epoch 34 training [time: 47.52s, train loss: 559.2874]
Sun 30 Nov 2025 12:13:11 INFO  epoch 35 training [time: 48.07s, train loss: 557.4762]
Sun 30 Nov 2025 12:13:11 INFO  epoch 35 evaluating [time: 0.61s, valid_score: 0.405300]
Sun 30 Nov 2025 12:13:11 INFO  valid result: 
recall@10 : 0.1733    pop_recall@10 : 0.2167    unpop_recall@10 : 0.0213    mrr@10 : 0.4053    pop_mrr@10 : 0.3947    unpop_mrr@10 : 0.0224    ndcg@10 : 0.2283    pop_ndcg@10 : 0.2356    unpop_ndcg@10 : 0.0152    hit@10 : 0.773    pop_hit@10 : 0.7533    unpop_hit@10 : 0.0836    precision@10 : 0.1751    pop_precision@10 : 0.1643    unpop_precision@10 : 0.0108
Sun 30 Nov 2025 12:13:59 INFO  epoch 36 training [time: 47.46s, train loss: 555.1321]
Sun 30 Nov 2025 12:14:46 INFO  epoch 37 training [time: 47.46s, train loss: 553.3222]
Sun 30 Nov 2025 12:14:47 INFO  epoch 37 evaluating [time: 0.63s, valid_score: 0.404600]
Sun 30 Nov 2025 12:14:47 INFO  valid result: 
recall@10 : 0.1735    pop_recall@10 : 0.2171    unpop_recall@10 : 0.0213    mrr@10 : 0.4046    pop_mrr@10 : 0.3939    unpop_mrr@10 : 0.0225    ndcg@10 : 0.2285    pop_ndcg@10 : 0.2357    unpop_ndcg@10 : 0.0152    hit@10 : 0.7737    pop_hit@10 : 0.7538    unpop_hit@10 : 0.0831    precision@10 : 0.1754    pop_precision@10 : 0.1647    unpop_precision@10 : 0.0107
Sun 30 Nov 2025 12:15:36 INFO  epoch 38 training [time: 48.88s, train loss: 552.5133]
Sun 30 Nov 2025 12:16:24 INFO  epoch 39 training [time: 48.06s, train loss: 550.3531]
Sun 30 Nov 2025 12:16:24 INFO  epoch 39 evaluating [time: 0.52s, valid_score: 0.405800]
Sun 30 Nov 2025 12:16:24 INFO  valid result: 
recall@10 : 0.1733    pop_recall@10 : 0.2166    unpop_recall@10 : 0.0217    mrr@10 : 0.4058    pop_mrr@10 : 0.3949    unpop_mrr@10 : 0.0229    ndcg@10 : 0.2285    pop_ndcg@10 : 0.2355    unpop_ndcg@10 : 0.0155    hit@10 : 0.772    pop_hit@10 : 0.7522    unpop_hit@10 : 0.0836    precision@10 : 0.1749    pop_precision@10 : 0.1641    unpop_precision@10 : 0.0108
Sun 30 Nov 2025 12:17:11 INFO  epoch 40 training [time: 47.13s, train loss: 549.0326]
Sun 30 Nov 2025 12:17:58 INFO  epoch 41 training [time: 46.64s, train loss: 547.2456]
Sun 30 Nov 2025 12:17:59 INFO  epoch 41 evaluating [time: 0.53s, valid_score: 0.405200]
Sun 30 Nov 2025 12:17:59 INFO  valid result: 
recall@10 : 0.1742    pop_recall@10 : 0.2178    unpop_recall@10 : 0.0213    mrr@10 : 0.4052    pop_mrr@10 : 0.3944    unpop_mrr@10 : 0.0225    ndcg@10 : 0.229    pop_ndcg@10 : 0.2363    unpop_ndcg@10 : 0.0151    hit@10 : 0.773    pop_hit@10 : 0.7528    unpop_hit@10 : 0.0823    precision@10 : 0.1758    pop_precision@10 : 0.1653    unpop_precision@10 : 0.0105
Sun 30 Nov 2025 12:17:59 INFO  Finished training, best eval result in epoch 19
Sun 30 Nov 2025 12:17:59 INFO  Loading model structure and parameters from saved/FairLightGCN-Nov-30-2025_11-43-52.pth
Sun 30 Nov 2025 12:17:59 INFO  count    1457.000000
mean       41.455045
std        79.188151
min         1.000000
25%         3.000000
50%        11.000000
75%        42.000000
max       899.000000
dtype: float64
Sun 30 Nov 2025 12:18:00 INFO  The running environment of this training is as follows:
+-------------+-----------------+
| Environment |      Usage      |
+=============+=================+
| CPU         |     44.20 %     |
+-------------+-----------------+
| GPU         | 0.29 G/47.53 G  |
+-------------+-----------------+
| Memory      | 1.99 G/251.48 G |
+-------------+-----------------+
Sun 30 Nov 2025 12:18:00 INFO  best valid : OrderedDict([('recall@10', 0.1723), ('pop_recall@10', 0.2177), ('unpop_recall@10', 0.0177), ('mrr@10', 0.4072), ('pop_mrr@10', 0.3987), ('unpop_mrr@10', 0.018), ('ndcg@10', 0.229), ('pop_ndcg@10', 0.2381), ('unpop_ndcg@10', 0.0125), ('hit@10', 0.7735), ('pop_hit@10', 0.756), ('unpop_hit@10', 0.0679), ('precision@10', 0.1758), ('pop_precision@10', 0.1668), ('unpop_precision@10', 0.009)])
Sun 30 Nov 2025 12:18:00 INFO  test result: OrderedDict([('recall@10', 0.19215829470198675), ('pop_recall@10', 0.24151892384105958), ('unpop_recall@10', 0.022825910596026493), ('mrr@10', 0.486130082781457), ('pop_mrr@10', 0.47503350993377486), ('unpop_mrr@10', 0.026168360927152315), ('ndcg@10', 0.28680740066225163), ('pop_ndcg@10', 0.29355670529801325), ('unpop_ndcg@10', 0.01777925496688742), ('hit@10', 0.7925496688741722), ('pop_hit@10', 0.7745033112582781), ('unpop_hit@10', 0.08990066225165563), ('precision@10', 0.21812913907284767), ('pop_precision@10', 0.20543046357615896), ('unpop_precision@10', 0.012698675496688742)])
