Mon 01 Dec 2025 19:19:16 INFO  ['run_recbole.py', '--model', 'FairLightGCN', '--datset', 'ml-1m', '--gpu_ids', '2', '--enable_user_loss', 'True', '--item_rq_loss_rate', '0.5', '--pop_rate', '0.1', '--pop_loss_rate', '0.0', '--description', '不加任何rq和pop_loss', '只机上原始的user_loss和itemloss12', '--item_loss_type', 'loss12']
Mon 01 Dec 2025 19:19:16 INFO  
General Hyper Parameters:
gpu_id = 0
use_gpu = True
seed = 2020
state = INFO
reproducibility = True
data_path = dataset/ml-1m
checkpoint_dir = saved
show_progress = True
save_dataset = False
dataset_save_path = None
save_dataloaders = False
dataloaders_save_path = None
log_wandb = False

Training Hyper Parameters:
epochs = 100
train_batch_size = 1024
learner = adam
learning_rate = 0.001
train_neg_sample_args = {'distribution': 'uniform', 'sample_num': 1, 'alpha': 1.0, 'dynamic': False, 'candidate_num': 0}
eval_step = 2
stopping_step = 10
clip_grad_norm = None
weight_decay = 0.0
loss_decimal_place = 4

Evaluation Hyper Parameters:
eval_args = {'split': {'RS': [0.8, 0.1, 0.1]}, 'order': 'RO', 'group_by': 'user', 'mode': {'valid': 'full', 'test': 'full'}}
repeatable = False
metrics = ['Recall', 'MRR', 'NDCG', 'Hit', 'Precision']
topk = [10]
valid_metric = ['NDCG@10', 'UNPOP_NDCG@10']
valid_metric_bigger = True
eval_batch_size = 102400
metric_decimal_place = 4

Dataset Hyper Parameters:
train_batch_size = 1024
eval_batch_size = 102400
field_separator = 	
seq_separator =  
USER_ID_FIELD = user_id
ITEM_ID_FIELD = item_id
RATING_FIELD = rating
TIME_FIELD = timestamp
seq_len = None
LABEL_FIELD = label
threshold = None
NEG_PREFIX = neg_
numerical_features = ['popularity']
load_col = {'inter': ['user_id', 'item_id', 'rating', 'timestamp'], 'user': ['user_id', 'age', 'gender', 'occupation'], 'item': ['item_id', 'release_year', 'genre', 'popularity']}
unload_col = None
unused_col = None
additional_feat_suffix = None
rm_dup_inter = None
val_interval = None
filter_inter_by_user_or_item = True
user_inter_num_interval = None
item_inter_num_interval = None
alias_of_user_id = None
alias_of_item_id = None
alias_of_entity_id = None
alias_of_relation_id = None
preload_weight = None
normalize_field = ['timestamp', 'rating']
normalize_all = False
discretization = {'popularity': {'method': 'LD', 'bucket': 10}}
ITEM_LIST_LENGTH_FIELD = item_length
LIST_SUFFIX = _list
MAX_ITEM_LIST_LENGTH = 50
POSITION_FIELD = position_id
HEAD_ENTITY_ID_FIELD = head_id
TAIL_ENTITY_ID_FIELD = tail_id
RELATION_ID_FIELD = relation_id
ENTITY_ID_FIELD = entity_id
kg_reverse_r = False
entity_kg_num_interval = None
relation_kg_num_interval = None
benchmark_filename = None
save_single_user = True
save_base_path = output
attr = {'user': {'need_inter_num': True, 'need_inter_hour': True, 'need_rating': True, 'need_item_genre': True, 'need_item_year': True, 'need_zipcode_to_region': True}, 'item': {'need_inter_num': True, 'need_inter_hour': True, 'need_rating': True, 'need_age': True, 'need_gender': True, 'need_occupation': True, 'need_region': True}, 'interaction': {'timestamp_unit': 's'}}
to_bin = {'user': {'mean_rating': {'n_bins': 5}, 'interaction_nums': {'n_bins': 5}}, 'item': {'mean_rating': {'n_bins': 5}, 'interaction_nums': {'n_bins': 5}}}

Other Hyper Parameters: 
worker = 0
wandb_project = recbole
shuffle = True
require_pow = False
enable_amp = False
enable_scaler = False
transform = None
export_topk_recs = True
export_topk_dir = None
export_topk_filename = None
export_topk_item_separator = None
export_topk_separate_columns = None
embedding_size = 64
n_layers = 2
reg_weight = 1e-05
MODEL_TYPE = ModelType.GENERAL
MODEL_INPUT_TYPE = InputType.PAIRWISE
eval_type = EvaluatorType.RANKING
single_spec = True
local_rank = 0
device = cuda
valid_neg_sample_args = {'distribution': 'uniform', 'sample_num': 'none'}
test_neg_sample_args = {'distribution': 'uniform', 'sample_num': 'none'}
nproc = 1
ip = localhost
port = 5678
world_size = -1
group_offset = 0
gpu_ids = 2
cl_rate = 0.2
enable_user_loss = True
item_loss_type = loss12
item_rq_loss_rate = 0.5
beta = 0.2
log_type = fair
pop_rate = 0.1
gama = 0.2
description = 不加任何rq和pop_loss
mode = train
pop_loss_rate = 0.0


Mon 01 Dec 2025 19:19:19 INFO  ml-1m
The number of users: 6041
Average actions of users: 165.5975165562914
The number of items: 3884
Average actions of items: 269.88909875876953
The number of inters: 1000209
The sparsity of the dataset: 95.73712398848173%
Remain Fields: ['user_id', 'item_id', 'rating', 'timestamp', 'age', 'gender', 'occupation', 'release_year', 'genre', 'popularity']
Mon 01 Dec 2025 19:19:23 INFO  [Training]: train_batch_size = [1024] train_neg_sample_args: [{'distribution': 'uniform', 'sample_num': 1, 'alpha': 1.0, 'dynamic': False, 'candidate_num': 0}]
Mon 01 Dec 2025 19:19:23 INFO  [Evaluation]: eval_batch_size = [102400] eval_args: [{'split': {'RS': [0.8, 0.1, 0.1]}, 'order': 'RO', 'group_by': 'user', 'mode': {'valid': 'full', 'test': 'full'}}]
Mon 01 Dec 2025 19:19:23 INFO  FairLightGCN(
  (user_embedding): Embedding(6041, 64)
  (item_embedding): Embedding(3884, 64)
  (mf_loss): BPRLoss()
  (reg_loss): EmbLoss()
  (rq_model_item): RQVAE(
    (encoder): MLPLayers(
      (mlp_layers): Sequential(
        (0): Dropout(p=0, inplace=False)
        (1): Linear(in_features=192, out_features=64, bias=True)
        (2): Sigmoid()
        (3): Dropout(p=0, inplace=False)
        (4): Linear(in_features=64, out_features=32, bias=True)
        (5): Sigmoid()
        (6): Dropout(p=0, inplace=False)
        (7): Linear(in_features=32, out_features=16, bias=True)
      )
    )
    (rq): ResidualVectorQuantizer(
      (vq_layers): ModuleList(
        (0-2): 3 x VectorQuantizer(
          (embedding): Embedding(8, 16)
        )
      )
    )
    (decoder): MLPLayers(
      (mlp_layers): Sequential(
        (0): Dropout(p=0, inplace=False)
        (1): Linear(in_features=16, out_features=32, bias=True)
        (2): Sigmoid()
        (3): Dropout(p=0, inplace=False)
        (4): Linear(in_features=32, out_features=64, bias=True)
        (5): Sigmoid()
        (6): Dropout(p=0, inplace=False)
        (7): Linear(in_features=64, out_features=192, bias=True)
      )
    )
    (pop_decoder): MLPLayers(
      (mlp_layers): Sequential(
        (0): Dropout(p=0, inplace=False)
        (1): Linear(in_features=16, out_features=32, bias=True)
        (2): Sigmoid()
        (3): Dropout(p=0, inplace=False)
        (4): Linear(in_features=32, out_features=64, bias=True)
        (5): Sigmoid()
        (6): Dropout(p=0, inplace=False)
        (7): Linear(in_features=64, out_features=192, bias=True)
        (8): Sigmoid()
        (9): Dropout(p=0, inplace=False)
        (10): Linear(in_features=192, out_features=64, bias=True)
      )
    )
    (W_gate): Linear(in_features=192, out_features=192, bias=True)
  )
)
Trainable parameters: 730224
Mon 01 Dec 2025 19:19:23 INFO  FLOPs: 0.0
Mon 01 Dec 2025 19:20:42 INFO  epoch 0 training [time: 77.57s, train loss: 1173.3508]
Mon 01 Dec 2025 19:21:59 INFO  epoch 1 training [time: 77.23s, train loss: 1103.5619]
Mon 01 Dec 2025 19:22:01 INFO  epoch 1 evaluating [time: 1.59s, valid_score: 0.206300]
Mon 01 Dec 2025 19:22:01 INFO  valid result: 
recall@10 : 0.099    pop_recall@10 : 0.0884    unpop_recall@10 : 0.0892    mrr@10 : 0.2599    pop_mrr@10 : 0.1461    unpop_mrr@10 : 0.1388    ndcg@10 : 0.1261    pop_ndcg@10 : 0.0762    unpop_ndcg@10 : 0.0802    hit@10 : 0.5798    pop_hit@10 : 0.3555    unpop_hit@10 : 0.3513    precision@10 : 0.095    pop_precision@10 : 0.0447    unpop_precision@10 : 0.0503
Mon 01 Dec 2025 19:22:01 INFO  Saving current: saved/FairLightGCN-Dec-01-2025_19-19-23.pth
Mon 01 Dec 2025 19:23:18 INFO  epoch 2 training [time: 76.80s, train loss: 1109.6092]
Mon 01 Dec 2025 19:24:35 INFO  epoch 3 training [time: 77.58s, train loss: 1130.3399]
Mon 01 Dec 2025 19:24:37 INFO  epoch 3 evaluating [time: 1.55s, valid_score: 0.199000]
Mon 01 Dec 2025 19:24:37 INFO  valid result: 
recall@10 : 0.0914    pop_recall@10 : 0.0722    unpop_recall@10 : 0.093    mrr@10 : 0.2411    pop_mrr@10 : 0.118    unpop_mrr@10 : 0.1444    ndcg@10 : 0.116    pop_ndcg@10 : 0.0611    unpop_ndcg@10 : 0.083    hit@10 : 0.5518    pop_hit@10 : 0.3012    unpop_hit@10 : 0.3598    precision@10 : 0.0879    pop_precision@10 : 0.0364    unpop_precision@10 : 0.0515
Mon 01 Dec 2025 19:25:55 INFO  epoch 4 training [time: 77.80s, train loss: 1153.3653]
Mon 01 Dec 2025 19:27:12 INFO  epoch 5 training [time: 77.64s, train loss: 1173.3040]
Mon 01 Dec 2025 19:27:14 INFO  epoch 5 evaluating [time: 1.50s, valid_score: 0.201100]
Mon 01 Dec 2025 19:27:14 INFO  valid result: 
recall@10 : 0.0889    pop_recall@10 : 0.0637    unpop_recall@10 : 0.096    mrr@10 : 0.2353    pop_mrr@10 : 0.1026    unpop_mrr@10 : 0.1525    ndcg@10 : 0.1136    pop_ndcg@10 : 0.0531    unpop_ndcg@10 : 0.0875    hit@10 : 0.5425    pop_hit@10 : 0.2724    unpop_hit@10 : 0.3707    precision@10 : 0.0867    pop_precision@10 : 0.0322    unpop_precision@10 : 0.0546
Mon 01 Dec 2025 19:28:30 INFO  epoch 6 training [time: 76.70s, train loss: 1173.3444]
Mon 01 Dec 2025 19:29:48 INFO  epoch 7 training [time: 77.65s, train loss: 1165.6323]
Mon 01 Dec 2025 19:29:50 INFO  epoch 7 evaluating [time: 1.47s, valid_score: 0.207700]
Mon 01 Dec 2025 19:29:50 INFO  valid result: 
recall@10 : 0.0878    pop_recall@10 : 0.0595    unpop_recall@10 : 0.0989    mrr@10 : 0.2365    pop_mrr@10 : 0.0951    unpop_mrr@10 : 0.1611    ndcg@10 : 0.1149    pop_ndcg@10 : 0.0491    unpop_ndcg@10 : 0.0928    hit@10 : 0.5368    pop_hit@10 : 0.2538    unpop_hit@10 : 0.3834    precision@10 : 0.0878    pop_precision@10 : 0.0295    unpop_precision@10 : 0.0582
Mon 01 Dec 2025 19:29:50 INFO  Saving current: saved/FairLightGCN-Dec-01-2025_19-19-23.pth
Mon 01 Dec 2025 19:31:07 INFO  epoch 8 training [time: 77.19s, train loss: 1177.9481]
Mon 01 Dec 2025 19:32:24 INFO  epoch 9 training [time: 77.22s, train loss: 1167.1796]
Mon 01 Dec 2025 19:32:26 INFO  epoch 9 evaluating [time: 1.43s, valid_score: 0.211200]
Mon 01 Dec 2025 19:32:26 INFO  valid result: 
recall@10 : 0.0862    pop_recall@10 : 0.059    unpop_recall@10 : 0.0978    mrr@10 : 0.2369    pop_mrr@10 : 0.0916    unpop_mrr@10 : 0.1665    ndcg@10 : 0.1161    pop_ndcg@10 : 0.0481    unpop_ndcg@10 : 0.0951    hit@10 : 0.5364    pop_hit@10 : 0.25    unpop_hit@10 : 0.3912    precision@10 : 0.0892    pop_precision@10 : 0.0287    unpop_precision@10 : 0.0604
Mon 01 Dec 2025 19:32:26 INFO  Saving current: saved/FairLightGCN-Dec-01-2025_19-19-23.pth
Mon 01 Dec 2025 19:33:43 INFO  epoch 10 training [time: 77.19s, train loss: 1163.9666]
Mon 01 Dec 2025 19:35:01 INFO  epoch 11 training [time: 78.01s, train loss: 1160.9201]
Mon 01 Dec 2025 19:35:03 INFO  epoch 11 evaluating [time: 1.67s, valid_score: 0.217500]
Mon 01 Dec 2025 19:35:03 INFO  valid result: 
recall@10 : 0.0906    pop_recall@10 : 0.0691    unpop_recall@10 : 0.096    mrr@10 : 0.2487    pop_mrr@10 : 0.106    unpop_mrr@10 : 0.1673    ndcg@10 : 0.123    pop_ndcg@10 : 0.0569    unpop_ndcg@10 : 0.0945    hit@10 : 0.5505    pop_hit@10 : 0.2818    unpop_hit@10 : 0.3904    precision@10 : 0.095    pop_precision@10 : 0.0334    unpop_precision@10 : 0.0616
Mon 01 Dec 2025 19:35:03 INFO  Saving current: saved/FairLightGCN-Dec-01-2025_19-19-23.pth
Mon 01 Dec 2025 19:36:20 INFO  epoch 12 training [time: 77.65s, train loss: 1161.2239]
Mon 01 Dec 2025 19:37:38 INFO  epoch 13 training [time: 77.95s, train loss: 1124.9432]
Mon 01 Dec 2025 19:37:40 INFO  epoch 13 evaluating [time: 1.55s, valid_score: 0.237400]
Mon 01 Dec 2025 19:37:40 INFO  valid result: 
recall@10 : 0.1094    pop_recall@10 : 0.1039    unpop_recall@10 : 0.0911    mrr@10 : 0.2884    pop_mrr@10 : 0.1652    unpop_mrr@10 : 0.1565    ndcg@10 : 0.1475    pop_ndcg@10 : 0.0898    unpop_ndcg@10 : 0.0899    hit@10 : 0.6219    pop_hit@10 : 0.4035    unpop_hit@10 : 0.3796    precision@10 : 0.1139    pop_precision@10 : 0.0535    unpop_precision@10 : 0.0605
Mon 01 Dec 2025 19:37:40 INFO  Saving current: saved/FairLightGCN-Dec-01-2025_19-19-23.pth
Mon 01 Dec 2025 19:38:58 INFO  epoch 14 training [time: 77.97s, train loss: 1107.2774]
Mon 01 Dec 2025 19:40:16 INFO  epoch 15 training [time: 78.48s, train loss: 1077.8006]
Mon 01 Dec 2025 19:40:18 INFO  epoch 15 evaluating [time: 1.58s, valid_score: 0.260300]
Mon 01 Dec 2025 19:40:18 INFO  valid result: 
recall@10 : 0.1495    pop_recall@10 : 0.1965    unpop_recall@10 : 0.0605    mrr@10 : 0.3746    pop_mrr@10 : 0.3175    unpop_mrr@10 : 0.0909    ndcg@10 : 0.2044    pop_ndcg@10 : 0.1875    unpop_ndcg@10 : 0.0559    hit@10 : 0.7238    pop_hit@10 : 0.631    unpop_hit@10 : 0.2654    precision@10 : 0.1586    pop_precision@10 : 0.1188    unpop_precision@10 : 0.0398
Mon 01 Dec 2025 19:40:18 INFO  Saving current: saved/FairLightGCN-Dec-01-2025_19-19-23.pth
Mon 01 Dec 2025 19:41:36 INFO  epoch 16 training [time: 78.07s, train loss: 1076.0261]
Mon 01 Dec 2025 19:42:55 INFO  epoch 17 training [time: 78.38s, train loss: 1056.4744]
Mon 01 Dec 2025 19:42:56 INFO  epoch 17 evaluating [time: 1.76s, valid_score: 0.262700]
Mon 01 Dec 2025 19:42:56 INFO  valid result: 
recall@10 : 0.153    pop_recall@10 : 0.2044    unpop_recall@10 : 0.0592    mrr@10 : 0.3792    pop_mrr@10 : 0.326    unpop_mrr@10 : 0.0874    ndcg@10 : 0.2088    pop_ndcg@10 : 0.195    unpop_ndcg@10 : 0.0539    hit@10 : 0.731    pop_hit@10 : 0.6457    unpop_hit@10 : 0.2609    precision@10 : 0.1615    pop_precision@10 : 0.1232    unpop_precision@10 : 0.0383
Mon 01 Dec 2025 19:42:56 INFO  Saving current: saved/FairLightGCN-Dec-01-2025_19-19-23.pth
Mon 01 Dec 2025 19:44:14 INFO  epoch 18 training [time: 77.78s, train loss: 1041.9917]
Mon 01 Dec 2025 19:45:33 INFO  epoch 19 training [time: 78.37s, train loss: 1025.6136]
Mon 01 Dec 2025 19:45:34 INFO  epoch 19 evaluating [time: 1.57s, valid_score: 0.264500]
Mon 01 Dec 2025 19:45:34 INFO  valid result: 
recall@10 : 0.1542    pop_recall@10 : 0.2067    unpop_recall@10 : 0.0597    mrr@10 : 0.3813    pop_mrr@10 : 0.3277    unpop_mrr@10 : 0.0893    ndcg@10 : 0.2098    pop_ndcg@10 : 0.1957    unpop_ndcg@10 : 0.0547    hit@10 : 0.7325    pop_hit@10 : 0.6487    unpop_hit@10 : 0.2664    precision@10 : 0.162    pop_precision@10 : 0.1229    unpop_precision@10 : 0.039
Mon 01 Dec 2025 19:45:34 INFO  Saving current: saved/FairLightGCN-Dec-01-2025_19-19-23.pth
Mon 01 Dec 2025 19:46:52 INFO  epoch 20 training [time: 77.68s, train loss: 1030.1528]
Mon 01 Dec 2025 19:48:09 INFO  epoch 21 training [time: 77.10s, train loss: 1033.8268]
Mon 01 Dec 2025 19:48:11 INFO  epoch 21 evaluating [time: 1.54s, valid_score: 0.266600]
Mon 01 Dec 2025 19:48:11 INFO  valid result: 
recall@10 : 0.1561    pop_recall@10 : 0.2083    unpop_recall@10 : 0.0612    mrr@10 : 0.3808    pop_mrr@10 : 0.3256    unpop_mrr@10 : 0.0923    ndcg@10 : 0.2104    pop_ndcg@10 : 0.1953    unpop_ndcg@10 : 0.0562    hit@10 : 0.7373    pop_hit@10 : 0.6515    unpop_hit@10 : 0.2732    precision@10 : 0.1627    pop_precision@10 : 0.1226    unpop_precision@10 : 0.0401
Mon 01 Dec 2025 19:48:11 INFO  Saving current: saved/FairLightGCN-Dec-01-2025_19-19-23.pth
Mon 01 Dec 2025 19:49:28 INFO  epoch 22 training [time: 76.94s, train loss: 1018.6385]
Mon 01 Dec 2025 19:50:45 INFO  epoch 23 training [time: 77.22s, train loss: 1016.8776]
Mon 01 Dec 2025 19:50:46 INFO  epoch 23 evaluating [time: 1.60s, valid_score: 0.268500]
Mon 01 Dec 2025 19:50:46 INFO  valid result: 
recall@10 : 0.1572    pop_recall@10 : 0.2082    unpop_recall@10 : 0.0635    mrr@10 : 0.379    pop_mrr@10 : 0.3224    unpop_mrr@10 : 0.0946    ndcg@10 : 0.2106    pop_ndcg@10 : 0.1941    unpop_ndcg@10 : 0.0579    hit@10 : 0.7404    pop_hit@10 : 0.6508    unpop_hit@10 : 0.282    precision@10 : 0.1631    pop_precision@10 : 0.1217    unpop_precision@10 : 0.0414
Mon 01 Dec 2025 19:50:47 INFO  Saving current: saved/FairLightGCN-Dec-01-2025_19-19-23.pth
Mon 01 Dec 2025 19:52:01 INFO  epoch 24 training [time: 74.47s, train loss: 1027.6386]
Mon 01 Dec 2025 19:53:18 INFO  epoch 25 training [time: 76.90s, train loss: 1005.5283]
Mon 01 Dec 2025 19:53:20 INFO  epoch 25 evaluating [time: 1.55s, valid_score: 0.270000]
Mon 01 Dec 2025 19:53:20 INFO  valid result: 
recall@10 : 0.1575    pop_recall@10 : 0.2083    unpop_recall@10 : 0.0639    mrr@10 : 0.381    pop_mrr@10 : 0.3223    unpop_mrr@10 : 0.0971    ndcg@10 : 0.2113    pop_ndcg@10 : 0.194    unpop_ndcg@10 : 0.0587    hit@10 : 0.7421    pop_hit@10 : 0.6508    unpop_hit@10 : 0.2849    precision@10 : 0.1634    pop_precision@10 : 0.1216    unpop_precision@10 : 0.0418
Mon 01 Dec 2025 19:53:20 INFO  Saving current: saved/FairLightGCN-Dec-01-2025_19-19-23.pth
Mon 01 Dec 2025 19:54:36 INFO  epoch 26 training [time: 76.51s, train loss: 994.6567]
Mon 01 Dec 2025 19:55:54 INFO  epoch 27 training [time: 77.59s, train loss: 983.5798]
Mon 01 Dec 2025 19:55:55 INFO  epoch 27 evaluating [time: 1.51s, valid_score: 0.270800]
Mon 01 Dec 2025 19:55:55 INFO  valid result: 
recall@10 : 0.1587    pop_recall@10 : 0.2107    unpop_recall@10 : 0.0639    mrr@10 : 0.3822    pop_mrr@10 : 0.3236    unpop_mrr@10 : 0.0968    ndcg@10 : 0.2125    pop_ndcg@10 : 0.1958    unpop_ndcg@10 : 0.0583    hit@10 : 0.746    pop_hit@10 : 0.6556    unpop_hit@10 : 0.2828    precision@10 : 0.1646    pop_precision@10 : 0.1233    unpop_precision@10 : 0.0412
Mon 01 Dec 2025 19:55:55 INFO  Saving current: saved/FairLightGCN-Dec-01-2025_19-19-23.pth
Mon 01 Dec 2025 19:57:13 INFO  epoch 28 training [time: 77.11s, train loss: 974.8478]
Mon 01 Dec 2025 19:58:30 INFO  epoch 29 training [time: 77.36s, train loss: 978.5348]
Mon 01 Dec 2025 19:58:31 INFO  epoch 29 evaluating [time: 1.54s, valid_score: 0.272700]
Mon 01 Dec 2025 19:58:31 INFO  valid result: 
recall@10 : 0.159    pop_recall@10 : 0.2098    unpop_recall@10 : 0.0653    mrr@10 : 0.3821    pop_mrr@10 : 0.3211    unpop_mrr@10 : 0.0998    ndcg@10 : 0.2127    pop_ndcg@10 : 0.1945    unpop_ndcg@10 : 0.06    hit@10 : 0.7477    pop_hit@10 : 0.6528    unpop_hit@10 : 0.2896    precision@10 : 0.1647    pop_precision@10 : 0.1222    unpop_precision@10 : 0.0425
Mon 01 Dec 2025 19:58:32 INFO  Saving current: saved/FairLightGCN-Dec-01-2025_19-19-23.pth
Mon 01 Dec 2025 19:59:49 INFO  epoch 30 training [time: 77.09s, train loss: 989.8533]
Mon 01 Dec 2025 20:01:06 INFO  epoch 31 training [time: 77.32s, train loss: 980.3396]
Mon 01 Dec 2025 20:01:08 INFO  epoch 31 evaluating [time: 1.58s, valid_score: 0.273100]
Mon 01 Dec 2025 20:01:08 INFO  valid result: 
recall@10 : 0.1593    pop_recall@10 : 0.2099    unpop_recall@10 : 0.0653    mrr@10 : 0.3826    pop_mrr@10 : 0.3218    unpop_mrr@10 : 0.1    ndcg@10 : 0.213    pop_ndcg@10 : 0.1947    unpop_ndcg@10 : 0.0601    hit@10 : 0.7464    pop_hit@10 : 0.6538    unpop_hit@10 : 0.2896    precision@10 : 0.1647    pop_precision@10 : 0.1221    unpop_precision@10 : 0.0426
Mon 01 Dec 2025 20:01:08 INFO  Saving current: saved/FairLightGCN-Dec-01-2025_19-19-23.pth
Mon 01 Dec 2025 20:02:25 INFO  epoch 32 training [time: 76.80s, train loss: 965.3913]
Mon 01 Dec 2025 20:03:42 INFO  epoch 33 training [time: 77.21s, train loss: 966.3899]
Mon 01 Dec 2025 20:03:43 INFO  epoch 33 evaluating [time: 1.51s, valid_score: 0.274800]
Mon 01 Dec 2025 20:03:43 INFO  valid result: 
recall@10 : 0.1603    pop_recall@10 : 0.2099    unpop_recall@10 : 0.0667    mrr@10 : 0.383    pop_mrr@10 : 0.3212    unpop_mrr@10 : 0.102    ndcg@10 : 0.2135    pop_ndcg@10 : 0.1942    unpop_ndcg@10 : 0.0613    hit@10 : 0.7492    pop_hit@10 : 0.6548    unpop_hit@10 : 0.2959    precision@10 : 0.1653    pop_precision@10 : 0.1217    unpop_precision@10 : 0.0435
Mon 01 Dec 2025 20:03:43 INFO  Saving current: saved/FairLightGCN-Dec-01-2025_19-19-23.pth
Mon 01 Dec 2025 20:05:00 INFO  epoch 34 training [time: 76.50s, train loss: 977.1515]
Mon 01 Dec 2025 20:06:17 INFO  epoch 35 training [time: 77.47s, train loss: 975.8655]
Mon 01 Dec 2025 20:06:19 INFO  epoch 35 evaluating [time: 1.51s, valid_score: 0.274900]
Mon 01 Dec 2025 20:06:19 INFO  valid result: 
recall@10 : 0.161    pop_recall@10 : 0.2108    unpop_recall@10 : 0.0668    mrr@10 : 0.3833    pop_mrr@10 : 0.3225    unpop_mrr@10 : 0.1012    ndcg@10 : 0.2139    pop_ndcg@10 : 0.195    unpop_ndcg@10 : 0.061    hit@10 : 0.7493    pop_hit@10 : 0.6553    unpop_hit@10 : 0.2969    precision@10 : 0.1654    pop_precision@10 : 0.1219    unpop_precision@10 : 0.0436
Mon 01 Dec 2025 20:06:19 INFO  Saving current: saved/FairLightGCN-Dec-01-2025_19-19-23.pth
Mon 01 Dec 2025 20:07:36 INFO  epoch 36 training [time: 77.21s, train loss: 982.2471]
Mon 01 Dec 2025 20:08:53 INFO  epoch 37 training [time: 77.05s, train loss: 1002.2702]
Mon 01 Dec 2025 20:08:55 INFO  epoch 37 evaluating [time: 1.44s, valid_score: 0.275400]
Mon 01 Dec 2025 20:08:55 INFO  valid result: 
recall@10 : 0.1613    pop_recall@10 : 0.2106    unpop_recall@10 : 0.0672    mrr@10 : 0.3843    pop_mrr@10 : 0.3227    unpop_mrr@10 : 0.1022    ndcg@10 : 0.2141    pop_ndcg@10 : 0.1949    unpop_ndcg@10 : 0.0613    hit@10 : 0.7488    pop_hit@10 : 0.653    unpop_hit@10 : 0.2988    precision@10 : 0.1652    pop_precision@10 : 0.1216    unpop_precision@10 : 0.0437
Mon 01 Dec 2025 20:08:55 INFO  Saving current: saved/FairLightGCN-Dec-01-2025_19-19-23.pth
Mon 01 Dec 2025 20:10:11 INFO  epoch 38 training [time: 76.03s, train loss: 978.1361]
Mon 01 Dec 2025 20:11:28 INFO  epoch 39 training [time: 76.73s, train loss: 998.2792]
Mon 01 Dec 2025 20:11:29 INFO  epoch 39 evaluating [time: 1.44s, valid_score: 0.276500]
Mon 01 Dec 2025 20:11:29 INFO  valid result: 
recall@10 : 0.162    pop_recall@10 : 0.2111    unpop_recall@10 : 0.0678    mrr@10 : 0.3853    pop_mrr@10 : 0.3232    unpop_mrr@10 : 0.1027    ndcg@10 : 0.2146    pop_ndcg@10 : 0.1951    unpop_ndcg@10 : 0.0619    hit@10 : 0.7495    pop_hit@10 : 0.654    unpop_hit@10 : 0.3002    precision@10 : 0.1657    pop_precision@10 : 0.1216    unpop_precision@10 : 0.0441
Mon 01 Dec 2025 20:11:29 INFO  Saving current: saved/FairLightGCN-Dec-01-2025_19-19-23.pth
Mon 01 Dec 2025 20:12:46 INFO  epoch 40 training [time: 76.90s, train loss: 1006.4283]
Mon 01 Dec 2025 20:14:03 INFO  epoch 41 training [time: 77.19s, train loss: 994.3073]
Mon 01 Dec 2025 20:14:05 INFO  epoch 41 evaluating [time: 1.51s, valid_score: 0.276900]
Mon 01 Dec 2025 20:14:05 INFO  valid result: 
recall@10 : 0.1624    pop_recall@10 : 0.2115    unpop_recall@10 : 0.0678    mrr@10 : 0.3863    pop_mrr@10 : 0.3242    unpop_mrr@10 : 0.1029    ndcg@10 : 0.215    pop_ndcg@10 : 0.1955    unpop_ndcg@10 : 0.0619    hit@10 : 0.7508    pop_hit@10 : 0.6551    unpop_hit@10 : 0.3007    precision@10 : 0.1657    pop_precision@10 : 0.1217    unpop_precision@10 : 0.044
Mon 01 Dec 2025 20:14:05 INFO  Saving current: saved/FairLightGCN-Dec-01-2025_19-19-23.pth
Mon 01 Dec 2025 20:15:22 INFO  epoch 42 training [time: 76.86s, train loss: 970.5761]
Mon 01 Dec 2025 20:16:39 INFO  epoch 43 training [time: 77.18s, train loss: 992.3707]
Mon 01 Dec 2025 20:16:41 INFO  epoch 43 evaluating [time: 1.48s, valid_score: 0.277700]
Mon 01 Dec 2025 20:16:41 INFO  valid result: 
recall@10 : 0.1624    pop_recall@10 : 0.2106    unpop_recall@10 : 0.0687    mrr@10 : 0.3852    pop_mrr@10 : 0.3221    unpop_mrr@10 : 0.1042    ndcg@10 : 0.2147    pop_ndcg@10 : 0.1941    unpop_ndcg@10 : 0.063    hit@10 : 0.7517    pop_hit@10 : 0.6526    unpop_hit@10 : 0.304    precision@10 : 0.1657    pop_precision@10 : 0.1207    unpop_precision@10 : 0.045
Mon 01 Dec 2025 20:16:41 INFO  Saving current: saved/FairLightGCN-Dec-01-2025_19-19-23.pth
Mon 01 Dec 2025 20:17:56 INFO  epoch 44 training [time: 75.47s, train loss: 973.4961]
Mon 01 Dec 2025 20:19:13 INFO  epoch 45 training [time: 77.05s, train loss: 979.2961]
Mon 01 Dec 2025 20:19:15 INFO  epoch 45 evaluating [time: 1.55s, valid_score: 0.278000]
Mon 01 Dec 2025 20:19:15 INFO  valid result: 
recall@10 : 0.1627    pop_recall@10 : 0.2113    unpop_recall@10 : 0.0681    mrr@10 : 0.3864    pop_mrr@10 : 0.3229    unpop_mrr@10 : 0.1044    ndcg@10 : 0.2152    pop_ndcg@10 : 0.1948    unpop_ndcg@10 : 0.0628    hit@10 : 0.752    pop_hit@10 : 0.6533    unpop_hit@10 : 0.3017    precision@10 : 0.1659    pop_precision@10 : 0.1212    unpop_precision@10 : 0.0447
Mon 01 Dec 2025 20:19:15 INFO  Saving current: saved/FairLightGCN-Dec-01-2025_19-19-23.pth
Mon 01 Dec 2025 20:20:32 INFO  epoch 46 training [time: 77.31s, train loss: 990.6614]
Mon 01 Dec 2025 20:21:49 INFO  epoch 47 training [time: 77.01s, train loss: 1003.0748]
Mon 01 Dec 2025 20:21:51 INFO  epoch 47 evaluating [time: 1.36s, valid_score: 0.278200]
Mon 01 Dec 2025 20:21:51 INFO  valid result: 
recall@10 : 0.1628    pop_recall@10 : 0.2113    unpop_recall@10 : 0.0682    mrr@10 : 0.3877    pop_mrr@10 : 0.324    unpop_mrr@10 : 0.1048    ndcg@10 : 0.2153    pop_ndcg@10 : 0.1949    unpop_ndcg@10 : 0.0629    hit@10 : 0.7523    pop_hit@10 : 0.6531    unpop_hit@10 : 0.3025    precision@10 : 0.1654    pop_precision@10 : 0.1207    unpop_precision@10 : 0.0447
Mon 01 Dec 2025 20:21:51 INFO  Saving current: saved/FairLightGCN-Dec-01-2025_19-19-23.pth
Mon 01 Dec 2025 20:23:07 INFO  epoch 48 training [time: 76.30s, train loss: 985.1423]
Mon 01 Dec 2025 20:24:24 INFO  epoch 49 training [time: 77.34s, train loss: 983.6439]
Mon 01 Dec 2025 20:24:26 INFO  epoch 49 evaluating [time: 1.36s, valid_score: 0.278200]
Mon 01 Dec 2025 20:24:26 INFO  valid result: 
recall@10 : 0.1621    pop_recall@10 : 0.2099    unpop_recall@10 : 0.0688    mrr@10 : 0.3864    pop_mrr@10 : 0.3217    unpop_mrr@10 : 0.1063    ndcg@10 : 0.2146    pop_ndcg@10 : 0.1935    unpop_ndcg@10 : 0.0636    hit@10 : 0.7503    pop_hit@10 : 0.6513    unpop_hit@10 : 0.3043    precision@10 : 0.1647    pop_precision@10 : 0.1197    unpop_precision@10 : 0.045
Mon 01 Dec 2025 20:24:26 INFO  Saving current: saved/FairLightGCN-Dec-01-2025_19-19-23.pth
Mon 01 Dec 2025 20:25:43 INFO  epoch 50 training [time: 76.60s, train loss: 997.2517]
Mon 01 Dec 2025 20:27:00 INFO  epoch 51 training [time: 77.42s, train loss: 1017.8437]
Mon 01 Dec 2025 20:27:01 INFO  epoch 51 evaluating [time: 1.52s, valid_score: 0.278500]
Mon 01 Dec 2025 20:27:01 INFO  valid result: 
recall@10 : 0.1628    pop_recall@10 : 0.2113    unpop_recall@10 : 0.0686    mrr@10 : 0.3873    pop_mrr@10 : 0.323    unpop_mrr@10 : 0.1054    ndcg@10 : 0.2153    pop_ndcg@10 : 0.1948    unpop_ndcg@10 : 0.0632    hit@10 : 0.7518    pop_hit@10 : 0.6531    unpop_hit@10 : 0.3028    precision@10 : 0.1654    pop_precision@10 : 0.1206    unpop_precision@10 : 0.0448
Mon 01 Dec 2025 20:27:02 INFO  Saving current: saved/FairLightGCN-Dec-01-2025_19-19-23.pth
Mon 01 Dec 2025 20:28:19 INFO  epoch 52 training [time: 76.91s, train loss: 991.0906]
Mon 01 Dec 2025 20:29:36 INFO  epoch 53 training [time: 77.38s, train loss: 1015.7109]
Mon 01 Dec 2025 20:29:37 INFO  epoch 53 evaluating [time: 1.52s, valid_score: 0.279100]
Mon 01 Dec 2025 20:29:37 INFO  valid result: 
recall@10 : 0.1632    pop_recall@10 : 0.211    unpop_recall@10 : 0.069    mrr@10 : 0.387    pop_mrr@10 : 0.3215    unpop_mrr@10 : 0.1072    ndcg@10 : 0.2152    pop_ndcg@10 : 0.1938    unpop_ndcg@10 : 0.0639    hit@10 : 0.7525    pop_hit@10 : 0.6525    unpop_hit@10 : 0.3061    precision@10 : 0.1653    pop_precision@10 : 0.12    unpop_precision@10 : 0.0453
Mon 01 Dec 2025 20:29:38 INFO  Saving current: saved/FairLightGCN-Dec-01-2025_19-19-23.pth
Mon 01 Dec 2025 20:30:55 INFO  epoch 54 training [time: 77.14s, train loss: 1012.9175]
Mon 01 Dec 2025 20:32:12 INFO  epoch 55 training [time: 77.44s, train loss: 1028.5867]
Mon 01 Dec 2025 20:32:14 INFO  epoch 55 evaluating [time: 1.42s, valid_score: 0.278800]
Mon 01 Dec 2025 20:32:14 INFO  valid result: 
recall@10 : 0.1629    pop_recall@10 : 0.2108    unpop_recall@10 : 0.069    mrr@10 : 0.3883    pop_mrr@10 : 0.3238    unpop_mrr@10 : 0.1057    ndcg@10 : 0.2154    pop_ndcg@10 : 0.1946    unpop_ndcg@10 : 0.0634    hit@10 : 0.7517    pop_hit@10 : 0.6518    unpop_hit@10 : 0.3028    precision@10 : 0.1652    pop_precision@10 : 0.1203    unpop_precision@10 : 0.0449
Mon 01 Dec 2025 20:33:30 INFO  epoch 56 training [time: 76.01s, train loss: 1006.0664]
Mon 01 Dec 2025 20:34:47 INFO  epoch 57 training [time: 77.29s, train loss: 986.0796]
Mon 01 Dec 2025 20:34:48 INFO  epoch 57 evaluating [time: 1.55s, valid_score: 0.279500]
Mon 01 Dec 2025 20:34:48 INFO  valid result: 
recall@10 : 0.1628    pop_recall@10 : 0.2103    unpop_recall@10 : 0.0695    mrr@10 : 0.3888    pop_mrr@10 : 0.324    unpop_mrr@10 : 0.1067    ndcg@10 : 0.2156    pop_ndcg@10 : 0.1944    unpop_ndcg@10 : 0.0639    hit@10 : 0.75    pop_hit@10 : 0.652    unpop_hit@10 : 0.3041    precision@10 : 0.1654    pop_precision@10 : 0.1202    unpop_precision@10 : 0.0452
Mon 01 Dec 2025 20:34:49 INFO  Saving current: saved/FairLightGCN-Dec-01-2025_19-19-23.pth
Mon 01 Dec 2025 20:36:06 INFO  epoch 58 training [time: 77.14s, train loss: 1003.5781]
Mon 01 Dec 2025 20:37:24 INFO  epoch 59 training [time: 77.96s, train loss: 1012.3485]
Mon 01 Dec 2025 20:37:25 INFO  epoch 59 evaluating [time: 1.56s, valid_score: 0.279500]
Mon 01 Dec 2025 20:37:25 INFO  valid result: 
recall@10 : 0.1632    pop_recall@10 : 0.2108    unpop_recall@10 : 0.0695    mrr@10 : 0.3895    pop_mrr@10 : 0.325    unpop_mrr@10 : 0.1064    ndcg@10 : 0.2159    pop_ndcg@10 : 0.1951    unpop_ndcg@10 : 0.0636    hit@10 : 0.7512    pop_hit@10 : 0.6528    unpop_hit@10 : 0.305    precision@10 : 0.1655    pop_precision@10 : 0.1206    unpop_precision@10 : 0.0449
Mon 01 Dec 2025 20:37:25 INFO  Saving current: saved/FairLightGCN-Dec-01-2025_19-19-23.pth
Mon 01 Dec 2025 20:38:28 INFO  epoch 60 training [time: 63.08s, train loss: 1015.7588]
Mon 01 Dec 2025 20:39:23 INFO  epoch 61 training [time: 54.75s, train loss: 987.0227]
Mon 01 Dec 2025 20:39:24 INFO  epoch 61 evaluating [time: 0.54s, valid_score: 0.280400]
Mon 01 Dec 2025 20:39:24 INFO  valid result: 
recall@10 : 0.1636    pop_recall@10 : 0.2108    unpop_recall@10 : 0.0701    mrr@10 : 0.3908    pop_mrr@10 : 0.3266    unpop_mrr@10 : 0.1063    ndcg@10 : 0.2165    pop_ndcg@10 : 0.1954    unpop_ndcg@10 : 0.0639    hit@10 : 0.7505    pop_hit@10 : 0.6517    unpop_hit@10 : 0.3071    precision@10 : 0.1662    pop_precision@10 : 0.1207    unpop_precision@10 : 0.0454
Mon 01 Dec 2025 20:39:24 INFO  Saving current: saved/FairLightGCN-Dec-01-2025_19-19-23.pth
Mon 01 Dec 2025 20:40:18 INFO  epoch 62 training [time: 54.24s, train loss: 1000.9309]
Mon 01 Dec 2025 20:41:13 INFO  epoch 63 training [time: 54.83s, train loss: 979.4447]
Mon 01 Dec 2025 20:41:14 INFO  epoch 63 evaluating [time: 0.56s, valid_score: 0.280600]
Mon 01 Dec 2025 20:41:14 INFO  valid result: 
recall@10 : 0.1637    pop_recall@10 : 0.2106    unpop_recall@10 : 0.0701    mrr@10 : 0.391    pop_mrr@10 : 0.3265    unpop_mrr@10 : 0.107    ndcg@10 : 0.2165    pop_ndcg@10 : 0.1952    unpop_ndcg@10 : 0.0641    hit@10 : 0.7508    pop_hit@10 : 0.6515    unpop_hit@10 : 0.307    precision@10 : 0.1657    pop_precision@10 : 0.1204    unpop_precision@10 : 0.0453
Mon 01 Dec 2025 20:41:14 INFO  Saving current: saved/FairLightGCN-Dec-01-2025_19-19-23.pth
Mon 01 Dec 2025 20:42:09 INFO  epoch 64 training [time: 54.74s, train loss: 997.7173]
Mon 01 Dec 2025 20:43:03 INFO  epoch 65 training [time: 54.71s, train loss: 984.9031]
Mon 01 Dec 2025 20:43:04 INFO  epoch 65 evaluating [time: 0.59s, valid_score: 0.280800]
Mon 01 Dec 2025 20:43:04 INFO  valid result: 
recall@10 : 0.1643    pop_recall@10 : 0.2122    unpop_recall@10 : 0.0703    mrr@10 : 0.3905    pop_mrr@10 : 0.3264    unpop_mrr@10 : 0.1064    ndcg@10 : 0.2168    pop_ndcg@10 : 0.1959    unpop_ndcg@10 : 0.064    hit@10 : 0.7526    pop_hit@10 : 0.6546    unpop_hit@10 : 0.3065    precision@10 : 0.1662    pop_precision@10 : 0.121    unpop_precision@10 : 0.0452
Mon 01 Dec 2025 20:43:04 INFO  Saving current: saved/FairLightGCN-Dec-01-2025_19-19-23.pth
Mon 01 Dec 2025 20:43:58 INFO  epoch 66 training [time: 53.70s, train loss: 977.7859]
Mon 01 Dec 2025 20:44:52 INFO  epoch 67 training [time: 54.33s, train loss: 970.3502]
Mon 01 Dec 2025 20:44:53 INFO  epoch 67 evaluating [time: 0.56s, valid_score: 0.281900]
Mon 01 Dec 2025 20:44:53 INFO  valid result: 
recall@10 : 0.1643    pop_recall@10 : 0.211    unpop_recall@10 : 0.071    mrr@10 : 0.3903    pop_mrr@10 : 0.3248    unpop_mrr@10 : 0.1084    ndcg@10 : 0.2169    pop_ndcg@10 : 0.195    unpop_ndcg@10 : 0.065    hit@10 : 0.7523    pop_hit@10 : 0.6526    unpop_hit@10 : 0.3098    precision@10 : 0.1662    pop_precision@10 : 0.1204    unpop_precision@10 : 0.0458
Mon 01 Dec 2025 20:44:53 INFO  Saving current: saved/FairLightGCN-Dec-01-2025_19-19-23.pth
Mon 01 Dec 2025 20:45:48 INFO  epoch 68 training [time: 54.97s, train loss: 977.4079]
Mon 01 Dec 2025 20:46:43 INFO  epoch 69 training [time: 54.87s, train loss: 975.8989]
Mon 01 Dec 2025 20:46:43 INFO  epoch 69 evaluating [time: 0.57s, valid_score: 0.281800]
Mon 01 Dec 2025 20:46:43 INFO  valid result: 
recall@10 : 0.1648    pop_recall@10 : 0.2117    unpop_recall@10 : 0.0706    mrr@10 : 0.3909    pop_mrr@10 : 0.3261    unpop_mrr@10 : 0.1076    ndcg@10 : 0.2172    pop_ndcg@10 : 0.1957    unpop_ndcg@10 : 0.0646    hit@10 : 0.7541    pop_hit@10 : 0.655    unpop_hit@10 : 0.3096    precision@10 : 0.1666    pop_precision@10 : 0.1209    unpop_precision@10 : 0.0458
Mon 01 Dec 2025 20:47:38 INFO  epoch 70 training [time: 54.49s, train loss: 969.8179]
Mon 01 Dec 2025 20:48:32 INFO  epoch 71 training [time: 54.22s, train loss: 984.2204]
Mon 01 Dec 2025 20:48:32 INFO  epoch 71 evaluating [time: 0.56s, valid_score: 0.281600]
Mon 01 Dec 2025 20:48:32 INFO  valid result: 
recall@10 : 0.164    pop_recall@10 : 0.2107    unpop_recall@10 : 0.0706    mrr@10 : 0.3909    pop_mrr@10 : 0.3252    unpop_mrr@10 : 0.1087    ndcg@10 : 0.2166    pop_ndcg@10 : 0.1947    unpop_ndcg@10 : 0.065    hit@10 : 0.7535    pop_hit@10 : 0.6535    unpop_hit@10 : 0.3096    precision@10 : 0.1662    pop_precision@10 : 0.1202    unpop_precision@10 : 0.046
Mon 01 Dec 2025 20:49:26 INFO  epoch 72 training [time: 53.93s, train loss: 1005.4137]
Mon 01 Dec 2025 20:50:21 INFO  epoch 73 training [time: 54.40s, train loss: 997.0035]
Mon 01 Dec 2025 20:50:21 INFO  epoch 73 evaluating [time: 0.58s, valid_score: 0.282400]
Mon 01 Dec 2025 20:50:21 INFO  valid result: 
recall@10 : 0.1652    pop_recall@10 : 0.212    unpop_recall@10 : 0.0709    mrr@10 : 0.3929    pop_mrr@10 : 0.3277    unpop_mrr@10 : 0.1081    ndcg@10 : 0.2176    pop_ndcg@10 : 0.1961    unpop_ndcg@10 : 0.0648    hit@10 : 0.7546    pop_hit@10 : 0.6548    unpop_hit@10 : 0.3106    precision@10 : 0.1664    pop_precision@10 : 0.1207    unpop_precision@10 : 0.0457
Mon 01 Dec 2025 20:50:21 INFO  Saving current: saved/FairLightGCN-Dec-01-2025_19-19-23.pth
Mon 01 Dec 2025 20:51:15 INFO  epoch 74 training [time: 53.28s, train loss: 1003.4107]
Mon 01 Dec 2025 20:52:07 INFO  epoch 75 training [time: 52.44s, train loss: 998.3506]
Mon 01 Dec 2025 20:52:08 INFO  epoch 75 evaluating [time: 0.48s, valid_score: 0.282000]
Mon 01 Dec 2025 20:52:08 INFO  valid result: 
recall@10 : 0.1648    pop_recall@10 : 0.2112    unpop_recall@10 : 0.0711    mrr@10 : 0.3906    pop_mrr@10 : 0.3253    unpop_mrr@10 : 0.1081    ndcg@10 : 0.2171    pop_ndcg@10 : 0.1953    unpop_ndcg@10 : 0.0649    hit@10 : 0.7531    pop_hit@10 : 0.6523    unpop_hit@10 : 0.3104    precision@10 : 0.1664    pop_precision@10 : 0.1207    unpop_precision@10 : 0.0457
Mon 01 Dec 2025 20:53:00 INFO  epoch 76 training [time: 52.40s, train loss: 1011.5284]
Mon 01 Dec 2025 20:53:53 INFO  epoch 77 training [time: 52.77s, train loss: 1012.2351]
Mon 01 Dec 2025 20:53:53 INFO  epoch 77 evaluating [time: 0.55s, valid_score: 0.282200]
Mon 01 Dec 2025 20:53:53 INFO  valid result: 
recall@10 : 0.1647    pop_recall@10 : 0.2103    unpop_recall@10 : 0.0717    mrr@10 : 0.3898    pop_mrr@10 : 0.3235    unpop_mrr@10 : 0.1097    ndcg@10 : 0.2164    pop_ndcg@10 : 0.1938    unpop_ndcg@10 : 0.0658    hit@10 : 0.755    pop_hit@10 : 0.652    unpop_hit@10 : 0.3142    precision@10 : 0.1658    pop_precision@10 : 0.1193    unpop_precision@10 : 0.0465
Mon 01 Dec 2025 20:54:48 INFO  epoch 78 training [time: 54.81s, train loss: 1023.0280]
Mon 01 Dec 2025 20:55:43 INFO  epoch 79 training [time: 54.49s, train loss: 1040.5047]
Mon 01 Dec 2025 20:55:43 INFO  epoch 79 evaluating [time: 0.58s, valid_score: 0.282300]
Mon 01 Dec 2025 20:55:43 INFO  valid result: 
recall@10 : 0.1648    pop_recall@10 : 0.2106    unpop_recall@10 : 0.0719    mrr@10 : 0.3906    pop_mrr@10 : 0.3248    unpop_mrr@10 : 0.109    ndcg@10 : 0.2167    pop_ndcg@10 : 0.1943    unpop_ndcg@10 : 0.0656    hit@10 : 0.7566    pop_hit@10 : 0.653    unpop_hit@10 : 0.3137    precision@10 : 0.1658    pop_precision@10 : 0.1196    unpop_precision@10 : 0.0463
Mon 01 Dec 2025 20:56:38 INFO  epoch 80 training [time: 54.64s, train loss: 972.7854]
Mon 01 Dec 2025 20:57:33 INFO  epoch 81 training [time: 54.78s, train loss: 972.4481]
Mon 01 Dec 2025 20:57:33 INFO  epoch 81 evaluating [time: 0.58s, valid_score: 0.282300]
Mon 01 Dec 2025 20:57:33 INFO  valid result: 
recall@10 : 0.1652    pop_recall@10 : 0.2113    unpop_recall@10 : 0.0714    mrr@10 : 0.3911    pop_mrr@10 : 0.3259    unpop_mrr@10 : 0.108    ndcg@10 : 0.2172    pop_ndcg@10 : 0.1953    unpop_ndcg@10 : 0.0651    hit@10 : 0.7563    pop_hit@10 : 0.6533    unpop_hit@10 : 0.3111    precision@10 : 0.1665    pop_precision@10 : 0.1205    unpop_precision@10 : 0.0459
Mon 01 Dec 2025 20:58:28 INFO  epoch 82 training [time: 55.23s, train loss: 992.6211]
Mon 01 Dec 2025 20:59:24 INFO  epoch 83 training [time: 55.13s, train loss: 975.1010]
Mon 01 Dec 2025 20:59:24 INFO  epoch 83 evaluating [time: 0.56s, valid_score: 0.282200]
Mon 01 Dec 2025 20:59:24 INFO  valid result: 
recall@10 : 0.1646    pop_recall@10 : 0.2104    unpop_recall@10 : 0.0718    mrr@10 : 0.3906    pop_mrr@10 : 0.3255    unpop_mrr@10 : 0.1085    ndcg@10 : 0.2167    pop_ndcg@10 : 0.1945    unpop_ndcg@10 : 0.0655    hit@10 : 0.7543    pop_hit@10 : 0.6528    unpop_hit@10 : 0.3116    precision@10 : 0.1659    pop_precision@10 : 0.1197    unpop_precision@10 : 0.0462
Mon 01 Dec 2025 21:00:18 INFO  epoch 84 training [time: 54.23s, train loss: 982.9215]
Mon 01 Dec 2025 21:01:13 INFO  epoch 85 training [time: 54.28s, train loss: 996.6611]
Mon 01 Dec 2025 21:01:13 INFO  epoch 85 evaluating [time: 0.58s, valid_score: 0.282700]
Mon 01 Dec 2025 21:01:13 INFO  valid result: 
recall@10 : 0.1648    pop_recall@10 : 0.2101    unpop_recall@10 : 0.0724    mrr@10 : 0.3904    pop_mrr@10 : 0.3242    unpop_mrr@10 : 0.1094    ndcg@10 : 0.2167    pop_ndcg@10 : 0.194    unpop_ndcg@10 : 0.066    hit@10 : 0.7553    pop_hit@10 : 0.6507    unpop_hit@10 : 0.3139    precision@10 : 0.1658    pop_precision@10 : 0.1192    unpop_precision@10 : 0.0466
Mon 01 Dec 2025 21:01:13 INFO  Saving current: saved/FairLightGCN-Dec-01-2025_19-19-23.pth
Mon 01 Dec 2025 21:02:02 INFO  epoch 86 training [time: 48.99s, train loss: 957.9546]
Mon 01 Dec 2025 21:02:57 INFO  epoch 87 training [time: 54.48s, train loss: 990.1320]
Mon 01 Dec 2025 21:02:57 INFO  epoch 87 evaluating [time: 0.56s, valid_score: 0.282800]
Mon 01 Dec 2025 21:02:57 INFO  valid result: 
recall@10 : 0.1648    pop_recall@10 : 0.2101    unpop_recall@10 : 0.0724    mrr@10 : 0.3909    pop_mrr@10 : 0.3243    unpop_mrr@10 : 0.11    ndcg@10 : 0.2166    pop_ndcg@10 : 0.1936    unpop_ndcg@10 : 0.0662    hit@10 : 0.756    pop_hit@10 : 0.6518    unpop_hit@10 : 0.3142    precision@10 : 0.1655    pop_precision@10 : 0.1188    unpop_precision@10 : 0.0467
Mon 01 Dec 2025 21:02:58 INFO  Saving current: saved/FairLightGCN-Dec-01-2025_19-19-23.pth
Mon 01 Dec 2025 21:03:53 INFO  epoch 88 training [time: 55.16s, train loss: 966.0800]
Mon 01 Dec 2025 21:04:45 INFO  epoch 89 training [time: 51.90s, train loss: 951.7812]
Mon 01 Dec 2025 21:04:45 INFO  epoch 89 evaluating [time: 0.32s, valid_score: 0.282000]
Mon 01 Dec 2025 21:04:45 INFO  valid result: 
recall@10 : 0.165    pop_recall@10 : 0.2109    unpop_recall@10 : 0.0719    mrr@10 : 0.3903    pop_mrr@10 : 0.3248    unpop_mrr@10 : 0.1087    ndcg@10 : 0.2165    pop_ndcg@10 : 0.1942    unpop_ndcg@10 : 0.0655    hit@10 : 0.7561    pop_hit@10 : 0.6531    unpop_hit@10 : 0.3127    precision@10 : 0.1656    pop_precision@10 : 0.1194    unpop_precision@10 : 0.0461
Mon 01 Dec 2025 21:05:21 INFO  epoch 90 training [time: 36.07s, train loss: 939.6253]
Mon 01 Dec 2025 21:06:08 INFO  epoch 91 training [time: 46.80s, train loss: 958.2032]
Mon 01 Dec 2025 21:06:08 INFO  epoch 91 evaluating [time: 0.55s, valid_score: 0.282000]
Mon 01 Dec 2025 21:06:08 INFO  valid result: 
recall@10 : 0.1651    pop_recall@10 : 0.2109    unpop_recall@10 : 0.0721    mrr@10 : 0.3907    pop_mrr@10 : 0.3257    unpop_mrr@10 : 0.1082    ndcg@10 : 0.2166    pop_ndcg@10 : 0.1945    unpop_ndcg@10 : 0.0654    hit@10 : 0.757    pop_hit@10 : 0.6538    unpop_hit@10 : 0.3124    precision@10 : 0.1656    pop_precision@10 : 0.1197    unpop_precision@10 : 0.046
Mon 01 Dec 2025 21:07:02 INFO  epoch 92 training [time: 53.74s, train loss: 964.2763]
Mon 01 Dec 2025 21:07:57 INFO  epoch 93 training [time: 54.57s, train loss: 951.3255]
Mon 01 Dec 2025 21:07:57 INFO  epoch 93 evaluating [time: 0.56s, valid_score: 0.281900]
Mon 01 Dec 2025 21:07:57 INFO  valid result: 
recall@10 : 0.1651    pop_recall@10 : 0.211    unpop_recall@10 : 0.0725    mrr@10 : 0.3897    pop_mrr@10 : 0.3243    unpop_mrr@10 : 0.1084    ndcg@10 : 0.2163    pop_ndcg@10 : 0.1942    unpop_ndcg@10 : 0.0656    hit@10 : 0.7583    pop_hit@10 : 0.654    unpop_hit@10 : 0.3131    precision@10 : 0.1655    pop_precision@10 : 0.1194    unpop_precision@10 : 0.0462
Mon 01 Dec 2025 21:08:52 INFO  epoch 94 training [time: 54.58s, train loss: 927.1228]
Mon 01 Dec 2025 21:09:47 INFO  epoch 95 training [time: 54.66s, train loss: 965.9354]
Mon 01 Dec 2025 21:09:47 INFO  epoch 95 evaluating [time: 0.59s, valid_score: 0.281500]
Mon 01 Dec 2025 21:09:47 INFO  valid result: 
recall@10 : 0.1649    pop_recall@10 : 0.2107    unpop_recall@10 : 0.0721    mrr@10 : 0.3914    pop_mrr@10 : 0.3266    unpop_mrr@10 : 0.1077    ndcg@10 : 0.2164    pop_ndcg@10 : 0.1946    unpop_ndcg@10 : 0.0651    hit@10 : 0.7566    pop_hit@10 : 0.6543    unpop_hit@10 : 0.3101    precision@10 : 0.1652    pop_precision@10 : 0.1195    unpop_precision@10 : 0.0457
Mon 01 Dec 2025 21:10:41 INFO  epoch 96 training [time: 53.97s, train loss: 966.0780]
Mon 01 Dec 2025 21:11:35 INFO  epoch 97 training [time: 53.78s, train loss: 972.2164]
Mon 01 Dec 2025 21:11:35 INFO  epoch 97 evaluating [time: 0.48s, valid_score: 0.281900]
Mon 01 Dec 2025 21:11:35 INFO  valid result: 
recall@10 : 0.1654    pop_recall@10 : 0.2114    unpop_recall@10 : 0.073    mrr@10 : 0.3901    pop_mrr@10 : 0.3248    unpop_mrr@10 : 0.1087    ndcg@10 : 0.2162    pop_ndcg@10 : 0.194    unpop_ndcg@10 : 0.0657    hit@10 : 0.7593    pop_hit@10 : 0.6556    unpop_hit@10 : 0.3146    precision@10 : 0.1655    pop_precision@10 : 0.1193    unpop_precision@10 : 0.0462
Mon 01 Dec 2025 21:12:29 INFO  epoch 98 training [time: 53.59s, train loss: 983.7152]
Mon 01 Dec 2025 21:13:23 INFO  epoch 99 training [time: 53.86s, train loss: 990.0341]
Mon 01 Dec 2025 21:13:23 INFO  epoch 99 evaluating [time: 0.58s, valid_score: 0.281800]
Mon 01 Dec 2025 21:13:23 INFO  valid result: 
recall@10 : 0.1647    pop_recall@10 : 0.2103    unpop_recall@10 : 0.0724    mrr@10 : 0.3906    pop_mrr@10 : 0.3251    unpop_mrr@10 : 0.109    ndcg@10 : 0.2161    pop_ndcg@10 : 0.1937    unpop_ndcg@10 : 0.0657    hit@10 : 0.7584    pop_hit@10 : 0.6541    unpop_hit@10 : 0.3141    precision@10 : 0.1651    pop_precision@10 : 0.1188    unpop_precision@10 : 0.0462
Mon 01 Dec 2025 21:13:23 INFO  Loading model structure and parameters from saved/FairLightGCN-Dec-01-2025_19-19-23.pth
Mon 01 Dec 2025 21:13:24 INFO  count    1603.000000
mean       37.679351
std        54.266032
min         1.000000
25%         4.000000
50%        16.000000
75%        49.500000
max       442.000000
dtype: float64
Mon 01 Dec 2025 21:13:25 INFO  The running environment of this training is as follows:
+-------------+-----------------+
| Environment |      Usage      |
+=============+=================+
| CPU         |     2.20 %      |
+-------------+-----------------+
| GPU         | 0.30 G/47.53 G  |
+-------------+-----------------+
| Memory      | 1.99 G/251.48 G |
+-------------+-----------------+
Mon 01 Dec 2025 21:13:25 INFO  best valid : OrderedDict([('recall@10', 0.1648), ('pop_recall@10', 0.2101), ('unpop_recall@10', 0.0724), ('mrr@10', 0.3909), ('pop_mrr@10', 0.3243), ('unpop_mrr@10', 0.11), ('ndcg@10', 0.2166), ('pop_ndcg@10', 0.1936), ('unpop_ndcg@10', 0.0662), ('hit@10', 0.756), ('pop_hit@10', 0.6518), ('unpop_hit@10', 0.3142), ('precision@10', 0.1655), ('pop_precision@10', 0.1188), ('unpop_precision@10', 0.0467)])
Mon 01 Dec 2025 21:13:25 INFO  test result: OrderedDict([('recall@10', 0.18493690397350993), ('pop_recall@10', 0.230516440397351), ('unpop_recall@10', 0.08929976821192052), ('mrr@10', 0.4663319867549669), ('pop_mrr@10', 0.386293857615894), ('unpop_mrr@10', 0.14260006622516555), ('ndcg@10', 0.2684471854304636), ('pop_ndcg@10', 0.23028847682119205), ('unpop_ndcg@10', 0.08726614238410597), ('hit@10', 0.784271523178808), ('pop_hit@10', 0.6802980132450331), ('unpop_hit@10', 0.3667218543046358), ('precision@10', 0.20322847682119205), ('pop_precision@10', 0.14072847682119205), ('unpop_precision@10', 0.0625)])
