Wed 03 Dec 2025 02:16:13 INFO  ['run_recbole.py', '--pop_rate', '0.1', '--model', 'FairLightGCN', '--dataset', 'ml-1m', '--enable_user_loss', 'False', '--item_rq_loss_rate', '0.5', '--cl_rate', '0.0', '--pop_loss_rate', '0.0', '--gpu_ids', '1']
Wed 03 Dec 2025 02:16:13 INFO  
General Hyper Parameters:
gpu_id = 0
use_gpu = True
seed = 2020
state = INFO
reproducibility = True
data_path = dataset/ml-1m
checkpoint_dir = saved
show_progress = True
save_dataset = False
dataset_save_path = None
save_dataloaders = False
dataloaders_save_path = None
log_wandb = False

Training Hyper Parameters:
epochs = 100
train_batch_size = 1024
learner = adam
learning_rate = 0.001
train_neg_sample_args = {'distribution': 'uniform', 'sample_num': 1, 'alpha': 1.0, 'dynamic': False, 'candidate_num': 0}
eval_step = 2
stopping_step = 10
clip_grad_norm = None
weight_decay = 0.0
loss_decimal_place = 4

Evaluation Hyper Parameters:
eval_args = {'split': {'RS': [0.8, 0.1, 0.1]}, 'order': 'RO', 'group_by': 'user', 'mode': {'valid': 'full', 'test': 'full'}}
repeatable = False
metrics = ['Recall', 'MRR', 'NDCG', 'Hit', 'Precision']
topk = [10]
valid_metric = ['NDCG@10', 'UNPOP_NDCG@10']
valid_metric_bigger = True
eval_batch_size = 102400
metric_decimal_place = 4

Dataset Hyper Parameters:
train_batch_size = 1024
eval_batch_size = 102400
field_separator = 	
seq_separator =  
USER_ID_FIELD = user_id
ITEM_ID_FIELD = item_id
RATING_FIELD = rating
TIME_FIELD = timestamp
seq_len = None
LABEL_FIELD = label
threshold = None
NEG_PREFIX = neg_
numerical_features = ['popularity']
load_col = {'inter': ['user_id', 'item_id', 'rating', 'timestamp'], 'user': ['user_id', 'age', 'gender', 'occupation'], 'item': ['item_id', 'release_year', 'genre', 'popularity']}
unload_col = None
unused_col = None
additional_feat_suffix = None
rm_dup_inter = None
val_interval = None
filter_inter_by_user_or_item = True
user_inter_num_interval = None
item_inter_num_interval = None
alias_of_user_id = None
alias_of_item_id = None
alias_of_entity_id = None
alias_of_relation_id = None
preload_weight = None
normalize_field = ['timestamp', 'rating']
normalize_all = False
discretization = {'popularity': {'method': 'LD', 'bucket': 10}}
ITEM_LIST_LENGTH_FIELD = item_length
LIST_SUFFIX = _list
MAX_ITEM_LIST_LENGTH = 50
POSITION_FIELD = position_id
HEAD_ENTITY_ID_FIELD = head_id
TAIL_ENTITY_ID_FIELD = tail_id
RELATION_ID_FIELD = relation_id
ENTITY_ID_FIELD = entity_id
kg_reverse_r = False
entity_kg_num_interval = None
relation_kg_num_interval = None
benchmark_filename = None
save_single_user = True
save_base_path = output
attr = {'user': {'need_inter_num': True, 'need_inter_hour': True, 'need_rating': True, 'need_item_genre': True, 'need_item_year': True, 'need_zipcode_to_region': True}, 'item': {'need_inter_num': True, 'need_inter_hour': True, 'need_rating': True, 'need_age': True, 'need_gender': True, 'need_occupation': True, 'need_region': True}, 'interaction': {'timestamp_unit': 's'}}
to_bin = {'user': {'mean_rating': {'n_bins': 5}, 'interaction_nums': {'n_bins': 5}}, 'item': {'mean_rating': {'n_bins': 5}, 'interaction_nums': {'n_bins': 5}}}

Other Hyper Parameters: 
worker = 0
wandb_project = recbole
shuffle = True
require_pow = False
enable_amp = False
enable_scaler = False
transform = None
export_topk_recs = True
export_topk_dir = None
export_topk_filename = None
export_topk_item_separator = None
export_topk_separate_columns = None
embedding_size = 64
n_layers = 2
reg_weight = 1e-05
MODEL_TYPE = ModelType.GENERAL
MODEL_INPUT_TYPE = InputType.PAIRWISE
eval_type = EvaluatorType.RANKING
single_spec = True
local_rank = 0
device = cuda
valid_neg_sample_args = {'distribution': 'uniform', 'sample_num': 'none'}
test_neg_sample_args = {'distribution': 'uniform', 'sample_num': 'none'}
nproc = 1
ip = localhost
port = 5678
world_size = -1
group_offset = 0
gpu_ids = 1
cl_rate = 0.0
enable_user_loss = False
item_rq_loss_rate = 0.5
beta = 0.2
log_type = fair
pop_rate = 0.1
gama = 0.2
mode = train
pop_loss_rate = 0.0


Wed 03 Dec 2025 02:16:18 INFO  ml-1m
The number of users: 6041
Average actions of users: 165.5975165562914
The number of items: 3884
Average actions of items: 269.88909875876953
The number of inters: 1000209
The sparsity of the dataset: 95.73712398848173%
Remain Fields: ['user_id', 'item_id', 'rating', 'timestamp', 'age', 'gender', 'occupation', 'release_year', 'genre', 'popularity']
Wed 03 Dec 2025 02:16:21 INFO  [Training]: train_batch_size = [1024] train_neg_sample_args: [{'distribution': 'uniform', 'sample_num': 1, 'alpha': 1.0, 'dynamic': False, 'candidate_num': 0}]
Wed 03 Dec 2025 02:16:21 INFO  [Evaluation]: eval_batch_size = [102400] eval_args: [{'split': {'RS': [0.8, 0.1, 0.1]}, 'order': 'RO', 'group_by': 'user', 'mode': {'valid': 'full', 'test': 'full'}}]
Wed 03 Dec 2025 02:16:22 INFO  FairLightGCN(
  (user_embedding): Embedding(6041, 64)
  (item_embedding): Embedding(3884, 64)
  (mf_loss): BPRLoss()
  (reg_loss): EmbLoss()
  (item_extra_embedding): ModuleDict(
    (release_year): Embedding(82, 64)
    (genre): Embedding(19, 64)
    (popularity): Embedding(67, 64)
  )
  (user_extra_embedding): ModuleDict(
    (age): Embedding(8, 64)
    (gender): Embedding(3, 64)
    (occupation): Embedding(22, 64)
  )
  (rq_model_item): RQVAE(
    (encoder): MLPLayers(
      (mlp_layers): Sequential(
        (0): Dropout(p=0, inplace=False)
        (1): Linear(in_features=192, out_features=64, bias=True)
        (2): Sigmoid()
        (3): Dropout(p=0, inplace=False)
        (4): Linear(in_features=64, out_features=32, bias=True)
        (5): Sigmoid()
        (6): Dropout(p=0, inplace=False)
        (7): Linear(in_features=32, out_features=16, bias=True)
      )
    )
    (rq): ResidualVectorQuantizer(
      (vq_layers): ModuleList(
        (0-2): 3 x VectorQuantizer(
          (embedding): Embedding(8, 16)
        )
      )
    )
    (decoder): MLPLayers(
      (mlp_layers): Sequential(
        (0): Dropout(p=0, inplace=False)
        (1): Linear(in_features=16, out_features=32, bias=True)
        (2): Sigmoid()
        (3): Dropout(p=0, inplace=False)
        (4): Linear(in_features=32, out_features=64, bias=True)
        (5): Sigmoid()
        (6): Dropout(p=0, inplace=False)
        (7): Linear(in_features=64, out_features=192, bias=True)
      )
    )
    (pop_decoder): MLPLayers(
      (mlp_layers): Sequential(
        (0): Dropout(p=0, inplace=False)
        (1): Linear(in_features=16, out_features=32, bias=True)
        (2): Sigmoid()
        (3): Dropout(p=0, inplace=False)
        (4): Linear(in_features=32, out_features=64, bias=True)
        (5): Sigmoid()
        (6): Dropout(p=0, inplace=False)
        (7): Linear(in_features=64, out_features=192, bias=True)
        (8): Sigmoid()
        (9): Dropout(p=0, inplace=False)
        (10): Linear(in_features=192, out_features=64, bias=True)
      )
    )
    (W_gate): Linear(in_features=192, out_features=192, bias=True)
  )
  (fusion_proj): Linear(in_features=192, out_features=64, bias=True)
)
Trainable parameters: 755440
Wed 03 Dec 2025 02:16:22 INFO  FLOPs: 69680.0
Wed 03 Dec 2025 02:17:41 INFO  epoch 0 training [time: 77.33s, train loss: 323.4198]
Wed 03 Dec 2025 02:18:56 INFO  epoch 1 training [time: 75.30s, train loss: 286.6026]
Wed 03 Dec 2025 02:18:58 INFO  epoch 1 evaluating [time: 1.87s, valid_score: 0.106400]
Wed 03 Dec 2025 02:18:58 INFO  valid result: 
recall@10 : 0.0672    pop_recall@10 : 0.114    unpop_recall@10 : 0.0    mrr@10 : 0.2198    pop_mrr@10 : 0.2198    unpop_mrr@10 : 0.0    ndcg@10 : 0.1064    pop_ndcg@10 : 0.1203    unpop_ndcg@10 : 0.0    hit@10 : 0.4834    pop_hit@10 : 0.4834    unpop_hit@10 : 0.0    precision@10 : 0.0867    pop_precision@10 : 0.0867    unpop_precision@10 : 0.0
Wed 03 Dec 2025 02:18:58 INFO  Saving current: saved/FairLightGCN-Dec-03-2025_02-16-22.pth
Wed 03 Dec 2025 02:20:14 INFO  epoch 2 training [time: 75.74s, train loss: 271.3576]
Wed 03 Dec 2025 02:21:29 INFO  epoch 3 training [time: 75.51s, train loss: 246.0459]
Wed 03 Dec 2025 02:21:31 INFO  epoch 3 evaluating [time: 1.66s, valid_score: 0.124700]
Wed 03 Dec 2025 02:21:31 INFO  valid result: 
recall@10 : 0.0799    pop_recall@10 : 0.1379    unpop_recall@10 : 0.0002    mrr@10 : 0.2515    pop_mrr@10 : 0.2515    unpop_mrr@10 : 0.0003    ndcg@10 : 0.1245    pop_ndcg@10 : 0.142    unpop_ndcg@10 : 0.0002    hit@10 : 0.5379    pop_hit@10 : 0.5374    unpop_hit@10 : 0.0022    precision@10 : 0.1018    pop_precision@10 : 0.1016    unpop_precision@10 : 0.0002
Wed 03 Dec 2025 02:21:31 INFO  Saving current: saved/FairLightGCN-Dec-03-2025_02-16-22.pth
Wed 03 Dec 2025 02:22:47 INFO  epoch 4 training [time: 75.54s, train loss: 234.4502]
Wed 03 Dec 2025 02:24:02 INFO  epoch 5 training [time: 75.27s, train loss: 223.8213]
Wed 03 Dec 2025 02:24:03 INFO  epoch 5 evaluating [time: 1.60s, valid_score: 0.143300]
Wed 03 Dec 2025 02:24:03 INFO  valid result: 
recall@10 : 0.0904    pop_recall@10 : 0.1573    unpop_recall@10 : 0.0006    mrr@10 : 0.2904    pop_mrr@10 : 0.2901    unpop_mrr@10 : 0.0009    ndcg@10 : 0.1427    pop_ndcg@10 : 0.1641    unpop_ndcg@10 : 0.0006    hit@10 : 0.5757    pop_hit@10 : 0.5743    unpop_hit@10 : 0.006    precision@10 : 0.1133    pop_precision@10 : 0.1126    unpop_precision@10 : 0.0007
Wed 03 Dec 2025 02:24:04 INFO  Saving current: saved/FairLightGCN-Dec-03-2025_02-16-22.pth
Wed 03 Dec 2025 02:25:19 INFO  epoch 6 training [time: 75.73s, train loss: 219.9829]
Wed 03 Dec 2025 02:26:34 INFO  epoch 7 training [time: 75.10s, train loss: 218.5454]
Wed 03 Dec 2025 02:26:36 INFO  epoch 7 evaluating [time: 1.64s, valid_score: 0.152000]
Wed 03 Dec 2025 02:26:36 INFO  valid result: 
recall@10 : 0.0974    pop_recall@10 : 0.1683    unpop_recall@10 : 0.001    mrr@10 : 0.3023    pop_mrr@10 : 0.3018    unpop_mrr@10 : 0.0017    ndcg@10 : 0.1509    pop_ndcg@10 : 0.1732    unpop_ndcg@10 : 0.0011    hit@10 : 0.5925    pop_hit@10 : 0.5901    unpop_hit@10 : 0.0108    precision@10 : 0.1197    pop_precision@10 : 0.1184    unpop_precision@10 : 0.0013
Wed 03 Dec 2025 02:26:36 INFO  Saving current: saved/FairLightGCN-Dec-03-2025_02-16-22.pth
Wed 03 Dec 2025 02:27:52 INFO  epoch 8 training [time: 75.47s, train loss: 215.6729]
Wed 03 Dec 2025 02:29:07 INFO  epoch 9 training [time: 75.20s, train loss: 215.1632]
Wed 03 Dec 2025 02:29:09 INFO  epoch 9 evaluating [time: 1.58s, valid_score: 0.155700]
Wed 03 Dec 2025 02:29:09 INFO  valid result: 
recall@10 : 0.0996    pop_recall@10 : 0.1736    unpop_recall@10 : 0.0014    mrr@10 : 0.3073    pop_mrr@10 : 0.3058    unpop_mrr@10 : 0.0036    ndcg@10 : 0.1537    pop_ndcg@10 : 0.1763    unpop_ndcg@10 : 0.002    hit@10 : 0.607    pop_hit@10 : 0.6028    unpop_hit@10 : 0.0171    precision@10 : 0.1224    pop_precision@10 : 0.1202    unpop_precision@10 : 0.0022
Wed 03 Dec 2025 02:29:09 INFO  Saving current: saved/FairLightGCN-Dec-03-2025_02-16-22.pth
Wed 03 Dec 2025 02:30:24 INFO  epoch 10 training [time: 75.49s, train loss: 215.4291]
Wed 03 Dec 2025 02:31:30 INFO  epoch 11 training [time: 65.40s, train loss: 213.2436]
Wed 03 Dec 2025 02:31:30 INFO  epoch 11 evaluating [time: 0.59s, valid_score: 0.160000]
Wed 03 Dec 2025 02:31:30 INFO  valid result: 
recall@10 : 0.1025    pop_recall@10 : 0.1775    unpop_recall@10 : 0.0023    mrr@10 : 0.3116    pop_mrr@10 : 0.3092    unpop_mrr@10 : 0.0058    ndcg@10 : 0.1568    pop_ndcg@10 : 0.1791    unpop_ndcg@10 : 0.0032    hit@10 : 0.6144    pop_hit@10 : 0.6076    unpop_hit@10 : 0.0263    precision@10 : 0.1245    pop_precision@10 : 0.1211    unpop_precision@10 : 0.0034
Wed 03 Dec 2025 02:31:30 INFO  Saving current: saved/FairLightGCN-Dec-03-2025_02-16-22.pth
Wed 03 Dec 2025 02:32:21 INFO  epoch 12 training [time: 50.51s, train loss: 211.5128]
Wed 03 Dec 2025 02:33:10 INFO  epoch 13 training [time: 49.44s, train loss: 208.7139]
Wed 03 Dec 2025 02:33:11 INFO  epoch 13 evaluating [time: 0.48s, valid_score: 0.163200]
Wed 03 Dec 2025 02:33:11 INFO  valid result: 
recall@10 : 0.104    pop_recall@10 : 0.1802    unpop_recall@10 : 0.003    mrr@10 : 0.3152    pop_mrr@10 : 0.3123    unpop_mrr@10 : 0.0074    ndcg@10 : 0.159    pop_ndcg@10 : 0.1808    unpop_ndcg@10 : 0.0042    hit@10 : 0.622    pop_hit@10 : 0.6139    unpop_hit@10 : 0.032    precision@10 : 0.1263    pop_precision@10 : 0.122    unpop_precision@10 : 0.0043
Wed 03 Dec 2025 02:33:11 INFO  Saving current: saved/FairLightGCN-Dec-03-2025_02-16-22.pth
Wed 03 Dec 2025 02:34:00 INFO  epoch 14 training [time: 48.96s, train loss: 207.1622]
Wed 03 Dec 2025 02:34:49 INFO  epoch 15 training [time: 48.86s, train loss: 204.1376]
Wed 03 Dec 2025 02:34:49 INFO  epoch 15 evaluating [time: 0.48s, valid_score: 0.166800]
Wed 03 Dec 2025 02:34:49 INFO  valid result: 
recall@10 : 0.1056    pop_recall@10 : 0.1817    unpop_recall@10 : 0.0038    mrr@10 : 0.3198    pop_mrr@10 : 0.3159    unpop_mrr@10 : 0.0094    ndcg@10 : 0.1616    pop_ndcg@10 : 0.183    unpop_ndcg@10 : 0.0052    hit@10 : 0.6263    pop_hit@10 : 0.6169    unpop_hit@10 : 0.0401    precision@10 : 0.1283    pop_precision@10 : 0.1229    unpop_precision@10 : 0.0054
Wed 03 Dec 2025 02:34:49 INFO  Saving current: saved/FairLightGCN-Dec-03-2025_02-16-22.pth
Wed 03 Dec 2025 02:35:38 INFO  epoch 16 training [time: 48.68s, train loss: 202.4717]
Wed 03 Dec 2025 02:36:28 INFO  epoch 17 training [time: 49.59s, train loss: 201.5588]
Wed 03 Dec 2025 02:36:28 INFO  epoch 17 evaluating [time: 0.55s, valid_score: 0.170500]
Wed 03 Dec 2025 02:36:28 INFO  valid result: 
recall@10 : 0.1073    pop_recall@10 : 0.1834    unpop_recall@10 : 0.0044    mrr@10 : 0.3252    pop_mrr@10 : 0.3202    unpop_mrr@10 : 0.0109    ndcg@10 : 0.1646    pop_ndcg@10 : 0.1858    unpop_ndcg@10 : 0.0059    hit@10 : 0.6291    pop_hit@10 : 0.618    unpop_hit@10 : 0.0435    precision@10 : 0.1304    pop_precision@10 : 0.1245    unpop_precision@10 : 0.006
Wed 03 Dec 2025 02:36:28 INFO  Saving current: saved/FairLightGCN-Dec-03-2025_02-16-22.pth
Wed 03 Dec 2025 22:14:37 INFO  epoch 18 training [time: 70688.19s, train loss: 200.8587]
Wed 03 Dec 2025 22:15:26 INFO  epoch 19 training [time: 49.64s, train loss: 199.7549]
Wed 03 Dec 2025 22:15:27 INFO  epoch 19 evaluating [time: 0.47s, valid_score: 0.175100]
Wed 03 Dec 2025 22:15:27 INFO  valid result: 
recall@10 : 0.1102    pop_recall@10 : 0.1877    unpop_recall@10 : 0.0053    mrr@10 : 0.3324    pop_mrr@10 : 0.3267    unpop_mrr@10 : 0.0125    ndcg@10 : 0.1683    pop_ndcg@10 : 0.1895    unpop_ndcg@10 : 0.0068    hit@10 : 0.6377    pop_hit@10 : 0.625    unpop_hit@10 : 0.0498    precision@10 : 0.1328    pop_precision@10 : 0.1262    unpop_precision@10 : 0.0067
Wed 03 Dec 2025 22:15:27 INFO  Saving current: saved/FairLightGCN-Dec-03-2025_02-16-22.pth
Wed 03 Dec 2025 22:16:17 INFO  epoch 20 training [time: 49.78s, train loss: 198.6092]
Wed 03 Dec 2025 22:17:06 INFO  epoch 21 training [time: 49.24s, train loss: 196.9135]
Wed 03 Dec 2025 22:17:06 INFO  epoch 21 evaluating [time: 0.47s, valid_score: 0.178300]
Wed 03 Dec 2025 22:17:06 INFO  valid result: 
recall@10 : 0.113    pop_recall@10 : 0.1909    unpop_recall@10 : 0.0064    mrr@10 : 0.3332    pop_mrr@10 : 0.3266    unpop_mrr@10 : 0.0143    ndcg@10 : 0.1704    pop_ndcg@10 : 0.191    unpop_ndcg@10 : 0.0079    hit@10 : 0.6469    pop_hit@10 : 0.6316    unpop_hit@10 : 0.0583    precision@10 : 0.135    pop_precision@10 : 0.1273    unpop_precision@10 : 0.0077
Wed 03 Dec 2025 22:17:06 INFO  Saving current: saved/FairLightGCN-Dec-03-2025_02-16-22.pth
Wed 03 Dec 2025 22:18:02 INFO  epoch 22 training [time: 55.98s, train loss: 195.9973]
Wed 03 Dec 2025 22:18:56 INFO  epoch 23 training [time: 53.90s, train loss: 194.5280]
Wed 03 Dec 2025 22:18:57 INFO  epoch 23 evaluating [time: 0.47s, valid_score: 0.182200]
Wed 03 Dec 2025 22:18:57 INFO  valid result: 
recall@10 : 0.1155    pop_recall@10 : 0.194    unpop_recall@10 : 0.0077    mrr@10 : 0.3368    pop_mrr@10 : 0.3289    unpop_mrr@10 : 0.0167    ndcg@10 : 0.173    pop_ndcg@10 : 0.1931    unpop_ndcg@10 : 0.0092    hit@10 : 0.6503    pop_hit@10 : 0.6333    unpop_hit@10 : 0.0657    precision@10 : 0.1367    pop_precision@10 : 0.1279    unpop_precision@10 : 0.0089
Wed 03 Dec 2025 22:18:57 INFO  Saving current: saved/FairLightGCN-Dec-03-2025_02-16-22.pth
Wed 03 Dec 2025 22:19:44 INFO  epoch 24 training [time: 46.80s, train loss: 192.6137]
Wed 03 Dec 2025 22:20:31 INFO  epoch 25 training [time: 47.28s, train loss: 191.8091]
Wed 03 Dec 2025 22:20:31 INFO  epoch 25 evaluating [time: 0.32s, valid_score: 0.185000]
Wed 03 Dec 2025 22:20:31 INFO  valid result: 
recall@10 : 0.1176    pop_recall@10 : 0.1961    unpop_recall@10 : 0.0083    mrr@10 : 0.3396    pop_mrr@10 : 0.3308    unpop_mrr@10 : 0.0181    ndcg@10 : 0.175    pop_ndcg@10 : 0.1948    unpop_ndcg@10 : 0.01    hit@10 : 0.6565    pop_hit@10 : 0.6373    unpop_hit@10 : 0.0704    precision@10 : 0.1382    pop_precision@10 : 0.1287    unpop_precision@10 : 0.0095
Wed 03 Dec 2025 22:20:31 INFO  Saving current: saved/FairLightGCN-Dec-03-2025_02-16-22.pth
Wed 03 Dec 2025 22:21:21 INFO  epoch 26 training [time: 50.08s, train loss: 191.8292]
Wed 03 Dec 2025 22:22:12 INFO  epoch 27 training [time: 50.27s, train loss: 190.1109]
Wed 03 Dec 2025 22:22:13 INFO  epoch 27 evaluating [time: 0.84s, valid_score: 0.187000]
Wed 03 Dec 2025 22:22:13 INFO  valid result: 
recall@10 : 0.1186    pop_recall@10 : 0.1979    unpop_recall@10 : 0.0087    mrr@10 : 0.3426    pop_mrr@10 : 0.3335    unpop_mrr@10 : 0.0186    ndcg@10 : 0.1768    pop_ndcg@10 : 0.1971    unpop_ndcg@10 : 0.0102    hit@10 : 0.6589    pop_hit@10 : 0.6402    unpop_hit@10 : 0.0704    precision@10 : 0.1396    pop_precision@10 : 0.1301    unpop_precision@10 : 0.0095
Wed 03 Dec 2025 22:22:13 INFO  Saving current: saved/FairLightGCN-Dec-03-2025_02-16-22.pth
Wed 03 Dec 2025 22:23:16 INFO  epoch 28 training [time: 63.28s, train loss: 190.0285]
Wed 03 Dec 2025 22:24:19 INFO  epoch 29 training [time: 62.90s, train loss: 189.1427]
Wed 03 Dec 2025 22:24:20 INFO  epoch 29 evaluating [time: 0.65s, valid_score: 0.189800]
Wed 03 Dec 2025 22:24:20 INFO  valid result: 
recall@10 : 0.1199    pop_recall@10 : 0.199    unpop_recall@10 : 0.0099    mrr@10 : 0.3444    pop_mrr@10 : 0.3346    unpop_mrr@10 : 0.0202    ndcg@10 : 0.1786    pop_ndcg@10 : 0.1981    unpop_ndcg@10 : 0.0112    hit@10 : 0.6619    pop_hit@10 : 0.6412    unpop_hit@10 : 0.0776    precision@10 : 0.1413    pop_precision@10 : 0.1308    unpop_precision@10 : 0.0106
Wed 03 Dec 2025 22:24:20 INFO  Saving current: saved/FairLightGCN-Dec-03-2025_02-16-22.pth
Wed 03 Dec 2025 22:25:23 INFO  epoch 30 training [time: 62.90s, train loss: 188.8448]
Wed 03 Dec 2025 22:26:26 INFO  epoch 31 training [time: 63.37s, train loss: 188.1660]
Wed 03 Dec 2025 22:26:26 INFO  epoch 31 evaluating [time: 0.56s, valid_score: 0.191200]
Wed 03 Dec 2025 22:26:26 INFO  valid result: 
recall@10 : 0.1207    pop_recall@10 : 0.1991    unpop_recall@10 : 0.011    mrr@10 : 0.3462    pop_mrr@10 : 0.3358    unpop_mrr@10 : 0.0212    ndcg@10 : 0.1793    pop_ndcg@10 : 0.1982    unpop_ndcg@10 : 0.0119    hit@10 : 0.6684    pop_hit@10 : 0.6454    unpop_hit@10 : 0.0811    precision@10 : 0.1417    pop_precision@10 : 0.1308    unpop_precision@10 : 0.0109
Wed 03 Dec 2025 22:26:27 INFO  Saving current: saved/FairLightGCN-Dec-03-2025_02-16-22.pth
Wed 03 Dec 2025 22:27:19 INFO  epoch 32 training [time: 52.84s, train loss: 188.6523]
Wed 03 Dec 2025 22:28:11 INFO  epoch 33 training [time: 51.19s, train loss: 187.1102]
Wed 03 Dec 2025 22:28:11 INFO  epoch 33 evaluating [time: 0.56s, valid_score: 0.192800]
Wed 03 Dec 2025 22:28:11 INFO  valid result: 
recall@10 : 0.1218    pop_recall@10 : 0.2001    unpop_recall@10 : 0.0119    mrr@10 : 0.3459    pop_mrr@10 : 0.3346    unpop_mrr@10 : 0.023    ndcg@10 : 0.18    pop_ndcg@10 : 0.1982    unpop_ndcg@10 : 0.0128    hit@10 : 0.6695    pop_hit@10 : 0.6467    unpop_hit@10 : 0.0863    precision@10 : 0.1425    pop_precision@10 : 0.1308    unpop_precision@10 : 0.0117
Wed 03 Dec 2025 22:28:11 INFO  Saving current: saved/FairLightGCN-Dec-03-2025_02-16-22.pth
Wed 03 Dec 2025 22:29:02 INFO  epoch 34 training [time: 51.04s, train loss: 186.6722]
Wed 03 Dec 2025 22:29:54 INFO  epoch 35 training [time: 51.39s, train loss: 186.3661]
Wed 03 Dec 2025 22:29:54 INFO  epoch 35 evaluating [time: 0.57s, valid_score: 0.194100]
Wed 03 Dec 2025 22:29:54 INFO  valid result: 
recall@10 : 0.122    pop_recall@10 : 0.1995    unpop_recall@10 : 0.0125    mrr@10 : 0.3472    pop_mrr@10 : 0.3352    unpop_mrr@10 : 0.0244    ndcg@10 : 0.1805    pop_ndcg@10 : 0.1979    unpop_ndcg@10 : 0.0136    hit@10 : 0.6705    pop_hit@10 : 0.6455    unpop_hit@10 : 0.0906    precision@10 : 0.1427    pop_precision@10 : 0.1303    unpop_precision@10 : 0.0124
Wed 03 Dec 2025 22:29:55 INFO  Saving current: saved/FairLightGCN-Dec-03-2025_02-16-22.pth
Wed 03 Dec 2025 22:30:46 INFO  epoch 36 training [time: 51.17s, train loss: 184.4484]
Wed 03 Dec 2025 22:31:37 INFO  epoch 37 training [time: 51.60s, train loss: 183.9683]
Wed 03 Dec 2025 22:31:38 INFO  epoch 37 evaluating [time: 1.05s, valid_score: 0.194800]
Wed 03 Dec 2025 22:31:38 INFO  valid result: 
recall@10 : 0.1218    pop_recall@10 : 0.1985    unpop_recall@10 : 0.0128    mrr@10 : 0.3488    pop_mrr@10 : 0.3371    unpop_mrr@10 : 0.024    ndcg@10 : 0.1813    pop_ndcg@10 : 0.1987    unpop_ndcg@10 : 0.0135    hit@10 : 0.6707    pop_hit@10 : 0.6467    unpop_hit@10 : 0.0904    precision@10 : 0.1434    pop_precision@10 : 0.1313    unpop_precision@10 : 0.0121
Wed 03 Dec 2025 22:31:38 INFO  Saving current: saved/FairLightGCN-Dec-03-2025_02-16-22.pth
Wed 03 Dec 2025 22:32:42 INFO  epoch 38 training [time: 63.36s, train loss: 183.5383]
