Fri 28 Nov 2025 21:48:24 INFO  ['/data/xwx/site-packages/RecBole/run_recbole.py', '--model', 'FairLightGCN', '--dataset', 'ml-1m', '--nproc', '1', '--ip', 'localhost', '--port', '5678', '--world_size', '-1', '--group_offset', '0', '--gpu_ids', '0']
Fri 28 Nov 2025 21:48:24 INFO  
General Hyper Parameters:
gpu_id = 0
use_gpu = True
seed = 2020
state = INFO
reproducibility = True
data_path = dataset/ml-1m
checkpoint_dir = saved
show_progress = True
save_dataset = False
dataset_save_path = None
save_dataloaders = False
dataloaders_save_path = None
log_wandb = False

Training Hyper Parameters:
epochs = 100
train_batch_size = 1024
learner = adam
learning_rate = 0.001
train_neg_sample_args = {'distribution': 'uniform', 'sample_num': 1, 'alpha': 1.0, 'dynamic': False, 'candidate_num': 0}
eval_step = 2
stopping_step = 10
clip_grad_norm = None
weight_decay = 0.0
loss_decimal_place = 4

Evaluation Hyper Parameters:
eval_args = {'split': {'RS': [0.8, 0.1, 0.1]}, 'order': 'RO', 'group_by': 'user', 'mode': {'valid': 'full', 'test': 'full'}}
repeatable = False
metrics = ['Recall', 'MRR', 'NDCG', 'Hit', 'Precision']
topk = [10]
valid_metric = MRR@10
valid_metric_bigger = True
eval_batch_size = 102400
metric_decimal_place = 4

Dataset Hyper Parameters:
train_batch_size = 1024
eval_batch_size = 102400
field_separator = 	
seq_separator =  
USER_ID_FIELD = user_id
ITEM_ID_FIELD = item_id
RATING_FIELD = rating
TIME_FIELD = timestamp
seq_len = None
LABEL_FIELD = label
threshold = None
NEG_PREFIX = neg_
load_col = {'inter': ['user_id', 'item_id', 'rating', 'timestamp'], 'user': ['user_id', 'age', 'gender', 'occupation'], 'item': ['item_id', 'release_year', 'genre']}
unload_col = None
unused_col = None
additional_feat_suffix = None
rm_dup_inter = None
val_interval = None
filter_inter_by_user_or_item = True
user_inter_num_interval = None
item_inter_num_interval = None
alias_of_user_id = None
alias_of_item_id = None
alias_of_entity_id = None
alias_of_relation_id = None
preload_weight = None
normalize_field = None
normalize_all = True
ITEM_LIST_LENGTH_FIELD = item_length
LIST_SUFFIX = _list
MAX_ITEM_LIST_LENGTH = 50
POSITION_FIELD = position_id
HEAD_ENTITY_ID_FIELD = head_id
TAIL_ENTITY_ID_FIELD = tail_id
RELATION_ID_FIELD = relation_id
ENTITY_ID_FIELD = entity_id
kg_reverse_r = False
entity_kg_num_interval = None
relation_kg_num_interval = None
benchmark_filename = None
save_single_user = True
save_base_path = output
attr = {'user': {'need_inter_num': True, 'need_inter_hour': True, 'need_rating': True, 'need_item_genre': True, 'need_item_year': True, 'need_zipcode_to_region': True}, 'item': {'need_inter_num': True, 'need_inter_hour': True, 'need_rating': True, 'need_age': True, 'need_gender': True, 'need_occupation': True, 'need_region': True}, 'interaction': {'timestamp_unit': 's'}}
to_bin = {'user': {'mean_rating': {'n_bins': 5}, 'interaction_nums': {'n_bins': 5}}, 'item': {'mean_rating': {'n_bins': 5}, 'interaction_nums': {'n_bins': 5}}}

Other Hyper Parameters: 
worker = 0
wandb_project = recbole
shuffle = True
require_pow = False
enable_amp = False
enable_scaler = False
transform = None
export_topk_recs = True
export_topk_dir = None
export_topk_filename = None
export_topk_item_separator = None
export_topk_separate_columns = None
embedding_size = 64
n_layers = 2
reg_weight = 1e-05
numerical_features = []
discretization = None
MODEL_TYPE = ModelType.GENERAL
MODEL_INPUT_TYPE = InputType.PAIRWISE
eval_type = EvaluatorType.RANKING
single_spec = True
local_rank = 0
device = cuda
valid_neg_sample_args = {'distribution': 'uniform', 'sample_num': 'none'}
test_neg_sample_args = {'distribution': 'uniform', 'sample_num': 'none'}


Fri 28 Nov 2025 21:48:28 INFO  ml-1m
The number of users: 6041
Average actions of users: 165.5975165562914
The number of items: 3884
Average actions of items: 269.88909875876953
The number of inters: 1000209
The sparsity of the dataset: 95.73712398848173%
Remain Fields: ['user_id', 'item_id', 'rating', 'timestamp', 'age', 'gender', 'occupation', 'release_year', 'genre']
Fri 28 Nov 2025 21:48:31 INFO  [Training]: train_batch_size = [1024] train_neg_sample_args: [{'distribution': 'uniform', 'sample_num': 1, 'alpha': 1.0, 'dynamic': False, 'candidate_num': 0}]
Fri 28 Nov 2025 21:48:31 INFO  [Evaluation]: eval_batch_size = [102400] eval_args: [{'split': {'RS': [0.8, 0.1, 0.1]}, 'order': 'RO', 'group_by': 'user', 'mode': {'valid': 'full', 'test': 'full'}}]
Fri 28 Nov 2025 21:48:31 INFO  FairLightGCN(
  (user_embedding): Embedding(6041, 64)
  (item_embedding): Embedding(3884, 64)
  (mf_loss): BPRLoss()
  (reg_loss): EmbLoss()
  (rq_model): RQVAE(
    (encoder): MLPLayers(
      (mlp_layers): Sequential(
        (0): Dropout(p=0, inplace=False)
        (1): Linear(in_features=192, out_features=64, bias=True)
        (2): Sigmoid()
        (3): Dropout(p=0, inplace=False)
        (4): Linear(in_features=64, out_features=32, bias=True)
        (5): Sigmoid()
        (6): Dropout(p=0, inplace=False)
        (7): Linear(in_features=32, out_features=16, bias=True)
      )
    )
    (rq): ResidualVectorQuantizer(
      (vq_layers): ModuleList(
        (0-2): 3 x VectorQuantizer(
          (embedding): Embedding(8, 16)
        )
      )
    )
    (decoder): MLPLayers(
      (mlp_layers): Sequential(
        (0): Dropout(p=0, inplace=False)
        (1): Linear(in_features=16, out_features=32, bias=True)
        (2): Sigmoid()
        (3): Dropout(p=0, inplace=False)
        (4): Linear(in_features=32, out_features=64, bias=True)
        (5): Sigmoid()
        (6): Dropout(p=0, inplace=False)
        (7): Linear(in_features=64, out_features=192, bias=True)
      )
    )
    (W_gate): Linear(in_features=192, out_features=192, bias=True)
  )
)
Trainable parameters: 702736
Fri 28 Nov 2025 21:48:32 INFO  FLOPs: 0.0
Fri 28 Nov 2025 21:49:23 INFO  epoch 0 training [time: 50.57s, train loss: 1123.2082]
Fri 28 Nov 2025 21:50:14 INFO  epoch 1 training [time: 50.69s, train loss: 1063.2266]
Fri 28 Nov 2025 21:50:15 INFO  epoch 1 evaluating [time: 0.53s, valid_score: 0.242400]
Fri 28 Nov 2025 21:50:15 INFO  valid result: 
recall@10 : 0.0915    mrr@10 : 0.2424    ndcg@10 : 0.1162    hit@10 : 0.5498    precision@10 : 0.0867
Fri 28 Nov 2025 21:50:15 INFO  Saving current: saved/FairLightGCN-Nov-28-2025_21-48-32.pth
Fri 28 Nov 2025 21:51:05 INFO  epoch 2 training [time: 50.81s, train loss: 1078.6621]
Fri 28 Nov 2025 21:51:56 INFO  epoch 3 training [time: 50.81s, train loss: 1104.8983]
Fri 28 Nov 2025 21:51:57 INFO  epoch 3 evaluating [time: 0.50s, valid_score: 0.220900]
Fri 28 Nov 2025 21:51:57 INFO  valid result: 
recall@10 : 0.0853    mrr@10 : 0.2209    ndcg@10 : 0.107    hit@10 : 0.5308    precision@10 : 0.0821
Fri 28 Nov 2025 21:52:47 INFO  epoch 4 training [time: 50.39s, train loss: 1111.8742]
Fri 28 Nov 2025 21:53:39 INFO  epoch 5 training [time: 51.53s, train loss: 1109.1576]
Fri 28 Nov 2025 21:53:39 INFO  epoch 5 evaluating [time: 0.51s, valid_score: 0.232200]
Fri 28 Nov 2025 21:53:39 INFO  valid result: 
recall@10 : 0.0876    mrr@10 : 0.2322    ndcg@10 : 0.1129    hit@10 : 0.5459    precision@10 : 0.0873
Fri 28 Nov 2025 21:54:30 INFO  epoch 6 training [time: 51.05s, train loss: 1125.1135]
Fri 28 Nov 2025 21:55:20 INFO  epoch 7 training [time: 50.15s, train loss: 1122.2163]
Fri 28 Nov 2025 21:55:21 INFO  epoch 7 evaluating [time: 0.51s, valid_score: 0.209700]
Fri 28 Nov 2025 21:55:21 INFO  valid result: 
recall@10 : 0.0788    mrr@10 : 0.2097    ndcg@10 : 0.1008    hit@10 : 0.4942    precision@10 : 0.0766
Fri 28 Nov 2025 21:56:11 INFO  epoch 8 training [time: 50.59s, train loss: 1116.4863]
Fri 28 Nov 2025 21:57:01 INFO  epoch 9 training [time: 49.92s, train loss: 1116.4055]
Fri 28 Nov 2025 21:57:02 INFO  epoch 9 evaluating [time: 0.50s, valid_score: 0.156600]
Fri 28 Nov 2025 21:57:02 INFO  valid result: 
recall@10 : 0.0585    mrr@10 : 0.1566    ndcg@10 : 0.0745    hit@10 : 0.3891    precision@10 : 0.0571
Fri 28 Nov 2025 21:57:52 INFO  epoch 10 training [time: 50.29s, train loss: 1109.5431]
Fri 28 Nov 2025 21:58:44 INFO  epoch 11 training [time: 51.32s, train loss: 1110.0773]
Fri 28 Nov 2025 21:58:44 INFO  epoch 11 evaluating [time: 0.48s, valid_score: 0.164100]
Fri 28 Nov 2025 21:58:44 INFO  valid result: 
recall@10 : 0.0575    mrr@10 : 0.1641    ndcg@10 : 0.0771    hit@10 : 0.3917    precision@10 : 0.0596
Fri 28 Nov 2025 21:59:35 INFO  epoch 12 training [time: 50.90s, train loss: 1085.2764]
Fri 28 Nov 2025 22:00:25 INFO  epoch 13 training [time: 50.59s, train loss: 1073.8746]
Fri 28 Nov 2025 22:00:26 INFO  epoch 13 evaluating [time: 0.50s, valid_score: 0.211900]
Fri 28 Nov 2025 22:00:26 INFO  valid result: 
recall@10 : 0.073    mrr@10 : 0.2119    ndcg@10 : 0.1027    hit@10 : 0.4806    precision@10 : 0.0804
Fri 28 Nov 2025 22:01:17 INFO  epoch 14 training [time: 51.44s, train loss: 1060.4805]
Fri 28 Nov 2025 22:02:08 INFO  epoch 15 training [time: 50.44s, train loss: 996.1309]
Fri 28 Nov 2025 22:02:08 INFO  epoch 15 evaluating [time: 0.48s, valid_score: 0.321300]
Fri 28 Nov 2025 22:02:08 INFO  valid result: 
recall@10 : 0.121    mrr@10 : 0.3213    ndcg@10 : 0.167    hit@10 : 0.6556    precision@10 : 0.1287
Fri 28 Nov 2025 22:02:08 INFO  Saving current: saved/FairLightGCN-Nov-28-2025_21-48-32.pth
Fri 28 Nov 2025 22:03:00 INFO  epoch 16 training [time: 51.07s, train loss: 961.5339]
Fri 28 Nov 2025 22:03:51 INFO  epoch 17 training [time: 51.95s, train loss: 947.7202]
Fri 28 Nov 2025 22:03:52 INFO  epoch 17 evaluating [time: 0.49s, valid_score: 0.360900]
Fri 28 Nov 2025 22:03:52 INFO  valid result: 
recall@10 : 0.1433    mrr@10 : 0.3609    ndcg@10 : 0.1944    hit@10 : 0.7146    precision@10 : 0.1495
Fri 28 Nov 2025 22:03:52 INFO  Saving current: saved/FairLightGCN-Nov-28-2025_21-48-32.pth
Fri 28 Nov 2025 22:04:44 INFO  epoch 18 training [time: 52.11s, train loss: 942.7345]
Fri 28 Nov 2025 22:05:36 INFO  epoch 19 training [time: 51.67s, train loss: 935.4787]
Fri 28 Nov 2025 22:05:36 INFO  epoch 19 evaluating [time: 0.49s, valid_score: 0.376200]
Fri 28 Nov 2025 22:05:36 INFO  valid result: 
recall@10 : 0.152    mrr@10 : 0.3762    ndcg@10 : 0.2047    hit@10 : 0.7326    precision@10 : 0.1574
Fri 28 Nov 2025 22:05:36 INFO  Saving current: saved/FairLightGCN-Nov-28-2025_21-48-32.pth
Fri 28 Nov 2025 22:06:27 INFO  epoch 20 training [time: 50.86s, train loss: 923.1997]
Fri 28 Nov 2025 22:07:18 INFO  epoch 21 training [time: 51.07s, train loss: 907.4305]
Fri 28 Nov 2025 22:07:19 INFO  epoch 21 evaluating [time: 0.49s, valid_score: 0.382400]
Fri 28 Nov 2025 22:07:19 INFO  valid result: 
recall@10 : 0.1572    mrr@10 : 0.3824    ndcg@10 : 0.2097    hit@10 : 0.7402    precision@10 : 0.1609
Fri 28 Nov 2025 22:07:19 INFO  Saving current: saved/FairLightGCN-Nov-28-2025_21-48-32.pth
Fri 28 Nov 2025 22:08:10 INFO  epoch 22 training [time: 50.69s, train loss: 887.3960]
Fri 28 Nov 2025 22:09:01 INFO  epoch 23 training [time: 51.28s, train loss: 892.5829]
Fri 28 Nov 2025 22:09:02 INFO  epoch 23 evaluating [time: 0.49s, valid_score: 0.384900]
Fri 28 Nov 2025 22:09:02 INFO  valid result: 
recall@10 : 0.1586    mrr@10 : 0.3849    ndcg@10 : 0.2117    hit@10 : 0.7414    precision@10 : 0.1624
Fri 28 Nov 2025 22:09:02 INFO  Saving current: saved/FairLightGCN-Nov-28-2025_21-48-32.pth
Fri 28 Nov 2025 22:09:53 INFO  epoch 24 training [time: 51.54s, train loss: 893.0386]
Fri 28 Nov 2025 22:10:45 INFO  epoch 25 training [time: 51.68s, train loss: 878.8498]
Fri 28 Nov 2025 22:10:45 INFO  epoch 25 evaluating [time: 0.48s, valid_score: 0.387000]
Fri 28 Nov 2025 22:10:45 INFO  valid result: 
recall@10 : 0.1608    mrr@10 : 0.387    ndcg@10 : 0.2135    hit@10 : 0.7478    precision@10 : 0.1642
Fri 28 Nov 2025 22:10:45 INFO  Saving current: saved/FairLightGCN-Nov-28-2025_21-48-32.pth
Fri 28 Nov 2025 22:11:36 INFO  epoch 26 training [time: 50.56s, train loss: 877.0611]
Fri 28 Nov 2025 22:12:27 INFO  epoch 27 training [time: 50.99s, train loss: 881.4264]
Fri 28 Nov 2025 22:12:28 INFO  epoch 27 evaluating [time: 0.58s, valid_score: 0.390700]
Fri 28 Nov 2025 22:12:28 INFO  valid result: 
recall@10 : 0.1626    mrr@10 : 0.3907    ndcg@10 : 0.2162    hit@10 : 0.7515    precision@10 : 0.1659
Fri 28 Nov 2025 22:12:28 INFO  Saving current: saved/FairLightGCN-Nov-28-2025_21-48-32.pth
Fri 28 Nov 2025 22:13:18 INFO  epoch 28 training [time: 50.64s, train loss: 892.9484]
Fri 28 Nov 2025 22:14:09 INFO  epoch 29 training [time: 50.46s, train loss: 862.3896]
Fri 28 Nov 2025 22:14:09 INFO  epoch 29 evaluating [time: 0.51s, valid_score: 0.391200]
Fri 28 Nov 2025 22:14:09 INFO  valid result: 
recall@10 : 0.1634    mrr@10 : 0.3912    ndcg@10 : 0.2171    hit@10 : 0.7526    precision@10 : 0.1668
Fri 28 Nov 2025 22:14:10 INFO  Saving current: saved/FairLightGCN-Nov-28-2025_21-48-32.pth
Fri 28 Nov 2025 22:15:02 INFO  epoch 30 training [time: 52.27s, train loss: 868.8512]
Fri 28 Nov 2025 22:15:53 INFO  epoch 31 training [time: 51.31s, train loss: 870.0442]
Fri 28 Nov 2025 22:15:54 INFO  epoch 31 evaluating [time: 0.49s, valid_score: 0.391800]
Fri 28 Nov 2025 22:15:54 INFO  valid result: 
recall@10 : 0.1637    mrr@10 : 0.3918    ndcg@10 : 0.2176    hit@10 : 0.7548    precision@10 : 0.1672
Fri 28 Nov 2025 22:15:54 INFO  Saving current: saved/FairLightGCN-Nov-28-2025_21-48-32.pth
Fri 28 Nov 2025 22:16:44 INFO  epoch 32 training [time: 50.40s, train loss: 855.5935]
Fri 28 Nov 2025 22:17:35 INFO  epoch 33 training [time: 51.17s, train loss: 861.3478]
Fri 28 Nov 2025 22:17:36 INFO  epoch 33 evaluating [time: 0.49s, valid_score: 0.392200]
Fri 28 Nov 2025 22:17:36 INFO  valid result: 
recall@10 : 0.1643    mrr@10 : 0.3922    ndcg@10 : 0.2184    hit@10 : 0.7558    precision@10 : 0.1679
Fri 28 Nov 2025 22:17:36 INFO  Saving current: saved/FairLightGCN-Nov-28-2025_21-48-32.pth
Fri 28 Nov 2025 22:18:27 INFO  epoch 34 training [time: 50.76s, train loss: 860.8870]
Fri 28 Nov 2025 22:19:17 INFO  epoch 35 training [time: 50.24s, train loss: 868.6826]
Fri 28 Nov 2025 22:19:17 INFO  epoch 35 evaluating [time: 0.49s, valid_score: 0.393100]
Fri 28 Nov 2025 22:19:17 INFO  valid result: 
recall@10 : 0.1646    mrr@10 : 0.3931    ndcg@10 : 0.2189    hit@10 : 0.7555    precision@10 : 0.1681
Fri 28 Nov 2025 22:19:18 INFO  Saving current: saved/FairLightGCN-Nov-28-2025_21-48-32.pth
Fri 28 Nov 2025 22:20:08 INFO  epoch 36 training [time: 50.11s, train loss: 875.0355]
Fri 28 Nov 2025 22:20:59 INFO  epoch 37 training [time: 50.93s, train loss: 855.9795]
Fri 28 Nov 2025 22:20:59 INFO  epoch 37 evaluating [time: 0.51s, valid_score: 0.394900]
Fri 28 Nov 2025 22:20:59 INFO  valid result: 
recall@10 : 0.1656    mrr@10 : 0.3949    ndcg@10 : 0.2204    hit@10 : 0.7563    precision@10 : 0.1693
Fri 28 Nov 2025 22:20:59 INFO  Saving current: saved/FairLightGCN-Nov-28-2025_21-48-32.pth
Fri 28 Nov 2025 22:21:50 INFO  epoch 38 training [time: 50.58s, train loss: 862.5418]
Fri 28 Nov 2025 22:22:40 INFO  epoch 39 training [time: 50.32s, train loss: 858.4516]
Fri 28 Nov 2025 22:22:41 INFO  epoch 39 evaluating [time: 0.57s, valid_score: 0.396000]
Fri 28 Nov 2025 22:22:41 INFO  valid result: 
recall@10 : 0.1655    mrr@10 : 0.396    ndcg@10 : 0.2207    hit@10 : 0.756    precision@10 : 0.1693
Fri 28 Nov 2025 22:22:41 INFO  Saving current: saved/FairLightGCN-Nov-28-2025_21-48-32.pth
Fri 28 Nov 2025 22:23:31 INFO  epoch 40 training [time: 50.56s, train loss: 871.3750]
Fri 28 Nov 2025 22:24:23 INFO  epoch 41 training [time: 51.51s, train loss: 883.0865]
Fri 28 Nov 2025 22:24:23 INFO  epoch 41 evaluating [time: 0.58s, valid_score: 0.396200]
Fri 28 Nov 2025 22:24:23 INFO  valid result: 
recall@10 : 0.1657    mrr@10 : 0.3962    ndcg@10 : 0.2212    hit@10 : 0.7558    precision@10 : 0.1695
Fri 28 Nov 2025 22:24:24 INFO  Saving current: saved/FairLightGCN-Nov-28-2025_21-48-32.pth
Fri 28 Nov 2025 22:25:16 INFO  epoch 42 training [time: 52.09s, train loss: 883.1825]
Fri 28 Nov 2025 22:26:07 INFO  epoch 43 training [time: 50.98s, train loss: 869.7490]
Fri 28 Nov 2025 22:26:07 INFO  epoch 43 evaluating [time: 0.60s, valid_score: 0.395700]
Fri 28 Nov 2025 22:26:07 INFO  valid result: 
recall@10 : 0.1654    mrr@10 : 0.3957    ndcg@10 : 0.2212    hit@10 : 0.7553    precision@10 : 0.1697
Fri 28 Nov 2025 22:26:57 INFO  epoch 44 training [time: 50.16s, train loss: 858.8904]
Fri 28 Nov 2025 22:27:48 INFO  epoch 45 training [time: 50.55s, train loss: 873.4023]
Fri 28 Nov 2025 22:27:49 INFO  epoch 45 evaluating [time: 0.59s, valid_score: 0.395600]
Fri 28 Nov 2025 22:27:49 INFO  valid result: 
recall@10 : 0.1662    mrr@10 : 0.3956    ndcg@10 : 0.2217    hit@10 : 0.7561    precision@10 : 0.1702
Fri 28 Nov 2025 22:28:39 INFO  epoch 46 training [time: 50.72s, train loss: 843.3571]
Fri 28 Nov 2025 22:29:31 INFO  epoch 47 training [time: 51.85s, train loss: 873.6364]
Fri 28 Nov 2025 22:29:32 INFO  epoch 47 evaluating [time: 0.50s, valid_score: 0.396200]
Fri 28 Nov 2025 22:29:32 INFO  valid result: 
recall@10 : 0.1664    mrr@10 : 0.3962    ndcg@10 : 0.2219    hit@10 : 0.7543    precision@10 : 0.1701
Fri 28 Nov 2025 22:29:32 INFO  Saving current: saved/FairLightGCN-Nov-28-2025_21-48-32.pth
Fri 28 Nov 2025 22:30:23 INFO  epoch 48 training [time: 51.16s, train loss: 854.1673]
Fri 28 Nov 2025 22:31:14 INFO  epoch 49 training [time: 51.32s, train loss: 863.9598]
Fri 28 Nov 2025 22:31:15 INFO  epoch 49 evaluating [time: 0.49s, valid_score: 0.395300]
Fri 28 Nov 2025 22:31:15 INFO  valid result: 
recall@10 : 0.166    mrr@10 : 0.3953    ndcg@10 : 0.2216    hit@10 : 0.7545    precision@10 : 0.17
Fri 28 Nov 2025 22:32:05 INFO  epoch 50 training [time: 50.71s, train loss: 885.6008]
Fri 28 Nov 2025 22:32:56 INFO  epoch 51 training [time: 50.72s, train loss: 863.1286]
Fri 28 Nov 2025 22:32:57 INFO  epoch 51 evaluating [time: 0.49s, valid_score: 0.395800]
Fri 28 Nov 2025 22:32:57 INFO  valid result: 
recall@10 : 0.1664    mrr@10 : 0.3958    ndcg@10 : 0.2221    hit@10 : 0.7548    precision@10 : 0.1704
Fri 28 Nov 2025 22:33:48 INFO  epoch 52 training [time: 51.77s, train loss: 839.8489]
Fri 28 Nov 2025 22:34:39 INFO  epoch 53 training [time: 50.84s, train loss: 860.2436]
Fri 28 Nov 2025 22:34:40 INFO  epoch 53 evaluating [time: 0.51s, valid_score: 0.395700]
Fri 28 Nov 2025 22:34:40 INFO  valid result: 
recall@10 : 0.166    mrr@10 : 0.3957    ndcg@10 : 0.2215    hit@10 : 0.7546    precision@10 : 0.17
Fri 28 Nov 2025 22:35:32 INFO  epoch 54 training [time: 51.98s, train loss: 876.2899]
Fri 28 Nov 2025 22:36:24 INFO  epoch 55 training [time: 51.76s, train loss: 856.8100]
Fri 28 Nov 2025 22:36:24 INFO  epoch 55 evaluating [time: 0.59s, valid_score: 0.396200]
Fri 28 Nov 2025 22:36:24 INFO  valid result: 
recall@10 : 0.1661    mrr@10 : 0.3962    ndcg@10 : 0.2218    hit@10 : 0.7556    precision@10 : 0.17
Fri 28 Nov 2025 22:36:24 INFO  Saving current: saved/FairLightGCN-Nov-28-2025_21-48-32.pth
Fri 28 Nov 2025 22:37:16 INFO  epoch 56 training [time: 51.18s, train loss: 857.6601]
Fri 28 Nov 2025 22:38:07 INFO  epoch 57 training [time: 51.68s, train loss: 855.3522]
Fri 28 Nov 2025 22:38:08 INFO  epoch 57 evaluating [time: 0.52s, valid_score: 0.397000]
Fri 28 Nov 2025 22:38:08 INFO  valid result: 
recall@10 : 0.1662    mrr@10 : 0.397    ndcg@10 : 0.2219    hit@10 : 0.7561    precision@10 : 0.17
Fri 28 Nov 2025 22:38:08 INFO  Saving current: saved/FairLightGCN-Nov-28-2025_21-48-32.pth
Fri 28 Nov 2025 22:39:00 INFO  epoch 58 training [time: 52.24s, train loss: 857.5813]
Fri 28 Nov 2025 22:39:53 INFO  epoch 59 training [time: 52.57s, train loss: 855.9385]
Fri 28 Nov 2025 22:39:53 INFO  epoch 59 evaluating [time: 0.61s, valid_score: 0.397600]
Fri 28 Nov 2025 22:39:53 INFO  valid result: 
recall@10 : 0.167    mrr@10 : 0.3976    ndcg@10 : 0.2226    hit@10 : 0.7593    precision@10 : 0.1706
Fri 28 Nov 2025 22:39:53 INFO  Saving current: saved/FairLightGCN-Nov-28-2025_21-48-32.pth
Fri 28 Nov 2025 22:40:45 INFO  epoch 60 training [time: 51.59s, train loss: 861.7887]
Fri 28 Nov 2025 22:41:36 INFO  epoch 61 training [time: 51.10s, train loss: 872.9363]
Fri 28 Nov 2025 22:41:37 INFO  epoch 61 evaluating [time: 0.59s, valid_score: 0.398900]
Fri 28 Nov 2025 22:41:37 INFO  valid result: 
recall@10 : 0.1666    mrr@10 : 0.3989    ndcg@10 : 0.2229    hit@10 : 0.7571    precision@10 : 0.1706
Fri 28 Nov 2025 22:41:37 INFO  Saving current: saved/FairLightGCN-Nov-28-2025_21-48-32.pth
Fri 28 Nov 2025 22:42:28 INFO  epoch 62 training [time: 51.34s, train loss: 868.0811]
Fri 28 Nov 2025 22:43:21 INFO  epoch 63 training [time: 52.40s, train loss: 842.4013]
Fri 28 Nov 2025 22:43:21 INFO  epoch 63 evaluating [time: 0.49s, valid_score: 0.398400]
Fri 28 Nov 2025 22:43:21 INFO  valid result: 
recall@10 : 0.1666    mrr@10 : 0.3984    ndcg@10 : 0.2229    hit@10 : 0.7568    precision@10 : 0.1707
Fri 28 Nov 2025 22:44:13 INFO  epoch 64 training [time: 51.69s, train loss: 862.7073]
Fri 28 Nov 2025 22:45:05 INFO  epoch 65 training [time: 52.66s, train loss: 884.0251]
Fri 28 Nov 2025 22:45:06 INFO  epoch 65 evaluating [time: 0.61s, valid_score: 0.398800]
Fri 28 Nov 2025 22:45:06 INFO  valid result: 
recall@10 : 0.1666    mrr@10 : 0.3988    ndcg@10 : 0.2228    hit@10 : 0.7579    precision@10 : 0.1705
Fri 28 Nov 2025 22:45:59 INFO  epoch 66 training [time: 52.84s, train loss: 871.1897]
Fri 28 Nov 2025 22:46:51 INFO  epoch 67 training [time: 51.91s, train loss: 866.6683]
Fri 28 Nov 2025 22:46:51 INFO  epoch 67 evaluating [time: 0.60s, valid_score: 0.397800]
Fri 28 Nov 2025 22:46:51 INFO  valid result: 
recall@10 : 0.166    mrr@10 : 0.3978    ndcg@10 : 0.2224    hit@10 : 0.7563    precision@10 : 0.1703
Fri 28 Nov 2025 22:47:44 INFO  epoch 68 training [time: 52.62s, train loss: 883.6383]
Fri 28 Nov 2025 22:48:36 INFO  epoch 69 training [time: 52.24s, train loss: 885.6501]
Fri 28 Nov 2025 22:48:37 INFO  epoch 69 evaluating [time: 0.61s, valid_score: 0.399100]
Fri 28 Nov 2025 22:48:37 INFO  valid result: 
recall@10 : 0.1663    mrr@10 : 0.3991    ndcg@10 : 0.2228    hit@10 : 0.7568    precision@10 : 0.1706
Fri 28 Nov 2025 22:48:37 INFO  Saving current: saved/FairLightGCN-Nov-28-2025_21-48-32.pth
Fri 28 Nov 2025 22:49:29 INFO  epoch 70 training [time: 51.64s, train loss: 919.0341]
Fri 28 Nov 2025 22:50:20 INFO  epoch 71 training [time: 51.78s, train loss: 914.7673]
Fri 28 Nov 2025 22:50:21 INFO  epoch 71 evaluating [time: 0.59s, valid_score: 0.398800]
Fri 28 Nov 2025 22:50:21 INFO  valid result: 
recall@10 : 0.1665    mrr@10 : 0.3988    ndcg@10 : 0.2227    hit@10 : 0.7594    precision@10 : 0.1707
Fri 28 Nov 2025 22:51:13 INFO  epoch 72 training [time: 51.53s, train loss: 893.9457]
Fri 28 Nov 2025 22:52:06 INFO  epoch 73 training [time: 53.21s, train loss: 890.0249]
Fri 28 Nov 2025 22:52:06 INFO  epoch 73 evaluating [time: 0.60s, valid_score: 0.400100]
Fri 28 Nov 2025 22:52:06 INFO  valid result: 
recall@10 : 0.1665    mrr@10 : 0.4001    ndcg@10 : 0.2232    hit@10 : 0.7584    precision@10 : 0.171
Fri 28 Nov 2025 22:52:06 INFO  Saving current: saved/FairLightGCN-Nov-28-2025_21-48-32.pth
Fri 28 Nov 2025 22:52:59 INFO  epoch 74 training [time: 52.91s, train loss: 904.9794]
Fri 28 Nov 2025 22:53:51 INFO  epoch 75 training [time: 51.91s, train loss: 914.5589]
Fri 28 Nov 2025 22:53:52 INFO  epoch 75 evaluating [time: 0.51s, valid_score: 0.399600]
Fri 28 Nov 2025 22:53:52 INFO  valid result: 
recall@10 : 0.1669    mrr@10 : 0.3996    ndcg@10 : 0.223    hit@10 : 0.7598    precision@10 : 0.1706
Fri 28 Nov 2025 22:54:43 INFO  epoch 76 training [time: 51.47s, train loss: 898.5381]
Fri 28 Nov 2025 22:55:35 INFO  epoch 77 training [time: 51.77s, train loss: 901.5743]
Fri 28 Nov 2025 22:55:36 INFO  epoch 77 evaluating [time: 0.61s, valid_score: 0.399200]
Fri 28 Nov 2025 22:55:36 INFO  valid result: 
recall@10 : 0.1672    mrr@10 : 0.3992    ndcg@10 : 0.2232    hit@10 : 0.7618    precision@10 : 0.1712
Fri 28 Nov 2025 22:56:28 INFO  epoch 78 training [time: 52.64s, train loss: 913.9810]
Fri 28 Nov 2025 22:57:20 INFO  epoch 79 training [time: 51.85s, train loss: 909.3408]
Fri 28 Nov 2025 22:57:21 INFO  epoch 79 evaluating [time: 0.57s, valid_score: 0.399000]
Fri 28 Nov 2025 22:57:21 INFO  valid result: 
recall@10 : 0.1666    mrr@10 : 0.399    ndcg@10 : 0.2228    hit@10 : 0.7611    precision@10 : 0.1707
Fri 28 Nov 2025 22:58:12 INFO  epoch 80 training [time: 51.09s, train loss: 903.1672]
Fri 28 Nov 2025 22:59:04 INFO  epoch 81 training [time: 52.68s, train loss: 899.0049]
Fri 28 Nov 2025 22:59:05 INFO  epoch 81 evaluating [time: 0.60s, valid_score: 0.398500]
Fri 28 Nov 2025 22:59:05 INFO  valid result: 
recall@10 : 0.1666    mrr@10 : 0.3985    ndcg@10 : 0.2229    hit@10 : 0.7606    precision@10 : 0.1711
Fri 28 Nov 2025 22:59:57 INFO  epoch 82 training [time: 52.27s, train loss: 894.7434]
Fri 28 Nov 2025 23:00:50 INFO  epoch 83 training [time: 52.73s, train loss: 893.4308]
Fri 28 Nov 2025 23:00:51 INFO  epoch 83 evaluating [time: 0.59s, valid_score: 0.397100]
Fri 28 Nov 2025 23:00:51 INFO  valid result: 
recall@10 : 0.1666    mrr@10 : 0.3971    ndcg@10 : 0.2226    hit@10 : 0.7591    precision@10 : 0.1709
Fri 28 Nov 2025 23:01:43 INFO  epoch 84 training [time: 51.98s, train loss: 886.5923]
Fri 28 Nov 2025 23:02:35 INFO  epoch 85 training [time: 52.38s, train loss: 897.5954]
Fri 28 Nov 2025 23:02:36 INFO  epoch 85 evaluating [time: 0.58s, valid_score: 0.398000]
Fri 28 Nov 2025 23:02:36 INFO  valid result: 
recall@10 : 0.1662    mrr@10 : 0.398    ndcg@10 : 0.2222    hit@10 : 0.7598    precision@10 : 0.1704
Fri 28 Nov 2025 23:03:28 INFO  epoch 86 training [time: 51.96s, train loss: 879.7488]
Fri 28 Nov 2025 23:04:19 INFO  epoch 87 training [time: 51.17s, train loss: 899.3689]
Fri 28 Nov 2025 23:04:19 INFO  epoch 87 evaluating [time: 0.60s, valid_score: 0.397600]
Fri 28 Nov 2025 23:04:19 INFO  valid result: 
recall@10 : 0.1664    mrr@10 : 0.3976    ndcg@10 : 0.2227    hit@10 : 0.7598    precision@10 : 0.1709
Fri 28 Nov 2025 23:05:11 INFO  epoch 88 training [time: 52.01s, train loss: 940.6951]
Fri 28 Nov 2025 23:06:04 INFO  epoch 89 training [time: 52.85s, train loss: 876.6658]
Fri 28 Nov 2025 23:06:05 INFO  epoch 89 evaluating [time: 0.65s, valid_score: 0.398000]
Fri 28 Nov 2025 23:06:05 INFO  valid result: 
recall@10 : 0.1665    mrr@10 : 0.398    ndcg@10 : 0.2227    hit@10 : 0.7596    precision@10 : 0.1708
Fri 28 Nov 2025 23:07:23 INFO  epoch 90 training [time: 78.24s, train loss: 864.3725]
Fri 28 Nov 2025 23:08:51 INFO  epoch 91 training [time: 87.42s, train loss: 897.2048]
Fri 28 Nov 2025 23:08:51 INFO  epoch 91 evaluating [time: 0.61s, valid_score: 0.398900]
Fri 28 Nov 2025 23:08:51 INFO  valid result: 
recall@10 : 0.1679    mrr@10 : 0.3989    ndcg@10 : 0.2235    hit@10 : 0.7631    precision@10 : 0.1714
Fri 28 Nov 2025 23:09:44 INFO  epoch 92 training [time: 52.82s, train loss: 900.7954]
Fri 28 Nov 2025 23:10:36 INFO  epoch 93 training [time: 52.10s, train loss: 902.0120]
Fri 28 Nov 2025 23:10:37 INFO  epoch 93 evaluating [time: 0.60s, valid_score: 0.398200]
Fri 28 Nov 2025 23:10:37 INFO  valid result: 
recall@10 : 0.1672    mrr@10 : 0.3982    ndcg@10 : 0.2229    hit@10 : 0.7627    precision@10 : 0.171
Fri 28 Nov 2025 23:12:25 INFO  epoch 94 training [time: 108.66s, train loss: 872.8672]
Fri 28 Nov 2025 23:14:41 INFO  epoch 95 training [time: 136.16s, train loss: 891.4607]
Fri 28 Nov 2025 23:14:45 INFO  epoch 95 evaluating [time: 3.86s, valid_score: 0.398800]
Fri 28 Nov 2025 23:14:45 INFO  valid result: 
recall@10 : 0.1676    mrr@10 : 0.3988    ndcg@10 : 0.2233    hit@10 : 0.7627    precision@10 : 0.1713
Fri 28 Nov 2025 23:14:45 INFO  Finished training, best eval result in epoch 73
Fri 28 Nov 2025 23:14:46 INFO  Loading model structure and parameters from saved/FairLightGCN-Nov-28-2025_21-48-32.pth
Fri 28 Nov 2025 23:14:49 INFO  count    1418.000000
mean       42.595205
std        63.862688
min         1.000000
25%         4.000000
50%        18.000000
75%        53.750000
max       483.000000
dtype: float64
Fri 28 Nov 2025 23:14:50 INFO  The running environment of this training is as follows:
+-------------+-----------------+
| Environment |      Usage      |
+=============+=================+
| CPU         |     20.70 %     |
+-------------+-----------------+
| GPU         | 0.29 G/47.53 G  |
+-------------+-----------------+
| Memory      | 2.05 G/251.48 G |
+-------------+-----------------+
Fri 28 Nov 2025 23:14:50 INFO  best valid : OrderedDict([('recall@10', 0.1665), ('mrr@10', 0.4001), ('ndcg@10', 0.2232), ('hit@10', 0.7584), ('precision@10', 0.171)])
Fri 28 Nov 2025 23:14:50 INFO  test result: OrderedDict([('recall@10', 0.19026211920529804), ('mrr@10', 0.4789970033112582), ('ndcg@10', 0.2812913245033113), ('hit@10', 0.7913907284768212), ('precision@10', 0.21500000000000002)])
