# cl_rate_0.2_beta_0.2_batch_size_1024_only_item2loss
Sun 23 Nov 2025 22:22:00 INFO  ['run_recbole.py', '--model', 'FairLightGCN', '--dataset', 'ml-1m', '--gpu_ids', '3']
Sun 23 Nov 2025 22:22:00 INFO  
General Hyper Parameters:
gpu_id = 0
use_gpu = True
seed = 2020
state = INFO
reproducibility = True
data_path = dataset/ml-1m
checkpoint_dir = saved
show_progress = True
save_dataset = False
dataset_save_path = None
save_dataloaders = False
dataloaders_save_path = None
log_wandb = False

Training Hyper Parameters:
epochs = 100
train_batch_size = 1024
learner = adam
learning_rate = 0.001
train_neg_sample_args = {'distribution': 'uniform', 'sample_num': 1, 'alpha': 1.0, 'dynamic': False, 'candidate_num': 0}
eval_step = 2
stopping_step = 10
clip_grad_norm = None
weight_decay = 0.0
loss_decimal_place = 4

Evaluation Hyper Parameters:
eval_args = {'split': {'RS': [0.8, 0.1, 0.1]}, 'order': 'RO', 'group_by': 'user', 'mode': {'valid': 'full', 'test': 'full'}}
repeatable = False
metrics = ['Recall', 'MRR', 'NDCG', 'Hit', 'Precision']
topk = [10]
valid_metric = MRR@10
valid_metric_bigger = True
eval_batch_size = 102400
metric_decimal_place = 4

Dataset Hyper Parameters:
train_batch_size = 1024
eval_batch_size = 102400
field_separator = 	
seq_separator =  
USER_ID_FIELD = user_id
ITEM_ID_FIELD = item_id
RATING_FIELD = rating
TIME_FIELD = timestamp
seq_len = None
LABEL_FIELD = label
threshold = None
NEG_PREFIX = neg_
load_col = {'inter': ['user_id', 'item_id', 'rating', 'timestamp']}
unload_col = None
unused_col = None
additional_feat_suffix = None
rm_dup_inter = None
val_interval = None
filter_inter_by_user_or_item = True
user_inter_num_interval = None
item_inter_num_interval = None
alias_of_user_id = None
alias_of_item_id = None
alias_of_entity_id = None
alias_of_relation_id = None
preload_weight = None
normalize_field = None
normalize_all = True
ITEM_LIST_LENGTH_FIELD = item_length
LIST_SUFFIX = _list
MAX_ITEM_LIST_LENGTH = 50
POSITION_FIELD = position_id
HEAD_ENTITY_ID_FIELD = head_id
TAIL_ENTITY_ID_FIELD = tail_id
RELATION_ID_FIELD = relation_id
ENTITY_ID_FIELD = entity_id
kg_reverse_r = False
entity_kg_num_interval = None
relation_kg_num_interval = None
benchmark_filename = None
save_single_user = True
save_base_path = output
attr = {'user': {'need_inter_num': True, 'need_inter_hour': True, 'need_rating': True, 'need_item_genre': True, 'need_item_year': True, 'need_zipcode_to_region': True}, 'item': {'need_inter_num': True, 'need_inter_hour': True, 'need_rating': True, 'need_age': True, 'need_gender': True, 'need_occupation': True, 'need_region': True}, 'interaction': {'timestamp_unit': 's'}}
to_bin = {'user': {'mean_rating': {'n_bins': 5}, 'interaction_nums': {'n_bins': 5}}, 'item': {'mean_rating': {'n_bins': 5}, 'interaction_nums': {'n_bins': 5}}}

Other Hyper Parameters: 
worker = 0
wandb_project = recbole
shuffle = True
require_pow = False
enable_amp = False
enable_scaler = False
transform = None
export_topk_recs = True
export_topk_dir = None
export_topk_filename = None
export_topk_item_separator = None
export_topk_separate_columns = None
embedding_size = 64
n_layers = 2
reg_weight = 1e-05
numerical_features = []
discretization = None
MODEL_TYPE = ModelType.GENERAL
MODEL_INPUT_TYPE = InputType.PAIRWISE
eval_type = EvaluatorType.RANKING
single_spec = True
local_rank = 0
device = cuda
valid_neg_sample_args = {'distribution': 'uniform', 'sample_num': 'none'}
test_neg_sample_args = {'distribution': 'uniform', 'sample_num': 'none'}


Sun 23 Nov 2025 22:22:03 INFO  ml-1m
The number of users: 6041
Average actions of users: 165.5975165562914
The number of items: 3707
Average actions of items: 269.88909875876953
The number of inters: 1000209
The sparsity of the dataset: 95.53358229599758%
Remain Fields: ['user_id', 'item_id', 'rating', 'timestamp']
Sun 23 Nov 2025 22:22:07 INFO  [Training]: train_batch_size = [1024] train_neg_sample_args: [{'distribution': 'uniform', 'sample_num': 1, 'alpha': 1.0, 'dynamic': False, 'candidate_num': 0}]
Sun 23 Nov 2025 22:22:07 INFO  [Evaluation]: eval_batch_size = [102400] eval_args: [{'split': {'RS': [0.8, 0.1, 0.1]}, 'order': 'RO', 'group_by': 'user', 'mode': {'valid': 'full', 'test': 'full'}}]
Sun 23 Nov 2025 22:22:24 INFO  FairLightGCN(
  (user_embedding): Embedding(6041, 64)
  (item_embedding): Embedding(3707, 64)
  (mf_loss): BPRLoss()
  (reg_loss): EmbLoss()
)
Trainable parameters: 623872
Sun 23 Nov 2025 22:22:25 INFO  FLOPs: 0.0
Sun 23 Nov 2025 22:23:06 INFO  epoch 0 training [time: 40.23s, train loss: 948.6226]
Sun 23 Nov 2025 22:23:46 INFO  epoch 1 training [time: 40.40s, train loss: 902.2246]
Sun 23 Nov 2025 22:23:46 INFO  epoch 1 evaluating [time: 0.40s, valid_score: 0.256900]
Sun 23 Nov 2025 22:23:46 INFO  valid result: 
recall@10 : 0.1004    mrr@10 : 0.2569    ndcg@10 : 0.1254    hit@10 : 0.5781    precision@10 : 0.0937
Sun 23 Nov 2025 22:23:46 INFO  Saving current: saved/FairLightGCN-Nov-23-2025_22-22-25.pth
Sun 23 Nov 2025 22:24:27 INFO  epoch 2 training [time: 40.52s, train loss: 891.8924]
Sun 23 Nov 2025 22:25:08 INFO  epoch 3 training [time: 40.85s, train loss: 886.4862]
Sun 23 Nov 2025 22:25:08 INFO  epoch 3 evaluating [time: 0.39s, valid_score: 0.231600]
Sun 23 Nov 2025 22:25:08 INFO  valid result: 
recall@10 : 0.0913    mrr@10 : 0.2316    ndcg@10 : 0.1119    hit@10 : 0.5421    precision@10 : 0.0841
Sun 23 Nov 2025 22:25:49 INFO  epoch 4 training [time: 40.87s, train loss: 882.6670]
Sun 23 Nov 2025 22:26:30 INFO  epoch 5 training [time: 41.02s, train loss: 878.1627]
Sun 23 Nov 2025 22:26:30 INFO  epoch 5 evaluating [time: 0.37s, valid_score: 0.104600]
Sun 23 Nov 2025 22:26:30 INFO  valid result: 
recall@10 : 0.0442    mrr@10 : 0.1046    ndcg@10 : 0.0506    hit@10 : 0.2692    precision@10 : 0.0369
Sun 23 Nov 2025 22:27:11 INFO  epoch 6 training [time: 40.69s, train loss: 868.9434]
Sun 23 Nov 2025 22:27:48 INFO  epoch 7 training [time: 36.66s, train loss: 851.9428]
Sun 23 Nov 2025 22:27:48 INFO  epoch 7 evaluating [time: 0.38s, valid_score: 0.074500]
Sun 23 Nov 2025 22:27:48 INFO  valid result: 
recall@10 : 0.0227    mrr@10 : 0.0745    ndcg@10 : 0.0331    hit@10 : 0.1844    precision@10 : 0.0256
Sun 23 Nov 2025 22:28:28 INFO  epoch 8 training [time: 40.24s, train loss: 831.5792]
Sun 23 Nov 2025 22:29:09 INFO  epoch 9 training [time: 40.88s, train loss: 810.2664]
Sun 23 Nov 2025 22:29:10 INFO  epoch 9 evaluating [time: 0.38s, valid_score: 0.116200]
Sun 23 Nov 2025 22:29:10 INFO  valid result: 
recall@10 : 0.0355    mrr@10 : 0.1162    ndcg@10 : 0.0526    hit@10 : 0.2856    precision@10 : 0.0422
Sun 23 Nov 2025 22:29:51 INFO  epoch 10 training [time: 40.90s, train loss: 788.2716]
Sun 23 Nov 2025 22:30:32 INFO  epoch 11 training [time: 41.02s, train loss: 766.5874]
Sun 23 Nov 2025 22:30:32 INFO  epoch 11 evaluating [time: 0.38s, valid_score: 0.159700]
Sun 23 Nov 2025 22:30:32 INFO  valid result: 
recall@10 : 0.0495    mrr@10 : 0.1597    ndcg@10 : 0.0741    hit@10 : 0.3709    precision@10 : 0.0592
Sun 23 Nov 2025 22:31:13 INFO  epoch 12 training [time: 40.99s, train loss: 746.3070]
Sun 23 Nov 2025 22:31:54 INFO  epoch 13 training [time: 40.95s, train loss: 728.5294]
Sun 23 Nov 2025 22:31:54 INFO  epoch 13 evaluating [time: 0.38s, valid_score: 0.191300]
Sun 23 Nov 2025 22:31:54 INFO  valid result: 
recall@10 : 0.0609    mrr@10 : 0.1913    ndcg@10 : 0.0913    hit@10 : 0.4325    precision@10 : 0.0731
Sun 23 Nov 2025 22:32:35 INFO  epoch 14 training [time: 40.69s, train loss: 712.2653]
Sun 23 Nov 2025 22:33:15 INFO  epoch 15 training [time: 39.88s, train loss: 698.0674]
Sun 23 Nov 2025 22:33:15 INFO  epoch 15 evaluating [time: 0.30s, valid_score: 0.211400]
Sun 23 Nov 2025 22:33:15 INFO  valid result: 
recall@10 : 0.0692    mrr@10 : 0.2114    ndcg@10 : 0.1028    hit@10 : 0.4786    precision@10 : 0.0824
Sun 23 Nov 2025 22:33:55 INFO  epoch 16 training [time: 39.85s, train loss: 684.5512]
Sun 23 Nov 2025 22:34:35 INFO  epoch 17 training [time: 39.94s, train loss: 672.3624]
Sun 23 Nov 2025 22:34:35 INFO  epoch 17 evaluating [time: 0.31s, valid_score: 0.231700]
Sun 23 Nov 2025 22:34:35 INFO  valid result: 
recall@10 : 0.079    mrr@10 : 0.2317    ndcg@10 : 0.1146    hit@10 : 0.5171    precision@10 : 0.0912
Sun 23 Nov 2025 22:35:16 INFO  epoch 18 training [time: 40.75s, train loss: 661.1678]
Sun 23 Nov 2025 22:35:57 INFO  epoch 19 training [time: 41.00s, train loss: 651.1723]
Sun 23 Nov 2025 22:35:57 INFO  epoch 19 evaluating [time: 0.38s, valid_score: 0.248100]
Sun 23 Nov 2025 22:35:57 INFO  valid result: 
recall@10 : 0.0868    mrr@10 : 0.2481    ndcg@10 : 0.1241    hit@10 : 0.546    precision@10 : 0.0981
Sun 23 Nov 2025 22:36:39 INFO  epoch 20 training [time: 41.39s, train loss: 640.9586]
Sun 23 Nov 2025 22:37:20 INFO  epoch 21 training [time: 40.80s, train loss: 631.4243]
Sun 23 Nov 2025 22:37:20 INFO  epoch 21 evaluating [time: 0.39s, valid_score: 0.264900]
Sun 23 Nov 2025 22:37:20 INFO  valid result: 
recall@10 : 0.0971    mrr@10 : 0.2649    ndcg@10 : 0.135    hit@10 : 0.5834    precision@10 : 0.1064
Sun 23 Nov 2025 22:37:20 INFO  Saving current: saved/FairLightGCN-Nov-23-2025_22-22-25.pth
Sun 23 Nov 2025 22:38:02 INFO  epoch 22 training [time: 41.53s, train loss: 621.9520]
Sun 23 Nov 2025 22:38:43 INFO  epoch 23 training [time: 41.43s, train loss: 613.4870]
Sun 23 Nov 2025 22:38:43 INFO  epoch 23 evaluating [time: 0.42s, valid_score: 0.283500]
Sun 23 Nov 2025 22:38:43 INFO  valid result: 
recall@10 : 0.1065    mrr@10 : 0.2835    ndcg@10 : 0.1454    hit@10 : 0.6172    precision@10 : 0.1134
Sun 23 Nov 2025 22:38:44 INFO  Saving current: saved/FairLightGCN-Nov-23-2025_22-22-25.pth
Sun 23 Nov 2025 22:39:25 INFO  epoch 24 training [time: 41.55s, train loss: 605.8017]
Sun 23 Nov 2025 22:40:07 INFO  epoch 25 training [time: 41.47s, train loss: 598.1828]
Sun 23 Nov 2025 22:40:07 INFO  epoch 25 evaluating [time: 0.39s, valid_score: 0.300300]
Sun 23 Nov 2025 22:40:07 INFO  valid result: 
recall@10 : 0.114    mrr@10 : 0.3003    ndcg@10 : 0.1547    hit@10 : 0.6397    precision@10 : 0.1197
Sun 23 Nov 2025 22:40:07 INFO  Saving current: saved/FairLightGCN-Nov-23-2025_22-22-25.pth
Sun 23 Nov 2025 22:40:49 INFO  epoch 26 training [time: 41.55s, train loss: 592.1468]
Sun 23 Nov 2025 22:41:30 INFO  epoch 27 training [time: 41.13s, train loss: 586.2452]
Sun 23 Nov 2025 22:41:30 INFO  epoch 27 evaluating [time: 0.37s, valid_score: 0.314300]
Sun 23 Nov 2025 22:41:30 INFO  valid result: 
recall@10 : 0.1204    mrr@10 : 0.3143    ndcg@10 : 0.1629    hit@10 : 0.6565    precision@10 : 0.1259
Sun 23 Nov 2025 22:41:30 INFO  Saving current: saved/FairLightGCN-Nov-23-2025_22-22-25.pth
Sun 23 Nov 2025 22:42:11 INFO  epoch 28 training [time: 41.06s, train loss: 580.1744]
Sun 23 Nov 2025 22:42:52 INFO  epoch 29 training [time: 40.77s, train loss: 576.0250]
Sun 23 Nov 2025 22:42:52 INFO  epoch 29 evaluating [time: 0.33s, valid_score: 0.324400]
Sun 23 Nov 2025 22:42:52 INFO  valid result: 
recall@10 : 0.1266    mrr@10 : 0.3244    ndcg@10 : 0.1695    hit@10 : 0.6702    precision@10 : 0.1308
Sun 23 Nov 2025 22:42:52 INFO  Saving current: saved/FairLightGCN-Nov-23-2025_22-22-25.pth
Sun 23 Nov 2025 22:43:33 INFO  epoch 30 training [time: 40.85s, train loss: 571.4246]
Sun 23 Nov 2025 22:44:14 INFO  epoch 31 training [time: 41.17s, train loss: 567.6185]
Sun 23 Nov 2025 22:44:15 INFO  epoch 31 evaluating [time: 0.38s, valid_score: 0.330900]
Sun 23 Nov 2025 22:44:15 INFO  valid result: 
recall@10 : 0.1301    mrr@10 : 0.3309    ndcg@10 : 0.1739    hit@10 : 0.6783    precision@10 : 0.1341
Sun 23 Nov 2025 22:44:15 INFO  Saving current: saved/FairLightGCN-Nov-23-2025_22-22-25.pth
Sun 23 Nov 2025 22:44:56 INFO  epoch 32 training [time: 41.11s, train loss: 563.6925]
Sun 23 Nov 2025 22:45:37 INFO  epoch 33 training [time: 40.99s, train loss: 560.0104]
Sun 23 Nov 2025 22:45:37 INFO  epoch 33 evaluating [time: 0.38s, valid_score: 0.335900]
Sun 23 Nov 2025 22:45:37 INFO  valid result: 
recall@10 : 0.1341    mrr@10 : 0.3359    ndcg@10 : 0.1782    hit@10 : 0.6887    precision@10 : 0.1375
Sun 23 Nov 2025 22:45:38 INFO  Saving current: saved/FairLightGCN-Nov-23-2025_22-22-25.pth
Sun 23 Nov 2025 22:46:19 INFO  epoch 34 training [time: 41.08s, train loss: 556.7417]
Sun 23 Nov 2025 22:47:00 INFO  epoch 35 training [time: 41.11s, train loss: 553.7296]
Sun 23 Nov 2025 22:47:00 INFO  epoch 35 evaluating [time: 0.37s, valid_score: 0.340300]
Sun 23 Nov 2025 22:47:00 INFO  valid result: 
recall@10 : 0.1361    mrr@10 : 0.3403    ndcg@10 : 0.181    hit@10 : 0.6945    precision@10 : 0.1395
Sun 23 Nov 2025 22:47:00 INFO  Saving current: saved/FairLightGCN-Nov-23-2025_22-22-25.pth
Sun 23 Nov 2025 22:47:41 INFO  epoch 36 training [time: 40.85s, train loss: 550.5966]
Sun 23 Nov 2025 22:48:22 INFO  epoch 37 training [time: 41.10s, train loss: 547.8178]
Sun 23 Nov 2025 22:48:23 INFO  epoch 37 evaluating [time: 0.36s, valid_score: 0.346100]
Sun 23 Nov 2025 22:48:23 INFO  valid result: 
recall@10 : 0.1392    mrr@10 : 0.3461    ndcg@10 : 0.1843    hit@10 : 0.703    precision@10 : 0.1415
Sun 23 Nov 2025 22:48:23 INFO  Saving current: saved/FairLightGCN-Nov-23-2025_22-22-25.pth
Sun 23 Nov 2025 22:49:02 INFO  epoch 38 training [time: 39.02s, train loss: 544.9590]
Sun 23 Nov 2025 22:49:42 INFO  epoch 39 training [time: 40.35s, train loss: 543.1982]
Sun 23 Nov 2025 22:49:42 INFO  epoch 39 evaluating [time: 0.37s, valid_score: 0.349500]
Sun 23 Nov 2025 22:49:42 INFO  valid result: 
recall@10 : 0.1413    mrr@10 : 0.3495    ndcg@10 : 0.1868    hit@10 : 0.7083    precision@10 : 0.1432
Sun 23 Nov 2025 22:49:42 INFO  Saving current: saved/FairLightGCN-Nov-23-2025_22-22-25.pth
Sun 23 Nov 2025 22:50:24 INFO  epoch 40 training [time: 41.06s, train loss: 540.6451]
Sun 23 Nov 2025 22:51:05 INFO  epoch 41 training [time: 41.07s, train loss: 538.8521]
Sun 23 Nov 2025 22:51:05 INFO  epoch 41 evaluating [time: 0.37s, valid_score: 0.351900]
Sun 23 Nov 2025 22:51:05 INFO  valid result: 
recall@10 : 0.1434    mrr@10 : 0.3519    ndcg@10 : 0.1887    hit@10 : 0.7134    precision@10 : 0.1449
Sun 23 Nov 2025 22:51:05 INFO  Saving current: saved/FairLightGCN-Nov-23-2025_22-22-25.pth
Sun 23 Nov 2025 22:51:46 INFO  epoch 42 training [time: 41.02s, train loss: 536.8501]
Sun 23 Nov 2025 22:52:27 INFO  epoch 43 training [time: 41.05s, train loss: 535.0143]
Sun 23 Nov 2025 22:52:28 INFO  epoch 43 evaluating [time: 0.38s, valid_score: 0.356400]
Sun 23 Nov 2025 22:52:28 INFO  valid result: 
recall@10 : 0.1459    mrr@10 : 0.3564    ndcg@10 : 0.1916    hit@10 : 0.7175    precision@10 : 0.1473
Sun 23 Nov 2025 22:52:28 INFO  Saving current: saved/FairLightGCN-Nov-23-2025_22-22-25.pth
Sun 23 Nov 2025 22:53:09 INFO  epoch 44 training [time: 41.08s, train loss: 532.8802]
Sun 23 Nov 2025 22:53:50 INFO  epoch 45 training [time: 41.10s, train loss: 530.6647]
Sun 23 Nov 2025 22:53:50 INFO  epoch 45 evaluating [time: 0.38s, valid_score: 0.357800]
Sun 23 Nov 2025 22:53:50 INFO  valid result: 
recall@10 : 0.1478    mrr@10 : 0.3578    ndcg@10 : 0.1935    hit@10 : 0.723    precision@10 : 0.149
Sun 23 Nov 2025 22:53:50 INFO  Saving current: saved/FairLightGCN-Nov-23-2025_22-22-25.pth
Sun 23 Nov 2025 22:54:31 INFO  epoch 46 training [time: 41.05s, train loss: 529.6388]
Sun 23 Nov 2025 22:55:13 INFO  epoch 47 training [time: 41.10s, train loss: 528.0488]
Sun 23 Nov 2025 22:55:13 INFO  epoch 47 evaluating [time: 0.37s, valid_score: 0.360700]
Sun 23 Nov 2025 22:55:13 INFO  valid result: 
recall@10 : 0.1482    mrr@10 : 0.3607    ndcg@10 : 0.1945    hit@10 : 0.724    precision@10 : 0.1495
Sun 23 Nov 2025 22:55:13 INFO  Saving current: saved/FairLightGCN-Nov-23-2025_22-22-25.pth
Sun 23 Nov 2025 22:55:54 INFO  epoch 48 training [time: 41.06s, train loss: 526.0346]
Sun 23 Nov 2025 22:56:35 INFO  epoch 49 training [time: 41.08s, train loss: 525.2872]
Sun 23 Nov 2025 22:56:36 INFO  epoch 49 evaluating [time: 0.37s, valid_score: 0.361300]
Sun 23 Nov 2025 22:56:36 INFO  valid result: 
recall@10 : 0.1491    mrr@10 : 0.3613    ndcg@10 : 0.1955    hit@10 : 0.7258    precision@10 : 0.1504
Sun 23 Nov 2025 22:56:36 INFO  Saving current: saved/FairLightGCN-Nov-23-2025_22-22-25.pth
Sun 23 Nov 2025 22:57:17 INFO  epoch 50 training [time: 41.08s, train loss: 523.9780]
Sun 23 Nov 2025 22:57:58 INFO  epoch 51 training [time: 41.12s, train loss: 522.1727]
Sun 23 Nov 2025 22:57:58 INFO  epoch 51 evaluating [time: 0.38s, valid_score: 0.363000]
Sun 23 Nov 2025 22:57:58 INFO  valid result: 
recall@10 : 0.1502    mrr@10 : 0.363    ndcg@10 : 0.1971    hit@10 : 0.7295    precision@10 : 0.1519
Sun 23 Nov 2025 22:57:58 INFO  Saving current: saved/FairLightGCN-Nov-23-2025_22-22-25.pth
Sun 23 Nov 2025 22:58:39 INFO  epoch 52 training [time: 41.08s, train loss: 521.0599]
Sun 23 Nov 2025 22:59:21 INFO  epoch 53 training [time: 41.12s, train loss: 518.8982]
Sun 23 Nov 2025 22:59:21 INFO  epoch 53 evaluating [time: 0.37s, valid_score: 0.364200]
Sun 23 Nov 2025 22:59:21 INFO  valid result: 
recall@10 : 0.1507    mrr@10 : 0.3642    ndcg@10 : 0.1979    hit@10 : 0.7296    precision@10 : 0.1524
Sun 23 Nov 2025 22:59:21 INFO  Saving current: saved/FairLightGCN-Nov-23-2025_22-22-25.pth
Sun 23 Nov 2025 23:00:02 INFO  epoch 54 training [time: 41.16s, train loss: 518.1958]
Sun 23 Nov 2025 23:00:43 INFO  epoch 55 training [time: 41.17s, train loss: 517.3787]
Sun 23 Nov 2025 23:00:44 INFO  epoch 55 evaluating [time: 0.39s, valid_score: 0.366900]
Sun 23 Nov 2025 23:00:44 INFO  valid result: 
recall@10 : 0.1516    mrr@10 : 0.3669    ndcg@10 : 0.1988    hit@10 : 0.7328    precision@10 : 0.1528
Sun 23 Nov 2025 23:00:44 INFO  Saving current: saved/FairLightGCN-Nov-23-2025_22-22-25.pth
Sun 23 Nov 2025 23:01:20 INFO  epoch 56 training [time: 36.08s, train loss: 515.8306]
Sun 23 Nov 2025 23:01:59 INFO  epoch 57 training [time: 39.21s, train loss: 514.8171]
Sun 23 Nov 2025 23:02:00 INFO  epoch 57 evaluating [time: 0.43s, valid_score: 0.367400]
Sun 23 Nov 2025 23:02:00 INFO  valid result: 
recall@10 : 0.1526    mrr@10 : 0.3674    ndcg@10 : 0.1996    hit@10 : 0.7341    precision@10 : 0.1534
Sun 23 Nov 2025 23:02:00 INFO  Saving current: saved/FairLightGCN-Nov-23-2025_22-22-25.pth
Sun 23 Nov 2025 23:02:41 INFO  epoch 58 training [time: 41.10s, train loss: 513.6319]
Sun 23 Nov 2025 23:03:22 INFO  epoch 59 training [time: 40.93s, train loss: 512.6125]
Sun 23 Nov 2025 23:03:22 INFO  epoch 59 evaluating [time: 0.39s, valid_score: 0.369200]
Sun 23 Nov 2025 23:03:22 INFO  valid result: 
recall@10 : 0.1534    mrr@10 : 0.3692    ndcg@10 : 0.2011    hit@10 : 0.7346    precision@10 : 0.1547
Sun 23 Nov 2025 23:03:22 INFO  Saving current: saved/FairLightGCN-Nov-23-2025_22-22-25.pth
Sun 23 Nov 2025 23:04:04 INFO  epoch 60 training [time: 41.16s, train loss: 511.8090]
Sun 23 Nov 2025 23:04:45 INFO  epoch 61 training [time: 41.16s, train loss: 510.2406]
Sun 23 Nov 2025 23:04:45 INFO  epoch 61 evaluating [time: 0.38s, valid_score: 0.370300]
Sun 23 Nov 2025 23:04:45 INFO  valid result: 
recall@10 : 0.1533    mrr@10 : 0.3703    ndcg@10 : 0.201    hit@10 : 0.7353    precision@10 : 0.1543
Sun 23 Nov 2025 23:04:45 INFO  Saving current: saved/FairLightGCN-Nov-23-2025_22-22-25.pth
Sun 23 Nov 2025 23:05:26 INFO  epoch 62 training [time: 41.14s, train loss: 509.3312]
Sun 23 Nov 2025 23:06:07 INFO  epoch 63 training [time: 41.02s, train loss: 509.0515]
Sun 23 Nov 2025 23:06:08 INFO  epoch 63 evaluating [time: 0.37s, valid_score: 0.371700]
Sun 23 Nov 2025 23:06:08 INFO  valid result: 
recall@10 : 0.1542    mrr@10 : 0.3717    ndcg@10 : 0.2024    hit@10 : 0.7366    precision@10 : 0.1555
Sun 23 Nov 2025 23:06:08 INFO  Saving current: saved/FairLightGCN-Nov-23-2025_22-22-25.pth
Sun 23 Nov 2025 23:06:49 INFO  epoch 64 training [time: 41.06s, train loss: 507.9895]
Sun 23 Nov 2025 23:07:30 INFO  epoch 65 training [time: 40.79s, train loss: 507.2487]
Sun 23 Nov 2025 23:07:30 INFO  epoch 65 evaluating [time: 0.38s, valid_score: 0.372300]
Sun 23 Nov 2025 23:07:30 INFO  valid result: 
recall@10 : 0.1545    mrr@10 : 0.3723    ndcg@10 : 0.2028    hit@10 : 0.7384    precision@10 : 0.1555
Sun 23 Nov 2025 23:07:30 INFO  Saving current: saved/FairLightGCN-Nov-23-2025_22-22-25.pth
Sun 23 Nov 2025 23:08:11 INFO  epoch 66 training [time: 40.97s, train loss: 506.1655]
Sun 23 Nov 2025 23:08:52 INFO  epoch 67 training [time: 40.87s, train loss: 505.3733]
Sun 23 Nov 2025 23:08:53 INFO  epoch 67 evaluating [time: 0.38s, valid_score: 0.371500]
Sun 23 Nov 2025 23:08:53 INFO  valid result: 
recall@10 : 0.1543    mrr@10 : 0.3715    ndcg@10 : 0.2025    hit@10 : 0.7371    precision@10 : 0.1553
Sun 23 Nov 2025 23:09:33 INFO  epoch 68 training [time: 40.81s, train loss: 505.0649]
Sun 23 Nov 2025 23:10:14 INFO  epoch 69 training [time: 40.85s, train loss: 504.0713]
Sun 23 Nov 2025 23:10:15 INFO  epoch 69 evaluating [time: 0.38s, valid_score: 0.373200]
Sun 23 Nov 2025 23:10:15 INFO  valid result: 
recall@10 : 0.154    mrr@10 : 0.3732    ndcg@10 : 0.2029    hit@10 : 0.7374    precision@10 : 0.1553
Sun 23 Nov 2025 23:10:15 INFO  Saving current: saved/FairLightGCN-Nov-23-2025_22-22-25.pth
Sun 23 Nov 2025 23:10:56 INFO  epoch 70 training [time: 40.77s, train loss: 503.2172]
Sun 23 Nov 2025 23:11:36 INFO  epoch 71 training [time: 40.81s, train loss: 502.2664]
Sun 23 Nov 2025 23:11:37 INFO  epoch 71 evaluating [time: 0.38s, valid_score: 0.372500]
Sun 23 Nov 2025 23:11:37 INFO  valid result: 
recall@10 : 0.1543    mrr@10 : 0.3725    ndcg@10 : 0.2031    hit@10 : 0.7389    precision@10 : 0.1557
Sun 23 Nov 2025 23:12:18 INFO  epoch 72 training [time: 40.81s, train loss: 501.6815]
Sun 23 Nov 2025 23:12:58 INFO  epoch 73 training [time: 40.82s, train loss: 501.0430]
Sun 23 Nov 2025 23:12:59 INFO  epoch 73 evaluating [time: 0.38s, valid_score: 0.374100]
Sun 23 Nov 2025 23:12:59 INFO  valid result: 
recall@10 : 0.1543    mrr@10 : 0.3741    ndcg@10 : 0.2034    hit@10 : 0.7376    precision@10 : 0.1558
Sun 23 Nov 2025 23:12:59 INFO  Saving current: saved/FairLightGCN-Nov-23-2025_22-22-25.pth
Sun 23 Nov 2025 23:13:36 INFO  epoch 74 training [time: 36.64s, train loss: 499.8493]
Sun 23 Nov 2025 23:14:13 INFO  epoch 75 training [time: 37.64s, train loss: 499.4775]
Sun 23 Nov 2025 23:14:14 INFO  epoch 75 evaluating [time: 0.38s, valid_score: 0.375100]
Sun 23 Nov 2025 23:14:14 INFO  valid result: 
recall@10 : 0.1543    mrr@10 : 0.3751    ndcg@10 : 0.2037    hit@10 : 0.7374    precision@10 : 0.1559
Sun 23 Nov 2025 23:14:14 INFO  Saving current: saved/FairLightGCN-Nov-23-2025_22-22-25.pth
Sun 23 Nov 2025 23:14:55 INFO  epoch 76 training [time: 40.93s, train loss: 499.1623]
Sun 23 Nov 2025 23:15:35 INFO  epoch 77 training [time: 40.86s, train loss: 498.1533]
Sun 23 Nov 2025 23:15:36 INFO  epoch 77 evaluating [time: 0.37s, valid_score: 0.375200]
Sun 23 Nov 2025 23:15:36 INFO  valid result: 
recall@10 : 0.1541    mrr@10 : 0.3752    ndcg@10 : 0.2037    hit@10 : 0.7379    precision@10 : 0.1558
Sun 23 Nov 2025 23:15:36 INFO  Saving current: saved/FairLightGCN-Nov-23-2025_22-22-25.pth
Sun 23 Nov 2025 23:16:17 INFO  epoch 78 training [time: 40.76s, train loss: 497.7016]
Sun 23 Nov 2025 23:16:58 INFO  epoch 79 training [time: 40.80s, train loss: 496.4719]
Sun 23 Nov 2025 23:16:58 INFO  epoch 79 evaluating [time: 0.37s, valid_score: 0.375800]
Sun 23 Nov 2025 23:16:58 INFO  valid result: 
recall@10 : 0.1543    mrr@10 : 0.3758    ndcg@10 : 0.2039    hit@10 : 0.7391    precision@10 : 0.1559
Sun 23 Nov 2025 23:16:58 INFO  Saving current: saved/FairLightGCN-Nov-23-2025_22-22-25.pth
Sun 23 Nov 2025 23:17:39 INFO  epoch 80 training [time: 40.81s, train loss: 496.6265]
Sun 23 Nov 2025 23:18:20 INFO  epoch 81 training [time: 40.86s, train loss: 495.4402]
Sun 23 Nov 2025 23:18:20 INFO  epoch 81 evaluating [time: 0.37s, valid_score: 0.376700]
Sun 23 Nov 2025 23:18:20 INFO  valid result: 
recall@10 : 0.1539    mrr@10 : 0.3767    ndcg@10 : 0.2039    hit@10 : 0.7386    precision@10 : 0.1558
Sun 23 Nov 2025 23:18:20 INFO  Saving current: saved/FairLightGCN-Nov-23-2025_22-22-25.pth
Sun 23 Nov 2025 23:19:01 INFO  epoch 82 training [time: 40.82s, train loss: 495.0473]
Sun 23 Nov 2025 23:19:42 INFO  epoch 83 training [time: 40.84s, train loss: 494.0700]
Sun 23 Nov 2025 23:19:42 INFO  epoch 83 evaluating [time: 0.37s, valid_score: 0.377600]
Sun 23 Nov 2025 23:19:42 INFO  valid result: 
recall@10 : 0.1537    mrr@10 : 0.3776    ndcg@10 : 0.2042    hit@10 : 0.7379    precision@10 : 0.156
Sun 23 Nov 2025 23:19:42 INFO  Saving current: saved/FairLightGCN-Nov-23-2025_22-22-25.pth
Sun 23 Nov 2025 23:20:23 INFO  epoch 84 training [time: 40.82s, train loss: 494.0224]
Sun 23 Nov 2025 23:21:04 INFO  epoch 85 training [time: 40.90s, train loss: 493.3785]
Sun 23 Nov 2025 23:21:05 INFO  epoch 85 evaluating [time: 0.38s, valid_score: 0.377800]
Sun 23 Nov 2025 23:21:05 INFO  valid result: 
recall@10 : 0.1545    mrr@10 : 0.3778    ndcg@10 : 0.2048    hit@10 : 0.7389    precision@10 : 0.1566
Sun 23 Nov 2025 23:21:05 INFO  Saving current: saved/FairLightGCN-Nov-23-2025_22-22-25.pth
Sun 23 Nov 2025 23:21:45 INFO  epoch 86 training [time: 40.85s, train loss: 492.7290]
Sun 23 Nov 2025 23:22:26 INFO  epoch 87 training [time: 40.87s, train loss: 492.2136]
Sun 23 Nov 2025 23:22:27 INFO  epoch 87 evaluating [time: 0.37s, valid_score: 0.378400]
Sun 23 Nov 2025 23:22:27 INFO  valid result: 
recall@10 : 0.1547    mrr@10 : 0.3784    ndcg@10 : 0.2052    hit@10 : 0.7381    precision@10 : 0.1568
Sun 23 Nov 2025 23:22:27 INFO  Saving current: saved/FairLightGCN-Nov-23-2025_22-22-25.pth
Sun 23 Nov 2025 23:23:08 INFO  epoch 88 training [time: 40.89s, train loss: 491.9614]
Sun 23 Nov 2025 23:23:49 INFO  epoch 89 training [time: 40.91s, train loss: 490.4504]
Sun 23 Nov 2025 23:23:49 INFO  epoch 89 evaluating [time: 0.38s, valid_score: 0.379600]
Sun 23 Nov 2025 23:23:49 INFO  valid result: 
recall@10 : 0.1551    mrr@10 : 0.3796    ndcg@10 : 0.2055    hit@10 : 0.7401    precision@10 : 0.1569
Sun 23 Nov 2025 23:23:49 INFO  Saving current: saved/FairLightGCN-Nov-23-2025_22-22-25.pth
Sun 23 Nov 2025 23:24:30 INFO  epoch 90 training [time: 40.86s, train loss: 490.5943]
Sun 23 Nov 2025 23:25:10 INFO  epoch 91 training [time: 39.92s, train loss: 489.8987]
Sun 23 Nov 2025 23:25:10 INFO  epoch 91 evaluating [time: 0.20s, valid_score: 0.379000]
Sun 23 Nov 2025 23:25:10 INFO  valid result: 
recall@10 : 0.1542    mrr@10 : 0.379    ndcg@10 : 0.2047    hit@10 : 0.7379    precision@10 : 0.1561
Sun 23 Nov 2025 23:25:44 INFO  epoch 92 training [time: 33.80s, train loss: 489.5398]
Sun 23 Nov 2025 23:26:25 INFO  epoch 93 training [time: 40.66s, train loss: 489.5944]
Sun 23 Nov 2025 23:26:25 INFO  epoch 93 evaluating [time: 0.37s, valid_score: 0.380000]
Sun 23 Nov 2025 23:26:25 INFO  valid result: 
recall@10 : 0.1548    mrr@10 : 0.38    ndcg@10 : 0.2054    hit@10 : 0.7391    precision@10 : 0.1565
Sun 23 Nov 2025 23:26:25 INFO  Saving current: saved/FairLightGCN-Nov-23-2025_22-22-25.pth
Sun 23 Nov 2025 23:27:06 INFO  epoch 94 training [time: 40.84s, train loss: 488.5691]
Sun 23 Nov 2025 23:27:47 INFO  epoch 95 training [time: 40.83s, train loss: 488.2385]
Sun 23 Nov 2025 23:27:47 INFO  epoch 95 evaluating [time: 0.37s, valid_score: 0.379000]
Sun 23 Nov 2025 23:27:47 INFO  valid result: 
recall@10 : 0.1546    mrr@10 : 0.379    ndcg@10 : 0.2054    hit@10 : 0.7381    precision@10 : 0.1566
Sun 23 Nov 2025 23:28:28 INFO  epoch 96 training [time: 40.84s, train loss: 488.0654]
Sun 23 Nov 2025 23:29:09 INFO  epoch 97 training [time: 40.85s, train loss: 487.0442]
Sun 23 Nov 2025 23:29:09 INFO  epoch 97 evaluating [time: 0.37s, valid_score: 0.379300]
Sun 23 Nov 2025 23:29:09 INFO  valid result: 
recall@10 : 0.1546    mrr@10 : 0.3793    ndcg@10 : 0.2053    hit@10 : 0.7376    precision@10 : 0.1566
Sun 23 Nov 2025 23:29:50 INFO  epoch 98 training [time: 40.90s, train loss: 486.4364]
Sun 23 Nov 2025 23:30:31 INFO  epoch 99 training [time: 41.05s, train loss: 486.7264]
Sun 23 Nov 2025 23:30:32 INFO  epoch 99 evaluating [time: 0.39s, valid_score: 0.378900]
Sun 23 Nov 2025 23:30:32 INFO  valid result: 
recall@10 : 0.154    mrr@10 : 0.3789    ndcg@10 : 0.2047    hit@10 : 0.7379    precision@10 : 0.1561
Sun 23 Nov 2025 23:30:32 INFO  Loading model structure and parameters from saved/FairLightGCN-Nov-23-2025_22-22-25.pth
Sun 23 Nov 2025 23:30:32 INFO  count    1575.000000
mean       38.349206
std        48.286641
min         1.000000
25%         4.000000
50%        19.000000
75%        55.000000
max       318.000000
dtype: float64
Sun 23 Nov 2025 23:30:33 INFO  The running environment of this training is as follows:
+-------------+-----------------+
| Environment |      Usage      |
+=============+=================+
| CPU         |     0.90 %      |
+-------------+-----------------+
| GPU         | 0.29 G/47.53 G  |
+-------------+-----------------+
| Memory      | 1.85 G/251.48 G |
+-------------+-----------------+
Sun 23 Nov 2025 23:30:33 INFO  best valid : OrderedDict([('recall@10', 0.1548), ('mrr@10', 0.38), ('ndcg@10', 0.2054), ('hit@10', 0.7391), ('precision@10', 0.1565)])
Sun 23 Nov 2025 23:30:33 INFO  test result: OrderedDict([('recall@10', 0.17084026490066223), ('mrr@10', 0.44346473509933776), ('ndcg@10', 0.25133044701986756), ('hit@10', 0.7597682119205298), ('precision@10', 0.1925662251655629)])
