Fri 12 Dec 2025 00:53:44 INFO  ['run_recbole.py', '--model', 'FairLightGCN', '--pop_rate', '0.1', '--dataset', 'ml-1m']
Fri 12 Dec 2025 00:53:44 INFO  
General Hyper Parameters:
gpu_id = 0
use_gpu = True
seed = 2020
state = INFO
reproducibility = True
data_path = dataset/ml-1m
checkpoint_dir = saved
show_progress = True
save_dataset = False
dataset_save_path = None
save_dataloaders = False
dataloaders_save_path = None
log_wandb = False

Training Hyper Parameters:
epochs = 100
train_batch_size = 1024
learner = adam
learning_rate = 0.001
train_neg_sample_args = {'distribution': 'uniform', 'sample_num': 1, 'alpha': 1.0, 'dynamic': False, 'candidate_num': 0}
eval_step = 2
stopping_step = 10
clip_grad_norm = None
weight_decay = 0.0
loss_decimal_place = 4

Evaluation Hyper Parameters:
eval_args = {'split': {'RS': [0.8, 0.1, 0.1]}, 'order': 'RO', 'group_by': 'user', 'mode': {'valid': 'full', 'test': 'full'}}
repeatable = False
metrics = ['Recall', 'MRR', 'NDCG', 'Hit', 'Precision']
topk = [10]
valid_metric = ['NDCG@10', 'UNPOP_NDCG@10']
valid_metric_bigger = True
eval_batch_size = 102400
metric_decimal_place = 4

Dataset Hyper Parameters:
train_batch_size = 1024
eval_batch_size = 102400
field_separator = 	
seq_separator =  
USER_ID_FIELD = user_id
ITEM_ID_FIELD = item_id
RATING_FIELD = rating
TIME_FIELD = timestamp
seq_len = None
LABEL_FIELD = label
threshold = None
NEG_PREFIX = neg_
numerical_features = ['popularity']
load_col = {'inter': ['user_id', 'item_id', 'rating', 'timestamp'], 'user': ['user_id', 'age', 'gender', 'occupation'], 'item': ['item_id', 'release_year', 'genre', 'popularity']}
unload_col = None
unused_col = None
additional_feat_suffix = None
rm_dup_inter = None
val_interval = None
filter_inter_by_user_or_item = True
user_inter_num_interval = None
item_inter_num_interval = None
alias_of_user_id = None
alias_of_item_id = None
alias_of_entity_id = None
alias_of_relation_id = None
preload_weight = None
normalize_field = ['timestamp', 'rating']
normalize_all = False
discretization = {'popularity': {'method': 'LD', 'bucket': 10}}
ITEM_LIST_LENGTH_FIELD = item_length
LIST_SUFFIX = _list
MAX_ITEM_LIST_LENGTH = 50
POSITION_FIELD = position_id
HEAD_ENTITY_ID_FIELD = head_id
TAIL_ENTITY_ID_FIELD = tail_id
RELATION_ID_FIELD = relation_id
ENTITY_ID_FIELD = entity_id
kg_reverse_r = False
entity_kg_num_interval = None
relation_kg_num_interval = None
benchmark_filename = None
save_single_user = True
save_base_path = output
attr = {'user': {'need_inter_num': True, 'need_inter_hour': True, 'need_rating': True, 'need_item_genre': True, 'need_item_year': True, 'need_zipcode_to_region': True}, 'item': {'need_inter_num': True, 'need_inter_hour': True, 'need_rating': True, 'need_age': True, 'need_gender': True, 'need_occupation': True, 'need_region': True}, 'interaction': {'timestamp_unit': 's'}}
to_bin = {'user': {'mean_rating': {'n_bins': 5}, 'interaction_nums': {'n_bins': 5}}, 'item': {'mean_rating': {'n_bins': 5}, 'interaction_nums': {'n_bins': 5}}}

Other Hyper Parameters: 
worker = 0
wandb_project = recbole
shuffle = True
require_pow = False
enable_amp = False
enable_scaler = False
transform = None
export_topk_recs = True
export_topk_dir = None
export_topk_filename = None
export_topk_item_separator = None
export_topk_separate_columns = None
embedding_size = 64
n_layers = 2
reg_weight = 1e-05
MODEL_TYPE = ModelType.GENERAL
MODEL_INPUT_TYPE = InputType.PAIRWISE
eval_type = EvaluatorType.RANKING
single_spec = True
local_rank = 0
device = cuda
valid_neg_sample_args = {'distribution': 'uniform', 'sample_num': 'none'}
test_neg_sample_args = {'distribution': 'uniform', 'sample_num': 'none'}
nproc = 1
ip = localhost
port = 5678
world_size = -1
group_offset = 0
cl_rate = 0.2
enable_user_loss = True
item_rq_loss_rate = 0
beta = 0.2
log_type = fair
pop_rate = 0.1
gama = 0.2
mode = train
pop_loss_rate = 0.2


Fri 12 Dec 2025 00:53:49 INFO  ml-1m
The number of users: 6041
Average actions of users: 165.5975165562914
The number of items: 3884
Average actions of items: 269.88909875876953
The number of inters: 1000209
The sparsity of the dataset: 95.73712398848173%
Remain Fields: ['user_id', 'item_id', 'rating', 'timestamp', 'age', 'gender', 'occupation', 'release_year', 'genre', 'popularity']
Fri 12 Dec 2025 00:53:55 INFO  [Training]: train_batch_size = [1024] train_neg_sample_args: [{'distribution': 'uniform', 'sample_num': 1, 'alpha': 1.0, 'dynamic': False, 'candidate_num': 0}]
Fri 12 Dec 2025 00:53:55 INFO  [Evaluation]: eval_batch_size = [102400] eval_args: [{'split': {'RS': [0.8, 0.1, 0.1]}, 'order': 'RO', 'group_by': 'user', 'mode': {'valid': 'full', 'test': 'full'}}]
Fri 12 Dec 2025 00:53:56 INFO  FairLightGCN(
  (user_embedding): Embedding(6041, 64)
  (item_embedding): Embedding(3884, 64)
  (mf_loss): BPRLoss()
  (reg_loss): EmbLoss()
  (item_extra_embedding): ModuleDict(
    (release_year): Embedding(82, 64)
    (genre): Embedding(19, 64)
    (popularity): Embedding(67, 64)
  )
  (user_extra_embedding): ModuleDict(
    (age): Embedding(8, 64)
    (gender): Embedding(3, 64)
    (occupation): Embedding(22, 64)
  )
  (fusion_side_info): MLPLayers(
    (mlp_layers): Sequential(
      (0): Dropout(p=0.2, inplace=False)
      (1): Linear(in_features=128, out_features=64, bias=True)
    )
  )
  (fusion_side_info_target): MLPLayers(
    (mlp_layers): Sequential(
      (0): Dropout(p=0.2, inplace=False)
      (1): Linear(in_features=128, out_features=64, bias=True)
    )
  )
)
Trainable parameters: 656320
Fri 12 Dec 2025 00:53:56 INFO  FLOPs: 0.0
Fri 12 Dec 2025 00:55:41 INFO  epoch 0 training [time: 102.44s, train loss: 315.2853]
Fri 12 Dec 2025 00:58:00 INFO  epoch 1 training [time: 139.81s, train loss: 265.4010]
Fri 12 Dec 2025 00:58:16 INFO  epoch 1 evaluating [time: 15.59s, valid_score: 0.135200]
Fri 12 Dec 2025 00:58:16 INFO  valid result: 
recall@10 : 0.087    pop_recall@10 : 0.1482    unpop_recall@10 : 0.0001    mrr@10 : 0.2763    pop_mrr@10 : 0.2763    unpop_mrr@10 : 0.0002    ndcg@10 : 0.1351    pop_ndcg@10 : 0.1546    unpop_ndcg@10 : 0.0001    hit@10 : 0.5558    pop_hit@10 : 0.5556    unpop_hit@10 : 0.0015    precision@10 : 0.1067    pop_precision@10 : 0.1066    unpop_precision@10 : 0.0002
Fri 12 Dec 2025 00:58:16 INFO  Saving current: saved/FairLightGCN-Dec-12-2025_00-53-56.pth
Fri 12 Dec 2025 01:00:37 INFO  epoch 2 training [time: 140.97s, train loss: 228.0868]
Fri 12 Dec 2025 01:02:59 INFO  epoch 3 training [time: 142.39s, train loss: 212.6091]
Fri 12 Dec 2025 01:03:15 INFO  epoch 3 evaluating [time: 15.37s, valid_score: 0.161200]
Fri 12 Dec 2025 01:03:15 INFO  valid result: 
recall@10 : 0.1038    pop_recall@10 : 0.1795    unpop_recall@10 : 0.0011    mrr@10 : 0.3181    pop_mrr@10 : 0.3167    unpop_mrr@10 : 0.0031    ndcg@10 : 0.1597    pop_ndcg@10 : 0.1837    unpop_ndcg@10 : 0.0015    hit@10 : 0.6157    pop_hit@10 : 0.6123    unpop_hit@10 : 0.0136    precision@10 : 0.1253    pop_precision@10 : 0.1238    unpop_precision@10 : 0.0015
Fri 12 Dec 2025 01:03:15 INFO  Saving current: saved/FairLightGCN-Dec-12-2025_00-53-56.pth
Fri 12 Dec 2025 01:04:45 INFO  epoch 4 training [time: 90.26s, train loss: 204.0438]
Fri 12 Dec 2025 01:06:07 INFO  epoch 5 training [time: 81.83s, train loss: 197.1077]
Fri 12 Dec 2025 01:06:14 INFO  epoch 5 evaluating [time: 7.29s, valid_score: 0.171500]
Fri 12 Dec 2025 01:06:14 INFO  valid result: 
recall@10 : 0.1117    pop_recall@10 : 0.1913    unpop_recall@10 : 0.0038    mrr@10 : 0.3257    pop_mrr@10 : 0.3225    unpop_mrr@10 : 0.0063    ndcg@10 : 0.1677    pop_ndcg@10 : 0.1917    unpop_ndcg@10 : 0.0038    hit@10 : 0.6389    pop_hit@10 : 0.63    unpop_hit@10 : 0.027    precision@10 : 0.1329    pop_precision@10 : 0.1294    unpop_precision@10 : 0.0036
Fri 12 Dec 2025 01:06:14 INFO  Saving current: saved/FairLightGCN-Dec-12-2025_00-53-56.pth
Fri 12 Dec 2025 01:07:37 INFO  epoch 6 training [time: 83.22s, train loss: 193.3739]
Fri 12 Dec 2025 01:09:05 INFO  epoch 7 training [time: 87.17s, train loss: 190.7112]
Fri 12 Dec 2025 01:09:12 INFO  epoch 7 evaluating [time: 7.21s, valid_score: 0.176200]
Fri 12 Dec 2025 01:09:12 INFO  valid result: 
recall@10 : 0.1139    pop_recall@10 : 0.1933    unpop_recall@10 : 0.0053    mrr@10 : 0.3284    pop_mrr@10 : 0.3224    unpop_mrr@10 : 0.0108    ndcg@10 : 0.1702    pop_ndcg@10 : 0.1927    unpop_ndcg@10 : 0.006    hit@10 : 0.644    pop_hit@10 : 0.6296    unpop_hit@10 : 0.0401    precision@10 : 0.1352    pop_precision@10 : 0.1297    unpop_precision@10 : 0.0055
Fri 12 Dec 2025 01:09:12 INFO  Saving current: saved/FairLightGCN-Dec-12-2025_00-53-56.pth
Fri 12 Dec 2025 01:10:34 INFO  epoch 8 training [time: 82.12s, train loss: 188.7859]
Fri 12 Dec 2025 01:11:53 INFO  epoch 9 training [time: 79.32s, train loss: 186.2414]
Fri 12 Dec 2025 01:12:01 INFO  epoch 9 evaluating [time: 7.20s, valid_score: 0.180100]
Fri 12 Dec 2025 01:12:01 INFO  valid result: 
recall@10 : 0.1158    pop_recall@10 : 0.1951    unpop_recall@10 : 0.0066    mrr@10 : 0.333    pop_mrr@10 : 0.3265    unpop_mrr@10 : 0.0127    ndcg@10 : 0.173    pop_ndcg@10 : 0.1951    unpop_ndcg@10 : 0.0071    hit@10 : 0.6531    pop_hit@10 : 0.6366    unpop_hit@10 : 0.0493    precision@10 : 0.1376    pop_precision@10 : 0.1312    unpop_precision@10 : 0.0064
Fri 12 Dec 2025 01:12:01 INFO  Saving current: saved/FairLightGCN-Dec-12-2025_00-53-56.pth
Fri 12 Dec 2025 01:13:13 INFO  epoch 10 training [time: 72.68s, train loss: 183.4494]
Fri 12 Dec 2025 01:14:35 INFO  epoch 11 training [time: 81.19s, train loss: 179.9830]
Fri 12 Dec 2025 01:14:42 INFO  epoch 11 evaluating [time: 7.35s, valid_score: 0.190600]
Fri 12 Dec 2025 01:14:42 INFO  valid result: 
recall@10 : 0.1225    pop_recall@10 : 0.2035    unpop_recall@10 : 0.0095    mrr@10 : 0.3439    pop_mrr@10 : 0.3345    unpop_mrr@10 : 0.0179    ndcg@10 : 0.1806    pop_ndcg@10 : 0.2015    unpop_ndcg@10 : 0.01    hit@10 : 0.6702    pop_hit@10 : 0.6497    unpop_hit@10 : 0.0669    precision@10 : 0.1433    pop_precision@10 : 0.1343    unpop_precision@10 : 0.009
Fri 12 Dec 2025 01:14:42 INFO  Saving current: saved/FairLightGCN-Dec-12-2025_00-53-56.pth
Fri 12 Dec 2025 01:16:06 INFO  epoch 12 training [time: 83.80s, train loss: 177.4859]
Fri 12 Dec 2025 01:17:27 INFO  epoch 13 training [time: 81.43s, train loss: 174.4561]
Fri 12 Dec 2025 01:17:34 INFO  epoch 13 evaluating [time: 7.15s, valid_score: 0.198900]
Fri 12 Dec 2025 01:17:34 INFO  valid result: 
recall@10 : 0.1271    pop_recall@10 : 0.2061    unpop_recall@10 : 0.0143    mrr@10 : 0.3486    pop_mrr@10 : 0.3364    unpop_mrr@10 : 0.0239    ndcg@10 : 0.185    pop_ndcg@10 : 0.203    unpop_ndcg@10 : 0.0139    hit@10 : 0.6783    pop_hit@10 : 0.6535    unpop_hit@10 : 0.0884    precision@10 : 0.147    pop_precision@10 : 0.1349    unpop_precision@10 : 0.012
Fri 12 Dec 2025 01:17:34 INFO  Saving current: saved/FairLightGCN-Dec-12-2025_00-53-56.pth
Fri 12 Dec 2025 01:18:56 INFO  epoch 14 training [time: 81.18s, train loss: 172.8818]
Fri 12 Dec 2025 01:20:17 INFO  epoch 15 training [time: 81.27s, train loss: 171.1608]
Fri 12 Dec 2025 01:20:24 INFO  epoch 15 evaluating [time: 7.28s, valid_score: 0.201000]
Fri 12 Dec 2025 01:20:24 INFO  valid result: 
recall@10 : 0.1266    pop_recall@10 : 0.2037    unpop_recall@10 : 0.0161    mrr@10 : 0.3496    pop_mrr@10 : 0.3359    unpop_mrr@10 : 0.027    ndcg@10 : 0.1853    pop_ndcg@10 : 0.2016    unpop_ndcg@10 : 0.0157    hit@10 : 0.682    pop_hit@10 : 0.6523    unpop_hit@10 : 0.1025    precision@10 : 0.1468    pop_precision@10 : 0.1331    unpop_precision@10 : 0.0137
Fri 12 Dec 2025 01:20:24 INFO  Saving current: saved/FairLightGCN-Dec-12-2025_00-53-56.pth
Fri 12 Dec 2025 01:21:45 INFO  epoch 16 training [time: 81.10s, train loss: 169.8893]
Fri 12 Dec 2025 01:23:06 INFO  epoch 17 training [time: 81.12s, train loss: 168.9180]
Fri 12 Dec 2025 01:23:14 INFO  epoch 17 evaluating [time: 7.22s, valid_score: 0.206200]
Fri 12 Dec 2025 01:23:14 INFO  valid result: 
recall@10 : 0.129    pop_recall@10 : 0.2041    unpop_recall@10 : 0.0192    mrr@10 : 0.354    pop_mrr@10 : 0.3369    unpop_mrr@10 : 0.0316    ndcg@10 : 0.1878    pop_ndcg@10 : 0.2018    unpop_ndcg@10 : 0.0184    hit@10 : 0.6859    pop_hit@10 : 0.6512    unpop_hit@10 : 0.1132    precision@10 : 0.1484    pop_precision@10 : 0.1329    unpop_precision@10 : 0.0155
Fri 12 Dec 2025 01:23:14 INFO  Saving current: saved/FairLightGCN-Dec-12-2025_00-53-56.pth
Fri 12 Dec 2025 01:24:35 INFO  epoch 18 training [time: 81.21s, train loss: 167.7622]
Fri 12 Dec 2025 01:25:52 INFO  epoch 19 training [time: 77.09s, train loss: 167.4712]
Fri 12 Dec 2025 01:25:55 INFO  epoch 19 evaluating [time: 3.23s, valid_score: 0.207400]
Fri 12 Dec 2025 01:25:55 INFO  valid result: 
recall@10 : 0.1294    pop_recall@10 : 0.2036    unpop_recall@10 : 0.0199    mrr@10 : 0.3579    pop_mrr@10 : 0.3419    unpop_mrr@10 : 0.0304    ndcg@10 : 0.189    pop_ndcg@10 : 0.2033    unpop_ndcg@10 : 0.0184    hit@10 : 0.6881    pop_hit@10 : 0.6541    unpop_hit@10 : 0.1131    precision@10 : 0.1491    pop_precision@10 : 0.1338    unpop_precision@10 : 0.0152
Fri 12 Dec 2025 01:25:55 INFO  Saving current: saved/FairLightGCN-Dec-12-2025_00-53-56.pth
Fri 12 Dec 2025 01:26:58 INFO  epoch 20 training [time: 62.93s, train loss: 166.4883]
Fri 12 Dec 2025 01:28:19 INFO  epoch 21 training [time: 81.20s, train loss: 165.5833]
Fri 12 Dec 2025 01:28:27 INFO  epoch 21 evaluating [time: 7.28s, valid_score: 0.207400]
Fri 12 Dec 2025 01:28:27 INFO  valid result: 
recall@10 : 0.1306    pop_recall@10 : 0.2066    unpop_recall@10 : 0.0194    mrr@10 : 0.3559    pop_mrr@10 : 0.3408    unpop_mrr@10 : 0.0289    ndcg@10 : 0.1897    pop_ndcg@10 : 0.205    unpop_ndcg@10 : 0.0177    hit@10 : 0.6886    pop_hit@10 : 0.6561    unpop_hit@10 : 0.1083    precision@10 : 0.1498    pop_precision@10 : 0.1352    unpop_precision@10 : 0.0147
Fri 12 Dec 2025 01:28:27 INFO  Saving current: saved/FairLightGCN-Dec-12-2025_00-53-56.pth
Fri 12 Dec 2025 01:29:48 INFO  epoch 22 training [time: 81.23s, train loss: 165.1788]
Fri 12 Dec 2025 01:31:09 INFO  epoch 23 training [time: 81.20s, train loss: 164.4474]
Fri 12 Dec 2025 01:31:16 INFO  epoch 23 evaluating [time: 7.31s, valid_score: 0.209600]
Fri 12 Dec 2025 01:31:16 INFO  valid result: 
recall@10 : 0.1289    pop_recall@10 : 0.1981    unpop_recall@10 : 0.0244    mrr@10 : 0.353    pop_mrr@10 : 0.3326    unpop_mrr@10 : 0.0373    ndcg@10 : 0.1873    pop_ndcg@10 : 0.1974    unpop_ndcg@10 : 0.0223    hit@10 : 0.6836    pop_hit@10 : 0.6421    unpop_hit@10 : 0.1333    precision@10 : 0.1487    pop_precision@10 : 0.1303    unpop_precision@10 : 0.0184
Fri 12 Dec 2025 01:31:16 INFO  Saving current: saved/FairLightGCN-Dec-12-2025_00-53-56.pth
Fri 12 Dec 2025 01:32:38 INFO  epoch 24 training [time: 81.28s, train loss: 163.0923]
Fri 12 Dec 2025 01:33:59 INFO  epoch 25 training [time: 81.17s, train loss: 162.4442]
Fri 12 Dec 2025 01:34:06 INFO  epoch 25 evaluating [time: 7.25s, valid_score: 0.209400]
Fri 12 Dec 2025 01:34:06 INFO  valid result: 
recall@10 : 0.13    pop_recall@10 : 0.2024    unpop_recall@10 : 0.0224    mrr@10 : 0.3534    pop_mrr@10 : 0.3355    unpop_mrr@10 : 0.0332    ndcg@10 : 0.1894    pop_ndcg@10 : 0.2021    unpop_ndcg@10 : 0.02    hit@10 : 0.6877    pop_hit@10 : 0.6508    unpop_hit@10 : 0.1199    precision@10 : 0.1504    pop_precision@10 : 0.134    unpop_precision@10 : 0.0164
Fri 12 Dec 2025 01:35:28 INFO  epoch 26 training [time: 81.56s, train loss: 162.2554]
Fri 12 Dec 2025 01:36:49 INFO  epoch 27 training [time: 81.65s, train loss: 161.0576]
Fri 12 Dec 2025 01:36:57 INFO  epoch 27 evaluating [time: 7.27s, valid_score: 0.210400]
Fri 12 Dec 2025 01:36:57 INFO  valid result: 
recall@10 : 0.1313    pop_recall@10 : 0.2035    unpop_recall@10 : 0.0229    mrr@10 : 0.3544    pop_mrr@10 : 0.3355    unpop_mrr@10 : 0.0346    ndcg@10 : 0.1898    pop_ndcg@10 : 0.202    unpop_ndcg@10 : 0.0206    hit@10 : 0.6887    pop_hit@10 : 0.6507    unpop_hit@10 : 0.1243    precision@10 : 0.1507    pop_precision@10 : 0.1336    unpop_precision@10 : 0.017
Fri 12 Dec 2025 01:36:57 INFO  Saving current: saved/FairLightGCN-Dec-12-2025_00-53-56.pth
Fri 12 Dec 2025 01:38:18 INFO  epoch 28 training [time: 81.56s, train loss: 161.2033]
Fri 12 Dec 2025 01:39:35 INFO  epoch 29 training [time: 76.84s, train loss: 160.1308]
Fri 12 Dec 2025 01:39:36 INFO  epoch 29 evaluating [time: 0.88s, valid_score: 0.211200]
Fri 12 Dec 2025 01:39:36 INFO  valid result: 
recall@10 : 0.1305    pop_recall@10 : 0.2026    unpop_recall@10 : 0.0238    mrr@10 : 0.354    pop_mrr@10 : 0.3344    unpop_mrr@10 : 0.0363    ndcg@10 : 0.1894    pop_ndcg@10 : 0.2006    unpop_ndcg@10 : 0.0218    hit@10 : 0.6894    pop_hit@10 : 0.6513    unpop_hit@10 : 0.1303    precision@10 : 0.1508    pop_precision@10 : 0.1329    unpop_precision@10 : 0.0179
Fri 12 Dec 2025 01:39:36 INFO  Saving current: saved/FairLightGCN-Dec-12-2025_00-53-56.pth
Fri 12 Dec 2025 01:40:43 INFO  epoch 30 training [time: 66.94s, train loss: 159.7753]
Fri 12 Dec 2025 01:42:03 INFO  epoch 31 training [time: 79.70s, train loss: 159.3361]
Fri 12 Dec 2025 01:42:10 INFO  epoch 31 evaluating [time: 7.30s, valid_score: 0.211000]
Fri 12 Dec 2025 01:42:10 INFO  valid result: 
recall@10 : 0.1311    pop_recall@10 : 0.2037    unpop_recall@10 : 0.0229    mrr@10 : 0.355    pop_mrr@10 : 0.3365    unpop_mrr@10 : 0.0341    ndcg@10 : 0.1905    pop_ndcg@10 : 0.2028    unpop_ndcg@10 : 0.0205    hit@10 : 0.6887    pop_hit@10 : 0.6492    unpop_hit@10 : 0.1248    precision@10 : 0.1513    pop_precision@10 : 0.1344    unpop_precision@10 : 0.0169
Fri 12 Dec 2025 01:43:31 INFO  epoch 32 training [time: 81.44s, train loss: 159.5094]
Fri 12 Dec 2025 01:44:53 INFO  epoch 33 training [time: 81.59s, train loss: 158.5693]
Fri 12 Dec 2025 01:45:00 INFO  epoch 33 evaluating [time: 7.19s, valid_score: 0.212200]
Fri 12 Dec 2025 01:45:00 INFO  valid result: 
recall@10 : 0.1327    pop_recall@10 : 0.2065    unpop_recall@10 : 0.0236    mrr@10 : 0.3548    pop_mrr@10 : 0.3363    unpop_mrr@10 : 0.0347    ndcg@10 : 0.1914    pop_ndcg@10 : 0.2038    unpop_ndcg@10 : 0.0208    hit@10 : 0.6902    pop_hit@10 : 0.6518    unpop_hit@10 : 0.1281    precision@10 : 0.1521    pop_precision@10 : 0.1351    unpop_precision@10 : 0.017
Fri 12 Dec 2025 01:45:00 INFO  Saving current: saved/FairLightGCN-Dec-12-2025_00-53-56.pth
Fri 12 Dec 2025 01:46:22 INFO  epoch 34 training [time: 81.75s, train loss: 157.9081]
Fri 12 Dec 2025 01:47:44 INFO  epoch 35 training [time: 81.51s, train loss: 158.1579]
Fri 12 Dec 2025 01:47:51 INFO  epoch 35 evaluating [time: 7.30s, valid_score: 0.213900]
Fri 12 Dec 2025 01:47:51 INFO  valid result: 
recall@10 : 0.1324    pop_recall@10 : 0.2023    unpop_recall@10 : 0.0255    mrr@10 : 0.3535    pop_mrr@10 : 0.331    unpop_mrr@10 : 0.0399    ndcg@10 : 0.1902    pop_ndcg@10 : 0.1994    unpop_ndcg@10 : 0.0237    hit@10 : 0.6922    pop_hit@10 : 0.6465    unpop_hit@10 : 0.1425    precision@10 : 0.1514    pop_precision@10 : 0.1316    unpop_precision@10 : 0.0199
Fri 12 Dec 2025 01:47:51 INFO  Saving current: saved/FairLightGCN-Dec-12-2025_00-53-56.pth
Fri 12 Dec 2025 01:49:13 INFO  epoch 36 training [time: 81.53s, train loss: 157.1368]
Fri 12 Dec 2025 01:50:34 INFO  epoch 37 training [time: 81.52s, train loss: 156.3623]
Fri 12 Dec 2025 01:50:41 INFO  epoch 37 evaluating [time: 7.30s, valid_score: 0.214600]
Fri 12 Dec 2025 01:50:41 INFO  valid result: 
recall@10 : 0.134    pop_recall@10 : 0.2054    unpop_recall@10 : 0.0254    mrr@10 : 0.3534    pop_mrr@10 : 0.3327    unpop_mrr@10 : 0.0376    ndcg@10 : 0.1918    pop_ndcg@10 : 0.2022    unpop_ndcg@10 : 0.0228    hit@10 : 0.6954    pop_hit@10 : 0.6525    unpop_hit@10 : 0.1358    precision@10 : 0.153    pop_precision@10 : 0.1342    unpop_precision@10 : 0.0188
Fri 12 Dec 2025 01:50:41 INFO  Saving current: saved/FairLightGCN-Dec-12-2025_00-53-56.pth
Fri 12 Dec 2025 01:52:03 INFO  epoch 38 training [time: 81.42s, train loss: 156.3871]
Fri 12 Dec 2025 01:53:17 INFO  epoch 39 training [time: 74.53s, train loss: 155.7733]
Fri 12 Dec 2025 01:53:18 INFO  epoch 39 evaluating [time: 0.74s, valid_score: 0.216800]
Fri 12 Dec 2025 01:53:18 INFO  valid result: 
recall@10 : 0.1339    pop_recall@10 : 0.2041    unpop_recall@10 : 0.0265    mrr@10 : 0.3561    pop_mrr@10 : 0.332    unpop_mrr@10 : 0.0419    ndcg@10 : 0.1921    pop_ndcg@10 : 0.2007    unpop_ndcg@10 : 0.0247    hit@10 : 0.6932    pop_hit@10 : 0.6464    unpop_hit@10 : 0.1465    precision@10 : 0.1526    pop_precision@10 : 0.1321    unpop_precision@10 : 0.0205
Fri 12 Dec 2025 01:53:18 INFO  Saving current: saved/FairLightGCN-Dec-12-2025_00-53-56.pth
Fri 12 Dec 2025 01:54:27 INFO  epoch 40 training [time: 69.04s, train loss: 155.4546]
Fri 12 Dec 2025 01:55:49 INFO  epoch 41 training [time: 81.50s, train loss: 155.2252]
Fri 12 Dec 2025 01:55:56 INFO  epoch 41 evaluating [time: 7.32s, valid_score: 0.216500]
Fri 12 Dec 2025 01:55:56 INFO  valid result: 
recall@10 : 0.1344    pop_recall@10 : 0.2056    unpop_recall@10 : 0.0259    mrr@10 : 0.3578    pop_mrr@10 : 0.3361    unpop_mrr@10 : 0.0397    ndcg@10 : 0.1931    pop_ndcg@10 : 0.2032    unpop_ndcg@10 : 0.0234    hit@10 : 0.6952    pop_hit@10 : 0.6517    unpop_hit@10 : 0.1412    precision@10 : 0.1532    pop_precision@10 : 0.1338    unpop_precision@10 : 0.0193
Fri 12 Dec 2025 01:57:18 INFO  epoch 42 training [time: 81.56s, train loss: 154.5519]
Fri 12 Dec 2025 01:58:39 INFO  epoch 43 training [time: 81.49s, train loss: 154.5652]
Fri 12 Dec 2025 01:58:46 INFO  epoch 43 evaluating [time: 7.29s, valid_score: 0.218200]
Fri 12 Dec 2025 01:58:46 INFO  valid result: 
recall@10 : 0.1356    pop_recall@10 : 0.205    unpop_recall@10 : 0.0272    mrr@10 : 0.3561    pop_mrr@10 : 0.3321    unpop_mrr@10 : 0.0434    ndcg@10 : 0.1929    pop_ndcg@10 : 0.201    unpop_ndcg@10 : 0.0253    hit@10 : 0.6982    pop_hit@10 : 0.6517    unpop_hit@10 : 0.1518    precision@10 : 0.1534    pop_precision@10 : 0.1324    unpop_precision@10 : 0.021
Fri 12 Dec 2025 01:58:46 INFO  Saving current: saved/FairLightGCN-Dec-12-2025_00-53-56.pth
Fri 12 Dec 2025 02:00:08 INFO  epoch 44 training [time: 81.54s, train loss: 153.8247]
Fri 12 Dec 2025 02:01:30 INFO  epoch 45 training [time: 81.58s, train loss: 153.3106]
Fri 12 Dec 2025 02:01:37 INFO  epoch 45 evaluating [time: 7.28s, valid_score: 0.218700]
Fri 12 Dec 2025 02:01:37 INFO  valid result: 
recall@10 : 0.1367    pop_recall@10 : 0.2083    unpop_recall@10 : 0.0257    mrr@10 : 0.3592    pop_mrr@10 : 0.3374    unpop_mrr@10 : 0.0392    ndcg@10 : 0.1954    pop_ndcg@10 : 0.2055    unpop_ndcg@10 : 0.0233    hit@10 : 0.6995    pop_hit@10 : 0.6558    unpop_hit@10 : 0.1389    precision@10 : 0.1551    pop_precision@10 : 0.1363    unpop_precision@10 : 0.0189
Fri 12 Dec 2025 02:01:37 INFO  Saving current: saved/FairLightGCN-Dec-12-2025_00-53-56.pth
Fri 12 Dec 2025 02:02:58 INFO  epoch 46 training [time: 81.42s, train loss: 152.4114]
Fri 12 Dec 2025 02:04:20 INFO  epoch 47 training [time: 81.53s, train loss: 152.4627]
Fri 12 Dec 2025 02:04:27 INFO  epoch 47 evaluating [time: 7.14s, valid_score: 0.219600]
Fri 12 Dec 2025 02:04:27 INFO  valid result: 
recall@10 : 0.1348    pop_recall@10 : 0.2009    unpop_recall@10 : 0.0292    mrr@10 : 0.3545    pop_mrr@10 : 0.3262    unpop_mrr@10 : 0.049    ndcg@10 : 0.1916    pop_ndcg@10 : 0.1964    unpop_ndcg@10 : 0.028    hit@10 : 0.6952    pop_hit@10 : 0.6424    unpop_hit@10 : 0.1624    precision@10 : 0.1519    pop_precision@10 : 0.1292    unpop_precision@10 : 0.0227
Fri 12 Dec 2025 02:04:27 INFO  Saving current: saved/FairLightGCN-Dec-12-2025_00-53-56.pth
Fri 12 Dec 2025 02:05:49 INFO  epoch 48 training [time: 81.59s, train loss: 152.2251]
Fri 12 Dec 2025 02:07:00 INFO  epoch 49 training [time: 70.87s, train loss: 151.7404]
Fri 12 Dec 2025 02:07:00 INFO  epoch 49 evaluating [time: 0.74s, valid_score: 0.219600]
Fri 12 Dec 2025 02:07:00 INFO  valid result: 
recall@10 : 0.1368    pop_recall@10 : 0.2084    unpop_recall@10 : 0.0261    mrr@10 : 0.3568    pop_mrr@10 : 0.3322    unpop_mrr@10 : 0.044    ndcg@10 : 0.1942    pop_ndcg@10 : 0.2026    unpop_ndcg@10 : 0.0254    hit@10 : 0.7003    pop_hit@10 : 0.6522    unpop_hit@10 : 0.1517    precision@10 : 0.1544    pop_precision@10 : 0.1332    unpop_precision@10 : 0.0212
Fri 12 Dec 2025 02:07:00 INFO  Saving current: saved/FairLightGCN-Dec-12-2025_00-53-56.pth
Fri 12 Dec 2025 02:08:15 INFO  epoch 50 training [time: 74.20s, train loss: 151.4192]
Fri 12 Dec 2025 02:09:36 INFO  epoch 51 training [time: 81.57s, train loss: 151.2066]
Fri 12 Dec 2025 02:09:43 INFO  epoch 51 evaluating [time: 7.20s, valid_score: 0.220300]
Fri 12 Dec 2025 02:09:43 INFO  valid result: 
recall@10 : 0.1373    pop_recall@10 : 0.2084    unpop_recall@10 : 0.0269    mrr@10 : 0.3609    pop_mrr@10 : 0.3379    unpop_mrr@10 : 0.0412    ndcg@10 : 0.1958    pop_ndcg@10 : 0.2051    unpop_ndcg@10 : 0.0245    hit@10 : 0.7017    pop_hit@10 : 0.6563    unpop_hit@10 : 0.1444    precision@10 : 0.1548    pop_precision@10 : 0.1349    unpop_precision@10 : 0.02
Fri 12 Dec 2025 02:09:43 INFO  Saving current: saved/FairLightGCN-Dec-12-2025_00-53-56.pth
Fri 12 Dec 2025 02:11:05 INFO  epoch 52 training [time: 81.38s, train loss: 150.8193]
Fri 12 Dec 2025 02:12:26 INFO  epoch 53 training [time: 81.43s, train loss: 150.4925]
Fri 12 Dec 2025 02:12:34 INFO  epoch 53 evaluating [time: 7.33s, valid_score: 0.221800]
Fri 12 Dec 2025 02:12:34 INFO  valid result: 
recall@10 : 0.1374    pop_recall@10 : 0.2106    unpop_recall@10 : 0.0259    mrr@10 : 0.3648    pop_mrr@10 : 0.34    unpop_mrr@10 : 0.0435    ndcg@10 : 0.1969    pop_ndcg@10 : 0.2062    unpop_ndcg@10 : 0.0249    hit@10 : 0.7028    pop_hit@10 : 0.6596    unpop_hit@10 : 0.1442    precision@10 : 0.1554    pop_precision@10 : 0.1352    unpop_precision@10 : 0.0202
Fri 12 Dec 2025 02:12:34 INFO  Saving current: saved/FairLightGCN-Dec-12-2025_00-53-56.pth
Fri 12 Dec 2025 02:13:55 INFO  epoch 54 training [time: 81.31s, train loss: 150.0992]
Fri 12 Dec 2025 02:15:16 INFO  epoch 55 training [time: 81.31s, train loss: 150.5590]
Fri 12 Dec 2025 02:15:23 INFO  epoch 55 evaluating [time: 7.21s, valid_score: 0.221900]
Fri 12 Dec 2025 02:15:23 INFO  valid result: 
recall@10 : 0.1379    pop_recall@10 : 0.2093    unpop_recall@10 : 0.0272    mrr@10 : 0.3623    pop_mrr@10 : 0.3366    unpop_mrr@10 : 0.0446    ndcg@10 : 0.1961    pop_ndcg@10 : 0.2045    unpop_ndcg@10 : 0.0258    hit@10 : 0.7045    pop_hit@10 : 0.6536    unpop_hit@10 : 0.1517    precision@10 : 0.1547    pop_precision@10 : 0.1337    unpop_precision@10 : 0.021
Fri 12 Dec 2025 02:15:23 INFO  Saving current: saved/FairLightGCN-Dec-12-2025_00-53-56.pth
Fri 12 Dec 2025 02:16:45 INFO  epoch 56 training [time: 81.67s, train loss: 150.0172]
Fri 12 Dec 2025 02:18:07 INFO  epoch 57 training [time: 81.52s, train loss: 149.0806]
Fri 12 Dec 2025 02:18:14 INFO  epoch 57 evaluating [time: 7.20s, valid_score: 0.223300]
Fri 12 Dec 2025 02:18:14 INFO  valid result: 
recall@10 : 0.1371    pop_recall@10 : 0.2035    unpop_recall@10 : 0.0305    mrr@10 : 0.3586    pop_mrr@10 : 0.3302    unpop_mrr@10 : 0.0497    ndcg@10 : 0.1945    pop_ndcg@10 : 0.1989    unpop_ndcg@10 : 0.0288    hit@10 : 0.7018    pop_hit@10 : 0.6465    unpop_hit@10 : 0.1679    precision@10 : 0.1538    pop_precision@10 : 0.1303    unpop_precision@10 : 0.0235
Fri 12 Dec 2025 02:18:14 INFO  Saving current: saved/FairLightGCN-Dec-12-2025_00-53-56.pth
Fri 12 Dec 2025 02:19:35 INFO  epoch 58 training [time: 81.37s, train loss: 148.3712]
Fri 12 Dec 2025 02:20:50 INFO  epoch 59 training [time: 74.78s, train loss: 148.7890]
Fri 12 Dec 2025 02:20:57 INFO  epoch 59 evaluating [time: 7.41s, valid_score: 0.223700]
Fri 12 Dec 2025 02:20:57 INFO  valid result: 
recall@10 : 0.1382    pop_recall@10 : 0.2099    unpop_recall@10 : 0.0275    mrr@10 : 0.3654    pop_mrr@10 : 0.3401    unpop_mrr@10 : 0.0443    ndcg@10 : 0.1979    pop_ndcg@10 : 0.2064    unpop_ndcg@10 : 0.0258    hit@10 : 0.7075    pop_hit@10 : 0.6589    unpop_hit@10 : 0.1493    precision@10 : 0.1559    pop_precision@10 : 0.1354    unpop_precision@10 : 0.0205
Fri 12 Dec 2025 02:20:58 INFO  Saving current: saved/FairLightGCN-Dec-12-2025_00-53-56.pth
Fri 12 Dec 2025 02:22:13 INFO  epoch 60 training [time: 75.07s, train loss: 149.2579]
Fri 12 Dec 2025 02:23:27 INFO  epoch 61 training [time: 74.57s, train loss: 148.5507]
Fri 12 Dec 2025 02:23:34 INFO  epoch 61 evaluating [time: 7.22s, valid_score: 0.224300]
Fri 12 Dec 2025 02:23:34 INFO  valid result: 
recall@10 : 0.139    pop_recall@10 : 0.2089    unpop_recall@10 : 0.0291    mrr@10 : 0.3626    pop_mrr@10 : 0.3349    unpop_mrr@10 : 0.0473    ndcg@10 : 0.197    pop_ndcg@10 : 0.2036    unpop_ndcg@10 : 0.0273    hit@10 : 0.7061    pop_hit@10 : 0.6528    unpop_hit@10 : 0.1586    precision@10 : 0.1558    pop_precision@10 : 0.134    unpop_precision@10 : 0.0218
Fri 12 Dec 2025 02:23:34 INFO  Saving current: saved/FairLightGCN-Dec-12-2025_00-53-56.pth
Fri 12 Dec 2025 02:24:50 INFO  epoch 62 training [time: 75.13s, train loss: 148.7174]
Fri 12 Dec 2025 02:26:04 INFO  epoch 63 training [time: 74.69s, train loss: 147.2201]
Fri 12 Dec 2025 02:26:12 INFO  epoch 63 evaluating [time: 7.26s, valid_score: 0.224700]
Fri 12 Dec 2025 02:26:12 INFO  valid result: 
recall@10 : 0.1392    pop_recall@10 : 0.2105    unpop_recall@10 : 0.0277    mrr@10 : 0.364    pop_mrr@10 : 0.3363    unpop_mrr@10 : 0.0469    ndcg@10 : 0.1977    pop_ndcg@10 : 0.2048    unpop_ndcg@10 : 0.027    hit@10 : 0.7075    pop_hit@10 : 0.6553    unpop_hit@10 : 0.1553    precision@10 : 0.1557    pop_precision@10 : 0.134    unpop_precision@10 : 0.0217
Fri 12 Dec 2025 02:26:12 INFO  Saving current: saved/FairLightGCN-Dec-12-2025_00-53-56.pth
Fri 12 Dec 2025 02:27:28 INFO  epoch 64 training [time: 75.88s, train loss: 147.0958]
Fri 12 Dec 2025 02:28:49 INFO  epoch 65 training [time: 81.47s, train loss: 146.9282]
Fri 12 Dec 2025 02:28:56 INFO  epoch 65 evaluating [time: 7.20s, valid_score: 0.224600]
Fri 12 Dec 2025 02:28:56 INFO  valid result: 
recall@10 : 0.1401    pop_recall@10 : 0.2137    unpop_recall@10 : 0.0266    mrr@10 : 0.3668    pop_mrr@10 : 0.3415    unpop_mrr@10 : 0.0438    ndcg@10 : 0.1993    pop_ndcg@10 : 0.2083    unpop_ndcg@10 : 0.0253    hit@10 : 0.7099    pop_hit@10 : 0.6632    unpop_hit@10 : 0.1462    precision@10 : 0.1571    pop_precision@10 : 0.1367    unpop_precision@10 : 0.0204
Fri 12 Dec 2025 02:30:18 INFO  epoch 66 training [time: 81.66s, train loss: 147.7324]
Fri 12 Dec 2025 02:31:39 INFO  epoch 67 training [time: 81.50s, train loss: 147.0389]
Fri 12 Dec 2025 02:31:47 INFO  epoch 67 evaluating [time: 7.31s, valid_score: 0.225300]
Fri 12 Dec 2025 02:31:47 INFO  valid result: 
recall@10 : 0.1396    pop_recall@10 : 0.2102    unpop_recall@10 : 0.0289    mrr@10 : 0.3636    pop_mrr@10 : 0.3359    unpop_mrr@10 : 0.0476    ndcg@10 : 0.1978    pop_ndcg@10 : 0.2043    unpop_ndcg@10 : 0.0275    hit@10 : 0.7089    pop_hit@10 : 0.6571    unpop_hit@10 : 0.1565    precision@10 : 0.1563    pop_precision@10 : 0.1344    unpop_precision@10 : 0.0219
Fri 12 Dec 2025 02:31:47 INFO  Saving current: saved/FairLightGCN-Dec-12-2025_00-53-56.pth
Fri 12 Dec 2025 02:33:08 INFO  epoch 68 training [time: 81.28s, train loss: 146.5499]
Fri 12 Dec 2025 02:34:24 INFO  epoch 69 training [time: 76.22s, train loss: 146.4440]
Fri 12 Dec 2025 02:34:31 INFO  epoch 69 evaluating [time: 7.08s, valid_score: 0.227000]
Fri 12 Dec 2025 02:34:31 INFO  valid result: 
recall@10 : 0.1416    pop_recall@10 : 0.2141    unpop_recall@10 : 0.0284    mrr@10 : 0.3665    pop_mrr@10 : 0.3389    unpop_mrr@10 : 0.0474    ndcg@10 : 0.1997    pop_ndcg@10 : 0.2068    unpop_ndcg@10 : 0.0273    hit@10 : 0.7118    pop_hit@10 : 0.6623    unpop_hit@10 : 0.1543    precision@10 : 0.1576    pop_precision@10 : 0.136    unpop_precision@10 : 0.0216
Fri 12 Dec 2025 02:34:31 INFO  Saving current: saved/FairLightGCN-Dec-12-2025_00-53-56.pth
Fri 12 Dec 2025 02:35:53 INFO  epoch 70 training [time: 81.28s, train loss: 146.7707]
Fri 12 Dec 2025 02:37:14 INFO  epoch 71 training [time: 81.35s, train loss: 146.1420]
Fri 12 Dec 2025 02:37:21 INFO  epoch 71 evaluating [time: 7.21s, valid_score: 0.227500]
Fri 12 Dec 2025 02:37:21 INFO  valid result: 
recall@10 : 0.1398    pop_recall@10 : 0.2073    unpop_recall@10 : 0.0314    mrr@10 : 0.3653    pop_mrr@10 : 0.3344    unpop_mrr@10 : 0.0525    ndcg@10 : 0.1975    pop_ndcg@10 : 0.2015    unpop_ndcg@10 : 0.03    hit@10 : 0.7106    pop_hit@10 : 0.6522    unpop_hit@10 : 0.1719    precision@10 : 0.1554    pop_precision@10 : 0.1316    unpop_precision@10 : 0.0239
Fri 12 Dec 2025 02:37:21 INFO  Saving current: saved/FairLightGCN-Dec-12-2025_00-53-56.pth
Fri 12 Dec 2025 02:38:43 INFO  epoch 72 training [time: 81.33s, train loss: 145.6005]
Fri 12 Dec 2025 02:40:04 INFO  epoch 73 training [time: 81.27s, train loss: 146.3764]
Fri 12 Dec 2025 02:40:11 INFO  epoch 73 evaluating [time: 7.26s, valid_score: 0.226500]
Fri 12 Dec 2025 02:40:11 INFO  valid result: 
recall@10 : 0.1407    pop_recall@10 : 0.2131    unpop_recall@10 : 0.0288    mrr@10 : 0.366    pop_mrr@10 : 0.3394    unpop_mrr@10 : 0.0463    ndcg@10 : 0.1995    pop_ndcg@10 : 0.207    unpop_ndcg@10 : 0.027    hit@10 : 0.7079    pop_hit@10 : 0.6601    unpop_hit@10 : 0.154    precision@10 : 0.1574    pop_precision@10 : 0.1358    unpop_precision@10 : 0.0215
Fri 12 Dec 2025 02:41:32 INFO  epoch 74 training [time: 81.29s, train loss: 145.5842]
Fri 12 Dec 2025 02:42:54 INFO  epoch 75 training [time: 81.25s, train loss: 145.0390]
Fri 12 Dec 2025 02:43:01 INFO  epoch 75 evaluating [time: 7.38s, valid_score: 0.226800]
Fri 12 Dec 2025 02:43:01 INFO  valid result: 
recall@10 : 0.1425    pop_recall@10 : 0.2174    unpop_recall@10 : 0.0269    mrr@10 : 0.3726    pop_mrr@10 : 0.3472    unpop_mrr@10 : 0.0433    ndcg@10 : 0.2017    pop_ndcg@10 : 0.2117    unpop_ndcg@10 : 0.0251    hit@10 : 0.7131    pop_hit@10 : 0.6647    unpop_hit@10 : 0.1444    precision@10 : 0.1585    pop_precision@10 : 0.1384    unpop_precision@10 : 0.02
Fri 12 Dec 2025 02:44:23 INFO  epoch 76 training [time: 81.59s, train loss: 145.2352]
Fri 12 Dec 2025 02:45:44 INFO  epoch 77 training [time: 81.39s, train loss: 144.7228]
Fri 12 Dec 2025 02:45:51 INFO  epoch 77 evaluating [time: 7.22s, valid_score: 0.229900]
Fri 12 Dec 2025 02:45:51 INFO  valid result: 
recall@10 : 0.1423    pop_recall@10 : 0.2142    unpop_recall@10 : 0.0287    mrr@10 : 0.3712    pop_mrr@10 : 0.3418    unpop_mrr@10 : 0.0497    ndcg@10 : 0.2015    pop_ndcg@10 : 0.2077    unpop_ndcg@10 : 0.0284    hit@10 : 0.7142    pop_hit@10 : 0.6632    unpop_hit@10 : 0.1609    precision@10 : 0.1587    pop_precision@10 : 0.1357    unpop_precision@10 : 0.023
Fri 12 Dec 2025 02:45:51 INFO  Saving current: saved/FairLightGCN-Dec-12-2025_00-53-56.pth
Fri 12 Dec 2025 02:47:12 INFO  epoch 78 training [time: 80.62s, train loss: 145.1373]
Fri 12 Dec 2025 02:48:29 INFO  epoch 79 training [time: 76.90s, train loss: 145.3902]
Fri 12 Dec 2025 02:48:36 INFO  epoch 79 evaluating [time: 7.19s, valid_score: 0.228400]
Fri 12 Dec 2025 02:48:36 INFO  valid result: 
recall@10 : 0.1415    pop_recall@10 : 0.2117    unpop_recall@10 : 0.0303    mrr@10 : 0.3678    pop_mrr@10 : 0.3385    unpop_mrr@10 : 0.0501    ndcg@10 : 0.1995    pop_ndcg@10 : 0.205    unpop_ndcg@10 : 0.0289    hit@10 : 0.7147    pop_hit@10 : 0.6604    unpop_hit@10 : 0.1654    precision@10 : 0.1575    pop_precision@10 : 0.1341    unpop_precision@10 : 0.0234
Fri 12 Dec 2025 02:49:57 INFO  epoch 80 training [time: 81.33s, train loss: 143.9218]
Fri 12 Dec 2025 02:51:19 INFO  epoch 81 training [time: 81.35s, train loss: 144.8346]
Fri 12 Dec 2025 02:51:26 INFO  epoch 81 evaluating [time: 7.33s, valid_score: 0.228600]
Fri 12 Dec 2025 02:51:26 INFO  valid result: 
recall@10 : 0.1418    pop_recall@10 : 0.2136    unpop_recall@10 : 0.0295    mrr@10 : 0.3669    pop_mrr@10 : 0.3389    unpop_mrr@10 : 0.0491    ndcg@10 : 0.2001    pop_ndcg@10 : 0.2064    unpop_ndcg@10 : 0.0285    hit@10 : 0.7127    pop_hit@10 : 0.6593    unpop_hit@10 : 0.1637    precision@10 : 0.1578    pop_precision@10 : 0.1348    unpop_precision@10 : 0.023
Fri 12 Dec 2025 02:52:47 INFO  epoch 82 training [time: 81.09s, train loss: 144.1046]
Fri 12 Dec 2025 02:54:08 INFO  epoch 83 training [time: 81.12s, train loss: 144.4433]
Fri 12 Dec 2025 02:54:16 INFO  epoch 83 evaluating [time: 7.25s, valid_score: 0.228800]
Fri 12 Dec 2025 02:54:16 INFO  valid result: 
recall@10 : 0.1406    pop_recall@10 : 0.21    unpop_recall@10 : 0.0297    mrr@10 : 0.3677    pop_mrr@10 : 0.336    unpop_mrr@10 : 0.0525    ndcg@10 : 0.1991    pop_ndcg@10 : 0.2036    unpop_ndcg@10 : 0.0297    hit@10 : 0.7109    pop_hit@10 : 0.6546    unpop_hit@10 : 0.1664    precision@10 : 0.1564    pop_precision@10 : 0.1326    unpop_precision@10 : 0.0238
Fri 12 Dec 2025 02:55:37 INFO  epoch 84 training [time: 81.32s, train loss: 144.2949]
Fri 12 Dec 2025 02:56:58 INFO  epoch 85 training [time: 81.30s, train loss: 143.6514]
Fri 12 Dec 2025 02:57:05 INFO  epoch 85 evaluating [time: 7.27s, valid_score: 0.230000]
Fri 12 Dec 2025 02:57:05 INFO  valid result: 
recall@10 : 0.1418    pop_recall@10 : 0.2103    unpop_recall@10 : 0.0323    mrr@10 : 0.3661    pop_mrr@10 : 0.3341    unpop_mrr@10 : 0.0536    ndcg@10 : 0.1991    pop_ndcg@10 : 0.2027    unpop_ndcg@10 : 0.0309    hit@10 : 0.7131    pop_hit@10 : 0.6538    unpop_hit@10 : 0.1737    precision@10 : 0.1571    pop_precision@10 : 0.1324    unpop_precision@10 : 0.0246
Fri 12 Dec 2025 02:57:05 INFO  Saving current: saved/FairLightGCN-Dec-12-2025_00-53-56.pth
Fri 12 Dec 2025 02:58:27 INFO  epoch 86 training [time: 81.28s, train loss: 144.3677]
Fri 12 Dec 2025 02:59:48 INFO  epoch 87 training [time: 81.42s, train loss: 142.9983]
Fri 12 Dec 2025 02:59:55 INFO  epoch 87 evaluating [time: 7.27s, valid_score: 0.231200]
Fri 12 Dec 2025 02:59:55 INFO  valid result: 
recall@10 : 0.1424    pop_recall@10 : 0.2107    unpop_recall@10 : 0.0328    mrr@10 : 0.3677    pop_mrr@10 : 0.334    unpop_mrr@10 : 0.0552    ndcg@10 : 0.1996    pop_ndcg@10 : 0.2027    unpop_ndcg@10 : 0.0316    hit@10 : 0.7164    pop_hit@10 : 0.6545    unpop_hit@10 : 0.1735    precision@10 : 0.1571    pop_precision@10 : 0.1323    unpop_precision@10 : 0.0249
Fri 12 Dec 2025 02:59:56 INFO  Saving current: saved/FairLightGCN-Dec-12-2025_00-53-56.pth
Fri 12 Dec 2025 03:01:14 INFO  epoch 88 training [time: 77.98s, train loss: 143.1535]
Fri 12 Dec 2025 03:02:17 INFO  epoch 89 training [time: 63.33s, train loss: 142.8377]
Fri 12 Dec 2025 03:02:24 INFO  epoch 89 evaluating [time: 7.25s, valid_score: 0.229100]
Fri 12 Dec 2025 03:02:24 INFO  valid result: 
recall@10 : 0.1428    pop_recall@10 : 0.2139    unpop_recall@10 : 0.0299    mrr@10 : 0.369    pop_mrr@10 : 0.3389    unpop_mrr@10 : 0.0508    ndcg@10 : 0.2002    pop_ndcg@10 : 0.2062    unpop_ndcg@10 : 0.0289    hit@10 : 0.7167    pop_hit@10 : 0.6626    unpop_hit@10 : 0.1616    precision@10 : 0.1569    pop_precision@10 : 0.1338    unpop_precision@10 : 0.023
Fri 12 Dec 2025 03:03:46 INFO  epoch 90 training [time: 81.46s, train loss: 143.0982]
Fri 12 Dec 2025 03:05:07 INFO  epoch 91 training [time: 81.43s, train loss: 142.5632]
Fri 12 Dec 2025 03:05:14 INFO  epoch 91 evaluating [time: 7.27s, valid_score: 0.230400]
Fri 12 Dec 2025 03:05:14 INFO  valid result: 
recall@10 : 0.1429    pop_recall@10 : 0.2137    unpop_recall@10 : 0.0304    mrr@10 : 0.3692    pop_mrr@10 : 0.3379    unpop_mrr@10 : 0.0518    ndcg@10 : 0.2008    pop_ndcg@10 : 0.2059    unpop_ndcg@10 : 0.0296    hit@10 : 0.7136    pop_hit@10 : 0.6563    unpop_hit@10 : 0.1671    precision@10 : 0.1583    pop_precision@10 : 0.1344    unpop_precision@10 : 0.0239
Fri 12 Dec 2025 03:06:36 INFO  epoch 92 training [time: 81.32s, train loss: 142.1287]
Fri 12 Dec 2025 03:07:57 INFO  epoch 93 training [time: 81.11s, train loss: 142.6962]
Fri 12 Dec 2025 03:08:04 INFO  epoch 93 evaluating [time: 7.18s, valid_score: 0.228800]
Fri 12 Dec 2025 03:08:04 INFO  valid result: 
recall@10 : 0.1442    pop_recall@10 : 0.2185    unpop_recall@10 : 0.0288    mrr@10 : 0.3666    pop_mrr@10 : 0.3381    unpop_mrr@10 : 0.0489    ndcg@10 : 0.2008    pop_ndcg@10 : 0.208    unpop_ndcg@10 : 0.028    hit@10 : 0.7184    pop_hit@10 : 0.668    unpop_hit@10 : 0.1594    precision@10 : 0.1588    pop_precision@10 : 0.1361    unpop_precision@10 : 0.0226
Fri 12 Dec 2025 03:09:25 INFO  epoch 94 training [time: 81.06s, train loss: 142.3335]
Fri 12 Dec 2025 03:10:46 INFO  epoch 95 training [time: 81.18s, train loss: 142.1657]
Fri 12 Dec 2025 03:10:53 INFO  epoch 95 evaluating [time: 7.19s, valid_score: 0.228500]
Fri 12 Dec 2025 03:10:53 INFO  valid result: 
recall@10 : 0.1417    pop_recall@10 : 0.2123    unpop_recall@10 : 0.03    mrr@10 : 0.3683    pop_mrr@10 : 0.3395    unpop_mrr@10 : 0.0493    ndcg@10 : 0.2002    pop_ndcg@10 : 0.2065    unpop_ndcg@10 : 0.0283    hit@10 : 0.7123    pop_hit@10 : 0.6599    unpop_hit@10 : 0.1611    precision@10 : 0.1577    pop_precision@10 : 0.1353    unpop_precision@10 : 0.0225
Fri 12 Dec 2025 03:12:15 INFO  epoch 96 training [time: 81.36s, train loss: 141.5019]
Fri 12 Dec 2025 03:13:36 INFO  epoch 97 training [time: 81.46s, train loss: 141.8834]
Fri 12 Dec 2025 03:13:43 INFO  epoch 97 evaluating [time: 7.25s, valid_score: 0.231300]
Fri 12 Dec 2025 03:13:43 INFO  valid result: 
recall@10 : 0.1431    pop_recall@10 : 0.2135    unpop_recall@10 : 0.0311    mrr@10 : 0.3696    pop_mrr@10 : 0.3383    unpop_mrr@10 : 0.0523    ndcg@10 : 0.2015    pop_ndcg@10 : 0.2066    unpop_ndcg@10 : 0.0298    hit@10 : 0.7151    pop_hit@10 : 0.6594    unpop_hit@10 : 0.1664    precision@10 : 0.1587    pop_precision@10 : 0.1353    unpop_precision@10 : 0.0234
Fri 12 Dec 2025 03:13:43 INFO  Saving current: saved/FairLightGCN-Dec-12-2025_00-53-56.pth
Fri 12 Dec 2025 03:15:00 INFO  epoch 98 training [time: 76.90s, train loss: 141.8558]
Fri 12 Dec 2025 03:16:12 INFO  epoch 99 training [time: 71.31s, train loss: 141.4368]
Fri 12 Dec 2025 03:16:19 INFO  epoch 99 evaluating [time: 7.19s, valid_score: 0.230700]
Fri 12 Dec 2025 03:16:19 INFO  valid result: 
recall@10 : 0.144    pop_recall@10 : 0.2123    unpop_recall@10 : 0.0328    mrr@10 : 0.3652    pop_mrr@10 : 0.3335    unpop_mrr@10 : 0.0536    ndcg@10 : 0.2    pop_ndcg@10 : 0.2039    unpop_ndcg@10 : 0.0307    hit@10 : 0.7167    pop_hit@10 : 0.6586    unpop_hit@10 : 0.172    precision@10 : 0.1575    pop_precision@10 : 0.1332    unpop_precision@10 : 0.0243
Fri 12 Dec 2025 03:16:19 INFO  Loading model structure and parameters from saved/FairLightGCN-Dec-12-2025_00-53-56.pth
Fri 12 Dec 2025 03:16:21 INFO  count    1447.000000
mean       41.741534
std        96.164010
min         1.000000
25%         3.000000
50%         9.000000
75%        33.000000
max      1082.000000
dtype: float64
Fri 12 Dec 2025 03:16:22 INFO  The running environment of this training is as follows:
+-------------+-----------------+
| Environment |      Usage      |
+=============+=================+
| CPU         |     2.00 %      |
+-------------+-----------------+
| GPU         | 0.29 G/44.43 G  |
+-------------+-----------------+
| Memory      | 1.87 G/251.51 G |
+-------------+-----------------+
Fri 12 Dec 2025 03:16:22 INFO  best valid : OrderedDict([('recall@10', 0.1431), ('pop_recall@10', 0.2135), ('unpop_recall@10', 0.0311), ('mrr@10', 0.3696), ('pop_mrr@10', 0.3383), ('unpop_mrr@10', 0.0523), ('ndcg@10', 0.2015), ('pop_ndcg@10', 0.2066), ('unpop_ndcg@10', 0.0298), ('hit@10', 0.7151), ('pop_hit@10', 0.6594), ('unpop_hit@10', 0.1664), ('precision@10', 0.1587), ('pop_precision@10', 0.1353), ('unpop_precision@10', 0.0234)])
Fri 12 Dec 2025 03:16:22 INFO  test result: OrderedDict([('recall@10', 0.16079307947019866), ('pop_recall@10', 0.23900726821192053), ('unpop_recall@10', 0.03854864238410596), ('mrr@10', 0.4422271523178808), ('pop_mrr@10', 0.4040726490066225), ('unpop_mrr@10', 0.07185776490066224), ('ndcg@10', 0.25295279801324505), ('pop_ndcg@10', 0.2508294536423841), ('unpop_ndcg@10', 0.042057317880794705), ('hit@10', 0.7346026490066225), ('pop_hit@10', 0.6811258278145695), ('unpop_hit@10', 0.20066225165562915), ('precision@10', 0.19692052980132452), ('pop_precision@10', 0.1638741721854305), ('unpop_precision@10', 0.03304635761589404)])
