Wed 03 Dec 2025 22:33:21 INFO  ['run_recbole.py', '--pop_rate', '0.1', '--model', 'FairLightGCN', '--dataset', 'ml-1m', '--enable_user_loss', 'False', '--item_rq_loss_rate', '0.5', '--cl_rate', '0.0', '--pop_loss_rate', '0.0', '--gpu_ids', '1']
Wed 03 Dec 2025 22:33:21 INFO  
General Hyper Parameters:
gpu_id = 0
use_gpu = True
seed = 2020
state = INFO
reproducibility = True
data_path = dataset/ml-1m
checkpoint_dir = saved
show_progress = True
save_dataset = False
dataset_save_path = None
save_dataloaders = False
dataloaders_save_path = None
log_wandb = False

Training Hyper Parameters:
epochs = 100
train_batch_size = 1024
learner = adam
learning_rate = 0.001
train_neg_sample_args = {'distribution': 'uniform', 'sample_num': 1, 'alpha': 1.0, 'dynamic': False, 'candidate_num': 0}
eval_step = 2
stopping_step = 10
clip_grad_norm = None
weight_decay = 0.0
loss_decimal_place = 4

Evaluation Hyper Parameters:
eval_args = {'split': {'RS': [0.8, 0.1, 0.1]}, 'order': 'RO', 'group_by': 'user', 'mode': {'valid': 'full', 'test': 'full'}}
repeatable = False
metrics = ['Recall', 'MRR', 'NDCG', 'Hit', 'Precision']
topk = [10]
valid_metric = ['NDCG@10', 'UNPOP_NDCG@10']
valid_metric_bigger = True
eval_batch_size = 102400
metric_decimal_place = 4

Dataset Hyper Parameters:
train_batch_size = 1024
eval_batch_size = 102400
field_separator = 	
seq_separator =  
USER_ID_FIELD = user_id
ITEM_ID_FIELD = item_id
RATING_FIELD = rating
TIME_FIELD = timestamp
seq_len = None
LABEL_FIELD = label
threshold = None
NEG_PREFIX = neg_
numerical_features = ['popularity']
load_col = {'inter': ['user_id', 'item_id', 'rating', 'timestamp'], 'user': ['user_id', 'age', 'gender', 'occupation'], 'item': ['item_id', 'release_year', 'genre', 'popularity']}
unload_col = None
unused_col = None
additional_feat_suffix = None
rm_dup_inter = None
val_interval = None
filter_inter_by_user_or_item = True
user_inter_num_interval = None
item_inter_num_interval = None
alias_of_user_id = None
alias_of_item_id = None
alias_of_entity_id = None
alias_of_relation_id = None
preload_weight = None
normalize_field = ['timestamp', 'rating']
normalize_all = False
discretization = {'popularity': {'method': 'LD', 'bucket': 10}}
ITEM_LIST_LENGTH_FIELD = item_length
LIST_SUFFIX = _list
MAX_ITEM_LIST_LENGTH = 50
POSITION_FIELD = position_id
HEAD_ENTITY_ID_FIELD = head_id
TAIL_ENTITY_ID_FIELD = tail_id
RELATION_ID_FIELD = relation_id
ENTITY_ID_FIELD = entity_id
kg_reverse_r = False
entity_kg_num_interval = None
relation_kg_num_interval = None
benchmark_filename = None
save_single_user = True
save_base_path = output
attr = {'user': {'need_inter_num': True, 'need_inter_hour': True, 'need_rating': True, 'need_item_genre': True, 'need_item_year': True, 'need_zipcode_to_region': True}, 'item': {'need_inter_num': True, 'need_inter_hour': True, 'need_rating': True, 'need_age': True, 'need_gender': True, 'need_occupation': True, 'need_region': True}, 'interaction': {'timestamp_unit': 's'}}
to_bin = {'user': {'mean_rating': {'n_bins': 5}, 'interaction_nums': {'n_bins': 5}}, 'item': {'mean_rating': {'n_bins': 5}, 'interaction_nums': {'n_bins': 5}}}

Other Hyper Parameters: 
worker = 0
wandb_project = recbole
shuffle = True
require_pow = False
enable_amp = False
enable_scaler = False
transform = None
export_topk_recs = True
export_topk_dir = None
export_topk_filename = None
export_topk_item_separator = None
export_topk_separate_columns = None
embedding_size = 64
n_layers = 2
reg_weight = 1e-05
MODEL_TYPE = ModelType.GENERAL
MODEL_INPUT_TYPE = InputType.PAIRWISE
eval_type = EvaluatorType.RANKING
single_spec = True
local_rank = 0
device = cuda
valid_neg_sample_args = {'distribution': 'uniform', 'sample_num': 'none'}
test_neg_sample_args = {'distribution': 'uniform', 'sample_num': 'none'}
nproc = 1
ip = localhost
port = 5678
world_size = -1
group_offset = 0
gpu_ids = 1
cl_rate = 0.0
enable_user_loss = False
item_rq_loss_rate = 0.5
beta = 0.2
log_type = fair
pop_rate = 0.1
gama = 0.2
mode = train
pop_loss_rate = 0.0


Wed 03 Dec 2025 22:33:25 INFO  ml-1m
The number of users: 6041
Average actions of users: 165.5975165562914
The number of items: 3884
Average actions of items: 269.88909875876953
The number of inters: 1000209
The sparsity of the dataset: 95.73712398848173%
Remain Fields: ['user_id', 'item_id', 'rating', 'timestamp', 'age', 'gender', 'occupation', 'release_year', 'genre', 'popularity']
Wed 03 Dec 2025 22:33:27 INFO  [Training]: train_batch_size = [1024] train_neg_sample_args: [{'distribution': 'uniform', 'sample_num': 1, 'alpha': 1.0, 'dynamic': False, 'candidate_num': 0}]
Wed 03 Dec 2025 22:33:27 INFO  [Evaluation]: eval_batch_size = [102400] eval_args: [{'split': {'RS': [0.8, 0.1, 0.1]}, 'order': 'RO', 'group_by': 'user', 'mode': {'valid': 'full', 'test': 'full'}}]
Wed 03 Dec 2025 22:33:28 INFO  FairLightGCN(
  (user_embedding): Embedding(6041, 64)
  (item_embedding): Embedding(3884, 64)
  (mf_loss): BPRLoss()
  (reg_loss): EmbLoss()
  (item_extra_embedding): ModuleDict(
    (release_year): Embedding(82, 64)
    (genre): Embedding(19, 64)
    (popularity): Embedding(67, 64)
  )
  (user_extra_embedding): ModuleDict(
    (age): Embedding(8, 64)
    (gender): Embedding(3, 64)
    (occupation): Embedding(22, 64)
  )
  (rq_model_item): RQVAE(
    (encoder): MLPLayers(
      (mlp_layers): Sequential(
        (0): Dropout(p=0, inplace=False)
        (1): Linear(in_features=192, out_features=64, bias=True)
        (2): Sigmoid()
        (3): Dropout(p=0, inplace=False)
        (4): Linear(in_features=64, out_features=32, bias=True)
        (5): Sigmoid()
        (6): Dropout(p=0, inplace=False)
        (7): Linear(in_features=32, out_features=16, bias=True)
      )
    )
    (rq): ResidualVectorQuantizer(
      (vq_layers): ModuleList(
        (0-2): 3 x VectorQuantizer(
          (embedding): Embedding(8, 16)
        )
      )
    )
    (decoder): MLPLayers(
      (mlp_layers): Sequential(
        (0): Dropout(p=0, inplace=False)
        (1): Linear(in_features=16, out_features=32, bias=True)
        (2): Sigmoid()
        (3): Dropout(p=0, inplace=False)
        (4): Linear(in_features=32, out_features=64, bias=True)
        (5): Sigmoid()
        (6): Dropout(p=0, inplace=False)
        (7): Linear(in_features=64, out_features=192, bias=True)
      )
    )
    (pop_decoder): MLPLayers(
      (mlp_layers): Sequential(
        (0): Dropout(p=0, inplace=False)
        (1): Linear(in_features=16, out_features=32, bias=True)
        (2): Sigmoid()
        (3): Dropout(p=0, inplace=False)
        (4): Linear(in_features=32, out_features=64, bias=True)
        (5): Sigmoid()
        (6): Dropout(p=0, inplace=False)
        (7): Linear(in_features=64, out_features=192, bias=True)
        (8): Sigmoid()
        (9): Dropout(p=0, inplace=False)
        (10): Linear(in_features=192, out_features=64, bias=True)
      )
    )
    (W_gate): Linear(in_features=192, out_features=192, bias=True)
  )
  (fusion_proj): Linear(in_features=192, out_features=64, bias=True)
)
Trainable parameters: 755440
Wed 03 Dec 2025 22:33:28 INFO  FLOPs: 69680.0
Wed 03 Dec 2025 22:34:27 INFO  epoch 0 training [time: 58.72s, train loss: 323.6028]
Wed 03 Dec 2025 22:35:31 INFO  epoch 1 training [time: 63.10s, train loss: 266.9079]
Wed 03 Dec 2025 22:35:32 INFO  epoch 1 evaluating [time: 1.09s, valid_score: 0.108400]
Wed 03 Dec 2025 22:35:32 INFO  valid result: 
recall@10 : 0.0713    pop_recall@10 : 0.1202    unpop_recall@10 : 0.0    mrr@10 : 0.222    pop_mrr@10 : 0.222    unpop_mrr@10 : 0.0    ndcg@10 : 0.1084    pop_ndcg@10 : 0.1229    unpop_ndcg@10 : 0.0    hit@10 : 0.5    pop_hit@10 : 0.5    unpop_hit@10 : 0.0    precision@10 : 0.0888    pop_precision@10 : 0.0888    unpop_precision@10 : 0.0
Wed 03 Dec 2025 22:35:32 INFO  Saving current: saved/FairLightGCN-Dec-03-2025_22-33-28.pth
Wed 03 Dec 2025 22:36:44 INFO  epoch 2 training [time: 72.18s, train loss: 254.3939]
Wed 03 Dec 2025 22:37:44 INFO  epoch 3 training [time: 60.31s, train loss: 245.8488]
Wed 03 Dec 2025 22:37:45 INFO  epoch 3 evaluating [time: 0.56s, valid_score: 0.111400]
Wed 03 Dec 2025 22:37:45 INFO  valid result: 
recall@10 : 0.0734    pop_recall@10 : 0.1248    unpop_recall@10 : 0.0    mrr@10 : 0.2293    pop_mrr@10 : 0.2293    unpop_mrr@10 : 0.0    ndcg@10 : 0.1114    pop_ndcg@10 : 0.1273    unpop_ndcg@10 : 0.0    hit@10 : 0.5058    pop_hit@10 : 0.5056    unpop_hit@10 : 0.0002    precision@10 : 0.0905    pop_precision@10 : 0.0905    unpop_precision@10 : 0.0
Wed 03 Dec 2025 22:37:45 INFO  Saving current: saved/FairLightGCN-Dec-03-2025_22-33-28.pth
Wed 03 Dec 2025 22:38:56 INFO  epoch 4 training [time: 71.20s, train loss: 235.3768]
Wed 03 Dec 2025 22:40:02 INFO  epoch 5 training [time: 65.47s, train loss: 230.0446]
Wed 03 Dec 2025 22:40:02 INFO  epoch 5 evaluating [time: 0.55s, valid_score: 0.118100]
Wed 03 Dec 2025 22:40:02 INFO  valid result: 
recall@10 : 0.0761    pop_recall@10 : 0.1317    unpop_recall@10 : 0.0    mrr@10 : 0.2476    pop_mrr@10 : 0.2476    unpop_mrr@10 : 0.0001    ndcg@10 : 0.1181    pop_ndcg@10 : 0.1359    unpop_ndcg@10 : 0.0    hit@10 : 0.5189    pop_hit@10 : 0.5185    unpop_hit@10 : 0.0003    precision@10 : 0.094    pop_precision@10 : 0.094    unpop_precision@10 : 0.0
Wed 03 Dec 2025 22:40:02 INFO  Saving current: saved/FairLightGCN-Dec-03-2025_22-33-28.pth
Wed 03 Dec 2025 22:41:01 INFO  epoch 6 training [time: 59.03s, train loss: 226.7396]
Wed 03 Dec 2025 22:42:01 INFO  epoch 7 training [time: 59.26s, train loss: 230.2403]
Wed 03 Dec 2025 22:42:01 INFO  epoch 7 evaluating [time: 0.62s, valid_score: 0.132800]
Wed 03 Dec 2025 22:42:01 INFO  valid result: 
recall@10 : 0.0848    pop_recall@10 : 0.1465    unpop_recall@10 : 0.0002    mrr@10 : 0.2743    pop_mrr@10 : 0.2739    unpop_mrr@10 : 0.0004    ndcg@10 : 0.1326    pop_ndcg@10 : 0.1525    unpop_ndcg@10 : 0.0002    hit@10 : 0.5508    pop_hit@10 : 0.5497    unpop_hit@10 : 0.0017    precision@10 : 0.1046    pop_precision@10 : 0.1044    unpop_precision@10 : 0.0002
Wed 03 Dec 2025 22:42:01 INFO  Saving current: saved/FairLightGCN-Dec-03-2025_22-33-28.pth
Wed 03 Dec 2025 22:43:11 INFO  epoch 8 training [time: 69.34s, train loss: 232.4005]
Wed 03 Dec 2025 22:44:13 INFO  epoch 9 training [time: 62.13s, train loss: 233.4557]
Wed 03 Dec 2025 22:44:13 INFO  epoch 9 evaluating [time: 0.59s, valid_score: 0.138100]
Wed 03 Dec 2025 22:44:13 INFO  valid result: 
recall@10 : 0.0885    pop_recall@10 : 0.1534    unpop_recall@10 : 0.0007    mrr@10 : 0.2821    pop_mrr@10 : 0.2814    unpop_mrr@10 : 0.0008    ndcg@10 : 0.1376    pop_ndcg@10 : 0.1585    unpop_ndcg@10 : 0.0005    hit@10 : 0.5634    pop_hit@10 : 0.5613    unpop_hit@10 : 0.0035    precision@10 : 0.1086    pop_precision@10 : 0.1082    unpop_precision@10 : 0.0004
Wed 03 Dec 2025 22:44:13 INFO  Saving current: saved/FairLightGCN-Dec-03-2025_22-33-28.pth
Wed 03 Dec 2025 22:45:13 INFO  epoch 10 training [time: 59.10s, train loss: 234.2035]
Wed 03 Dec 2025 22:46:12 INFO  epoch 11 training [time: 59.21s, train loss: 234.6775]
Wed 03 Dec 2025 22:46:12 INFO  epoch 11 evaluating [time: 0.54s, valid_score: 0.148400]
Wed 03 Dec 2025 22:46:12 INFO  valid result: 
recall@10 : 0.0959    pop_recall@10 : 0.166    unpop_recall@10 : 0.0007    mrr@10 : 0.2972    pop_mrr@10 : 0.2965    unpop_mrr@10 : 0.0012    ndcg@10 : 0.1478    pop_ndcg@10 : 0.1704    unpop_ndcg@10 : 0.0006    hit@10 : 0.5874    pop_hit@10 : 0.5849    unpop_hit@10 : 0.0053    precision@10 : 0.1168    pop_precision@10 : 0.1162    unpop_precision@10 : 0.0006
Wed 03 Dec 2025 22:46:12 INFO  Saving current: saved/FairLightGCN-Dec-03-2025_22-33-28.pth
Wed 03 Dec 2025 22:47:11 INFO  epoch 12 training [time: 58.72s, train loss: 232.2040]
Wed 03 Dec 2025 22:48:11 INFO  epoch 13 training [time: 59.43s, train loss: 227.4266]
Wed 03 Dec 2025 22:48:11 INFO  epoch 13 evaluating [time: 0.55s, valid_score: 0.154500]
Wed 03 Dec 2025 22:48:11 INFO  valid result: 
recall@10 : 0.0995    pop_recall@10 : 0.1727    unpop_recall@10 : 0.0008    mrr@10 : 0.3061    pop_mrr@10 : 0.3055    unpop_mrr@10 : 0.001    ndcg@10 : 0.1538    pop_ndcg@10 : 0.1775    unpop_ndcg@10 : 0.0007    hit@10 : 0.6026    pop_hit@10 : 0.5998    unpop_hit@10 : 0.0061    precision@10 : 0.1217    pop_precision@10 : 0.121    unpop_precision@10 : 0.0007
Wed 03 Dec 2025 22:48:11 INFO  Saving current: saved/FairLightGCN-Dec-03-2025_22-33-28.pth
Wed 03 Dec 2025 22:49:11 INFO  epoch 14 training [time: 59.21s, train loss: 226.5867]
Wed 03 Dec 2025 22:50:10 INFO  epoch 15 training [time: 59.71s, train loss: 225.2439]
Wed 03 Dec 2025 22:50:11 INFO  epoch 15 evaluating [time: 0.55s, valid_score: 0.157400]
Wed 03 Dec 2025 22:50:11 INFO  valid result: 
recall@10 : 0.1021    pop_recall@10 : 0.1773    unpop_recall@10 : 0.0006    mrr@10 : 0.3104    pop_mrr@10 : 0.31    unpop_mrr@10 : 0.0009    ndcg@10 : 0.1569    pop_ndcg@10 : 0.1814    unpop_ndcg@10 : 0.0005    hit@10 : 0.6098    pop_hit@10 : 0.6076    unpop_hit@10 : 0.0056    precision@10 : 0.1242    pop_precision@10 : 0.1236    unpop_precision@10 : 0.0006
Wed 03 Dec 2025 22:50:11 INFO  Saving current: saved/FairLightGCN-Dec-03-2025_22-33-28.pth
Wed 03 Dec 2025 22:51:11 INFO  epoch 16 training [time: 59.73s, train loss: 227.6966]
Wed 03 Dec 2025 22:52:10 INFO  epoch 17 training [time: 59.62s, train loss: 231.4407]
Wed 03 Dec 2025 22:52:11 INFO  epoch 17 evaluating [time: 0.48s, valid_score: 0.160400]
Wed 03 Dec 2025 22:52:11 INFO  valid result: 
recall@10 : 0.1043    pop_recall@10 : 0.1817    unpop_recall@10 : 0.0007    mrr@10 : 0.3146    pop_mrr@10 : 0.3141    unpop_mrr@10 : 0.001    ndcg@10 : 0.1598    pop_ndcg@10 : 0.1849    unpop_ndcg@10 : 0.0006    hit@10 : 0.6162    pop_hit@10 : 0.6142    unpop_hit@10 : 0.0055    precision@10 : 0.1267    pop_precision@10 : 0.126    unpop_precision@10 : 0.0006
Wed 03 Dec 2025 22:52:11 INFO  Saving current: saved/FairLightGCN-Dec-03-2025_22-33-28.pth
Wed 03 Dec 2025 22:53:10 INFO  epoch 18 training [time: 59.41s, train loss: 228.6881]
Wed 03 Dec 2025 22:54:10 INFO  epoch 19 training [time: 59.79s, train loss: 233.8784]
Wed 03 Dec 2025 22:54:11 INFO  epoch 19 evaluating [time: 0.57s, valid_score: 0.164300]
Wed 03 Dec 2025 22:54:11 INFO  valid result: 
recall@10 : 0.1068    pop_recall@10 : 0.1856    unpop_recall@10 : 0.0011    mrr@10 : 0.321    pop_mrr@10 : 0.3205    unpop_mrr@10 : 0.0012    ndcg@10 : 0.1635    pop_ndcg@10 : 0.1894    unpop_ndcg@10 : 0.0008    hit@10 : 0.6222    pop_hit@10 : 0.62    unpop_hit@10 : 0.0068    precision@10 : 0.1289    pop_precision@10 : 0.128    unpop_precision@10 : 0.0009
Wed 03 Dec 2025 22:54:11 INFO  Saving current: saved/FairLightGCN-Dec-03-2025_22-33-28.pth
Wed 03 Dec 2025 22:54:56 INFO  epoch 20 training [time: 45.17s, train loss: 232.5515]
Wed 03 Dec 2025 22:55:49 INFO  epoch 21 training [time: 52.97s, train loss: 233.0263]
Wed 03 Dec 2025 22:55:49 INFO  epoch 21 evaluating [time: 0.47s, valid_score: 0.167700]
Wed 03 Dec 2025 22:55:49 INFO  valid result: 
recall@10 : 0.1102    pop_recall@10 : 0.1915    unpop_recall@10 : 0.0012    mrr@10 : 0.3266    pop_mrr@10 : 0.3259    unpop_mrr@10 : 0.0014    ndcg@10 : 0.1668    pop_ndcg@10 : 0.1936    unpop_ndcg@10 : 0.0009    hit@10 : 0.6298    pop_hit@10 : 0.6272    unpop_hit@10 : 0.0079    precision@10 : 0.1314    pop_precision@10 : 0.1304    unpop_precision@10 : 0.001
Wed 03 Dec 2025 22:55:50 INFO  Saving current: saved/FairLightGCN-Dec-03-2025_22-33-28.pth
Wed 03 Dec 2025 22:56:48 INFO  epoch 22 training [time: 58.66s, train loss: 234.3877]
Wed 03 Dec 2025 22:57:47 INFO  epoch 23 training [time: 59.22s, train loss: 230.8182]
Wed 03 Dec 2025 22:57:48 INFO  epoch 23 evaluating [time: 0.55s, valid_score: 0.168900]
Wed 03 Dec 2025 22:57:48 INFO  valid result: 
recall@10 : 0.1107    pop_recall@10 : 0.1931    unpop_recall@10 : 0.0014    mrr@10 : 0.3285    pop_mrr@10 : 0.328    unpop_mrr@10 : 0.0015    ndcg@10 : 0.1678    pop_ndcg@10 : 0.1951    unpop_ndcg@10 : 0.0011    hit@10 : 0.6351    pop_hit@10 : 0.6329    unpop_hit@10 : 0.0093    precision@10 : 0.1322    pop_precision@10 : 0.1311    unpop_precision@10 : 0.0011
Wed 03 Dec 2025 22:57:48 INFO  Saving current: saved/FairLightGCN-Dec-03-2025_22-33-28.pth
Wed 03 Dec 2025 22:58:48 INFO  epoch 24 training [time: 59.36s, train loss: 227.3968]
Wed 03 Dec 2025 22:59:47 INFO  epoch 25 training [time: 59.22s, train loss: 226.2820]
Wed 03 Dec 2025 22:59:47 INFO  epoch 25 evaluating [time: 0.56s, valid_score: 0.170400]
Wed 03 Dec 2025 22:59:47 INFO  valid result: 
recall@10 : 0.1119    pop_recall@10 : 0.1941    unpop_recall@10 : 0.0016    mrr@10 : 0.3306    pop_mrr@10 : 0.3299    unpop_mrr@10 : 0.0019    ndcg@10 : 0.1692    pop_ndcg@10 : 0.1961    unpop_ndcg@10 : 0.0012    hit@10 : 0.6374    pop_hit@10 : 0.6344    unpop_hit@10 : 0.0113    precision@10 : 0.1334    pop_precision@10 : 0.1321    unpop_precision@10 : 0.0013
Wed 03 Dec 2025 22:59:48 INFO  Saving current: saved/FairLightGCN-Dec-03-2025_22-33-28.pth
Wed 03 Dec 2025 23:00:47 INFO  epoch 26 training [time: 59.45s, train loss: 228.0717]
Wed 03 Dec 2025 23:01:46 INFO  epoch 27 training [time: 59.13s, train loss: 227.8081]
Wed 03 Dec 2025 23:01:47 INFO  epoch 27 evaluating [time: 0.56s, valid_score: 0.173000]
Wed 03 Dec 2025 23:01:47 INFO  valid result: 
recall@10 : 0.1132    pop_recall@10 : 0.1959    unpop_recall@10 : 0.0021    mrr@10 : 0.3348    pop_mrr@10 : 0.3342    unpop_mrr@10 : 0.0021    ndcg@10 : 0.1715    pop_ndcg@10 : 0.1989    unpop_ndcg@10 : 0.0015    hit@10 : 0.6411    pop_hit@10 : 0.6374    unpop_hit@10 : 0.0139    precision@10 : 0.135    pop_precision@10 : 0.1334    unpop_precision@10 : 0.0016
Wed 03 Dec 2025 23:01:47 INFO  Saving current: saved/FairLightGCN-Dec-03-2025_22-33-28.pth
Wed 03 Dec 2025 23:02:46 INFO  epoch 28 training [time: 59.12s, train loss: 226.7345]
Wed 03 Dec 2025 23:03:44 INFO  epoch 29 training [time: 57.64s, train loss: 223.5031]
Wed 03 Dec 2025 23:03:44 INFO  epoch 29 evaluating [time: 0.47s, valid_score: 0.175100]
Wed 03 Dec 2025 23:03:44 INFO  valid result: 
recall@10 : 0.1151    pop_recall@10 : 0.2001    unpop_recall@10 : 0.0019    mrr@10 : 0.338    pop_mrr@10 : 0.3373    unpop_mrr@10 : 0.0022    ndcg@10 : 0.1736    pop_ndcg@10 : 0.2016    unpop_ndcg@10 : 0.0015    hit@10 : 0.6467    pop_hit@10 : 0.6442    unpop_hit@10 : 0.0132    precision@10 : 0.1366    pop_precision@10 : 0.135    unpop_precision@10 : 0.0016
Wed 03 Dec 2025 23:03:44 INFO  Saving current: saved/FairLightGCN-Dec-03-2025_22-33-28.pth
Wed 03 Dec 2025 23:04:42 INFO  epoch 30 training [time: 57.78s, train loss: 227.6618]
Wed 03 Dec 2025 23:06:04 INFO  epoch 31 training [time: 82.01s, train loss: 221.1123]
Wed 03 Dec 2025 23:06:12 INFO  epoch 31 evaluating [time: 8.16s, valid_score: 0.177200]
Wed 03 Dec 2025 23:06:12 INFO  valid result: 
recall@10 : 0.1169    pop_recall@10 : 0.2022    unpop_recall@10 : 0.0026    mrr@10 : 0.3405    pop_mrr@10 : 0.3396    unpop_mrr@10 : 0.0027    ndcg@10 : 0.1754    pop_ndcg@10 : 0.2035    unpop_ndcg@10 : 0.0018    hit@10 : 0.6522    pop_hit@10 : 0.6482    unpop_hit@10 : 0.0164    precision@10 : 0.1381    pop_precision@10 : 0.1362    unpop_precision@10 : 0.0018
Wed 03 Dec 2025 23:06:12 INFO  Saving current: saved/FairLightGCN-Dec-03-2025_22-33-28.pth
Wed 03 Dec 2025 23:09:27 INFO  epoch 32 training [time: 195.08s, train loss: 224.4664]
