# cl_rate_0.2_beta_0.2_batch_size_4096_only_itemloss1.log
Sun 23 Nov 2025 21:52:30 INFO  ['run_recbole.py', '--dataset', 'ml-1m', '--model', 'FairLightGCN', '--gpu_ids', '2']
Sun 23 Nov 2025 21:52:30 INFO  
General Hyper Parameters:
gpu_id = 0
use_gpu = True
seed = 2020
state = INFO
reproducibility = True
data_path = dataset/ml-1m
checkpoint_dir = saved
show_progress = True
save_dataset = False
dataset_save_path = None
save_dataloaders = False
dataloaders_save_path = None
log_wandb = False

Training Hyper Parameters:
epochs = 100
train_batch_size = 4096
learner = adam
learning_rate = 0.001
train_neg_sample_args = {'distribution': 'uniform', 'sample_num': 1, 'alpha': 1.0, 'dynamic': False, 'candidate_num': 0}
eval_step = 2
stopping_step = 10
clip_grad_norm = None
weight_decay = 0.0
loss_decimal_place = 4

Evaluation Hyper Parameters:
eval_args = {'split': {'RS': [0.8, 0.1, 0.1]}, 'order': 'RO', 'group_by': 'user', 'mode': {'valid': 'full', 'test': 'full'}}
repeatable = False
metrics = ['Recall', 'MRR', 'NDCG', 'Hit', 'Precision']
topk = [10]
valid_metric = MRR@10
valid_metric_bigger = True
eval_batch_size = 102400
metric_decimal_place = 4

Dataset Hyper Parameters:
train_batch_size = 4096
eval_batch_size = 102400
field_separator = 	
seq_separator =  
USER_ID_FIELD = user_id
ITEM_ID_FIELD = item_id
RATING_FIELD = rating
TIME_FIELD = timestamp
seq_len = None
LABEL_FIELD = label
threshold = None
NEG_PREFIX = neg_
load_col = {'inter': ['user_id', 'item_id', 'rating', 'timestamp']}
unload_col = None
unused_col = None
additional_feat_suffix = None
rm_dup_inter = None
val_interval = None
filter_inter_by_user_or_item = True
user_inter_num_interval = None
item_inter_num_interval = None
alias_of_user_id = None
alias_of_item_id = None
alias_of_entity_id = None
alias_of_relation_id = None
preload_weight = None
normalize_field = None
normalize_all = True
ITEM_LIST_LENGTH_FIELD = item_length
LIST_SUFFIX = _list
MAX_ITEM_LIST_LENGTH = 50
POSITION_FIELD = position_id
HEAD_ENTITY_ID_FIELD = head_id
TAIL_ENTITY_ID_FIELD = tail_id
RELATION_ID_FIELD = relation_id
ENTITY_ID_FIELD = entity_id
kg_reverse_r = False
entity_kg_num_interval = None
relation_kg_num_interval = None
benchmark_filename = None
save_single_user = True
save_base_path = output
attr = {'user': {'need_inter_num': True, 'need_inter_hour': True, 'need_rating': True, 'need_item_genre': True, 'need_item_year': True, 'need_zipcode_to_region': True}, 'item': {'need_inter_num': True, 'need_inter_hour': True, 'need_rating': True, 'need_age': True, 'need_gender': True, 'need_occupation': True, 'need_region': True}, 'interaction': {'timestamp_unit': 's'}}
to_bin = {'user': {'mean_rating': {'n_bins': 5}, 'interaction_nums': {'n_bins': 5}}, 'item': {'mean_rating': {'n_bins': 5}, 'interaction_nums': {'n_bins': 5}}}

Other Hyper Parameters: 
worker = 0
wandb_project = recbole
shuffle = True
require_pow = False
enable_amp = False
enable_scaler = False
transform = None
export_topk_recs = True
export_topk_dir = None
export_topk_filename = None
export_topk_item_separator = None
export_topk_separate_columns = None
embedding_size = 64
n_layers = 2
reg_weight = 1e-05
numerical_features = []
discretization = None
MODEL_TYPE = ModelType.GENERAL
MODEL_INPUT_TYPE = InputType.PAIRWISE
eval_type = EvaluatorType.RANKING
single_spec = True
local_rank = 0
device = cuda
valid_neg_sample_args = {'distribution': 'uniform', 'sample_num': 'none'}
test_neg_sample_args = {'distribution': 'uniform', 'sample_num': 'none'}


Sun 23 Nov 2025 21:52:34 INFO  ml-1m
The number of users: 6041
Average actions of users: 165.5975165562914
The number of items: 3707
Average actions of items: 269.88909875876953
The number of inters: 1000209
The sparsity of the dataset: 95.53358229599758%
Remain Fields: ['user_id', 'item_id', 'rating', 'timestamp']
Sun 23 Nov 2025 21:52:37 INFO  [Training]: train_batch_size = [4096] train_neg_sample_args: [{'distribution': 'uniform', 'sample_num': 1, 'alpha': 1.0, 'dynamic': False, 'candidate_num': 0}]
Sun 23 Nov 2025 21:52:37 INFO  [Evaluation]: eval_batch_size = [102400] eval_args: [{'split': {'RS': [0.8, 0.1, 0.1]}, 'order': 'RO', 'group_by': 'user', 'mode': {'valid': 'full', 'test': 'full'}}]
Sun 23 Nov 2025 21:52:55 INFO  FairLightGCN(
  (user_embedding): Embedding(6041, 64)
  (item_embedding): Embedding(3707, 64)
  (mf_loss): BPRLoss()
  (reg_loss): EmbLoss()
)
Trainable parameters: 623872
Sun 23 Nov 2025 21:52:55 INFO  FLOPs: 0.0
Sun 23 Nov 2025 21:53:04 INFO  epoch 0 training [time: 8.18s, train loss: 100.3755]
Sun 23 Nov 2025 21:53:12 INFO  epoch 1 training [time: 7.91s, train loss: 77.9782]
Sun 23 Nov 2025 21:53:12 INFO  epoch 1 evaluating [time: 0.42s, valid_score: 0.221000]
Sun 23 Nov 2025 21:53:12 INFO  valid result: 
recall@10 : 0.0672    mrr@10 : 0.221    ndcg@10 : 0.1065    hit@10 : 0.479    precision@10 : 0.0862
Sun 23 Nov 2025 21:53:12 INFO  Saving current: saved/FairLightGCN-Nov-23-2025_21-52-55.pth
Sun 23 Nov 2025 21:53:20 INFO  epoch 2 training [time: 7.89s, train loss: 76.8048]
Sun 23 Nov 2025 21:53:28 INFO  epoch 3 training [time: 7.92s, train loss: 75.6425]
Sun 23 Nov 2025 21:53:29 INFO  epoch 3 evaluating [time: 0.36s, valid_score: 0.220800]
Sun 23 Nov 2025 21:53:29 INFO  valid result: 
recall@10 : 0.067    mrr@10 : 0.2208    ndcg@10 : 0.1066    hit@10 : 0.48    precision@10 : 0.0865
Sun 23 Nov 2025 21:53:36 INFO  epoch 4 training [time: 7.56s, train loss: 74.7644]
Sun 23 Nov 2025 21:53:44 INFO  epoch 5 training [time: 7.84s, train loss: 73.9396]
Sun 23 Nov 2025 21:53:44 INFO  epoch 5 evaluating [time: 0.37s, valid_score: 0.220500]
Sun 23 Nov 2025 21:53:44 INFO  valid result: 
recall@10 : 0.0684    mrr@10 : 0.2205    ndcg@10 : 0.1071    hit@10 : 0.4873    precision@10 : 0.0874
Sun 23 Nov 2025 21:53:52 INFO  epoch 6 training [time: 7.96s, train loss: 72.7868]
Sun 23 Nov 2025 21:54:00 INFO  epoch 7 training [time: 8.01s, train loss: 70.4257]
Sun 23 Nov 2025 21:54:01 INFO  epoch 7 evaluating [time: 0.37s, valid_score: 0.233300]
Sun 23 Nov 2025 21:54:01 INFO  valid result: 
recall@10 : 0.0741    mrr@10 : 0.2333    ndcg@10 : 0.1145    hit@10 : 0.5094    precision@10 : 0.0929
Sun 23 Nov 2025 21:54:01 INFO  Saving current: saved/FairLightGCN-Nov-23-2025_21-52-55.pth
Sun 23 Nov 2025 21:54:09 INFO  epoch 8 training [time: 7.88s, train loss: 66.4059]
Sun 23 Nov 2025 21:54:17 INFO  epoch 9 training [time: 7.98s, train loss: 64.0203]
Sun 23 Nov 2025 21:54:17 INFO  epoch 9 evaluating [time: 0.37s, valid_score: 0.250700]
Sun 23 Nov 2025 21:54:17 INFO  valid result: 
recall@10 : 0.0801    mrr@10 : 0.2507    ndcg@10 : 0.1239    hit@10 : 0.5348    precision@10 : 0.1009
Sun 23 Nov 2025 21:54:17 INFO  Saving current: saved/FairLightGCN-Nov-23-2025_21-52-55.pth
Sun 23 Nov 2025 21:54:25 INFO  epoch 10 training [time: 7.97s, train loss: 62.3070]
Sun 23 Nov 2025 21:54:33 INFO  epoch 11 training [time: 8.01s, train loss: 60.3392]
Sun 23 Nov 2025 21:54:33 INFO  epoch 11 evaluating [time: 0.38s, valid_score: 0.283200]
Sun 23 Nov 2025 21:54:33 INFO  valid result: 
recall@10 : 0.0885    mrr@10 : 0.2832    ndcg@10 : 0.1389    hit@10 : 0.5692    precision@10 : 0.1111
Sun 23 Nov 2025 21:54:34 INFO  Saving current: saved/FairLightGCN-Nov-23-2025_21-52-55.pth
Sun 23 Nov 2025 21:54:42 INFO  epoch 12 training [time: 8.14s, train loss: 58.2642]
Sun 23 Nov 2025 21:54:50 INFO  epoch 13 training [time: 8.28s, train loss: 57.3784]
Sun 23 Nov 2025 21:54:50 INFO  epoch 13 evaluating [time: 0.38s, valid_score: 0.294300]
Sun 23 Nov 2025 21:54:50 INFO  valid result: 
recall@10 : 0.0935    mrr@10 : 0.2943    ndcg@10 : 0.1459    hit@10 : 0.5781    precision@10 : 0.1153
Sun 23 Nov 2025 21:54:50 INFO  Saving current: saved/FairLightGCN-Nov-23-2025_21-52-55.pth
Sun 23 Nov 2025 21:54:59 INFO  epoch 14 training [time: 8.45s, train loss: 56.5916]
Sun 23 Nov 2025 21:55:07 INFO  epoch 15 training [time: 8.05s, train loss: 56.1569]
Sun 23 Nov 2025 21:55:07 INFO  epoch 15 evaluating [time: 0.38s, valid_score: 0.300900]
Sun 23 Nov 2025 21:55:07 INFO  valid result: 
recall@10 : 0.0964    mrr@10 : 0.3009    ndcg@10 : 0.1494    hit@10 : 0.5864    precision@10 : 0.1181
Sun 23 Nov 2025 21:55:07 INFO  Saving current: saved/FairLightGCN-Nov-23-2025_21-52-55.pth
Sun 23 Nov 2025 21:55:16 INFO  epoch 16 training [time: 8.32s, train loss: 55.3127]
Sun 23 Nov 2025 21:55:24 INFO  epoch 17 training [time: 8.23s, train loss: 54.5809]
Sun 23 Nov 2025 21:55:24 INFO  epoch 17 evaluating [time: 0.39s, valid_score: 0.308800]
Sun 23 Nov 2025 21:55:24 INFO  valid result: 
recall@10 : 0.101    mrr@10 : 0.3088    ndcg@10 : 0.1547    hit@10 : 0.6038    precision@10 : 0.1225
Sun 23 Nov 2025 21:55:25 INFO  Saving current: saved/FairLightGCN-Nov-23-2025_21-52-55.pth
Sun 23 Nov 2025 21:55:33 INFO  epoch 18 training [time: 8.21s, train loss: 53.4849]
Sun 23 Nov 2025 21:55:41 INFO  epoch 19 training [time: 8.02s, train loss: 52.5851]
Sun 23 Nov 2025 21:55:41 INFO  epoch 19 evaluating [time: 0.38s, valid_score: 0.314200]
Sun 23 Nov 2025 21:55:41 INFO  valid result: 
recall@10 : 0.1037    mrr@10 : 0.3142    ndcg@10 : 0.1585    hit@10 : 0.6161    precision@10 : 0.1258
Sun 23 Nov 2025 21:55:41 INFO  Saving current: saved/FairLightGCN-Nov-23-2025_21-52-55.pth
Sun 23 Nov 2025 21:55:49 INFO  epoch 20 training [time: 7.40s, train loss: 51.9420]
Sun 23 Nov 2025 21:55:57 INFO  epoch 21 training [time: 8.26s, train loss: 51.3529]
Sun 23 Nov 2025 21:55:57 INFO  epoch 21 evaluating [time: 0.38s, valid_score: 0.319700]
Sun 23 Nov 2025 21:55:57 INFO  valid result: 
recall@10 : 0.1051    mrr@10 : 0.3197    ndcg@10 : 0.1612    hit@10 : 0.6227    precision@10 : 0.1276
Sun 23 Nov 2025 21:55:57 INFO  Saving current: saved/FairLightGCN-Nov-23-2025_21-52-55.pth
Sun 23 Nov 2025 21:56:05 INFO  epoch 22 training [time: 7.80s, train loss: 50.9067]
Sun 23 Nov 2025 21:56:13 INFO  epoch 23 training [time: 7.82s, train loss: 50.1940]
Sun 23 Nov 2025 21:56:13 INFO  epoch 23 evaluating [time: 0.37s, valid_score: 0.323500]
Sun 23 Nov 2025 21:56:13 INFO  valid result: 
recall@10 : 0.1076    mrr@10 : 0.3235    ndcg@10 : 0.1643    hit@10 : 0.6296    precision@10 : 0.1301
Sun 23 Nov 2025 21:56:13 INFO  Saving current: saved/FairLightGCN-Nov-23-2025_21-52-55.pth
Sun 23 Nov 2025 21:56:21 INFO  epoch 24 training [time: 7.77s, train loss: 49.8098]
Sun 23 Nov 2025 21:56:29 INFO  epoch 25 training [time: 8.13s, train loss: 49.1838]
Sun 23 Nov 2025 21:56:30 INFO  epoch 25 evaluating [time: 0.37s, valid_score: 0.329000]
Sun 23 Nov 2025 21:56:30 INFO  valid result: 
recall@10 : 0.1091    mrr@10 : 0.329    ndcg@10 : 0.1669    hit@10 : 0.6338    precision@10 : 0.1317
Sun 23 Nov 2025 21:56:30 INFO  Saving current: saved/FairLightGCN-Nov-23-2025_21-52-55.pth
Sun 23 Nov 2025 21:56:38 INFO  epoch 26 training [time: 8.18s, train loss: 48.5413]
Sun 23 Nov 2025 21:56:46 INFO  epoch 27 training [time: 7.78s, train loss: 48.3878]
Sun 23 Nov 2025 21:56:46 INFO  epoch 27 evaluating [time: 0.38s, valid_score: 0.332900]
Sun 23 Nov 2025 21:56:46 INFO  valid result: 
recall@10 : 0.1116    mrr@10 : 0.3329    ndcg@10 : 0.17    hit@10 : 0.6411    precision@10 : 0.1343
Sun 23 Nov 2025 21:56:46 INFO  Saving current: saved/FairLightGCN-Nov-23-2025_21-52-55.pth
Sun 23 Nov 2025 21:56:54 INFO  epoch 28 training [time: 7.80s, train loss: 47.9315]
Sun 23 Nov 2025 21:57:02 INFO  epoch 29 training [time: 7.81s, train loss: 47.7485]
Sun 23 Nov 2025 21:57:02 INFO  epoch 29 evaluating [time: 0.40s, valid_score: 0.336100]
Sun 23 Nov 2025 21:57:02 INFO  valid result: 
recall@10 : 0.1141    mrr@10 : 0.3361    ndcg@10 : 0.1722    hit@10 : 0.6475    precision@10 : 0.1357
Sun 23 Nov 2025 21:57:02 INFO  Saving current: saved/FairLightGCN-Nov-23-2025_21-52-55.pth
Sun 23 Nov 2025 21:57:10 INFO  epoch 30 training [time: 7.86s, train loss: 47.3789]
Sun 23 Nov 2025 21:57:18 INFO  epoch 31 training [time: 7.97s, train loss: 47.0193]
Sun 23 Nov 2025 21:57:19 INFO  epoch 31 evaluating [time: 0.37s, valid_score: 0.338200]
Sun 23 Nov 2025 21:57:19 INFO  valid result: 
recall@10 : 0.116    mrr@10 : 0.3382    ndcg@10 : 0.1742    hit@10 : 0.652    precision@10 : 0.1373
Sun 23 Nov 2025 21:57:19 INFO  Saving current: saved/FairLightGCN-Nov-23-2025_21-52-55.pth
Sun 23 Nov 2025 21:57:27 INFO  epoch 32 training [time: 8.72s, train loss: 46.7469]
Sun 23 Nov 2025 21:57:36 INFO  epoch 33 training [time: 8.65s, train loss: 46.4683]
Sun 23 Nov 2025 21:57:36 INFO  epoch 33 evaluating [time: 0.37s, valid_score: 0.341500]
Sun 23 Nov 2025 21:57:36 INFO  valid result: 
recall@10 : 0.1181    mrr@10 : 0.3415    ndcg@10 : 0.1763    hit@10 : 0.6588    precision@10 : 0.1391
Sun 23 Nov 2025 21:57:37 INFO  Saving current: saved/FairLightGCN-Nov-23-2025_21-52-55.pth
Sun 23 Nov 2025 21:57:45 INFO  epoch 34 training [time: 8.65s, train loss: 46.3550]
Sun 23 Nov 2025 21:57:54 INFO  epoch 35 training [time: 8.95s, train loss: 45.9605]
Sun 23 Nov 2025 21:57:55 INFO  epoch 35 evaluating [time: 0.38s, valid_score: 0.344900]
Sun 23 Nov 2025 21:57:55 INFO  valid result: 
recall@10 : 0.12    mrr@10 : 0.3449    ndcg@10 : 0.1785    hit@10 : 0.6637    precision@10 : 0.1408
Sun 23 Nov 2025 21:57:55 INFO  Saving current: saved/FairLightGCN-Nov-23-2025_21-52-55.pth
Sun 23 Nov 2025 21:58:03 INFO  epoch 36 training [time: 8.65s, train loss: 45.9191]
Sun 23 Nov 2025 21:58:12 INFO  epoch 37 training [time: 8.51s, train loss: 45.3558]
Sun 23 Nov 2025 21:58:12 INFO  epoch 37 evaluating [time: 0.37s, valid_score: 0.348200]
Sun 23 Nov 2025 21:58:12 INFO  valid result: 
recall@10 : 0.1226    mrr@10 : 0.3482    ndcg@10 : 0.1812    hit@10 : 0.6702    precision@10 : 0.143
Sun 23 Nov 2025 21:58:12 INFO  Saving current: saved/FairLightGCN-Nov-23-2025_21-52-55.pth
Sun 23 Nov 2025 21:58:21 INFO  epoch 38 training [time: 8.43s, train loss: 45.3365]
Sun 23 Nov 2025 21:58:29 INFO  epoch 39 training [time: 8.55s, train loss: 45.2074]
Sun 23 Nov 2025 21:58:30 INFO  epoch 39 evaluating [time: 0.39s, valid_score: 0.349700]
Sun 23 Nov 2025 21:58:30 INFO  valid result: 
recall@10 : 0.1248    mrr@10 : 0.3497    ndcg@10 : 0.1833    hit@10 : 0.6745    precision@10 : 0.145
Sun 23 Nov 2025 21:58:30 INFO  Saving current: saved/FairLightGCN-Nov-23-2025_21-52-55.pth
Sun 23 Nov 2025 21:58:38 INFO  epoch 40 training [time: 8.58s, train loss: 44.9902]
Sun 23 Nov 2025 21:58:47 INFO  epoch 41 training [time: 8.31s, train loss: 44.8239]
Sun 23 Nov 2025 21:58:47 INFO  epoch 41 evaluating [time: 0.38s, valid_score: 0.353000]
Sun 23 Nov 2025 21:58:47 INFO  valid result: 
recall@10 : 0.1255    mrr@10 : 0.353    ndcg@10 : 0.1847    hit@10 : 0.6776    precision@10 : 0.1458
Sun 23 Nov 2025 21:58:47 INFO  Saving current: saved/FairLightGCN-Nov-23-2025_21-52-55.pth
Sun 23 Nov 2025 21:58:56 INFO  epoch 42 training [time: 8.99s, train loss: 44.5042]
Sun 23 Nov 2025 21:59:05 INFO  epoch 43 training [time: 9.14s, train loss: 44.3085]
Sun 23 Nov 2025 21:59:06 INFO  epoch 43 evaluating [time: 0.39s, valid_score: 0.354900]
Sun 23 Nov 2025 21:59:06 INFO  valid result: 
recall@10 : 0.1266    mrr@10 : 0.3549    ndcg@10 : 0.1861    hit@10 : 0.6801    precision@10 : 0.1468
Sun 23 Nov 2025 21:59:06 INFO  Saving current: saved/FairLightGCN-Nov-23-2025_21-52-55.pth
Sun 23 Nov 2025 21:59:15 INFO  epoch 44 training [time: 9.08s, train loss: 44.1914]
Sun 23 Nov 2025 21:59:24 INFO  epoch 45 training [time: 9.15s, train loss: 43.9007]
Sun 23 Nov 2025 21:59:25 INFO  epoch 45 evaluating [time: 0.42s, valid_score: 0.357900]
Sun 23 Nov 2025 21:59:25 INFO  valid result: 
recall@10 : 0.1285    mrr@10 : 0.3579    ndcg@10 : 0.188    hit@10 : 0.6849    precision@10 : 0.1481
Sun 23 Nov 2025 21:59:25 INFO  Saving current: saved/FairLightGCN-Nov-23-2025_21-52-55.pth
Sun 23 Nov 2025 21:59:34 INFO  epoch 46 training [time: 9.23s, train loss: 43.6670]
Sun 23 Nov 2025 21:59:43 INFO  epoch 47 training [time: 9.21s, train loss: 43.5875]
Sun 23 Nov 2025 21:59:44 INFO  epoch 47 evaluating [time: 0.44s, valid_score: 0.360000]
Sun 23 Nov 2025 21:59:44 INFO  valid result: 
recall@10 : 0.1297    mrr@10 : 0.36    ndcg@10 : 0.1894    hit@10 : 0.6887    precision@10 : 0.1493
Sun 23 Nov 2025 21:59:44 INFO  Saving current: saved/FairLightGCN-Nov-23-2025_21-52-55.pth
Sun 23 Nov 2025 21:59:53 INFO  epoch 48 training [time: 9.24s, train loss: 43.4523]
Sun 23 Nov 2025 22:00:02 INFO  epoch 49 training [time: 8.95s, train loss: 43.0423]
Sun 23 Nov 2025 22:00:02 INFO  epoch 49 evaluating [time: 0.46s, valid_score: 0.361200]
Sun 23 Nov 2025 22:00:02 INFO  valid result: 
recall@10 : 0.1303    mrr@10 : 0.3612    ndcg@10 : 0.1903    hit@10 : 0.6892    precision@10 : 0.1499
Sun 23 Nov 2025 22:00:03 INFO  Saving current: saved/FairLightGCN-Nov-23-2025_21-52-55.pth
Sun 23 Nov 2025 22:00:12 INFO  epoch 50 training [time: 9.17s, train loss: 43.1628]
Sun 23 Nov 2025 22:00:21 INFO  epoch 51 training [time: 9.18s, train loss: 43.0103]
Sun 23 Nov 2025 22:00:21 INFO  epoch 51 evaluating [time: 0.41s, valid_score: 0.360600]
Sun 23 Nov 2025 22:00:21 INFO  valid result: 
recall@10 : 0.1307    mrr@10 : 0.3606    ndcg@10 : 0.1906    hit@10 : 0.6901    precision@10 : 0.1504
Sun 23 Nov 2025 22:00:31 INFO  epoch 52 training [time: 9.42s, train loss: 42.9015]
Sun 23 Nov 2025 22:00:40 INFO  epoch 53 training [time: 9.01s, train loss: 42.7664]
Sun 23 Nov 2025 22:00:40 INFO  epoch 53 evaluating [time: 0.40s, valid_score: 0.362100]
Sun 23 Nov 2025 22:00:40 INFO  valid result: 
recall@10 : 0.1314    mrr@10 : 0.3621    ndcg@10 : 0.1915    hit@10 : 0.6906    precision@10 : 0.151
Sun 23 Nov 2025 22:00:40 INFO  Saving current: saved/FairLightGCN-Nov-23-2025_21-52-55.pth
Sun 23 Nov 2025 22:00:50 INFO  epoch 54 training [time: 9.41s, train loss: 42.5235]
Sun 23 Nov 2025 22:00:59 INFO  epoch 55 training [time: 8.99s, train loss: 42.4688]
Sun 23 Nov 2025 22:00:59 INFO  epoch 55 evaluating [time: 0.40s, valid_score: 0.361300]
Sun 23 Nov 2025 22:00:59 INFO  valid result: 
recall@10 : 0.1321    mrr@10 : 0.3613    ndcg@10 : 0.1922    hit@10 : 0.6924    precision@10 : 0.1519
Sun 23 Nov 2025 22:01:08 INFO  epoch 56 training [time: 9.26s, train loss: 42.1345]
Sun 23 Nov 2025 22:01:17 INFO  epoch 57 training [time: 9.15s, train loss: 42.0612]
Sun 23 Nov 2025 22:01:18 INFO  epoch 57 evaluating [time: 0.40s, valid_score: 0.362200]
Sun 23 Nov 2025 22:01:18 INFO  valid result: 
recall@10 : 0.1328    mrr@10 : 0.3622    ndcg@10 : 0.1929    hit@10 : 0.6944    precision@10 : 0.1524
Sun 23 Nov 2025 22:01:18 INFO  Saving current: saved/FairLightGCN-Nov-23-2025_21-52-55.pth
Sun 23 Nov 2025 22:01:27 INFO  epoch 58 training [time: 8.87s, train loss: 41.8904]
Sun 23 Nov 2025 22:01:35 INFO  epoch 59 training [time: 7.99s, train loss: 42.0514]
Sun 23 Nov 2025 22:01:35 INFO  epoch 59 evaluating [time: 0.38s, valid_score: 0.362600]
Sun 23 Nov 2025 22:01:35 INFO  valid result: 
recall@10 : 0.1332    mrr@10 : 0.3626    ndcg@10 : 0.1933    hit@10 : 0.6945    precision@10 : 0.1524
Sun 23 Nov 2025 22:01:35 INFO  Saving current: saved/FairLightGCN-Nov-23-2025_21-52-55.pth
Sun 23 Nov 2025 22:01:43 INFO  epoch 60 training [time: 8.06s, train loss: 41.8716]
Sun 23 Nov 2025 22:01:51 INFO  epoch 61 training [time: 8.03s, train loss: 41.5988]
Sun 23 Nov 2025 22:01:52 INFO  epoch 61 evaluating [time: 0.38s, valid_score: 0.362200]
Sun 23 Nov 2025 22:01:52 INFO  valid result: 
recall@10 : 0.1341    mrr@10 : 0.3622    ndcg@10 : 0.1941    hit@10 : 0.6957    precision@10 : 0.1534
Sun 23 Nov 2025 22:02:00 INFO  epoch 62 training [time: 8.06s, train loss: 41.4295]
Sun 23 Nov 2025 22:02:08 INFO  epoch 63 training [time: 8.02s, train loss: 41.4314]
Sun 23 Nov 2025 22:02:08 INFO  epoch 63 evaluating [time: 0.42s, valid_score: 0.362800]
Sun 23 Nov 2025 22:02:08 INFO  valid result: 
recall@10 : 0.1352    mrr@10 : 0.3628    ndcg@10 : 0.1947    hit@10 : 0.701    precision@10 : 0.1538
Sun 23 Nov 2025 22:02:08 INFO  Saving current: saved/FairLightGCN-Nov-23-2025_21-52-55.pth
Sun 23 Nov 2025 22:02:16 INFO  epoch 64 training [time: 8.12s, train loss: 41.3139]
Sun 23 Nov 2025 22:02:25 INFO  epoch 65 training [time: 8.13s, train loss: 41.1550]
Sun 23 Nov 2025 22:02:25 INFO  epoch 65 evaluating [time: 0.36s, valid_score: 0.363800]
Sun 23 Nov 2025 22:02:25 INFO  valid result: 
recall@10 : 0.1365    mrr@10 : 0.3638    ndcg@10 : 0.1955    hit@10 : 0.7033    precision@10 : 0.1544
Sun 23 Nov 2025 22:02:25 INFO  Saving current: saved/FairLightGCN-Nov-23-2025_21-52-55.pth
Sun 23 Nov 2025 22:02:33 INFO  epoch 66 training [time: 8.10s, train loss: 41.0024]
Sun 23 Nov 2025 22:02:41 INFO  epoch 67 training [time: 8.01s, train loss: 40.7951]
Sun 23 Nov 2025 22:02:42 INFO  epoch 67 evaluating [time: 0.37s, valid_score: 0.364800]
Sun 23 Nov 2025 22:02:42 INFO  valid result: 
recall@10 : 0.1366    mrr@10 : 0.3648    ndcg@10 : 0.1961    hit@10 : 0.7043    precision@10 : 0.1549
Sun 23 Nov 2025 22:02:42 INFO  Saving current: saved/FairLightGCN-Nov-23-2025_21-52-55.pth
Sun 23 Nov 2025 22:02:50 INFO  epoch 68 training [time: 8.17s, train loss: 40.9033]
Sun 23 Nov 2025 22:02:58 INFO  epoch 69 training [time: 8.00s, train loss: 40.6903]
Sun 23 Nov 2025 22:02:58 INFO  epoch 69 evaluating [time: 0.38s, valid_score: 0.366400]
Sun 23 Nov 2025 22:02:58 INFO  valid result: 
recall@10 : 0.1369    mrr@10 : 0.3664    ndcg@10 : 0.1965    hit@10 : 0.7048    precision@10 : 0.1547
Sun 23 Nov 2025 22:02:59 INFO  Saving current: saved/FairLightGCN-Nov-23-2025_21-52-55.pth
Sun 23 Nov 2025 22:03:06 INFO  epoch 70 training [time: 7.89s, train loss: 40.7587]
Sun 23 Nov 2025 22:03:15 INFO  epoch 71 training [time: 8.07s, train loss: 40.3821]
Sun 23 Nov 2025 22:03:15 INFO  epoch 71 evaluating [time: 0.38s, valid_score: 0.366600]
Sun 23 Nov 2025 22:03:15 INFO  valid result: 
recall@10 : 0.138    mrr@10 : 0.3666    ndcg@10 : 0.1975    hit@10 : 0.7078    precision@10 : 0.1554
Sun 23 Nov 2025 22:03:15 INFO  Saving current: saved/FairLightGCN-Nov-23-2025_21-52-55.pth
Sun 23 Nov 2025 22:03:23 INFO  epoch 72 training [time: 8.02s, train loss: 40.3638]
Sun 23 Nov 2025 22:03:31 INFO  epoch 73 training [time: 8.01s, train loss: 40.3402]
Sun 23 Nov 2025 22:03:31 INFO  epoch 73 evaluating [time: 0.37s, valid_score: 0.367000]
Sun 23 Nov 2025 22:03:31 INFO  valid result: 
recall@10 : 0.1381    mrr@10 : 0.367    ndcg@10 : 0.1976    hit@10 : 0.7083    precision@10 : 0.1553
Sun 23 Nov 2025 22:03:32 INFO  Saving current: saved/FairLightGCN-Nov-23-2025_21-52-55.pth
Sun 23 Nov 2025 22:03:40 INFO  epoch 74 training [time: 8.02s, train loss: 40.3754]
Sun 23 Nov 2025 22:03:48 INFO  epoch 75 training [time: 8.01s, train loss: 40.2058]
Sun 23 Nov 2025 22:03:48 INFO  epoch 75 evaluating [time: 0.41s, valid_score: 0.368000]
Sun 23 Nov 2025 22:03:48 INFO  valid result: 
recall@10 : 0.1389    mrr@10 : 0.368    ndcg@10 : 0.1984    hit@10 : 0.7101    precision@10 : 0.156
Sun 23 Nov 2025 22:03:48 INFO  Saving current: saved/FairLightGCN-Nov-23-2025_21-52-55.pth
Sun 23 Nov 2025 22:03:56 INFO  epoch 76 training [time: 7.91s, train loss: 40.1380]
Sun 23 Nov 2025 22:04:04 INFO  epoch 77 training [time: 8.06s, train loss: 40.0164]
Sun 23 Nov 2025 22:04:05 INFO  epoch 77 evaluating [time: 0.38s, valid_score: 0.369000]
Sun 23 Nov 2025 22:04:05 INFO  valid result: 
recall@10 : 0.1401    mrr@10 : 0.369    ndcg@10 : 0.1994    hit@10 : 0.7149    precision@10 : 0.1567
Sun 23 Nov 2025 22:04:05 INFO  Saving current: saved/FairLightGCN-Nov-23-2025_21-52-55.pth
Sun 23 Nov 2025 22:04:13 INFO  epoch 78 training [time: 8.15s, train loss: 39.9032]
Sun 23 Nov 2025 22:04:21 INFO  epoch 79 training [time: 8.14s, train loss: 39.8211]
Sun 23 Nov 2025 22:04:21 INFO  epoch 79 evaluating [time: 0.38s, valid_score: 0.369400]
Sun 23 Nov 2025 22:04:21 INFO  valid result: 
recall@10 : 0.1406    mrr@10 : 0.3694    ndcg@10 : 0.2    hit@10 : 0.7141    precision@10 : 0.1573
Sun 23 Nov 2025 22:04:21 INFO  Saving current: saved/FairLightGCN-Nov-23-2025_21-52-55.pth
Sun 23 Nov 2025 22:04:30 INFO  epoch 80 training [time: 8.06s, train loss: 39.8270]
Sun 23 Nov 2025 22:04:38 INFO  epoch 81 training [time: 8.08s, train loss: 39.5434]
Sun 23 Nov 2025 22:04:38 INFO  epoch 81 evaluating [time: 0.37s, valid_score: 0.369300]
Sun 23 Nov 2025 22:04:38 INFO  valid result: 
recall@10 : 0.1413    mrr@10 : 0.3693    ndcg@10 : 0.2003    hit@10 : 0.7154    precision@10 : 0.1577
Sun 23 Nov 2025 22:04:46 INFO  epoch 82 training [time: 7.89s, train loss: 39.5464]
Sun 23 Nov 2025 22:04:54 INFO  epoch 83 training [time: 8.11s, train loss: 39.4010]
Sun 23 Nov 2025 22:04:54 INFO  epoch 83 evaluating [time: 0.37s, valid_score: 0.371000]
Sun 23 Nov 2025 22:04:54 INFO  valid result: 
recall@10 : 0.1413    mrr@10 : 0.371    ndcg@10 : 0.2007    hit@10 : 0.7152    precision@10 : 0.1577
Sun 23 Nov 2025 22:04:54 INFO  Saving current: saved/FairLightGCN-Nov-23-2025_21-52-55.pth
Sun 23 Nov 2025 22:05:03 INFO  epoch 84 training [time: 8.23s, train loss: 39.3631]
Sun 23 Nov 2025 22:05:11 INFO  epoch 85 training [time: 7.90s, train loss: 39.3517]
Sun 23 Nov 2025 22:05:11 INFO  epoch 85 evaluating [time: 0.38s, valid_score: 0.370700]
Sun 23 Nov 2025 22:05:11 INFO  valid result: 
recall@10 : 0.1418    mrr@10 : 0.3707    ndcg@10 : 0.2009    hit@10 : 0.7162    precision@10 : 0.1579
Sun 23 Nov 2025 22:05:19 INFO  epoch 86 training [time: 8.08s, train loss: 39.3261]
Sun 23 Nov 2025 22:05:27 INFO  epoch 87 training [time: 7.91s, train loss: 39.0889]
Sun 23 Nov 2025 22:05:27 INFO  epoch 87 evaluating [time: 0.39s, valid_score: 0.371100]
Sun 23 Nov 2025 22:05:27 INFO  valid result: 
recall@10 : 0.1423    mrr@10 : 0.3711    ndcg@10 : 0.2013    hit@10 : 0.718    precision@10 : 0.1582
Sun 23 Nov 2025 22:05:27 INFO  Saving current: saved/FairLightGCN-Nov-23-2025_21-52-55.pth
Sun 23 Nov 2025 22:05:35 INFO  epoch 88 training [time: 8.04s, train loss: 39.1153]
Sun 23 Nov 2025 22:05:43 INFO  epoch 89 training [time: 7.91s, train loss: 39.0095]
Sun 23 Nov 2025 22:05:44 INFO  epoch 89 evaluating [time: 0.38s, valid_score: 0.371300]
Sun 23 Nov 2025 22:05:44 INFO  valid result: 
recall@10 : 0.1429    mrr@10 : 0.3713    ndcg@10 : 0.2016    hit@10 : 0.7179    precision@10 : 0.1585
Sun 23 Nov 2025 22:05:44 INFO  Saving current: saved/FairLightGCN-Nov-23-2025_21-52-55.pth
Sun 23 Nov 2025 22:05:52 INFO  epoch 90 training [time: 8.19s, train loss: 38.9111]
Sun 23 Nov 2025 22:06:00 INFO  epoch 91 training [time: 8.18s, train loss: 38.9093]
Sun 23 Nov 2025 22:06:01 INFO  epoch 91 evaluating [time: 0.36s, valid_score: 0.372500]
Sun 23 Nov 2025 22:06:01 INFO  valid result: 
recall@10 : 0.1432    mrr@10 : 0.3725    ndcg@10 : 0.2023    hit@10 : 0.718    precision@10 : 0.1589
Sun 23 Nov 2025 22:06:01 INFO  Saving current: saved/FairLightGCN-Nov-23-2025_21-52-55.pth
Sun 23 Nov 2025 22:06:09 INFO  epoch 92 training [time: 8.17s, train loss: 38.8553]
Sun 23 Nov 2025 22:06:17 INFO  epoch 93 training [time: 7.96s, train loss: 38.8771]
Sun 23 Nov 2025 22:06:17 INFO  epoch 93 evaluating [time: 0.37s, valid_score: 0.372300]
Sun 23 Nov 2025 22:06:17 INFO  valid result: 
recall@10 : 0.1438    mrr@10 : 0.3723    ndcg@10 : 0.2027    hit@10 : 0.7194    precision@10 : 0.1592
Sun 23 Nov 2025 22:06:25 INFO  epoch 94 training [time: 8.24s, train loss: 38.7215]
Sun 23 Nov 2025 22:06:33 INFO  epoch 95 training [time: 8.05s, train loss: 38.6536]
Sun 23 Nov 2025 22:06:34 INFO  epoch 95 evaluating [time: 0.37s, valid_score: 0.372800]
Sun 23 Nov 2025 22:06:34 INFO  valid result: 
recall@10 : 0.144    mrr@10 : 0.3728    ndcg@10 : 0.2027    hit@10 : 0.719    precision@10 : 0.1591
Sun 23 Nov 2025 22:06:34 INFO  Saving current: saved/FairLightGCN-Nov-23-2025_21-52-55.pth
Sun 23 Nov 2025 22:06:42 INFO  epoch 96 training [time: 8.22s, train loss: 38.7040]
Sun 23 Nov 2025 22:06:50 INFO  epoch 97 training [time: 8.12s, train loss: 38.5528]
Sun 23 Nov 2025 22:06:51 INFO  epoch 97 evaluating [time: 0.38s, valid_score: 0.372200]
Sun 23 Nov 2025 22:06:51 INFO  valid result: 
recall@10 : 0.1434    mrr@10 : 0.3722    ndcg@10 : 0.2024    hit@10 : 0.7177    precision@10 : 0.1588
Sun 23 Nov 2025 22:06:59 INFO  epoch 98 training [time: 8.12s, train loss: 38.4091]
Sun 23 Nov 2025 22:07:07 INFO  epoch 99 training [time: 8.07s, train loss: 38.5243]
Sun 23 Nov 2025 22:07:07 INFO  epoch 99 evaluating [time: 0.38s, valid_score: 0.371400]
Sun 23 Nov 2025 22:07:07 INFO  valid result: 
recall@10 : 0.1433    mrr@10 : 0.3714    ndcg@10 : 0.2022    hit@10 : 0.7169    precision@10 : 0.1589
Sun 23 Nov 2025 22:07:07 INFO  Loading model structure and parameters from saved/FairLightGCN-Nov-23-2025_21-52-55.pth
Sun 23 Nov 2025 22:07:08 INFO  count    1117.000000
mean       54.073411
std       123.706309
min         1.000000
25%         3.000000
50%        12.000000
75%        47.000000
max      1270.000000
dtype: float64
Sun 23 Nov 2025 22:07:09 INFO  The running environment of this training is as follows:
+-------------+-----------------+
| Environment |      Usage      |
+=============+=================+
| CPU         |     23.10 %     |
+-------------+-----------------+
| GPU         | 0.46 G/47.53 G  |
+-------------+-----------------+
| Memory      | 1.86 G/251.48 G |
+-------------+-----------------+
Sun 23 Nov 2025 22:07:09 INFO  best valid : OrderedDict([('recall@10', 0.144), ('mrr@10', 0.3728), ('ndcg@10', 0.2027), ('hit@10', 0.719), ('precision@10', 0.1591)])
Sun 23 Nov 2025 22:07:09 INFO  test result: OrderedDict([('recall@10', 0.1615220198675497), ('mrr@10', 0.447097036423841), ('ndcg@10', 0.25684172185430465), ('hit@10', 0.7423841059602649), ('precision@10', 0.20034768211920528)])
