Mon 01 Dec 2025 18:29:16 INFO  ['run_recbole.py', '--model', 'FairLightGCN', '--datset', 'ml-1m', '--gpu_ids', '2', '--enable_user_loss', 'True', '--item_rq_loss_rate', '0.0', '--pop_rate', '0.1', '--pop_loss_rate', '0.2', '--description', '不加任何rq和pop_loss', '加上loss12和pop_loss但是没有rq_loss的版本', '--item_loss_type', 'loss12']
Mon 01 Dec 2025 18:29:16 INFO  
General Hyper Parameters:
gpu_id = 0
use_gpu = True
seed = 2020
state = INFO
reproducibility = True
data_path = dataset/ml-1m
checkpoint_dir = saved
show_progress = True
save_dataset = False
dataset_save_path = None
save_dataloaders = False
dataloaders_save_path = None
log_wandb = False

Training Hyper Parameters:
epochs = 100
train_batch_size = 1024
learner = adam
learning_rate = 0.001
train_neg_sample_args = {'distribution': 'uniform', 'sample_num': 1, 'alpha': 1.0, 'dynamic': False, 'candidate_num': 0}
eval_step = 2
stopping_step = 10
clip_grad_norm = None
weight_decay = 0.0
loss_decimal_place = 4

Evaluation Hyper Parameters:
eval_args = {'split': {'RS': [0.8, 0.1, 0.1]}, 'order': 'RO', 'group_by': 'user', 'mode': {'valid': 'full', 'test': 'full'}}
repeatable = False
metrics = ['Recall', 'MRR', 'NDCG', 'Hit', 'Precision']
topk = [10]
valid_metric = ['NDCG@10', 'UNPOP_NDCG@10']
valid_metric_bigger = True
eval_batch_size = 102400
metric_decimal_place = 4

Dataset Hyper Parameters:
train_batch_size = 1024
eval_batch_size = 102400
field_separator = 	
seq_separator =  
USER_ID_FIELD = user_id
ITEM_ID_FIELD = item_id
RATING_FIELD = rating
TIME_FIELD = timestamp
seq_len = None
LABEL_FIELD = label
threshold = None
NEG_PREFIX = neg_
numerical_features = ['popularity']
load_col = {'inter': ['user_id', 'item_id', 'rating', 'timestamp'], 'user': ['user_id', 'age', 'gender', 'occupation'], 'item': ['item_id', 'release_year', 'genre', 'popularity']}
unload_col = None
unused_col = None
additional_feat_suffix = None
rm_dup_inter = None
val_interval = None
filter_inter_by_user_or_item = True
user_inter_num_interval = None
item_inter_num_interval = None
alias_of_user_id = None
alias_of_item_id = None
alias_of_entity_id = None
alias_of_relation_id = None
preload_weight = None
normalize_field = ['timestamp', 'rating']
normalize_all = False
discretization = {'popularity': {'method': 'LD', 'bucket': 10}}
ITEM_LIST_LENGTH_FIELD = item_length
LIST_SUFFIX = _list
MAX_ITEM_LIST_LENGTH = 50
POSITION_FIELD = position_id
HEAD_ENTITY_ID_FIELD = head_id
TAIL_ENTITY_ID_FIELD = tail_id
RELATION_ID_FIELD = relation_id
ENTITY_ID_FIELD = entity_id
kg_reverse_r = False
entity_kg_num_interval = None
relation_kg_num_interval = None
benchmark_filename = None
save_single_user = True
save_base_path = output
attr = {'user': {'need_inter_num': True, 'need_inter_hour': True, 'need_rating': True, 'need_item_genre': True, 'need_item_year': True, 'need_zipcode_to_region': True}, 'item': {'need_inter_num': True, 'need_inter_hour': True, 'need_rating': True, 'need_age': True, 'need_gender': True, 'need_occupation': True, 'need_region': True}, 'interaction': {'timestamp_unit': 's'}}
to_bin = {'user': {'mean_rating': {'n_bins': 5}, 'interaction_nums': {'n_bins': 5}}, 'item': {'mean_rating': {'n_bins': 5}, 'interaction_nums': {'n_bins': 5}}}

Other Hyper Parameters: 
worker = 0
wandb_project = recbole
shuffle = True
require_pow = False
enable_amp = False
enable_scaler = False
transform = None
export_topk_recs = True
export_topk_dir = None
export_topk_filename = None
export_topk_item_separator = None
export_topk_separate_columns = None
embedding_size = 64
n_layers = 2
reg_weight = 1e-05
MODEL_TYPE = ModelType.GENERAL
MODEL_INPUT_TYPE = InputType.PAIRWISE
eval_type = EvaluatorType.RANKING
single_spec = True
local_rank = 0
device = cuda
valid_neg_sample_args = {'distribution': 'uniform', 'sample_num': 'none'}
test_neg_sample_args = {'distribution': 'uniform', 'sample_num': 'none'}
nproc = 1
ip = localhost
port = 5678
world_size = -1
group_offset = 0
gpu_ids = 2
cl_rate = 0.2
enable_user_loss = True
item_loss_type = loss12
item_rq_loss_rate = 0.0
beta = 0.2
log_type = fair
pop_rate = 0.1
gama = 0.2
description = 不加任何rq和pop_loss
mode = train
pop_loss_rate = 0.2


Mon 01 Dec 2025 18:29:21 INFO  ml-1m
The number of users: 6041
Average actions of users: 165.5975165562914
The number of items: 3884
Average actions of items: 269.88909875876953
The number of inters: 1000209
The sparsity of the dataset: 95.73712398848173%
Remain Fields: ['user_id', 'item_id', 'rating', 'timestamp', 'age', 'gender', 'occupation', 'release_year', 'genre', 'popularity']
Mon 01 Dec 2025 18:29:24 INFO  [Training]: train_batch_size = [1024] train_neg_sample_args: [{'distribution': 'uniform', 'sample_num': 1, 'alpha': 1.0, 'dynamic': False, 'candidate_num': 0}]
Mon 01 Dec 2025 18:29:24 INFO  [Evaluation]: eval_batch_size = [102400] eval_args: [{'split': {'RS': [0.8, 0.1, 0.1]}, 'order': 'RO', 'group_by': 'user', 'mode': {'valid': 'full', 'test': 'full'}}]
Mon 01 Dec 2025 18:29:24 INFO  FairLightGCN(
  (user_embedding): Embedding(6041, 64)
  (item_embedding): Embedding(3884, 64)
  (mf_loss): BPRLoss()
  (reg_loss): EmbLoss()
  (rq_model_item): RQVAE(
    (encoder): MLPLayers(
      (mlp_layers): Sequential(
        (0): Dropout(p=0, inplace=False)
        (1): Linear(in_features=192, out_features=64, bias=True)
        (2): Sigmoid()
        (3): Dropout(p=0, inplace=False)
        (4): Linear(in_features=64, out_features=32, bias=True)
        (5): Sigmoid()
        (6): Dropout(p=0, inplace=False)
        (7): Linear(in_features=32, out_features=16, bias=True)
      )
    )
    (rq): ResidualVectorQuantizer(
      (vq_layers): ModuleList(
        (0-2): 3 x VectorQuantizer(
          (embedding): Embedding(8, 16)
        )
      )
    )
    (decoder): MLPLayers(
      (mlp_layers): Sequential(
        (0): Dropout(p=0, inplace=False)
        (1): Linear(in_features=16, out_features=32, bias=True)
        (2): Sigmoid()
        (3): Dropout(p=0, inplace=False)
        (4): Linear(in_features=32, out_features=64, bias=True)
        (5): Sigmoid()
        (6): Dropout(p=0, inplace=False)
        (7): Linear(in_features=64, out_features=192, bias=True)
      )
    )
    (pop_decoder): MLPLayers(
      (mlp_layers): Sequential(
        (0): Dropout(p=0, inplace=False)
        (1): Linear(in_features=16, out_features=32, bias=True)
        (2): Sigmoid()
        (3): Dropout(p=0, inplace=False)
        (4): Linear(in_features=32, out_features=64, bias=True)
        (5): Sigmoid()
        (6): Dropout(p=0, inplace=False)
        (7): Linear(in_features=64, out_features=192, bias=True)
        (8): Sigmoid()
        (9): Dropout(p=0, inplace=False)
        (10): Linear(in_features=192, out_features=64, bias=True)
      )
    )
    (W_gate): Linear(in_features=192, out_features=192, bias=True)
  )
)
Trainable parameters: 730224
Mon 01 Dec 2025 18:29:24 INFO  FLOPs: 0.0
Mon 01 Dec 2025 18:30:43 INFO  epoch 0 training [time: 78.57s, train loss: 1082.1799]
Mon 01 Dec 2025 18:32:02 INFO  epoch 1 training [time: 78.21s, train loss: 1014.2341]
Mon 01 Dec 2025 18:32:03 INFO  epoch 1 evaluating [time: 1.69s, valid_score: 0.208100]
Mon 01 Dec 2025 18:32:03 INFO  valid result: 
recall@10 : 0.1027    pop_recall@10 : 0.0938    unpop_recall@10 : 0.0899    mrr@10 : 0.2647    pop_mrr@10 : 0.1602    unpop_mrr@10 : 0.1311    ndcg@10 : 0.1303    pop_ndcg@10 : 0.0832    unpop_ndcg@10 : 0.0778    hit@10 : 0.5932    pop_hit@10 : 0.3763    unpop_hit@10 : 0.3535    precision@10 : 0.0977    pop_precision@10 : 0.048    unpop_precision@10 : 0.0498
Mon 01 Dec 2025 18:32:03 INFO  Saving current: saved/FairLightGCN-Dec-01-2025_18-29-24.pth
Mon 01 Dec 2025 18:33:21 INFO  epoch 2 training [time: 77.75s, train loss: 993.1423]
Mon 01 Dec 2025 18:34:39 INFO  epoch 3 training [time: 78.08s, train loss: 980.3802]
Mon 01 Dec 2025 18:34:41 INFO  epoch 3 evaluating [time: 1.63s, valid_score: 0.201500]
Mon 01 Dec 2025 18:34:41 INFO  valid result: 
recall@10 : 0.0941    pop_recall@10 : 0.0764    unpop_recall@10 : 0.0934    mrr@10 : 0.2426    pop_mrr@10 : 0.1254    unpop_mrr@10 : 0.1407    ndcg@10 : 0.1192    pop_ndcg@10 : 0.0653    unpop_ndcg@10 : 0.0823    hit@10 : 0.5579    pop_hit@10 : 0.324    unpop_hit@10 : 0.3526    precision@10 : 0.0904    pop_precision@10 : 0.0402    unpop_precision@10 : 0.0502
Mon 01 Dec 2025 18:35:59 INFO  epoch 4 training [time: 78.20s, train loss: 970.2432]
Mon 01 Dec 2025 18:37:17 INFO  epoch 5 training [time: 78.03s, train loss: 961.4995]
Mon 01 Dec 2025 18:37:19 INFO  epoch 5 evaluating [time: 1.74s, valid_score: 0.207300]
Mon 01 Dec 2025 18:37:19 INFO  valid result: 
recall@10 : 0.0907    pop_recall@10 : 0.0657    unpop_recall@10 : 0.0983    mrr@10 : 0.2391    pop_mrr@10 : 0.1076    unpop_mrr@10 : 0.1539    ndcg@10 : 0.1176    pop_ndcg@10 : 0.0555    unpop_ndcg@10 : 0.0897    hit@10 : 0.5449    pop_hit@10 : 0.2839    unpop_hit@10 : 0.3732    precision@10 : 0.0899    pop_precision@10 : 0.0344    unpop_precision@10 : 0.0555
Mon 01 Dec 2025 18:38:37 INFO  epoch 6 training [time: 77.97s, train loss: 951.6332]
Mon 01 Dec 2025 18:39:55 INFO  epoch 7 training [time: 77.91s, train loss: 938.8246]
Mon 01 Dec 2025 18:39:56 INFO  epoch 7 evaluating [time: 1.52s, valid_score: 0.218900]
Mon 01 Dec 2025 18:39:56 INFO  valid result: 
recall@10 : 0.0904    pop_recall@10 : 0.0626    unpop_recall@10 : 0.1011    mrr@10 : 0.2433    pop_mrr@10 : 0.097    unpop_mrr@10 : 0.1689    ndcg@10 : 0.1211    pop_ndcg@10 : 0.0514    unpop_ndcg@10 : 0.0978    hit@10 : 0.549    pop_hit@10 : 0.2636    unpop_hit@10 : 0.4003    precision@10 : 0.0935    pop_precision@10 : 0.031    unpop_precision@10 : 0.0625
Mon 01 Dec 2025 18:39:56 INFO  Saving current: saved/FairLightGCN-Dec-01-2025_18-29-24.pth
Mon 01 Dec 2025 18:41:13 INFO  epoch 8 training [time: 76.32s, train loss: 917.9309]
Mon 01 Dec 2025 18:42:29 INFO  epoch 9 training [time: 76.66s, train loss: 883.1335]
Mon 01 Dec 2025 18:42:31 INFO  epoch 9 evaluating [time: 1.57s, valid_score: 0.237400]
Mon 01 Dec 2025 18:42:31 INFO  valid result: 
recall@10 : 0.0974    pop_recall@10 : 0.0753    unpop_recall@10 : 0.1032    mrr@10 : 0.2678    pop_mrr@10 : 0.1217    unpop_mrr@10 : 0.176    ndcg@10 : 0.1354    pop_ndcg@10 : 0.0647    unpop_ndcg@10 : 0.102    hit@10 : 0.578    pop_hit@10 : 0.3103    unpop_hit@10 : 0.4124    precision@10 : 0.105    pop_precision@10 : 0.0382    unpop_precision@10 : 0.0668
Mon 01 Dec 2025 18:42:31 INFO  Saving current: saved/FairLightGCN-Dec-01-2025_18-29-24.pth
Mon 01 Dec 2025 18:43:48 INFO  epoch 10 training [time: 76.50s, train loss: 841.3081]
Mon 01 Dec 2025 18:45:06 INFO  epoch 11 training [time: 78.64s, train loss: 796.5562]
Mon 01 Dec 2025 18:45:08 INFO  epoch 11 evaluating [time: 1.40s, valid_score: 0.260200]
Mon 01 Dec 2025 18:45:08 INFO  valid result: 
recall@10 : 0.1337    pop_recall@10 : 0.1531    unpop_recall@10 : 0.0829    mrr@10 : 0.343    pop_mrr@10 : 0.2585    unpop_mrr@10 : 0.1249    ndcg@10 : 0.1845    pop_ndcg@10 : 0.1459    unpop_ndcg@10 : 0.0757    hit@10 : 0.6901    pop_hit@10 : 0.5515    unpop_hit@10 : 0.3368    precision@10 : 0.144    pop_precision@10 : 0.0931    unpop_precision@10 : 0.051
Mon 01 Dec 2025 18:45:08 INFO  Saving current: saved/FairLightGCN-Dec-01-2025_18-29-24.pth
Mon 01 Dec 2025 18:46:25 INFO  epoch 12 training [time: 77.37s, train loss: 759.6246]
Mon 01 Dec 2025 18:47:42 INFO  epoch 13 training [time: 77.42s, train loss: 735.3770]
Mon 01 Dec 2025 18:47:44 INFO  epoch 13 evaluating [time: 1.43s, valid_score: 0.268400]
Mon 01 Dec 2025 18:47:44 INFO  valid result: 
recall@10 : 0.1488    pop_recall@10 : 0.185    unpop_recall@10 : 0.0743    mrr@10 : 0.3674    pop_mrr@10 : 0.2977    unpop_mrr@10 : 0.1096    ndcg@10 : 0.2012    pop_ndcg@10 : 0.1741    unpop_ndcg@10 : 0.0672    hit@10 : 0.7222    pop_hit@10 : 0.6106    unpop_hit@10 : 0.3106    precision@10 : 0.1562    pop_precision@10 : 0.1102    unpop_precision@10 : 0.0461
Mon 01 Dec 2025 18:47:44 INFO  Saving current: saved/FairLightGCN-Dec-01-2025_18-29-24.pth
Mon 01 Dec 2025 18:49:01 INFO  epoch 14 training [time: 77.35s, train loss: 717.9584]
Mon 01 Dec 2025 18:50:19 INFO  epoch 15 training [time: 77.78s, train loss: 703.3230]
Mon 01 Dec 2025 18:50:21 INFO  epoch 15 evaluating [time: 1.46s, valid_score: 0.272200]
Mon 01 Dec 2025 18:50:21 INFO  valid result: 
recall@10 : 0.1538    pop_recall@10 : 0.1943    unpop_recall@10 : 0.0728    mrr@10 : 0.374    pop_mrr@10 : 0.3058    unpop_mrr@10 : 0.1088    ndcg@10 : 0.2062    pop_ndcg@10 : 0.1811    unpop_ndcg@10 : 0.066    hit@10 : 0.7341    pop_hit@10 : 0.6268    unpop_hit@10 : 0.3104    precision@10 : 0.16    pop_precision@10 : 0.1143    unpop_precision@10 : 0.0457
Mon 01 Dec 2025 18:50:21 INFO  Saving current: saved/FairLightGCN-Dec-01-2025_18-29-24.pth
Mon 01 Dec 2025 18:51:38 INFO  epoch 16 training [time: 77.47s, train loss: 691.9001]
Mon 01 Dec 2025 18:52:56 INFO  epoch 17 training [time: 77.77s, train loss: 681.9743]
Mon 01 Dec 2025 18:52:58 INFO  epoch 17 evaluating [time: 1.67s, valid_score: 0.275600]
Mon 01 Dec 2025 18:52:58 INFO  valid result: 
recall@10 : 0.1574    pop_recall@10 : 0.2    unpop_recall@10 : 0.0732    mrr@10 : 0.3796    pop_mrr@10 : 0.3124    unpop_mrr@10 : 0.1083    ndcg@10 : 0.2099    pop_ndcg@10 : 0.1862    unpop_ndcg@10 : 0.0657    hit@10 : 0.743    pop_hit@10 : 0.6363    unpop_hit@10 : 0.3132    precision@10 : 0.1622    pop_precision@10 : 0.1165    unpop_precision@10 : 0.0456
Mon 01 Dec 2025 18:52:58 INFO  Saving current: saved/FairLightGCN-Dec-01-2025_18-29-24.pth
Mon 01 Dec 2025 18:54:15 INFO  epoch 18 training [time: 77.31s, train loss: 673.1333]
Mon 01 Dec 2025 18:55:32 INFO  epoch 19 training [time: 77.20s, train loss: 665.8108]
Mon 01 Dec 2025 18:55:34 INFO  epoch 19 evaluating [time: 1.95s, valid_score: 0.276300]
Mon 01 Dec 2025 18:55:34 INFO  valid result: 
recall@10 : 0.1583    pop_recall@10 : 0.2018    unpop_recall@10 : 0.0731    mrr@10 : 0.383    pop_mrr@10 : 0.3172    unpop_mrr@10 : 0.1071    ndcg@10 : 0.2112    pop_ndcg@10 : 0.1886    unpop_ndcg@10 : 0.0651    hit@10 : 0.7452    pop_hit@10 : 0.6386    unpop_hit@10 : 0.3137    precision@10 : 0.1627    pop_precision@10 : 0.1174    unpop_precision@10 : 0.0453
Mon 01 Dec 2025 18:55:34 INFO  Saving current: saved/FairLightGCN-Dec-01-2025_18-29-24.pth
Mon 01 Dec 2025 18:56:51 INFO  epoch 20 training [time: 76.81s, train loss: 658.8016]
Mon 01 Dec 2025 18:58:08 INFO  epoch 21 training [time: 77.24s, train loss: 652.0218]
Mon 01 Dec 2025 18:58:10 INFO  epoch 21 evaluating [time: 1.40s, valid_score: 0.277900]
Mon 01 Dec 2025 18:58:10 INFO  valid result: 
recall@10 : 0.1596    pop_recall@10 : 0.2033    unpop_recall@10 : 0.0737    mrr@10 : 0.3837    pop_mrr@10 : 0.3178    unpop_mrr@10 : 0.1074    ndcg@10 : 0.2123    pop_ndcg@10 : 0.1896    unpop_ndcg@10 : 0.0656    hit@10 : 0.7482    pop_hit@10 : 0.6414    unpop_hit@10 : 0.3144    precision@10 : 0.1639    pop_precision@10 : 0.118    unpop_precision@10 : 0.0458
Mon 01 Dec 2025 18:58:10 INFO  Saving current: saved/FairLightGCN-Dec-01-2025_18-29-24.pth
Mon 01 Dec 2025 18:59:27 INFO  epoch 22 training [time: 77.00s, train loss: 646.7535]
Mon 01 Dec 2025 19:00:44 INFO  epoch 23 training [time: 77.49s, train loss: 641.5602]
Mon 01 Dec 2025 19:00:47 INFO  epoch 23 evaluating [time: 2.12s, valid_score: 0.278700]
Mon 01 Dec 2025 19:00:47 INFO  valid result: 
recall@10 : 0.1605    pop_recall@10 : 0.2033    unpop_recall@10 : 0.0751    mrr@10 : 0.3844    pop_mrr@10 : 0.318    unpop_mrr@10 : 0.1081    ndcg@10 : 0.2125    pop_ndcg@10 : 0.1893    unpop_ndcg@10 : 0.0662    hit@10 : 0.75    pop_hit@10 : 0.6382    unpop_hit@10 : 0.3197    precision@10 : 0.1638    pop_precision@10 : 0.1173    unpop_precision@10 : 0.0465
Mon 01 Dec 2025 19:00:47 INFO  Saving current: saved/FairLightGCN-Dec-01-2025_18-29-24.pth
Mon 01 Dec 2025 19:02:04 INFO  epoch 24 training [time: 77.26s, train loss: 636.5206]
Mon 01 Dec 2025 19:03:22 INFO  epoch 25 training [time: 77.82s, train loss: 632.0626]
Mon 01 Dec 2025 19:03:23 INFO  epoch 25 evaluating [time: 1.37s, valid_score: 0.280400]
Mon 01 Dec 2025 19:03:23 INFO  valid result: 
recall@10 : 0.1619    pop_recall@10 : 0.2053    unpop_recall@10 : 0.0758    mrr@10 : 0.3867    pop_mrr@10 : 0.3205    unpop_mrr@10 : 0.1086    ndcg@10 : 0.214    pop_ndcg@10 : 0.1911    unpop_ndcg@10 : 0.0664    hit@10 : 0.7528    pop_hit@10 : 0.6417    unpop_hit@10 : 0.3219    precision@10 : 0.1644    pop_precision@10 : 0.1179    unpop_precision@10 : 0.0465
Mon 01 Dec 2025 19:03:23 INFO  Saving current: saved/FairLightGCN-Dec-01-2025_18-29-24.pth
Mon 01 Dec 2025 19:04:40 INFO  epoch 26 training [time: 76.85s, train loss: 628.7802]
Mon 01 Dec 2025 19:05:58 INFO  epoch 27 training [time: 77.59s, train loss: 624.0402]
Mon 01 Dec 2025 19:05:59 INFO  epoch 27 evaluating [time: 1.45s, valid_score: 0.280400]
Mon 01 Dec 2025 19:05:59 INFO  valid result: 
recall@10 : 0.1632    pop_recall@10 : 0.2079    unpop_recall@10 : 0.0752    mrr@10 : 0.3877    pop_mrr@10 : 0.3234    unpop_mrr@10 : 0.1061    ndcg@10 : 0.2152    pop_ndcg@10 : 0.1937    unpop_ndcg@10 : 0.0652    hit@10 : 0.7548    pop_hit@10 : 0.6457    unpop_hit@10 : 0.3171    precision@10 : 0.1655    pop_precision@10 : 0.1199    unpop_precision@10 : 0.0456
Mon 01 Dec 2025 19:05:59 INFO  Saving current: saved/FairLightGCN-Dec-01-2025_18-29-24.pth
Mon 01 Dec 2025 19:07:16 INFO  epoch 28 training [time: 77.02s, train loss: 621.4248]
Mon 01 Dec 2025 19:08:34 INFO  epoch 29 training [time: 77.47s, train loss: 617.8254]
Mon 01 Dec 2025 19:08:35 INFO  epoch 29 evaluating [time: 1.60s, valid_score: 0.281500]
Mon 01 Dec 2025 19:08:35 INFO  valid result: 
recall@10 : 0.1642    pop_recall@10 : 0.2086    unpop_recall@10 : 0.0758    mrr@10 : 0.3878    pop_mrr@10 : 0.3234    unpop_mrr@10 : 0.1066    ndcg@10 : 0.2159    pop_ndcg@10 : 0.194    unpop_ndcg@10 : 0.0656    hit@10 : 0.7555    pop_hit@10 : 0.6457    unpop_hit@10 : 0.3202    precision@10 : 0.1662    pop_precision@10 : 0.1201    unpop_precision@10 : 0.0461
Mon 01 Dec 2025 19:08:36 INFO  Saving current: saved/FairLightGCN-Dec-01-2025_18-29-24.pth
Mon 01 Dec 2025 19:09:53 INFO  epoch 30 training [time: 77.06s, train loss: 614.2591]
Mon 01 Dec 2025 19:11:10 INFO  epoch 31 training [time: 77.38s, train loss: 611.4656]
Mon 01 Dec 2025 19:11:12 INFO  epoch 31 evaluating [time: 1.60s, valid_score: 0.281500]
Mon 01 Dec 2025 19:11:12 INFO  valid result: 
recall@10 : 0.1648    pop_recall@10 : 0.2094    unpop_recall@10 : 0.076    mrr@10 : 0.3884    pop_mrr@10 : 0.3244    unpop_mrr@10 : 0.1063    ndcg@10 : 0.2161    pop_ndcg@10 : 0.1944    unpop_ndcg@10 : 0.0654    hit@10 : 0.7586    pop_hit@10 : 0.6498    unpop_hit@10 : 0.3197    precision@10 : 0.1663    pop_precision@10 : 0.1202    unpop_precision@10 : 0.0461
Mon 01 Dec 2025 19:12:29 INFO  epoch 32 training [time: 77.03s, train loss: 609.6169]
Mon 01 Dec 2025 19:13:46 INFO  epoch 33 training [time: 77.39s, train loss: 606.0853]
Mon 01 Dec 2025 19:13:48 INFO  epoch 33 evaluating [time: 1.50s, valid_score: 0.282400]
Mon 01 Dec 2025 19:13:48 INFO  valid result: 
recall@10 : 0.1649    pop_recall@10 : 0.2088    unpop_recall@10 : 0.0772    mrr@10 : 0.3884    pop_mrr@10 : 0.3238    unpop_mrr@10 : 0.1076    ndcg@10 : 0.2163    pop_ndcg@10 : 0.194    unpop_ndcg@10 : 0.0661    hit@10 : 0.7594    pop_hit@10 : 0.6513    unpop_hit@10 : 0.3205    precision@10 : 0.1662    pop_precision@10 : 0.1199    unpop_precision@10 : 0.0463
Mon 01 Dec 2025 19:13:48 INFO  Saving current: saved/FairLightGCN-Dec-01-2025_18-29-24.pth
