Fri 12 Dec 2025 00:32:32 INFO  ['run_recbole.py', '--model', 'FairLightGCN', '--pop_rate', '0.1', '--dataset', 'ml-1m']
Fri 12 Dec 2025 00:32:32 INFO  
General Hyper Parameters:
gpu_id = 0
use_gpu = True
seed = 2020
state = INFO
reproducibility = True
data_path = dataset/ml-1m
checkpoint_dir = saved
show_progress = True
save_dataset = False
dataset_save_path = None
save_dataloaders = False
dataloaders_save_path = None
log_wandb = False

Training Hyper Parameters:
epochs = 100
train_batch_size = 1024
learner = adam
learning_rate = 0.001
train_neg_sample_args = {'distribution': 'uniform', 'sample_num': 1, 'alpha': 1.0, 'dynamic': False, 'candidate_num': 0}
eval_step = 2
stopping_step = 10
clip_grad_norm = None
weight_decay = 0.0
loss_decimal_place = 4

Evaluation Hyper Parameters:
eval_args = {'split': {'RS': [0.8, 0.1, 0.1]}, 'order': 'RO', 'group_by': 'user', 'mode': {'valid': 'full', 'test': 'full'}}
repeatable = False
metrics = ['Recall', 'MRR', 'NDCG', 'Hit', 'Precision']
topk = [10]
valid_metric = ['NDCG@10', 'UNPOP_NDCG@10']
valid_metric_bigger = True
eval_batch_size = 102400
metric_decimal_place = 4

Dataset Hyper Parameters:
train_batch_size = 1024
eval_batch_size = 102400
field_separator = 	
seq_separator =  
USER_ID_FIELD = user_id
ITEM_ID_FIELD = item_id
RATING_FIELD = rating
TIME_FIELD = timestamp
seq_len = None
LABEL_FIELD = label
threshold = None
NEG_PREFIX = neg_
numerical_features = ['popularity']
load_col = {'inter': ['user_id', 'item_id', 'rating', 'timestamp'], 'user': ['user_id', 'age', 'gender', 'occupation'], 'item': ['item_id', 'release_year', 'genre', 'popularity']}
unload_col = None
unused_col = None
additional_feat_suffix = None
rm_dup_inter = None
val_interval = None
filter_inter_by_user_or_item = True
user_inter_num_interval = None
item_inter_num_interval = None
alias_of_user_id = None
alias_of_item_id = None
alias_of_entity_id = None
alias_of_relation_id = None
preload_weight = None
normalize_field = ['timestamp', 'rating']
normalize_all = False
discretization = {'popularity': {'method': 'LD', 'bucket': 10}}
ITEM_LIST_LENGTH_FIELD = item_length
LIST_SUFFIX = _list
MAX_ITEM_LIST_LENGTH = 50
POSITION_FIELD = position_id
HEAD_ENTITY_ID_FIELD = head_id
TAIL_ENTITY_ID_FIELD = tail_id
RELATION_ID_FIELD = relation_id
ENTITY_ID_FIELD = entity_id
kg_reverse_r = False
entity_kg_num_interval = None
relation_kg_num_interval = None
benchmark_filename = None
save_single_user = True
save_base_path = output
attr = {'user': {'need_inter_num': True, 'need_inter_hour': True, 'need_rating': True, 'need_item_genre': True, 'need_item_year': True, 'need_zipcode_to_region': True}, 'item': {'need_inter_num': True, 'need_inter_hour': True, 'need_rating': True, 'need_age': True, 'need_gender': True, 'need_occupation': True, 'need_region': True}, 'interaction': {'timestamp_unit': 's'}}
to_bin = {'user': {'mean_rating': {'n_bins': 5}, 'interaction_nums': {'n_bins': 5}}, 'item': {'mean_rating': {'n_bins': 5}, 'interaction_nums': {'n_bins': 5}}}

Other Hyper Parameters: 
worker = 0
wandb_project = recbole
shuffle = True
require_pow = False
enable_amp = False
enable_scaler = False
transform = None
export_topk_recs = True
export_topk_dir = None
export_topk_filename = None
export_topk_item_separator = None
export_topk_separate_columns = None
embedding_size = 64
n_layers = 2
reg_weight = 1e-05
MODEL_TYPE = ModelType.GENERAL
MODEL_INPUT_TYPE = InputType.PAIRWISE
eval_type = EvaluatorType.RANKING
single_spec = True
local_rank = 0
device = cuda
valid_neg_sample_args = {'distribution': 'uniform', 'sample_num': 'none'}
test_neg_sample_args = {'distribution': 'uniform', 'sample_num': 'none'}
nproc = 1
ip = localhost
port = 5678
world_size = -1
group_offset = 0
cl_rate = 0.2
enable_user_loss = True
item_rq_loss_rate = 0
beta = 0.2
log_type = fair
pop_rate = 0.1
gama = 0.2
mode = train
pop_loss_rate = 0.2


Fri 12 Dec 2025 00:32:37 INFO  ml-1m
The number of users: 6041
Average actions of users: 165.5975165562914
The number of items: 3884
Average actions of items: 269.88909875876953
The number of inters: 1000209
The sparsity of the dataset: 95.73712398848173%
Remain Fields: ['user_id', 'item_id', 'rating', 'timestamp', 'age', 'gender', 'occupation', 'release_year', 'genre', 'popularity']
Fri 12 Dec 2025 00:32:43 INFO  [Training]: train_batch_size = [1024] train_neg_sample_args: [{'distribution': 'uniform', 'sample_num': 1, 'alpha': 1.0, 'dynamic': False, 'candidate_num': 0}]
Fri 12 Dec 2025 00:32:43 INFO  [Evaluation]: eval_batch_size = [102400] eval_args: [{'split': {'RS': [0.8, 0.1, 0.1]}, 'order': 'RO', 'group_by': 'user', 'mode': {'valid': 'full', 'test': 'full'}}]
Fri 12 Dec 2025 00:32:44 INFO  FairLightGCN(
  (user_embedding): Embedding(6041, 64)
  (item_embedding): Embedding(3884, 64)
  (mf_loss): BPRLoss()
  (reg_loss): EmbLoss()
  (item_extra_embedding): ModuleDict(
    (release_year): Embedding(82, 64)
    (genre): Embedding(19, 64)
    (popularity): Embedding(67, 64)
  )
  (user_extra_embedding): ModuleDict(
    (age): Embedding(8, 64)
    (gender): Embedding(3, 64)
    (occupation): Embedding(22, 64)
  )
  (fusion_side_info): MLPLayers(
    (mlp_layers): Sequential(
      (0): Dropout(p=0.2, inplace=False)
      (1): Linear(in_features=128, out_features=64, bias=True)
    )
  )
  (fusion_side_info_target): MLPLayers(
    (mlp_layers): Sequential(
      (0): Dropout(p=0.2, inplace=False)
      (1): Linear(in_features=128, out_features=64, bias=True)
    )
  )
)
Trainable parameters: 656320
Fri 12 Dec 2025 00:32:44 INFO  FLOPs: 0.0
Fri 12 Dec 2025 00:34:05 INFO  epoch 0 training [time: 79.61s, train loss: 247.2352]
Fri 12 Dec 2025 00:34:50 INFO  epoch 1 training [time: 44.22s, train loss: 206.9476]
Fri 12 Dec 2025 00:34:52 INFO  epoch 1 evaluating [time: 2.77s, valid_score: 0.183800]
Fri 12 Dec 2025 00:34:52 INFO  valid result: 
recall@10 : 0.1194    pop_recall@10 : 0.1993    unpop_recall@10 : 0.0093    mrr@10 : 0.3361    pop_mrr@10 : 0.3278    unpop_mrr@10 : 0.0136    ndcg@10 : 0.1756    pop_ndcg@10 : 0.1974    unpop_ndcg@10 : 0.0082    hit@10 : 0.6575    pop_hit@10 : 0.6366    unpop_hit@10 : 0.0528    precision@10 : 0.1392    pop_precision@10 : 0.1323    unpop_precision@10 : 0.007
Fri 12 Dec 2025 00:34:52 INFO  Saving current: saved/FairLightGCN-Dec-12-2025_00-32-44.pth
Fri 12 Dec 2025 00:36:08 INFO  epoch 2 training [time: 75.91s, train loss: 193.8159]
Fri 12 Dec 2025 00:37:18 INFO  epoch 3 training [time: 70.26s, train loss: 187.2537]
Fri 12 Dec 2025 00:37:23 INFO  epoch 3 evaluating [time: 4.08s, valid_score: 0.196700]
Fri 12 Dec 2025 00:37:23 INFO  valid result: 
recall@10 : 0.1243    pop_recall@10 : 0.2014    unpop_recall@10 : 0.0158    mrr@10 : 0.3454    pop_mrr@10 : 0.3324    unpop_mrr@10 : 0.0228    ndcg@10 : 0.1831    pop_ndcg@10 : 0.2008    unpop_ndcg@10 : 0.0136    hit@10 : 0.6694    pop_hit@10 : 0.6412    unpop_hit@10 : 0.0829    precision@10 : 0.1455    pop_precision@10 : 0.1346    unpop_precision@10 : 0.0109
Fri 12 Dec 2025 00:37:23 INFO  Saving current: saved/FairLightGCN-Dec-12-2025_00-32-44.pth
Fri 12 Dec 2025 00:38:39 INFO  epoch 4 training [time: 76.61s, train loss: 182.8734]
Fri 12 Dec 2025 00:39:57 INFO  epoch 5 training [time: 78.06s, train loss: 180.3735]
Fri 12 Dec 2025 00:40:00 INFO  epoch 5 evaluating [time: 2.65s, valid_score: 0.200100]
Fri 12 Dec 2025 00:40:00 INFO  valid result: 
recall@10 : 0.1261    pop_recall@10 : 0.2021    unpop_recall@10 : 0.0177    mrr@10 : 0.3482    pop_mrr@10 : 0.333    unpop_mrr@10 : 0.0259    ndcg@10 : 0.1846    pop_ndcg@10 : 0.2009    unpop_ndcg@10 : 0.0155    hit@10 : 0.6768    pop_hit@10 : 0.6427    unpop_hit@10 : 0.0964    precision@10 : 0.1466    pop_precision@10 : 0.134    unpop_precision@10 : 0.0126
Fri 12 Dec 2025 00:40:00 INFO  Saving current: saved/FairLightGCN-Dec-12-2025_00-32-44.pth
Fri 12 Dec 2025 00:41:17 INFO  epoch 6 training [time: 76.64s, train loss: 178.0727]
Fri 12 Dec 2025 00:41:40 INFO  epoch 7 training [time: 23.60s, train loss: 176.2782]
Fri 12 Dec 2025 00:41:41 INFO  epoch 7 evaluating [time: 0.75s, valid_score: 0.200500]
Fri 12 Dec 2025 00:41:41 INFO  valid result: 
recall@10 : 0.1243    pop_recall@10 : 0.1988    unpop_recall@10 : 0.0187    mrr@10 : 0.3431    pop_mrr@10 : 0.3259    unpop_mrr@10 : 0.0309    ndcg@10 : 0.1827    pop_ndcg@10 : 0.1966    unpop_ndcg@10 : 0.0178    hit@10 : 0.6732    pop_hit@10 : 0.6381    unpop_hit@10 : 0.1089    precision@10 : 0.1456    pop_precision@10 : 0.131    unpop_precision@10 : 0.0146
Fri 12 Dec 2025 00:41:41 INFO  Saving current: saved/FairLightGCN-Dec-12-2025_00-32-44.pth
Fri 12 Dec 2025 00:42:01 INFO  epoch 8 training [time: 19.62s, train loss: 174.1738]
Fri 12 Dec 2025 00:42:23 INFO  epoch 9 training [time: 21.97s, train loss: 172.5610]
Fri 12 Dec 2025 00:42:23 INFO  epoch 9 evaluating [time: 0.75s, valid_score: 0.204200]
Fri 12 Dec 2025 00:42:23 INFO  valid result: 
recall@10 : 0.1263    pop_recall@10 : 0.198    unpop_recall@10 : 0.022    mrr@10 : 0.3454    pop_mrr@10 : 0.3267    unpop_mrr@10 : 0.0339    ndcg@10 : 0.1842    pop_ndcg@10 : 0.1961    unpop_ndcg@10 : 0.02    hit@10 : 0.6767    pop_hit@10 : 0.6361    unpop_hit@10 : 0.1227    precision@10 : 0.1469    pop_precision@10 : 0.1305    unpop_precision@10 : 0.0163
Fri 12 Dec 2025 00:42:24 INFO  Saving current: saved/FairLightGCN-Dec-12-2025_00-32-44.pth
Fri 12 Dec 2025 00:42:45 INFO  epoch 10 training [time: 21.75s, train loss: 170.2965]
Fri 12 Dec 2025 00:43:05 INFO  epoch 11 training [time: 19.97s, train loss: 169.0656]
Fri 12 Dec 2025 00:43:06 INFO  epoch 11 evaluating [time: 0.78s, valid_score: 0.208200]
Fri 12 Dec 2025 00:43:06 INFO  valid result: 
recall@10 : 0.127    pop_recall@10 : 0.1949    unpop_recall@10 : 0.0257    mrr@10 : 0.3466    pop_mrr@10 : 0.323    unpop_mrr@10 : 0.0403    ndcg@10 : 0.1847    pop_ndcg@10 : 0.1931    unpop_ndcg@10 : 0.0235    hit@10 : 0.6785    pop_hit@10 : 0.631    unpop_hit@10 : 0.1384    precision@10 : 0.147    pop_precision@10 : 0.1283    unpop_precision@10 : 0.0188
Fri 12 Dec 2025 00:43:06 INFO  Saving current: saved/FairLightGCN-Dec-12-2025_00-32-44.pth
Fri 12 Dec 2025 00:43:34 INFO  epoch 12 training [time: 27.79s, train loss: 168.9394]
Fri 12 Dec 2025 00:44:10 INFO  epoch 13 training [time: 35.83s, train loss: 167.9859]
Fri 12 Dec 2025 00:44:12 INFO  epoch 13 evaluating [time: 1.97s, valid_score: 0.209300]
Fri 12 Dec 2025 00:44:12 INFO  valid result: 
recall@10 : 0.1267    pop_recall@10 : 0.1942    unpop_recall@10 : 0.027    mrr@10 : 0.3459    pop_mrr@10 : 0.3217    unpop_mrr@10 : 0.0418    ndcg@10 : 0.1846    pop_ndcg@10 : 0.1921    unpop_ndcg@10 : 0.0247    hit@10 : 0.677    pop_hit@10 : 0.6283    unpop_hit@10 : 0.1409    precision@10 : 0.1471    pop_precision@10 : 0.1276    unpop_precision@10 : 0.0195
Fri 12 Dec 2025 00:44:12 INFO  Saving current: saved/FairLightGCN-Dec-12-2025_00-32-44.pth
Fri 12 Dec 2025 00:44:59 INFO  epoch 14 training [time: 47.46s, train loss: 168.0042]
Fri 12 Dec 2025 00:45:58 INFO  epoch 15 training [time: 58.83s, train loss: 166.1742]
Fri 12 Dec 2025 00:46:02 INFO  epoch 15 evaluating [time: 4.06s, valid_score: 0.208100]
Fri 12 Dec 2025 00:46:02 INFO  valid result: 
recall@10 : 0.1252    pop_recall@10 : 0.19    unpop_recall@10 : 0.0281    mrr@10 : 0.3413    pop_mrr@10 : 0.3176    unpop_mrr@10 : 0.0421    ndcg@10 : 0.183    pop_ndcg@10 : 0.1892    unpop_ndcg@10 : 0.0251    hit@10 : 0.6727    pop_hit@10 : 0.622    unpop_hit@10 : 0.1483    precision@10 : 0.1466    pop_precision@10 : 0.1264    unpop_precision@10 : 0.0203
Fri 12 Dec 2025 00:47:00 INFO  epoch 16 training [time: 57.98s, train loss: 165.4099]
Fri 12 Dec 2025 00:48:00 INFO  epoch 17 training [time: 59.65s, train loss: 164.7147]
Fri 12 Dec 2025 00:48:02 INFO  epoch 17 evaluating [time: 1.96s, valid_score: 0.211200]
Fri 12 Dec 2025 00:48:02 INFO  valid result: 
recall@10 : 0.1279    pop_recall@10 : 0.1935    unpop_recall@10 : 0.028    mrr@10 : 0.3475    pop_mrr@10 : 0.3223    unpop_mrr@10 : 0.0429    ndcg@10 : 0.1857    pop_ndcg@10 : 0.192    unpop_ndcg@10 : 0.0255    hit@10 : 0.6763    pop_hit@10 : 0.6258    unpop_hit@10 : 0.1469    precision@10 : 0.1475    pop_precision@10 : 0.1272    unpop_precision@10 : 0.0202
Fri 12 Dec 2025 00:48:02 INFO  Saving current: saved/FairLightGCN-Dec-12-2025_00-32-44.pth
Fri 12 Dec 2025 00:49:09 INFO  epoch 18 training [time: 67.30s, train loss: 163.9570]
Fri 12 Dec 2025 00:50:15 INFO  epoch 19 training [time: 66.28s, train loss: 164.0582]
Fri 12 Dec 2025 00:50:21 INFO  epoch 19 evaluating [time: 5.45s, valid_score: 0.214000]
Fri 12 Dec 2025 00:50:21 INFO  valid result: 
recall@10 : 0.1308    pop_recall@10 : 0.1995    unpop_recall@10 : 0.0278    mrr@10 : 0.3528    pop_mrr@10 : 0.3295    unpop_mrr@10 : 0.0405    ndcg@10 : 0.1896    pop_ndcg@10 : 0.1979    unpop_ndcg@10 : 0.0244    hit@10 : 0.6858    pop_hit@10 : 0.6382    unpop_hit@10 : 0.1404    precision@10 : 0.1507    pop_precision@10 : 0.1316    unpop_precision@10 : 0.0192
Fri 12 Dec 2025 00:50:21 INFO  Saving current: saved/FairLightGCN-Dec-12-2025_00-32-44.pth
Fri 12 Dec 2025 00:51:31 INFO  epoch 20 training [time: 69.95s, train loss: 163.2387]
Fri 12 Dec 2025 00:52:41 INFO  epoch 21 training [time: 70.11s, train loss: 162.4020]
Fri 12 Dec 2025 00:52:46 INFO  epoch 21 evaluating [time: 5.54s, valid_score: 0.214000]
Fri 12 Dec 2025 00:52:46 INFO  valid result: 
recall@10 : 0.1323    pop_recall@10 : 0.2021    unpop_recall@10 : 0.0268    mrr@10 : 0.3505    pop_mrr@10 : 0.3276    unpop_mrr@10 : 0.0395    ndcg@10 : 0.1901    pop_ndcg@10 : 0.1987    unpop_ndcg@10 : 0.0239    hit@10 : 0.6879    pop_hit@10 : 0.6432    unpop_hit@10 : 0.1361    precision@10 : 0.1513    pop_precision@10 : 0.1328    unpop_precision@10 : 0.0185
Fri 12 Dec 2025 00:52:46 INFO  Saving current: saved/FairLightGCN-Dec-12-2025_00-32-44.pth
