Sun 30 Nov 2025 01:32:17 INFO  ['run_recbole.py', '--model', 'FairLightGCN', '--dataset', 'ml-1m', '--gpu_ids', '1']
Sun 30 Nov 2025 01:32:17 INFO  
General Hyper Parameters:
gpu_id = 0
use_gpu = True
seed = 2020
state = INFO
reproducibility = True
data_path = dataset/ml-1m
checkpoint_dir = saved
show_progress = True
save_dataset = False
dataset_save_path = None
save_dataloaders = False
dataloaders_save_path = None
log_wandb = False

Training Hyper Parameters:
epochs = 100
train_batch_size = 1024
learner = adam
learning_rate = 0.001
train_neg_sample_args = {'distribution': 'uniform', 'sample_num': 1, 'alpha': 1.0, 'dynamic': False, 'candidate_num': 0}
eval_step = 2
stopping_step = 10
clip_grad_norm = None
weight_decay = 0.0
loss_decimal_place = 4

Evaluation Hyper Parameters:
eval_args = {'split': {'RS': [0.8, 0.1, 0.1]}, 'order': 'RO', 'group_by': 'user', 'mode': {'valid': 'full', 'test': 'full'}}
repeatable = False
metrics = ['Recall', 'MRR', 'NDCG', 'Hit', 'Precision']
topk = [10]
valid_metric = MRR@10
valid_metric_bigger = True
eval_batch_size = 102400
metric_decimal_place = 4

Dataset Hyper Parameters:
train_batch_size = 1024
eval_batch_size = 102400
field_separator = 	
seq_separator =  
USER_ID_FIELD = user_id
ITEM_ID_FIELD = item_id
RATING_FIELD = rating
TIME_FIELD = timestamp
seq_len = None
LABEL_FIELD = label
threshold = None
NEG_PREFIX = neg_
load_col = {'inter': ['user_id', 'item_id', 'rating', 'timestamp'], 'user': ['user_id', 'age', 'gender', 'occupation'], 'item': ['item_id', 'release_year', 'genre']}
unload_col = None
unused_col = None
additional_feat_suffix = None
rm_dup_inter = None
val_interval = None
filter_inter_by_user_or_item = True
user_inter_num_interval = None
item_inter_num_interval = None
alias_of_user_id = None
alias_of_item_id = None
alias_of_entity_id = None
alias_of_relation_id = None
preload_weight = None
normalize_field = None
normalize_all = True
ITEM_LIST_LENGTH_FIELD = item_length
LIST_SUFFIX = _list
MAX_ITEM_LIST_LENGTH = 50
POSITION_FIELD = position_id
HEAD_ENTITY_ID_FIELD = head_id
TAIL_ENTITY_ID_FIELD = tail_id
RELATION_ID_FIELD = relation_id
ENTITY_ID_FIELD = entity_id
kg_reverse_r = False
entity_kg_num_interval = None
relation_kg_num_interval = None
benchmark_filename = None
save_single_user = True
save_base_path = output
attr = {'user': {'need_inter_num': True, 'need_inter_hour': True, 'need_rating': True, 'need_item_genre': True, 'need_item_year': True, 'need_zipcode_to_region': True}, 'item': {'need_inter_num': True, 'need_inter_hour': True, 'need_rating': True, 'need_age': True, 'need_gender': True, 'need_occupation': True, 'need_region': True}, 'interaction': {'timestamp_unit': 's'}}
to_bin = {'user': {'mean_rating': {'n_bins': 5}, 'interaction_nums': {'n_bins': 5}}, 'item': {'mean_rating': {'n_bins': 5}, 'interaction_nums': {'n_bins': 5}}}

Other Hyper Parameters: 
worker = 0
wandb_project = recbole
shuffle = True
require_pow = False
enable_amp = False
enable_scaler = False
transform = None
export_topk_recs = True
export_topk_dir = None
export_topk_filename = None
export_topk_item_separator = None
export_topk_separate_columns = None
embedding_size = 64
n_layers = 2
reg_weight = 1e-05
numerical_features = []
discretization = None
MODEL_TYPE = ModelType.GENERAL
MODEL_INPUT_TYPE = InputType.PAIRWISE
eval_type = EvaluatorType.RANKING
single_spec = True
local_rank = 0
device = cuda
valid_neg_sample_args = {'distribution': 'uniform', 'sample_num': 'none'}
test_neg_sample_args = {'distribution': 'uniform', 'sample_num': 'none'}


Sun 30 Nov 2025 01:32:22 INFO  ml-1m
The number of users: 6041
Average actions of users: 165.5975165562914
The number of items: 3884
Average actions of items: 269.88909875876953
The number of inters: 1000209
The sparsity of the dataset: 95.73712398848173%
Remain Fields: ['user_id', 'item_id', 'rating', 'timestamp', 'age', 'gender', 'occupation', 'release_year', 'genre']
Sun 30 Nov 2025 01:32:27 INFO  [Training]: train_batch_size = [1024] train_neg_sample_args: [{'distribution': 'uniform', 'sample_num': 1, 'alpha': 1.0, 'dynamic': False, 'candidate_num': 0}]
Sun 30 Nov 2025 01:32:27 INFO  [Evaluation]: eval_batch_size = [102400] eval_args: [{'split': {'RS': [0.8, 0.1, 0.1]}, 'order': 'RO', 'group_by': 'user', 'mode': {'valid': 'full', 'test': 'full'}}]
Sun 30 Nov 2025 01:32:28 INFO  FairLightGCN(
  (user_embedding): Embedding(6041, 64)
  (item_embedding): Embedding(3884, 64)
  (mf_loss): BPRLoss()
  (reg_loss): EmbLoss()
  (rq_model_item): RQVAE(
    (encoder): MLPLayers(
      (mlp_layers): Sequential(
        (0): Dropout(p=0, inplace=False)
        (1): Linear(in_features=192, out_features=64, bias=True)
        (2): Sigmoid()
        (3): Dropout(p=0, inplace=False)
        (4): Linear(in_features=64, out_features=32, bias=True)
        (5): Sigmoid()
        (6): Dropout(p=0, inplace=False)
        (7): Linear(in_features=32, out_features=16, bias=True)
      )
    )
    (rq): ResidualVectorQuantizer(
      (vq_layers): ModuleList(
        (0-2): 3 x VectorQuantizer(
          (embedding): Embedding(8, 16)
        )
      )
    )
    (decoder): MLPLayers(
      (mlp_layers): Sequential(
        (0): Dropout(p=0, inplace=False)
        (1): Linear(in_features=16, out_features=32, bias=True)
        (2): Sigmoid()
        (3): Dropout(p=0, inplace=False)
        (4): Linear(in_features=32, out_features=64, bias=True)
        (5): Sigmoid()
        (6): Dropout(p=0, inplace=False)
        (7): Linear(in_features=64, out_features=192, bias=True)
      )
    )
    (W_gate): Linear(in_features=192, out_features=192, bias=True)
  )
  (rq_model_user): RQVAE(
    (encoder): MLPLayers(
      (mlp_layers): Sequential(
        (0): Dropout(p=0, inplace=False)
        (1): Linear(in_features=256, out_features=64, bias=True)
        (2): Sigmoid()
        (3): Dropout(p=0, inplace=False)
        (4): Linear(in_features=64, out_features=32, bias=True)
        (5): Sigmoid()
        (6): Dropout(p=0, inplace=False)
        (7): Linear(in_features=32, out_features=16, bias=True)
      )
    )
    (rq): ResidualVectorQuantizer(
      (vq_layers): ModuleList(
        (0-2): 3 x VectorQuantizer(
          (embedding): Embedding(8, 16)
        )
      )
    )
    (decoder): MLPLayers(
      (mlp_layers): Sequential(
        (0): Dropout(p=0, inplace=False)
        (1): Linear(in_features=16, out_features=32, bias=True)
        (2): Sigmoid()
        (3): Dropout(p=0, inplace=False)
        (4): Linear(in_features=32, out_features=64, bias=True)
        (5): Sigmoid()
        (6): Dropout(p=0, inplace=False)
        (7): Linear(in_features=64, out_features=256, bias=True)
      )
    )
    (W_gate): Linear(in_features=256, out_features=256, bias=True)
  )
)
Trainable parameters: 807264
Sun 30 Nov 2025 01:32:28 INFO  FLOPs: 0.0
Sun 30 Nov 2025 01:33:26 INFO  epoch 0 training [time: 56.65s, train loss: 1123.1136]
Sun 30 Nov 2025 01:34:25 INFO  epoch 1 training [time: 58.29s, train loss: 1063.3396]
Sun 30 Nov 2025 01:34:25 INFO  epoch 1 evaluating [time: 0.77s, valid_score: 0.242000]
Sun 30 Nov 2025 01:34:25 INFO  valid result: 
recall@10 : 0.0941    pop_recall@10 : 0.0976    unpop_recall@10 : 0.0055    mrr@10 : 0.242    pop_mrr@10 : 0.2399    unpop_mrr@10 : 0.0036    ndcg@10 : 0.1171    pop_ndcg@10 : 0.1172    unpop_ndcg@10 : 0.0032    hit@10 : 0.5551    pop_hit@10 : 0.5517    unpop_hit@10 : 0.0114    precision@10 : 0.0874    pop_precision@10 : 0.0862    unpop_precision@10 : 0.0012
Sun 30 Nov 2025 01:34:25 INFO  Saving current: saved/FairLightGCN-Nov-30-2025_01-32-28.pth
Sun 30 Nov 2025 01:35:22 INFO  epoch 2 training [time: 56.97s, train loss: 1073.4907]
Sun 30 Nov 2025 01:36:21 INFO  epoch 3 training [time: 58.49s, train loss: 1087.4946]
Sun 30 Nov 2025 01:36:23 INFO  epoch 3 evaluating [time: 2.00s, valid_score: 0.225400]
Sun 30 Nov 2025 01:36:23 INFO  valid result: 
recall@10 : 0.0863    pop_recall@10 : 0.0892    unpop_recall@10 : 0.0069    mrr@10 : 0.2254    pop_mrr@10 : 0.2226    unpop_mrr@10 : 0.0047    ndcg@10 : 0.1087    pop_ndcg@10 : 0.1082    unpop_ndcg@10 : 0.004    hit@10 : 0.528    pop_hit@10 : 0.5232    unpop_hit@10 : 0.0147    precision@10 : 0.0826    pop_precision@10 : 0.0809    unpop_precision@10 : 0.0016
Sun 30 Nov 2025 01:37:51 INFO  epoch 4 training [time: 88.32s, train loss: 1111.9863]
Sun 30 Nov 2025 01:39:20 INFO  epoch 5 training [time: 88.69s, train loss: 1129.3411]
Sun 30 Nov 2025 01:39:22 INFO  epoch 5 evaluating [time: 2.16s, valid_score: 0.229000]
Sun 30 Nov 2025 01:39:22 INFO  valid result: 
recall@10 : 0.0863    pop_recall@10 : 0.0889    unpop_recall@10 : 0.0093    mrr@10 : 0.229    pop_mrr@10 : 0.225    unpop_mrr@10 : 0.0069    ndcg@10 : 0.111    pop_ndcg@10 : 0.1096    unpop_ndcg@10 : 0.0056    hit@10 : 0.5349    pop_hit@10 : 0.5291    unpop_hit@10 : 0.021    precision@10 : 0.0852    pop_precision@10 : 0.0828    unpop_precision@10 : 0.0024
Sun 30 Nov 2025 01:40:50 INFO  epoch 6 training [time: 87.96s, train loss: 1151.4846]
Sun 30 Nov 2025 01:42:17 INFO  epoch 7 training [time: 87.36s, train loss: 1158.5004]
Sun 30 Nov 2025 01:42:19 INFO  epoch 7 evaluating [time: 2.12s, valid_score: 0.207100]
Sun 30 Nov 2025 01:42:19 INFO  valid result: 
recall@10 : 0.0796    pop_recall@10 : 0.0819    unpop_recall@10 : 0.012    mrr@10 : 0.2071    pop_mrr@10 : 0.201    unpop_mrr@10 : 0.0097    ndcg@10 : 0.1001    pop_ndcg@10 : 0.0978    unpop_ndcg@10 : 0.0075    hit@10 : 0.4916    pop_hit@10 : 0.4831    unpop_hit@10 : 0.0273    precision@10 : 0.0759    pop_precision@10 : 0.0728    unpop_precision@10 : 0.0031
Sun 30 Nov 2025 01:43:48 INFO  epoch 8 training [time: 88.36s, train loss: 1150.7668]
Sun 30 Nov 2025 01:45:15 INFO  epoch 9 training [time: 87.46s, train loss: 1143.5282]
Sun 30 Nov 2025 01:45:17 INFO  epoch 9 evaluating [time: 2.13s, valid_score: 0.156800]
Sun 30 Nov 2025 01:45:17 INFO  valid result: 
recall@10 : 0.0598    pop_recall@10 : 0.0616    unpop_recall@10 : 0.0107    mrr@10 : 0.1568    pop_mrr@10 : 0.1521    unpop_mrr@10 : 0.0079    ndcg@10 : 0.0748    pop_ndcg@10 : 0.0729    unpop_ndcg@10 : 0.0063    hit@10 : 0.3876    pop_hit@10 : 0.3796    unpop_hit@10 : 0.0233    precision@10 : 0.0566    pop_precision@10 : 0.054    unpop_precision@10 : 0.0026
Sun 30 Nov 2025 01:46:46 INFO  epoch 10 training [time: 88.51s, train loss: 1136.0272]
Sun 30 Nov 2025 01:48:14 INFO  epoch 11 training [time: 87.87s, train loss: 1128.5593]
Sun 30 Nov 2025 01:48:16 INFO  epoch 11 evaluating [time: 2.05s, valid_score: 0.160300]
Sun 30 Nov 2025 01:48:16 INFO  valid result: 
recall@10 : 0.0562    pop_recall@10 : 0.0586    unpop_recall@10 : 0.0067    mrr@10 : 0.1603    pop_mrr@10 : 0.1575    unpop_mrr@10 : 0.0051    ndcg@10 : 0.075    pop_ndcg@10 : 0.0744    unpop_ndcg@10 : 0.0041    hit@10 : 0.3801    pop_hit@10 : 0.3768    unpop_hit@10 : 0.0147    precision@10 : 0.0574    pop_precision@10 : 0.0558    unpop_precision@10 : 0.0016
Sun 30 Nov 2025 01:49:44 INFO  epoch 12 training [time: 88.49s, train loss: 1112.6051]
Sun 30 Nov 2025 01:51:12 INFO  epoch 13 training [time: 87.55s, train loss: 1093.6090]
Sun 30 Nov 2025 01:51:14 INFO  epoch 13 evaluating [time: 1.67s, valid_score: 0.206000]
Sun 30 Nov 2025 01:51:14 INFO  valid result: 
recall@10 : 0.072    pop_recall@10 : 0.0757    unpop_recall@10 : 0.0035    mrr@10 : 0.206    pop_mrr@10 : 0.2053    unpop_mrr@10 : 0.0019    ndcg@10 : 0.1003    pop_ndcg@10 : 0.101    unpop_ndcg@10 : 0.0019    hit@10 : 0.4705    pop_hit@10 : 0.469    unpop_hit@10 : 0.0075    precision@10 : 0.078    pop_precision@10 : 0.0772    unpop_precision@10 : 0.0008
Sun 30 Nov 2025 01:52:42 INFO  epoch 14 training [time: 88.66s, train loss: 1065.7890]
Sun 30 Nov 2025 01:54:10 INFO  epoch 15 training [time: 87.79s, train loss: 1036.4158]
Sun 30 Nov 2025 01:54:12 INFO  epoch 15 evaluating [time: 1.57s, valid_score: 0.310900]
Sun 30 Nov 2025 01:54:12 INFO  valid result: 
recall@10 : 0.1174    pop_recall@10 : 0.1234    unpop_recall@10 : 0.0012    mrr@10 : 0.3109    pop_mrr@10 : 0.3107    unpop_mrr@10 : 0.0005    ndcg@10 : 0.1623    pop_ndcg@10 : 0.1642    unpop_ndcg@10 : 0.0006    hit@10 : 0.6469    pop_hit@10 : 0.6465    unpop_hit@10 : 0.002    precision@10 : 0.1262    pop_precision@10 : 0.126    unpop_precision@10 : 0.0002
Sun 30 Nov 2025 01:54:12 INFO  Saving current: saved/FairLightGCN-Nov-30-2025_01-32-28.pth
Sun 30 Nov 2025 01:55:40 INFO  epoch 16 training [time: 87.99s, train loss: 1016.9844]
Sun 30 Nov 2025 01:57:08 INFO  epoch 17 training [time: 88.22s, train loss: 986.8400]
Sun 30 Nov 2025 01:57:09 INFO  epoch 17 evaluating [time: 1.27s, valid_score: 0.360100]
Sun 30 Nov 2025 01:57:09 INFO  valid result: 
recall@10 : 0.1419    pop_recall@10 : 0.1486    unpop_recall@10 : 0.0012    mrr@10 : 0.3601    pop_mrr@10 : 0.3599    unpop_mrr@10 : 0.0005    ndcg@10 : 0.1933    pop_ndcg@10 : 0.1955    unpop_ndcg@10 : 0.0005    hit@10 : 0.7149    pop_hit@10 : 0.7144    unpop_hit@10 : 0.0022    precision@10 : 0.1484    pop_precision@10 : 0.1482    unpop_precision@10 : 0.0002
Sun 30 Nov 2025 01:57:09 INFO  Saving current: saved/FairLightGCN-Nov-30-2025_01-32-28.pth
Sun 30 Nov 2025 01:58:37 INFO  epoch 18 training [time: 88.04s, train loss: 958.9192]
Sun 30 Nov 2025 02:00:05 INFO  epoch 19 training [time: 88.13s, train loss: 950.5508]
Sun 30 Nov 2025 02:00:06 INFO  epoch 19 evaluating [time: 0.98s, valid_score: 0.373700]
Sun 30 Nov 2025 02:00:06 INFO  valid result: 
recall@10 : 0.1516    pop_recall@10 : 0.1586    unpop_recall@10 : 0.0011    mrr@10 : 0.3737    pop_mrr@10 : 0.3735    unpop_mrr@10 : 0.0004    ndcg@10 : 0.2037    pop_ndcg@10 : 0.2059    unpop_ndcg@10 : 0.0005    hit@10 : 0.7316    pop_hit@10 : 0.7311    unpop_hit@10 : 0.002    precision@10 : 0.1562    pop_precision@10 : 0.1559    unpop_precision@10 : 0.0002
Sun 30 Nov 2025 02:00:06 INFO  Saving current: saved/FairLightGCN-Nov-30-2025_01-32-28.pth
Sun 30 Nov 2025 02:01:35 INFO  epoch 20 training [time: 88.17s, train loss: 948.4346]
Sun 30 Nov 2025 02:03:03 INFO  epoch 21 training [time: 88.15s, train loss: 952.3760]
Sun 30 Nov 2025 02:03:04 INFO  epoch 21 evaluating [time: 1.20s, valid_score: 0.378200]
Sun 30 Nov 2025 02:03:04 INFO  valid result: 
recall@10 : 0.1558    pop_recall@10 : 0.163    unpop_recall@10 : 0.001    mrr@10 : 0.3782    pop_mrr@10 : 0.378    unpop_mrr@10 : 0.0004    ndcg@10 : 0.2081    pop_ndcg@10 : 0.2104    unpop_ndcg@10 : 0.0005    hit@10 : 0.7397    pop_hit@10 : 0.7396    unpop_hit@10 : 0.0018    precision@10 : 0.16    pop_precision@10 : 0.1598    unpop_precision@10 : 0.0002
Sun 30 Nov 2025 02:03:04 INFO  Saving current: saved/FairLightGCN-Nov-30-2025_01-32-28.pth
Sun 30 Nov 2025 02:04:32 INFO  epoch 22 training [time: 88.35s, train loss: 943.4969]
Sun 30 Nov 2025 02:06:00 INFO  epoch 23 training [time: 87.95s, train loss: 929.3365]
Sun 30 Nov 2025 02:06:01 INFO  epoch 23 evaluating [time: 1.18s, valid_score: 0.383400]
Sun 30 Nov 2025 02:06:01 INFO  valid result: 
recall@10 : 0.1589    pop_recall@10 : 0.1662    unpop_recall@10 : 0.0011    mrr@10 : 0.3834    pop_mrr@10 : 0.3832    unpop_mrr@10 : 0.0005    ndcg@10 : 0.2116    pop_ndcg@10 : 0.2139    unpop_ndcg@10 : 0.0006    hit@10 : 0.7445    pop_hit@10 : 0.7442    unpop_hit@10 : 0.002    precision@10 : 0.1625    pop_precision@10 : 0.1623    unpop_precision@10 : 0.0002
Sun 30 Nov 2025 02:06:02 INFO  Saving current: saved/FairLightGCN-Nov-30-2025_01-32-28.pth
Sun 30 Nov 2025 02:07:30 INFO  epoch 24 training [time: 88.15s, train loss: 921.7821]
Sun 30 Nov 2025 02:08:58 INFO  epoch 25 training [time: 88.47s, train loss: 924.7907]
Sun 30 Nov 2025 02:08:59 INFO  epoch 25 evaluating [time: 1.12s, valid_score: 0.383800]
Sun 30 Nov 2025 02:08:59 INFO  valid result: 
recall@10 : 0.1606    pop_recall@10 : 0.168    unpop_recall@10 : 0.0012    mrr@10 : 0.3838    pop_mrr@10 : 0.3836    unpop_mrr@10 : 0.0005    ndcg@10 : 0.2129    pop_ndcg@10 : 0.2152    unpop_ndcg@10 : 0.0006    hit@10 : 0.7469    pop_hit@10 : 0.7465    unpop_hit@10 : 0.0022    precision@10 : 0.1632    pop_precision@10 : 0.163    unpop_precision@10 : 0.0002
Sun 30 Nov 2025 02:08:59 INFO  Saving current: saved/FairLightGCN-Nov-30-2025_01-32-28.pth
Sun 30 Nov 2025 02:10:27 INFO  epoch 26 training [time: 87.83s, train loss: 915.0473]
Sun 30 Nov 2025 02:11:55 INFO  epoch 27 training [time: 88.18s, train loss: 915.1081]
Sun 30 Nov 2025 02:11:57 INFO  epoch 27 evaluating [time: 1.18s, valid_score: 0.388300]
Sun 30 Nov 2025 02:11:57 INFO  valid result: 
recall@10 : 0.1626    pop_recall@10 : 0.1702    unpop_recall@10 : 0.0013    mrr@10 : 0.3883    pop_mrr@10 : 0.3881    unpop_mrr@10 : 0.0005    ndcg@10 : 0.216    pop_ndcg@10 : 0.2184    unpop_ndcg@10 : 0.0006    hit@10 : 0.7492    pop_hit@10 : 0.7488    unpop_hit@10 : 0.0023    precision@10 : 0.1655    pop_precision@10 : 0.1653    unpop_precision@10 : 0.0003
Sun 30 Nov 2025 02:11:57 INFO  Saving current: saved/FairLightGCN-Nov-30-2025_01-32-28.pth
Sun 30 Nov 2025 02:13:24 INFO  epoch 28 training [time: 87.69s, train loss: 908.7026]
Sun 30 Nov 2025 02:14:52 INFO  epoch 29 training [time: 87.93s, train loss: 897.8868]
Sun 30 Nov 2025 02:14:54 INFO  epoch 29 evaluating [time: 1.28s, valid_score: 0.390700]
Sun 30 Nov 2025 02:14:54 INFO  valid result: 
recall@10 : 0.164    pop_recall@10 : 0.1716    unpop_recall@10 : 0.0012    mrr@10 : 0.3907    pop_mrr@10 : 0.3905    unpop_mrr@10 : 0.0005    ndcg@10 : 0.2173    pop_ndcg@10 : 0.2197    unpop_ndcg@10 : 0.0006    hit@10 : 0.7518    pop_hit@10 : 0.7515    unpop_hit@10 : 0.0022    precision@10 : 0.1666    pop_precision@10 : 0.1664    unpop_precision@10 : 0.0002
Sun 30 Nov 2025 02:14:54 INFO  Saving current: saved/FairLightGCN-Nov-30-2025_01-32-28.pth
Sun 30 Nov 2025 02:16:22 INFO  epoch 30 training [time: 87.81s, train loss: 879.1391]
Sun 30 Nov 2025 02:17:49 INFO  epoch 31 training [time: 87.97s, train loss: 906.9560]
Sun 30 Nov 2025 02:17:51 INFO  epoch 31 evaluating [time: 1.20s, valid_score: 0.392100]
Sun 30 Nov 2025 02:17:51 INFO  valid result: 
recall@10 : 0.1649    pop_recall@10 : 0.1726    unpop_recall@10 : 0.0012    mrr@10 : 0.3921    pop_mrr@10 : 0.3919    unpop_mrr@10 : 0.0005    ndcg@10 : 0.2186    pop_ndcg@10 : 0.221    unpop_ndcg@10 : 0.0006    hit@10 : 0.7548    pop_hit@10 : 0.7545    unpop_hit@10 : 0.0022    precision@10 : 0.1678    pop_precision@10 : 0.1676    unpop_precision@10 : 0.0002
Sun 30 Nov 2025 02:17:51 INFO  Saving current: saved/FairLightGCN-Nov-30-2025_01-32-28.pth
Sun 30 Nov 2025 02:19:19 INFO  epoch 32 training [time: 88.09s, train loss: 901.5541]
Sun 30 Nov 2025 02:20:47 INFO  epoch 33 training [time: 88.67s, train loss: 903.3326]
Sun 30 Nov 2025 02:20:49 INFO  epoch 33 evaluating [time: 1.22s, valid_score: 0.393500]
Sun 30 Nov 2025 02:20:49 INFO  valid result: 
recall@10 : 0.1653    pop_recall@10 : 0.173    unpop_recall@10 : 0.0012    mrr@10 : 0.3935    pop_mrr@10 : 0.3932    unpop_mrr@10 : 0.0006    ndcg@10 : 0.219    pop_ndcg@10 : 0.2214    unpop_ndcg@10 : 0.0007    hit@10 : 0.7556    pop_hit@10 : 0.7553    unpop_hit@10 : 0.0023    precision@10 : 0.168    pop_precision@10 : 0.1678    unpop_precision@10 : 0.0002
Sun 30 Nov 2025 02:20:49 INFO  Saving current: saved/FairLightGCN-Nov-30-2025_01-32-28.pth
Sun 30 Nov 2025 02:22:17 INFO  epoch 34 training [time: 88.16s, train loss: 914.8349]
Sun 30 Nov 2025 02:23:45 INFO  epoch 35 training [time: 87.73s, train loss: 890.4320]
Sun 30 Nov 2025 02:23:46 INFO  epoch 35 evaluating [time: 1.21s, valid_score: 0.394300]
Sun 30 Nov 2025 02:23:46 INFO  valid result: 
recall@10 : 0.1652    pop_recall@10 : 0.1728    unpop_recall@10 : 0.0012    mrr@10 : 0.3943    pop_mrr@10 : 0.3941    unpop_mrr@10 : 0.0006    ndcg@10 : 0.2193    pop_ndcg@10 : 0.2217    unpop_ndcg@10 : 0.0007    hit@10 : 0.7556    pop_hit@10 : 0.7553    unpop_hit@10 : 0.0023    precision@10 : 0.1682    pop_precision@10 : 0.1679    unpop_precision@10 : 0.0002
Sun 30 Nov 2025 02:23:46 INFO  Saving current: saved/FairLightGCN-Nov-30-2025_01-32-28.pth
Sun 30 Nov 2025 02:25:14 INFO  epoch 36 training [time: 88.36s, train loss: 904.5205]
Sun 30 Nov 2025 02:26:42 INFO  epoch 37 training [time: 87.66s, train loss: 905.5893]
Sun 30 Nov 2025 02:26:43 INFO  epoch 37 evaluating [time: 1.23s, valid_score: 0.395900]
Sun 30 Nov 2025 02:26:43 INFO  valid result: 
recall@10 : 0.1667    pop_recall@10 : 0.1744    unpop_recall@10 : 0.0013    mrr@10 : 0.3959    pop_mrr@10 : 0.3957    unpop_mrr@10 : 0.0007    ndcg@10 : 0.2209    pop_ndcg@10 : 0.2233    unpop_ndcg@10 : 0.0007    hit@10 : 0.7578    pop_hit@10 : 0.7575    unpop_hit@10 : 0.0025    precision@10 : 0.1696    pop_precision@10 : 0.1694    unpop_precision@10 : 0.0003
Sun 30 Nov 2025 02:26:43 INFO  Saving current: saved/FairLightGCN-Nov-30-2025_01-32-28.pth
Sun 30 Nov 2025 02:28:12 INFO  epoch 38 training [time: 88.53s, train loss: 895.4925]
Sun 30 Nov 2025 02:29:40 INFO  epoch 39 training [time: 88.15s, train loss: 901.4598]
Sun 30 Nov 2025 02:29:41 INFO  epoch 39 evaluating [time: 1.21s, valid_score: 0.397000]
Sun 30 Nov 2025 02:29:41 INFO  valid result: 
recall@10 : 0.1673    pop_recall@10 : 0.175    unpop_recall@10 : 0.0013    mrr@10 : 0.397    pop_mrr@10 : 0.3967    unpop_mrr@10 : 0.0007    ndcg@10 : 0.2214    pop_ndcg@10 : 0.2238    unpop_ndcg@10 : 0.0007    hit@10 : 0.7596    pop_hit@10 : 0.7593    unpop_hit@10 : 0.0025    precision@10 : 0.1697    pop_precision@10 : 0.1694    unpop_precision@10 : 0.0003
Sun 30 Nov 2025 02:29:41 INFO  Saving current: saved/FairLightGCN-Nov-30-2025_01-32-28.pth
Sun 30 Nov 2025 02:31:10 INFO  epoch 40 training [time: 88.25s, train loss: 896.8490]
Sun 30 Nov 2025 02:32:38 INFO  epoch 41 training [time: 88.16s, train loss: 891.0536]
Sun 30 Nov 2025 02:32:39 INFO  epoch 41 evaluating [time: 1.28s, valid_score: 0.397400]
Sun 30 Nov 2025 02:32:39 INFO  valid result: 
recall@10 : 0.1674    pop_recall@10 : 0.1751    unpop_recall@10 : 0.0017    mrr@10 : 0.3974    pop_mrr@10 : 0.3971    unpop_mrr@10 : 0.0007    ndcg@10 : 0.222    pop_ndcg@10 : 0.2243    unpop_ndcg@10 : 0.0008    hit@10 : 0.7594    pop_hit@10 : 0.7589    unpop_hit@10 : 0.003    precision@10 : 0.1702    pop_precision@10 : 0.1699    unpop_precision@10 : 0.0003
Sun 30 Nov 2025 02:32:39 INFO  Saving current: saved/FairLightGCN-Nov-30-2025_01-32-28.pth
Sun 30 Nov 2025 02:34:07 INFO  epoch 42 training [time: 88.28s, train loss: 882.7119]
Sun 30 Nov 2025 02:35:36 INFO  epoch 43 training [time: 88.40s, train loss: 884.2830]
Sun 30 Nov 2025 02:35:37 INFO  epoch 43 evaluating [time: 1.20s, valid_score: 0.396900]
Sun 30 Nov 2025 02:35:37 INFO  valid result: 
recall@10 : 0.1673    pop_recall@10 : 0.1748    unpop_recall@10 : 0.0017    mrr@10 : 0.3969    pop_mrr@10 : 0.3967    unpop_mrr@10 : 0.0007    ndcg@10 : 0.2219    pop_ndcg@10 : 0.2242    unpop_ndcg@10 : 0.0008    hit@10 : 0.7581    pop_hit@10 : 0.7576    unpop_hit@10 : 0.003    precision@10 : 0.1704    pop_precision@10 : 0.1701    unpop_precision@10 : 0.0003
Sun 30 Nov 2025 02:37:05 INFO  epoch 44 training [time: 87.89s, train loss: 891.1315]
Sun 30 Nov 2025 02:38:33 INFO  epoch 45 training [time: 88.31s, train loss: 880.1374]
Sun 30 Nov 2025 02:38:34 INFO  epoch 45 evaluating [time: 1.23s, valid_score: 0.396500]
Sun 30 Nov 2025 02:38:34 INFO  valid result: 
recall@10 : 0.1679    pop_recall@10 : 0.1755    unpop_recall@10 : 0.0015    mrr@10 : 0.3965    pop_mrr@10 : 0.3962    unpop_mrr@10 : 0.0007    ndcg@10 : 0.2219    pop_ndcg@10 : 0.2242    unpop_ndcg@10 : 0.0008    hit@10 : 0.7606    pop_hit@10 : 0.7601    unpop_hit@10 : 0.0028    precision@10 : 0.1704    pop_precision@10 : 0.1701    unpop_precision@10 : 0.0003
Sun 30 Nov 2025 02:40:02 INFO  epoch 46 training [time: 87.88s, train loss: 872.0806]
Sun 30 Nov 2025 02:41:30 INFO  epoch 47 training [time: 88.09s, train loss: 870.5084]
Sun 30 Nov 2025 02:41:32 INFO  epoch 47 evaluating [time: 1.25s, valid_score: 0.396300]
Sun 30 Nov 2025 02:41:32 INFO  valid result: 
recall@10 : 0.1675    pop_recall@10 : 0.175    unpop_recall@10 : 0.0015    mrr@10 : 0.3963    pop_mrr@10 : 0.396    unpop_mrr@10 : 0.0007    ndcg@10 : 0.222    pop_ndcg@10 : 0.2243    unpop_ndcg@10 : 0.0008    hit@10 : 0.7579    pop_hit@10 : 0.7575    unpop_hit@10 : 0.0028    precision@10 : 0.1708    pop_precision@10 : 0.1705    unpop_precision@10 : 0.0003
Sun 30 Nov 2025 02:42:59 INFO  epoch 48 training [time: 87.71s, train loss: 859.6389]
Sun 30 Nov 2025 02:44:27 INFO  epoch 49 training [time: 87.90s, train loss: 883.2994]
Sun 30 Nov 2025 02:44:28 INFO  epoch 49 evaluating [time: 1.30s, valid_score: 0.398500]
Sun 30 Nov 2025 02:44:28 INFO  valid result: 
recall@10 : 0.1678    pop_recall@10 : 0.1754    unpop_recall@10 : 0.0015    mrr@10 : 0.3985    pop_mrr@10 : 0.3984    unpop_mrr@10 : 0.0007    ndcg@10 : 0.2225    pop_ndcg@10 : 0.2248    unpop_ndcg@10 : 0.0007    hit@10 : 0.7618    pop_hit@10 : 0.7613    unpop_hit@10 : 0.0028    precision@10 : 0.1708    pop_precision@10 : 0.1705    unpop_precision@10 : 0.0003
Sun 30 Nov 2025 02:44:29 INFO  Saving current: saved/FairLightGCN-Nov-30-2025_01-32-28.pth
Sun 30 Nov 2025 02:45:57 INFO  epoch 50 training [time: 87.93s, train loss: 893.9186]
Sun 30 Nov 2025 02:47:24 INFO  epoch 51 training [time: 87.88s, train loss: 892.7593]
Sun 30 Nov 2025 02:47:26 INFO  epoch 51 evaluating [time: 1.21s, valid_score: 0.399400]
Sun 30 Nov 2025 02:47:26 INFO  valid result: 
recall@10 : 0.1682    pop_recall@10 : 0.1757    unpop_recall@10 : 0.0015    mrr@10 : 0.3994    pop_mrr@10 : 0.3992    unpop_mrr@10 : 0.0006    ndcg@10 : 0.2229    pop_ndcg@10 : 0.2253    unpop_ndcg@10 : 0.0007    hit@10 : 0.7608    pop_hit@10 : 0.7603    unpop_hit@10 : 0.0028    precision@10 : 0.1712    pop_precision@10 : 0.1709    unpop_precision@10 : 0.0003
Sun 30 Nov 2025 02:47:26 INFO  Saving current: saved/FairLightGCN-Nov-30-2025_01-32-28.pth
Sun 30 Nov 2025 02:48:54 INFO  epoch 52 training [time: 88.34s, train loss: 901.2467]
Sun 30 Nov 2025 02:50:22 INFO  epoch 53 training [time: 88.13s, train loss: 870.6459]
Sun 30 Nov 2025 02:50:23 INFO  epoch 53 evaluating [time: 1.22s, valid_score: 0.397600]
Sun 30 Nov 2025 02:50:23 INFO  valid result: 
recall@10 : 0.1676    pop_recall@10 : 0.1751    unpop_recall@10 : 0.0017    mrr@10 : 0.3976    pop_mrr@10 : 0.3974    unpop_mrr@10 : 0.0007    ndcg@10 : 0.2222    pop_ndcg@10 : 0.2245    unpop_ndcg@10 : 0.0008    hit@10 : 0.7591    pop_hit@10 : 0.7584    unpop_hit@10 : 0.003    precision@10 : 0.1705    pop_precision@10 : 0.1702    unpop_precision@10 : 0.0003
Sun 30 Nov 2025 02:51:51 INFO  epoch 54 training [time: 88.11s, train loss: 879.7537]
Sun 30 Nov 2025 02:53:19 INFO  epoch 55 training [time: 87.89s, train loss: 886.3420]
Sun 30 Nov 2025 02:53:21 INFO  epoch 55 evaluating [time: 1.12s, valid_score: 0.400000]
Sun 30 Nov 2025 02:53:21 INFO  valid result: 
recall@10 : 0.1676    pop_recall@10 : 0.1751    unpop_recall@10 : 0.0017    mrr@10 : 0.4    pop_mrr@10 : 0.3998    unpop_mrr@10 : 0.0006    ndcg@10 : 0.2228    pop_ndcg@10 : 0.2252    unpop_ndcg@10 : 0.0008    hit@10 : 0.7598    pop_hit@10 : 0.7591    unpop_hit@10 : 0.003    precision@10 : 0.1705    pop_precision@10 : 0.1702    unpop_precision@10 : 0.0003
Sun 30 Nov 2025 02:53:21 INFO  Saving current: saved/FairLightGCN-Nov-30-2025_01-32-28.pth
Sun 30 Nov 2025 02:54:48 INFO  epoch 56 training [time: 87.70s, train loss: 888.1297]
Sun 30 Nov 2025 02:56:16 INFO  epoch 57 training [time: 88.06s, train loss: 859.8243]
Sun 30 Nov 2025 02:56:18 INFO  epoch 57 evaluating [time: 1.28s, valid_score: 0.398600]
Sun 30 Nov 2025 02:56:18 INFO  valid result: 
recall@10 : 0.1682    pop_recall@10 : 0.1756    unpop_recall@10 : 0.0017    mrr@10 : 0.3986    pop_mrr@10 : 0.3985    unpop_mrr@10 : 0.0007    ndcg@10 : 0.2228    pop_ndcg@10 : 0.2251    unpop_ndcg@10 : 0.0008    hit@10 : 0.7604    pop_hit@10 : 0.7598    unpop_hit@10 : 0.003    precision@10 : 0.1707    pop_precision@10 : 0.1704    unpop_precision@10 : 0.0003
Sun 30 Nov 2025 02:57:47 INFO  epoch 58 training [time: 89.68s, train loss: 879.8444]
Sun 30 Nov 2025 02:59:17 INFO  epoch 59 training [time: 89.40s, train loss: 876.1780]
Sun 30 Nov 2025 02:59:18 INFO  epoch 59 evaluating [time: 1.49s, valid_score: 0.401300]
Sun 30 Nov 2025 02:59:18 INFO  valid result: 
recall@10 : 0.1686    pop_recall@10 : 0.1759    unpop_recall@10 : 0.0018    mrr@10 : 0.4013    pop_mrr@10 : 0.4012    unpop_mrr@10 : 0.0007    ndcg@10 : 0.2236    pop_ndcg@10 : 0.2259    unpop_ndcg@10 : 0.0008    hit@10 : 0.7636    pop_hit@10 : 0.7627    unpop_hit@10 : 0.0031    precision@10 : 0.1711    pop_precision@10 : 0.1707    unpop_precision@10 : 0.0003
Sun 30 Nov 2025 02:59:18 INFO  Saving current: saved/FairLightGCN-Nov-30-2025_01-32-28.pth
Sun 30 Nov 2025 03:00:47 INFO  epoch 60 training [time: 88.73s, train loss: 899.6550]
Sun 30 Nov 2025 03:02:16 INFO  epoch 61 training [time: 89.13s, train loss: 893.0507]
Sun 30 Nov 2025 03:02:18 INFO  epoch 61 evaluating [time: 1.62s, valid_score: 0.400100]
Sun 30 Nov 2025 03:02:18 INFO  valid result: 
recall@10 : 0.1692    pop_recall@10 : 0.1766    unpop_recall@10 : 0.0019    mrr@10 : 0.4001    pop_mrr@10 : 0.3999    unpop_mrr@10 : 0.0007    ndcg@10 : 0.2238    pop_ndcg@10 : 0.2261    unpop_ndcg@10 : 0.0009    hit@10 : 0.7639    pop_hit@10 : 0.7631    unpop_hit@10 : 0.0031    precision@10 : 0.1713    pop_precision@10 : 0.1709    unpop_precision@10 : 0.0003
Sun 30 Nov 2025 03:03:47 INFO  epoch 62 training [time: 89.06s, train loss: 879.4303]
Sun 30 Nov 2025 03:05:16 INFO  epoch 63 training [time: 89.48s, train loss: 869.4957]
Sun 30 Nov 2025 03:05:18 INFO  epoch 63 evaluating [time: 1.88s, valid_score: 0.401600]
Sun 30 Nov 2025 03:05:18 INFO  valid result: 
recall@10 : 0.1697    pop_recall@10 : 0.1771    unpop_recall@10 : 0.0018    mrr@10 : 0.4016    pop_mrr@10 : 0.4015    unpop_mrr@10 : 0.0007    ndcg@10 : 0.2243    pop_ndcg@10 : 0.2266    unpop_ndcg@10 : 0.0008    hit@10 : 0.7649    pop_hit@10 : 0.7641    unpop_hit@10 : 0.0031    precision@10 : 0.1718    pop_precision@10 : 0.1715    unpop_precision@10 : 0.0003
Sun 30 Nov 2025 03:05:18 INFO  Saving current: saved/FairLightGCN-Nov-30-2025_01-32-28.pth
Sun 30 Nov 2025 03:06:47 INFO  epoch 64 training [time: 88.85s, train loss: 873.4499]
Sun 30 Nov 2025 03:08:16 INFO  epoch 65 training [time: 89.48s, train loss: 878.7956]
Sun 30 Nov 2025 03:08:18 INFO  epoch 65 evaluating [time: 1.79s, valid_score: 0.401700]
Sun 30 Nov 2025 03:08:18 INFO  valid result: 
recall@10 : 0.1695    pop_recall@10 : 0.1769    unpop_recall@10 : 0.0019    mrr@10 : 0.4017    pop_mrr@10 : 0.4016    unpop_mrr@10 : 0.0007    ndcg@10 : 0.2242    pop_ndcg@10 : 0.2265    unpop_ndcg@10 : 0.0009    hit@10 : 0.7644    pop_hit@10 : 0.7636    unpop_hit@10 : 0.0031    precision@10 : 0.1717    pop_precision@10 : 0.1713    unpop_precision@10 : 0.0003
Sun 30 Nov 2025 03:08:18 INFO  Saving current: saved/FairLightGCN-Nov-30-2025_01-32-28.pth
Sun 30 Nov 2025 03:09:48 INFO  epoch 66 training [time: 89.13s, train loss: 922.7183]
Sun 30 Nov 2025 03:11:16 INFO  epoch 67 training [time: 88.93s, train loss: 900.3144]
Sun 30 Nov 2025 03:11:18 INFO  epoch 67 evaluating [time: 1.80s, valid_score: 0.400200]
Sun 30 Nov 2025 03:11:18 INFO  valid result: 
recall@10 : 0.1689    pop_recall@10 : 0.1762    unpop_recall@10 : 0.0019    mrr@10 : 0.4002    pop_mrr@10 : 0.4001    unpop_mrr@10 : 0.0007    ndcg@10 : 0.2234    pop_ndcg@10 : 0.2257    unpop_ndcg@10 : 0.0009    hit@10 : 0.7627    pop_hit@10 : 0.7619    unpop_hit@10 : 0.0031    precision@10 : 0.1711    pop_precision@10 : 0.1707    unpop_precision@10 : 0.0003
Sun 30 Nov 2025 03:12:47 INFO  epoch 68 training [time: 89.12s, train loss: 913.5225]
Sun 30 Nov 2025 03:14:17 INFO  epoch 69 training [time: 89.13s, train loss: 918.9806]
Sun 30 Nov 2025 03:14:18 INFO  epoch 69 evaluating [time: 1.93s, valid_score: 0.400600]
Sun 30 Nov 2025 03:14:18 INFO  valid result: 
recall@10 : 0.1687    pop_recall@10 : 0.1762    unpop_recall@10 : 0.0019    mrr@10 : 0.4006    pop_mrr@10 : 0.4004    unpop_mrr@10 : 0.0007    ndcg@10 : 0.2237    pop_ndcg@10 : 0.226    unpop_ndcg@10 : 0.0009    hit@10 : 0.7642    pop_hit@10 : 0.7634    unpop_hit@10 : 0.0031    precision@10 : 0.1715    pop_precision@10 : 0.1712    unpop_precision@10 : 0.0003
Sun 30 Nov 2025 03:15:47 INFO  epoch 70 training [time: 89.01s, train loss: 919.7342]
Sun 30 Nov 2025 03:17:16 INFO  epoch 71 training [time: 89.00s, train loss: 929.4088]
Sun 30 Nov 2025 03:17:19 INFO  epoch 71 evaluating [time: 2.11s, valid_score: 0.399100]
Sun 30 Nov 2025 03:17:19 INFO  valid result: 
recall@10 : 0.1683    pop_recall@10 : 0.1757    unpop_recall@10 : 0.0019    mrr@10 : 0.3991    pop_mrr@10 : 0.3989    unpop_mrr@10 : 0.0007    ndcg@10 : 0.2233    pop_ndcg@10 : 0.2255    unpop_ndcg@10 : 0.0009    hit@10 : 0.7631    pop_hit@10 : 0.7623    unpop_hit@10 : 0.0031    precision@10 : 0.1715    pop_precision@10 : 0.1711    unpop_precision@10 : 0.0003
Sun 30 Nov 2025 03:18:47 INFO  epoch 72 training [time: 88.90s, train loss: 914.3416]
Sun 30 Nov 2025 03:20:17 INFO  epoch 73 training [time: 89.14s, train loss: 893.2514]
Sun 30 Nov 2025 03:20:19 INFO  epoch 73 evaluating [time: 1.95s, valid_score: 0.398000]
Sun 30 Nov 2025 03:20:19 INFO  valid result: 
recall@10 : 0.1679    pop_recall@10 : 0.1754    unpop_recall@10 : 0.0018    mrr@10 : 0.398    pop_mrr@10 : 0.3979    unpop_mrr@10 : 0.0007    ndcg@10 : 0.2228    pop_ndcg@10 : 0.2251    unpop_ndcg@10 : 0.0008    hit@10 : 0.7627    pop_hit@10 : 0.7619    unpop_hit@10 : 0.0031    precision@10 : 0.1711    pop_precision@10 : 0.1708    unpop_precision@10 : 0.0003
Sun 30 Nov 2025 03:21:48 INFO  epoch 74 training [time: 89.07s, train loss: 890.5133]
Sun 30 Nov 2025 03:23:18 INFO  epoch 75 training [time: 90.17s, train loss: 913.5453]
Sun 30 Nov 2025 03:23:20 INFO  epoch 75 evaluating [time: 2.24s, valid_score: 0.399900]
Sun 30 Nov 2025 03:23:20 INFO  valid result: 
recall@10 : 0.1681    pop_recall@10 : 0.1755    unpop_recall@10 : 0.0018    mrr@10 : 0.3999    pop_mrr@10 : 0.3997    unpop_mrr@10 : 0.0007    ndcg@10 : 0.2235    pop_ndcg@10 : 0.2258    unpop_ndcg@10 : 0.0008    hit@10 : 0.7636    pop_hit@10 : 0.7627    unpop_hit@10 : 0.0031    precision@10 : 0.1715    pop_precision@10 : 0.1711    unpop_precision@10 : 0.0003
Sun 30 Nov 2025 03:24:49 INFO  epoch 76 training [time: 89.36s, train loss: 893.6474]
Sun 30 Nov 2025 03:26:18 INFO  epoch 77 training [time: 89.09s, train loss: 886.5896]
Sun 30 Nov 2025 03:26:21 INFO  epoch 77 evaluating [time: 2.17s, valid_score: 0.398700]
Sun 30 Nov 2025 03:26:21 INFO  valid result: 
recall@10 : 0.1682    pop_recall@10 : 0.1757    unpop_recall@10 : 0.0019    mrr@10 : 0.3987    pop_mrr@10 : 0.3985    unpop_mrr@10 : 0.0007    ndcg@10 : 0.2232    pop_ndcg@10 : 0.2255    unpop_ndcg@10 : 0.0009    hit@10 : 0.7623    pop_hit@10 : 0.7614    unpop_hit@10 : 0.0033    precision@10 : 0.1713    pop_precision@10 : 0.171    unpop_precision@10 : 0.0004
Sun 30 Nov 2025 03:27:49 INFO  epoch 78 training [time: 88.80s, train loss: 864.9705]
Sun 30 Nov 2025 03:29:19 INFO  epoch 79 training [time: 89.69s, train loss: 863.8459]
Sun 30 Nov 2025 03:29:21 INFO  epoch 79 evaluating [time: 2.28s, valid_score: 0.399000]
Sun 30 Nov 2025 03:29:21 INFO  valid result: 
recall@10 : 0.1673    pop_recall@10 : 0.1746    unpop_recall@10 : 0.0019    mrr@10 : 0.399    pop_mrr@10 : 0.3989    unpop_mrr@10 : 0.0007    ndcg@10 : 0.2228    pop_ndcg@10 : 0.2251    unpop_ndcg@10 : 0.0009    hit@10 : 0.7632    pop_hit@10 : 0.7624    unpop_hit@10 : 0.0033    precision@10 : 0.1709    pop_precision@10 : 0.1705    unpop_precision@10 : 0.0004
Sun 30 Nov 2025 03:30:50 INFO  epoch 80 training [time: 88.29s, train loss: 882.8375]
Sun 30 Nov 2025 03:32:19 INFO  epoch 81 training [time: 89.55s, train loss: 898.7377]
Sun 30 Nov 2025 03:32:22 INFO  epoch 81 evaluating [time: 2.25s, valid_score: 0.398200]
Sun 30 Nov 2025 03:32:22 INFO  valid result: 
recall@10 : 0.1673    pop_recall@10 : 0.1745    unpop_recall@10 : 0.0019    mrr@10 : 0.3982    pop_mrr@10 : 0.398    unpop_mrr@10 : 0.0007    ndcg@10 : 0.2228    pop_ndcg@10 : 0.2251    unpop_ndcg@10 : 0.0009    hit@10 : 0.7621    pop_hit@10 : 0.7613    unpop_hit@10 : 0.0033    precision@10 : 0.1712    pop_precision@10 : 0.1708    unpop_precision@10 : 0.0004
Sun 30 Nov 2025 03:33:50 INFO  epoch 82 training [time: 88.66s, train loss: 891.2036]
Sun 30 Nov 2025 03:35:20 INFO  epoch 83 training [time: 89.50s, train loss: 886.7785]
Sun 30 Nov 2025 03:35:22 INFO  epoch 83 evaluating [time: 2.54s, valid_score: 0.399900]
Sun 30 Nov 2025 03:35:22 INFO  valid result: 
recall@10 : 0.1664    pop_recall@10 : 0.1737    unpop_recall@10 : 0.0019    mrr@10 : 0.3999    pop_mrr@10 : 0.3997    unpop_mrr@10 : 0.0007    ndcg@10 : 0.2226    pop_ndcg@10 : 0.2249    unpop_ndcg@10 : 0.0009    hit@10 : 0.7606    pop_hit@10 : 0.7598    unpop_hit@10 : 0.0033    precision@10 : 0.1703    pop_precision@10 : 0.1699    unpop_precision@10 : 0.0004
Sun 30 Nov 2025 03:36:51 INFO  epoch 84 training [time: 88.47s, train loss: 885.0829]
Sun 30 Nov 2025 03:38:20 INFO  epoch 85 training [time: 89.51s, train loss: 899.9250]
Sun 30 Nov 2025 03:38:22 INFO  epoch 85 evaluating [time: 2.24s, valid_score: 0.399000]
Sun 30 Nov 2025 03:38:22 INFO  valid result: 
recall@10 : 0.1664    pop_recall@10 : 0.1736    unpop_recall@10 : 0.0019    mrr@10 : 0.399    pop_mrr@10 : 0.3988    unpop_mrr@10 : 0.0007    ndcg@10 : 0.2223    pop_ndcg@10 : 0.2246    unpop_ndcg@10 : 0.0009    hit@10 : 0.7603    pop_hit@10 : 0.7594    unpop_hit@10 : 0.0031    precision@10 : 0.1704    pop_precision@10 : 0.1701    unpop_precision@10 : 0.0003
Sun 30 Nov 2025 03:39:51 INFO  epoch 86 training [time: 88.52s, train loss: 898.4352]
Sun 30 Nov 2025 03:41:20 INFO  epoch 87 training [time: 89.18s, train loss: 889.2619]
Sun 30 Nov 2025 03:41:22 INFO  epoch 87 evaluating [time: 2.33s, valid_score: 0.399400]
Sun 30 Nov 2025 03:41:22 INFO  valid result: 
recall@10 : 0.1667    pop_recall@10 : 0.1739    unpop_recall@10 : 0.0019    mrr@10 : 0.3994    pop_mrr@10 : 0.3992    unpop_mrr@10 : 0.0008    ndcg@10 : 0.2222    pop_ndcg@10 : 0.2245    unpop_ndcg@10 : 0.0009    hit@10 : 0.7634    pop_hit@10 : 0.7626    unpop_hit@10 : 0.0035    precision@10 : 0.17    pop_precision@10 : 0.1696    unpop_precision@10 : 0.0004
Sun 30 Nov 2025 03:41:22 INFO  Finished training, best eval result in epoch 65
Sun 30 Nov 2025 03:41:23 INFO  Loading model structure and parameters from saved/FairLightGCN-Nov-30-2025_01-32-28.pth
Sun 30 Nov 2025 03:41:24 INFO  count    1388.000000
mean       43.515850
std        64.696946
min         1.000000
25%         4.000000
50%        18.000000
75%        55.250000
max       503.000000
dtype: float64
Sun 30 Nov 2025 03:41:26 INFO  The running environment of this training is as follows:
+-------------+-----------------+
| Environment |      Usage      |
+=============+=================+
| CPU         |     24.00 %     |
+-------------+-----------------+
| GPU         | 0.29 G/44.34 G  |
+-------------+-----------------+
| Memory      | 2.00 G/251.51 G |
+-------------+-----------------+
Sun 30 Nov 2025 03:41:26 INFO  best valid : OrderedDict([('recall@10', 0.1695), ('pop_recall@10', 0.1769), ('unpop_recall@10', 0.0019), ('mrr@10', 0.4017), ('pop_mrr@10', 0.4016), ('unpop_mrr@10', 0.0007), ('ndcg@10', 0.2242), ('pop_ndcg@10', 0.2265), ('unpop_ndcg@10', 0.0009), ('hit@10', 0.7644), ('pop_hit@10', 0.7636), ('unpop_hit@10', 0.0031), ('precision@10', 0.1717), ('pop_precision@10', 0.1713), ('unpop_precision@10', 0.0003)])
Sun 30 Nov 2025 03:41:26 INFO  test result: OrderedDict([('recall@10', 0.18954394039735098), ('pop_recall@10', 0.19944427152317878), ('unpop_recall@10', 0.000454569536423841), ('mrr@10', 0.4803382119205298), ('pop_mrr@10', 0.4803382119205298), ('unpop_mrr@10', 0.00023771523178807948), ('ndcg@10', 0.28124900662251656), ('pop_ndcg@10', 0.2845490894039735), ('unpop_ndcg@10', 0.00021715231788079468), ('hit@10', 0.7912251655629139), ('pop_hit@10', 0.7912251655629139), ('unpop_hit@10', 0.0016556291390728477), ('precision@10', 0.21425496688741724), ('pop_precision@10', 0.21408940397350992), ('unpop_precision@10', 0.00016556291390728477)])
