Sun 30 Nov 2025 11:43:06 INFO  ['run_recbole.py', '--model', 'FairLightGCN', '--dataset', 'ml-1m', '--gpu_ids', '2']
Sun 30 Nov 2025 11:43:06 INFO  
General Hyper Parameters:
gpu_id = 0
use_gpu = True
seed = 2020
state = INFO
reproducibility = True
data_path = dataset/ml-1m
checkpoint_dir = saved
show_progress = True
save_dataset = False
dataset_save_path = None
save_dataloaders = False
dataloaders_save_path = None
log_wandb = False

Training Hyper Parameters:
epochs = 100
train_batch_size = 1024
learner = adam
learning_rate = 0.001
train_neg_sample_args = {'distribution': 'uniform', 'sample_num': 1, 'alpha': 1.0, 'dynamic': False, 'candidate_num': 0}
eval_step = 2
stopping_step = 10
clip_grad_norm = None
weight_decay = 0.0
loss_decimal_place = 4

Evaluation Hyper Parameters:
eval_args = {'split': {'RS': [0.8, 0.1, 0.1]}, 'order': 'RO', 'group_by': 'user', 'mode': {'valid': 'full', 'test': 'full'}}
repeatable = False
metrics = ['Recall', 'MRR', 'NDCG', 'Hit', 'Precision']
topk = [10]
valid_metric = MRR@10
valid_metric_bigger = True
eval_batch_size = 102400
metric_decimal_place = 4

Dataset Hyper Parameters:
train_batch_size = 1024
eval_batch_size = 102400
field_separator = 	
seq_separator =  
USER_ID_FIELD = user_id
ITEM_ID_FIELD = item_id
RATING_FIELD = rating
TIME_FIELD = timestamp
seq_len = None
LABEL_FIELD = label
threshold = None
NEG_PREFIX = neg_
load_col = {'inter': ['user_id', 'item_id', 'rating', 'timestamp'], 'user': ['user_id', 'age', 'gender', 'occupation'], 'item': ['item_id', 'release_year', 'genre']}
unload_col = None
unused_col = None
additional_feat_suffix = None
rm_dup_inter = None
val_interval = None
filter_inter_by_user_or_item = True
user_inter_num_interval = None
item_inter_num_interval = None
alias_of_user_id = None
alias_of_item_id = None
alias_of_entity_id = None
alias_of_relation_id = None
preload_weight = None
normalize_field = None
normalize_all = True
ITEM_LIST_LENGTH_FIELD = item_length
LIST_SUFFIX = _list
MAX_ITEM_LIST_LENGTH = 50
POSITION_FIELD = position_id
HEAD_ENTITY_ID_FIELD = head_id
TAIL_ENTITY_ID_FIELD = tail_id
RELATION_ID_FIELD = relation_id
ENTITY_ID_FIELD = entity_id
kg_reverse_r = False
entity_kg_num_interval = None
relation_kg_num_interval = None
benchmark_filename = None
save_single_user = True
save_base_path = output
attr = {'user': {'need_inter_num': True, 'need_inter_hour': True, 'need_rating': True, 'need_item_genre': True, 'need_item_year': True, 'need_zipcode_to_region': True}, 'item': {'need_inter_num': True, 'need_inter_hour': True, 'need_rating': True, 'need_age': True, 'need_gender': True, 'need_occupation': True, 'need_region': True}, 'interaction': {'timestamp_unit': 's'}}
to_bin = {'user': {'mean_rating': {'n_bins': 5}, 'interaction_nums': {'n_bins': 5}}, 'item': {'mean_rating': {'n_bins': 5}, 'interaction_nums': {'n_bins': 5}}}

Other Hyper Parameters: 
worker = 0
wandb_project = recbole
shuffle = True
require_pow = False
enable_amp = False
enable_scaler = False
transform = None
export_topk_recs = True
export_topk_dir = None
export_topk_filename = None
export_topk_item_separator = None
export_topk_separate_columns = None
embedding_size = 64
n_layers = 2
reg_weight = 1e-05
numerical_features = []
discretization = None
MODEL_TYPE = ModelType.GENERAL
MODEL_INPUT_TYPE = InputType.PAIRWISE
eval_type = EvaluatorType.RANKING
single_spec = True
local_rank = 0
device = cuda
valid_neg_sample_args = {'distribution': 'uniform', 'sample_num': 'none'}
test_neg_sample_args = {'distribution': 'uniform', 'sample_num': 'none'}


Sun 30 Nov 2025 11:43:10 INFO  ml-1m
The number of users: 6041
Average actions of users: 165.5975165562914
The number of items: 3884
Average actions of items: 269.88909875876953
The number of inters: 1000209
The sparsity of the dataset: 95.73712398848173%
Remain Fields: ['user_id', 'item_id', 'rating', 'timestamp', 'age', 'gender', 'occupation', 'release_year', 'genre']
Sun 30 Nov 2025 11:43:13 INFO  [Training]: train_batch_size = [1024] train_neg_sample_args: [{'distribution': 'uniform', 'sample_num': 1, 'alpha': 1.0, 'dynamic': False, 'candidate_num': 0}]
Sun 30 Nov 2025 11:43:13 INFO  [Evaluation]: eval_batch_size = [102400] eval_args: [{'split': {'RS': [0.8, 0.1, 0.1]}, 'order': 'RO', 'group_by': 'user', 'mode': {'valid': 'full', 'test': 'full'}}]
Sun 30 Nov 2025 11:43:13 INFO  FairLightGCN(
  (user_embedding): Embedding(6041, 64)
  (item_embedding): Embedding(3884, 64)
  (mf_loss): BPRLoss()
  (reg_loss): EmbLoss()
  (rq_model_item): RQVAE(
    (encoder): MLPLayers(
      (mlp_layers): Sequential(
        (0): Dropout(p=0, inplace=False)
        (1): Linear(in_features=192, out_features=64, bias=True)
        (2): Sigmoid()
        (3): Dropout(p=0, inplace=False)
        (4): Linear(in_features=64, out_features=32, bias=True)
        (5): Sigmoid()
        (6): Dropout(p=0, inplace=False)
        (7): Linear(in_features=32, out_features=16, bias=True)
      )
    )
    (rq): ResidualVectorQuantizer(
      (vq_layers): ModuleList(
        (0-2): 3 x VectorQuantizer(
          (embedding): Embedding(8, 16)
        )
      )
    )
    (decoder): MLPLayers(
      (mlp_layers): Sequential(
        (0): Dropout(p=0, inplace=False)
        (1): Linear(in_features=16, out_features=32, bias=True)
        (2): Sigmoid()
        (3): Dropout(p=0, inplace=False)
        (4): Linear(in_features=32, out_features=64, bias=True)
        (5): Sigmoid()
        (6): Dropout(p=0, inplace=False)
        (7): Linear(in_features=64, out_features=192, bias=True)
      )
    )
    (W_gate): Linear(in_features=192, out_features=192, bias=True)
  )
  (rq_model_user): RQVAE(
    (encoder): MLPLayers(
      (mlp_layers): Sequential(
        (0): Dropout(p=0, inplace=False)
        (1): Linear(in_features=256, out_features=64, bias=True)
        (2): Sigmoid()
        (3): Dropout(p=0, inplace=False)
        (4): Linear(in_features=64, out_features=32, bias=True)
        (5): Sigmoid()
        (6): Dropout(p=0, inplace=False)
        (7): Linear(in_features=32, out_features=16, bias=True)
      )
    )
    (rq): ResidualVectorQuantizer(
      (vq_layers): ModuleList(
        (0-2): 3 x VectorQuantizer(
          (embedding): Embedding(8, 16)
        )
      )
    )
    (decoder): MLPLayers(
      (mlp_layers): Sequential(
        (0): Dropout(p=0, inplace=False)
        (1): Linear(in_features=16, out_features=32, bias=True)
        (2): Sigmoid()
        (3): Dropout(p=0, inplace=False)
        (4): Linear(in_features=32, out_features=64, bias=True)
        (5): Sigmoid()
        (6): Dropout(p=0, inplace=False)
        (7): Linear(in_features=64, out_features=256, bias=True)
      )
    )
    (W_gate): Linear(in_features=256, out_features=256, bias=True)
  )
)
Trainable parameters: 807264
Sun 30 Nov 2025 11:43:14 INFO  FLOPs: 0.0
Sun 30 Nov 2025 11:44:01 INFO  epoch 0 training [time: 46.67s, train loss: 1179.3377]
Sun 30 Nov 2025 11:44:45 INFO  epoch 1 training [time: 44.34s, train loss: 1112.0616]
Sun 30 Nov 2025 11:44:46 INFO  epoch 1 evaluating [time: 0.69s, valid_score: 0.267500]
Sun 30 Nov 2025 11:44:46 INFO  valid result: 
recall@10 : 0.1119    pop_recall@10 : 0.1193    unpop_recall@10 : 0.0494    mrr@10 : 0.2675    pop_mrr@10 : 0.2213    unpop_mrr@10 : 0.0605    ndcg@10 : 0.1343    pop_ndcg@10 : 0.117    unpop_ndcg@10 : 0.0381    hit@10 : 0.6079    pop_hit@10 : 0.5084    unpop_hit@10 : 0.1745    precision@10 : 0.1001    pop_precision@10 : 0.0768    unpop_precision@10 : 0.0233
Sun 30 Nov 2025 11:44:46 INFO  Saving current: saved/FairLightGCN-Nov-30-2025_11-43-14.pth
Sun 30 Nov 2025 11:45:33 INFO  epoch 2 training [time: 47.40s, train loss: 1116.9663]
Sun 30 Nov 2025 11:46:22 INFO  epoch 3 training [time: 48.18s, train loss: 1140.4673]
Sun 30 Nov 2025 11:46:22 INFO  epoch 3 evaluating [time: 0.65s, valid_score: 0.250200]
Sun 30 Nov 2025 11:46:22 INFO  valid result: 
recall@10 : 0.1019    pop_recall@10 : 0.1032    unpop_recall@10 : 0.054    mrr@10 : 0.2502    pop_mrr@10 : 0.1946    unpop_mrr@10 : 0.0686    ndcg@10 : 0.1248    pop_ndcg@10 : 0.1023    unpop_ndcg@10 : 0.0428    hit@10 : 0.5833    pop_hit@10 : 0.4637    unpop_hit@10 : 0.1896    precision@10 : 0.0943    pop_precision@10 : 0.0682    unpop_precision@10 : 0.0261
Sun 30 Nov 2025 11:47:11 INFO  epoch 4 training [time: 48.32s, train loss: 1157.8721]
Sun 30 Nov 2025 11:47:59 INFO  epoch 5 training [time: 48.69s, train loss: 1163.8632]
Sun 30 Nov 2025 11:48:00 INFO  epoch 5 evaluating [time: 0.68s, valid_score: 0.250500]
Sun 30 Nov 2025 11:48:00 INFO  valid result: 
recall@10 : 0.0995    pop_recall@10 : 0.0989    unpop_recall@10 : 0.0562    mrr@10 : 0.2505    pop_mrr@10 : 0.1889    unpop_mrr@10 : 0.0754    ndcg@10 : 0.1239    pop_ndcg@10 : 0.0981    unpop_ndcg@10 : 0.0465    hit@10 : 0.5735    pop_hit@10 : 0.4447    unpop_hit@10 : 0.2008    precision@10 : 0.0936    pop_precision@10 : 0.0652    unpop_precision@10 : 0.0285
Sun 30 Nov 2025 11:48:48 INFO  epoch 6 training [time: 48.47s, train loss: 1166.1786]
Sun 30 Nov 2025 11:49:37 INFO  epoch 7 training [time: 48.67s, train loss: 1182.3560]
Sun 30 Nov 2025 11:49:38 INFO  epoch 7 evaluating [time: 0.63s, valid_score: 0.245600]
Sun 30 Nov 2025 11:49:38 INFO  valid result: 
recall@10 : 0.0984    pop_recall@10 : 0.0967    unpop_recall@10 : 0.0566    mrr@10 : 0.2456    pop_mrr@10 : 0.1839    unpop_mrr@10 : 0.0751    ndcg@10 : 0.1208    pop_ndcg@10 : 0.0951    unpop_ndcg@10 : 0.0463    hit@10 : 0.5556    pop_hit@10 : 0.424    unpop_hit@10 : 0.2015    precision@10 : 0.0893    pop_precision@10 : 0.0612    unpop_precision@10 : 0.028
Sun 30 Nov 2025 11:50:27 INFO  epoch 8 training [time: 49.31s, train loss: 1199.6135]
Sun 30 Nov 2025 11:51:53 INFO  epoch 9 training [time: 85.68s, train loss: 1179.9986]
Sun 30 Nov 2025 11:51:56 INFO  epoch 9 evaluating [time: 3.62s, valid_score: 0.229900]
Sun 30 Nov 2025 11:51:56 INFO  valid result: 
recall@10 : 0.0943    pop_recall@10 : 0.0961    unpop_recall@10 : 0.0496    mrr@10 : 0.2299    pop_mrr@10 : 0.1779    unpop_mrr@10 : 0.0645    ndcg@10 : 0.1135    pop_ndcg@10 : 0.0921    unpop_ndcg@10 : 0.0403    hit@10 : 0.5346    pop_hit@10 : 0.418    unpop_hit@10 : 0.1806    precision@10 : 0.0837    pop_precision@10 : 0.0588    unpop_precision@10 : 0.0249
Sun 30 Nov 2025 11:53:43 INFO  epoch 10 training [time: 106.81s, train loss: 1169.2404]
Sun 30 Nov 2025 11:55:48 INFO  epoch 11 training [time: 124.61s, train loss: 1156.4351]
Sun 30 Nov 2025 11:55:52 INFO  epoch 11 evaluating [time: 4.41s, valid_score: 0.276300]
Sun 30 Nov 2025 11:55:52 INFO  valid result: 
recall@10 : 0.107    pop_recall@10 : 0.1237    unpop_recall@10 : 0.0284    mrr@10 : 0.2763    pop_mrr@10 : 0.2478    unpop_mrr@10 : 0.04    ndcg@10 : 0.1373    pop_ndcg@10 : 0.129    unpop_ndcg@10 : 0.0243    hit@10 : 0.5982    pop_hit@10 : 0.5414    unpop_hit@10 : 0.1146    precision@10 : 0.1019    pop_precision@10 : 0.0855    unpop_precision@10 : 0.0164
Sun 30 Nov 2025 11:55:52 INFO  Saving current: saved/FairLightGCN-Nov-30-2025_11-43-14.pth
Sun 30 Nov 2025 11:57:58 INFO  epoch 12 training [time: 125.80s, train loss: 1126.1533]
Sun 30 Nov 2025 11:59:48 INFO  epoch 13 training [time: 110.20s, train loss: 1078.2200]
Sun 30 Nov 2025 11:59:52 INFO  epoch 13 evaluating [time: 3.88s, valid_score: 0.376600]
Sun 30 Nov 2025 11:59:52 INFO  valid result: 
recall@10 : 0.1433    pop_recall@10 : 0.1859    unpop_recall@10 : 0.006    mrr@10 : 0.3766    pop_mrr@10 : 0.3716    unpop_mrr@10 : 0.008    ndcg@10 : 0.2007    pop_ndcg@10 : 0.2122    unpop_ndcg@10 : 0.0051    hit@10 : 0.7185    pop_hit@10 : 0.7091    unpop_hit@10 : 0.0252    precision@10 : 0.1534    pop_precision@10 : 0.1498    unpop_precision@10 : 0.0037
Sun 30 Nov 2025 11:59:52 INFO  Saving current: saved/FairLightGCN-Nov-30-2025_11-43-14.pth
Sun 30 Nov 2025 12:01:39 INFO  epoch 14 training [time: 106.35s, train loss: 1038.0684]
Sun 30 Nov 2025 12:03:55 INFO  epoch 15 training [time: 136.34s, train loss: 999.3829]
Sun 30 Nov 2025 12:03:58 INFO  epoch 15 evaluating [time: 3.32s, valid_score: 0.398100]
Sun 30 Nov 2025 12:03:58 INFO  valid result: 
recall@10 : 0.1582    pop_recall@10 : 0.2058    unpop_recall@10 : 0.006    mrr@10 : 0.3981    pop_mrr@10 : 0.3941    unpop_mrr@10 : 0.0074    ndcg@10 : 0.2174    pop_ndcg@10 : 0.231    unpop_ndcg@10 : 0.0049    hit@10 : 0.75    pop_hit@10 : 0.7421    unpop_hit@10 : 0.0268    precision@10 : 0.1664    pop_precision@10 : 0.1627    unpop_precision@10 : 0.0036
Sun 30 Nov 2025 12:03:58 INFO  Saving current: saved/FairLightGCN-Nov-30-2025_11-43-14.pth
Sun 30 Nov 2025 12:05:38 INFO  epoch 16 training [time: 99.63s, train loss: 967.5038]
Sun 30 Nov 2025 12:07:34 INFO  epoch 17 training [time: 115.80s, train loss: 976.6354]
Sun 30 Nov 2025 12:07:37 INFO  epoch 17 evaluating [time: 2.96s, valid_score: 0.407400]
Sun 30 Nov 2025 12:07:37 INFO  valid result: 
recall@10 : 0.1658    pop_recall@10 : 0.2158    unpop_recall@10 : 0.0073    mrr@10 : 0.4074    pop_mrr@10 : 0.4037    unpop_mrr@10 : 0.0076    ndcg@10 : 0.2247    pop_ndcg@10 : 0.2391    unpop_ndcg@10 : 0.0053    hit@10 : 0.7616    pop_hit@10 : 0.7543    unpop_hit@10 : 0.0296    precision@10 : 0.1717    pop_precision@10 : 0.1678    unpop_precision@10 : 0.004
Sun 30 Nov 2025 12:07:37 INFO  Saving current: saved/FairLightGCN-Nov-30-2025_11-43-14.pth
Sun 30 Nov 2025 12:09:36 INFO  epoch 18 training [time: 118.93s, train loss: 954.9875]
Sun 30 Nov 2025 12:11:50 INFO  epoch 19 training [time: 133.84s, train loss: 955.2626]
Sun 30 Nov 2025 12:11:55 INFO  epoch 19 evaluating [time: 5.66s, valid_score: 0.408600]
Sun 30 Nov 2025 12:11:55 INFO  valid result: 
recall@10 : 0.1691    pop_recall@10 : 0.2199    unpop_recall@10 : 0.0079    mrr@10 : 0.4086    pop_mrr@10 : 0.4047    unpop_mrr@10 : 0.0083    ndcg@10 : 0.2277    pop_ndcg@10 : 0.2422    unpop_ndcg@10 : 0.0057    hit@10 : 0.7652    pop_hit@10 : 0.7575    unpop_hit@10 : 0.0321    precision@10 : 0.1742    pop_precision@10 : 0.17    unpop_precision@10 : 0.0042
Sun 30 Nov 2025 12:11:56 INFO  Saving current: saved/FairLightGCN-Nov-30-2025_11-43-14.pth
Sun 30 Nov 2025 12:13:57 INFO  epoch 20 training [time: 121.69s, train loss: 959.6188]
Sun 30 Nov 2025 12:15:39 INFO  epoch 21 training [time: 101.59s, train loss: 931.6866]
Sun 30 Nov 2025 12:15:41 INFO  epoch 21 evaluating [time: 2.49s, valid_score: 0.410100]
Sun 30 Nov 2025 12:15:41 INFO  valid result: 
recall@10 : 0.1719    pop_recall@10 : 0.2236    unpop_recall@10 : 0.0085    mrr@10 : 0.4101    pop_mrr@10 : 0.406    unpop_mrr@10 : 0.0091    ndcg@10 : 0.2292    pop_ndcg@10 : 0.2437    unpop_ndcg@10 : 0.0062    hit@10 : 0.7705    pop_hit@10 : 0.7627    unpop_hit@10 : 0.0356    precision@10 : 0.1756    pop_precision@10 : 0.1709    unpop_precision@10 : 0.0047
Sun 30 Nov 2025 12:15:42 INFO  Saving current: saved/FairLightGCN-Nov-30-2025_11-43-14.pth
Sun 30 Nov 2025 12:17:47 INFO  epoch 22 training [time: 125.27s, train loss: 947.2222]
Sun 30 Nov 2025 12:20:00 INFO  epoch 23 training [time: 133.45s, train loss: 937.3004]
Sun 30 Nov 2025 12:20:05 INFO  epoch 23 evaluating [time: 5.17s, valid_score: 0.411200]
Sun 30 Nov 2025 12:20:05 INFO  valid result: 
recall@10 : 0.1736    pop_recall@10 : 0.2255    unpop_recall@10 : 0.0093    mrr@10 : 0.4112    pop_mrr@10 : 0.4067    unpop_mrr@10 : 0.0101    ndcg@10 : 0.2306    pop_ndcg@10 : 0.2448    unpop_ndcg@10 : 0.0067    hit@10 : 0.7735    pop_hit@10 : 0.7647    unpop_hit@10 : 0.0386    precision@10 : 0.1767    pop_precision@10 : 0.1716    unpop_precision@10 : 0.005
Sun 30 Nov 2025 12:20:06 INFO  Saving current: saved/FairLightGCN-Nov-30-2025_11-43-14.pth
Sun 30 Nov 2025 12:22:31 INFO  epoch 24 training [time: 145.54s, train loss: 910.7666]
Sun 30 Nov 2025 12:24:12 INFO  epoch 25 training [time: 100.58s, train loss: 931.1578]
Sun 30 Nov 2025 12:24:15 INFO  epoch 25 evaluating [time: 2.84s, valid_score: 0.411600]
Sun 30 Nov 2025 12:24:15 INFO  valid result: 
recall@10 : 0.1745    pop_recall@10 : 0.2266    unpop_recall@10 : 0.0094    mrr@10 : 0.4116    pop_mrr@10 : 0.4068    unpop_mrr@10 : 0.0105    ndcg@10 : 0.2311    pop_ndcg@10 : 0.2451    unpop_ndcg@10 : 0.007    hit@10 : 0.7765    pop_hit@10 : 0.7675    unpop_hit@10 : 0.0397    precision@10 : 0.1772    pop_precision@10 : 0.172    unpop_precision@10 : 0.0052
Sun 30 Nov 2025 12:24:15 INFO  Saving current: saved/FairLightGCN-Nov-30-2025_11-43-14.pth
Sun 30 Nov 2025 12:25:40 INFO  epoch 26 training [time: 85.21s, train loss: 938.9850]
Sun 30 Nov 2025 12:27:02 INFO  epoch 27 training [time: 82.43s, train loss: 930.5874]
Sun 30 Nov 2025 12:27:05 INFO  epoch 27 evaluating [time: 2.49s, valid_score: 0.411800]
Sun 30 Nov 2025 12:27:05 INFO  valid result: 
recall@10 : 0.1749    pop_recall@10 : 0.2271    unpop_recall@10 : 0.0093    mrr@10 : 0.4118    pop_mrr@10 : 0.4071    unpop_mrr@10 : 0.0104    ndcg@10 : 0.2316    pop_ndcg@10 : 0.2458    unpop_ndcg@10 : 0.0069    hit@10 : 0.7758    pop_hit@10 : 0.7674    unpop_hit@10 : 0.0397    precision@10 : 0.1776    pop_precision@10 : 0.1724    unpop_precision@10 : 0.0052
Sun 30 Nov 2025 12:27:05 INFO  Saving current: saved/FairLightGCN-Nov-30-2025_11-43-14.pth
Sun 30 Nov 2025 12:28:41 INFO  epoch 28 training [time: 95.90s, train loss: 917.5009]
Sun 30 Nov 2025 12:30:10 INFO  epoch 29 training [time: 89.48s, train loss: 922.6701]
Sun 30 Nov 2025 12:30:11 INFO  epoch 29 evaluating [time: 0.70s, valid_score: 0.412300]
Sun 30 Nov 2025 12:30:11 INFO  valid result: 
recall@10 : 0.1754    pop_recall@10 : 0.2266    unpop_recall@10 : 0.0103    mrr@10 : 0.4123    pop_mrr@10 : 0.4074    unpop_mrr@10 : 0.0112    ndcg@10 : 0.232    pop_ndcg@10 : 0.2457    unpop_ndcg@10 : 0.0075    hit@10 : 0.775    pop_hit@10 : 0.7656    unpop_hit@10 : 0.0435    precision@10 : 0.1777    pop_precision@10 : 0.172    unpop_precision@10 : 0.0057
Sun 30 Nov 2025 12:30:11 INFO  Saving current: saved/FairLightGCN-Nov-30-2025_11-43-14.pth
Sun 30 Nov 2025 12:31:00 INFO  epoch 30 training [time: 48.52s, train loss: 906.0606]
Sun 30 Nov 2025 12:31:48 INFO  epoch 31 training [time: 48.55s, train loss: 917.6842]
Sun 30 Nov 2025 12:31:49 INFO  epoch 31 evaluating [time: 0.61s, valid_score: 0.412400]
Sun 30 Nov 2025 12:31:49 INFO  valid result: 
recall@10 : 0.1764    pop_recall@10 : 0.2277    unpop_recall@10 : 0.0105    mrr@10 : 0.4124    pop_mrr@10 : 0.4072    unpop_mrr@10 : 0.0117    ndcg@10 : 0.2323    pop_ndcg@10 : 0.2459    unpop_ndcg@10 : 0.0077    hit@10 : 0.7768    pop_hit@10 : 0.7667    unpop_hit@10 : 0.0447    precision@10 : 0.1777    pop_precision@10 : 0.1719    unpop_precision@10 : 0.0058
Sun 30 Nov 2025 12:31:49 INFO  Saving current: saved/FairLightGCN-Nov-30-2025_11-43-14.pth
Sun 30 Nov 2025 12:32:37 INFO  epoch 32 training [time: 48.45s, train loss: 921.3984]
Sun 30 Nov 2025 12:33:26 INFO  epoch 33 training [time: 48.82s, train loss: 913.3227]
Sun 30 Nov 2025 12:33:27 INFO  epoch 33 evaluating [time: 0.62s, valid_score: 0.411400]
Sun 30 Nov 2025 12:33:27 INFO  valid result: 
recall@10 : 0.1762    pop_recall@10 : 0.227    unpop_recall@10 : 0.0112    mrr@10 : 0.4114    pop_mrr@10 : 0.4056    unpop_mrr@10 : 0.0126    ndcg@10 : 0.2321    pop_ndcg@10 : 0.2452    unpop_ndcg@10 : 0.0083    hit@10 : 0.7767    pop_hit@10 : 0.7652    unpop_hit@10 : 0.048    precision@10 : 0.1778    pop_precision@10 : 0.1716    unpop_precision@10 : 0.0063
Sun 30 Nov 2025 12:34:15 INFO  epoch 34 training [time: 48.27s, train loss: 936.5824]
Sun 30 Nov 2025 12:35:03 INFO  epoch 35 training [time: 48.22s, train loss: 923.9336]
Sun 30 Nov 2025 12:35:04 INFO  epoch 35 evaluating [time: 0.58s, valid_score: 0.411300]
Sun 30 Nov 2025 12:35:04 INFO  valid result: 
recall@10 : 0.176    pop_recall@10 : 0.2262    unpop_recall@10 : 0.0119    mrr@10 : 0.4113    pop_mrr@10 : 0.4055    unpop_mrr@10 : 0.013    ndcg@10 : 0.2318    pop_ndcg@10 : 0.2446    unpop_ndcg@10 : 0.0087    hit@10 : 0.7752    pop_hit@10 : 0.7636    unpop_hit@10 : 0.0507    precision@10 : 0.1775    pop_precision@10 : 0.1709    unpop_precision@10 : 0.0066
Sun 30 Nov 2025 12:35:52 INFO  epoch 36 training [time: 48.08s, train loss: 891.6655]
Sun 30 Nov 2025 12:36:40 INFO  epoch 37 training [time: 47.88s, train loss: 907.7392]
Sun 30 Nov 2025 12:36:41 INFO  epoch 37 evaluating [time: 0.59s, valid_score: 0.412500]
Sun 30 Nov 2025 12:36:41 INFO  valid result: 
recall@10 : 0.1771    pop_recall@10 : 0.227    unpop_recall@10 : 0.0124    mrr@10 : 0.4125    pop_mrr@10 : 0.4065    unpop_mrr@10 : 0.0133    ndcg@10 : 0.2329    pop_ndcg@10 : 0.2455    unpop_ndcg@10 : 0.009    hit@10 : 0.7768    pop_hit@10 : 0.7651    unpop_hit@10 : 0.0517    precision@10 : 0.1782    pop_precision@10 : 0.1715    unpop_precision@10 : 0.0068
Sun 30 Nov 2025 12:36:41 INFO  Saving current: saved/FairLightGCN-Nov-30-2025_11-43-14.pth
Sun 30 Nov 2025 12:37:29 INFO  epoch 38 training [time: 47.88s, train loss: 930.3756]
Sun 30 Nov 2025 12:38:17 INFO  epoch 39 training [time: 48.06s, train loss: 921.9027]
Sun 30 Nov 2025 12:38:17 INFO  epoch 39 evaluating [time: 0.60s, valid_score: 0.411900]
Sun 30 Nov 2025 12:38:17 INFO  valid result: 
recall@10 : 0.1767    pop_recall@10 : 0.2263    unpop_recall@10 : 0.0132    mrr@10 : 0.4119    pop_mrr@10 : 0.4054    unpop_mrr@10 : 0.0141    ndcg@10 : 0.2323    pop_ndcg@10 : 0.2446    unpop_ndcg@10 : 0.0095    hit@10 : 0.7776    pop_hit@10 : 0.7652    unpop_hit@10 : 0.0536    precision@10 : 0.1778    pop_precision@10 : 0.1707    unpop_precision@10 : 0.0071
Sun 30 Nov 2025 12:39:05 INFO  epoch 40 training [time: 47.85s, train loss: 917.1096]
Sun 30 Nov 2025 12:39:53 INFO  epoch 41 training [time: 48.32s, train loss: 927.7907]
Sun 30 Nov 2025 12:39:54 INFO  epoch 41 evaluating [time: 0.62s, valid_score: 0.413300]
Sun 30 Nov 2025 12:39:54 INFO  valid result: 
recall@10 : 0.1779    pop_recall@10 : 0.2278    unpop_recall@10 : 0.0132    mrr@10 : 0.4133    pop_mrr@10 : 0.4069    unpop_mrr@10 : 0.0141    ndcg@10 : 0.2333    pop_ndcg@10 : 0.2457    unpop_ndcg@10 : 0.0095    hit@10 : 0.7793    pop_hit@10 : 0.7672    unpop_hit@10 : 0.0536    precision@10 : 0.1784    pop_precision@10 : 0.1713    unpop_precision@10 : 0.0071
Sun 30 Nov 2025 12:39:54 INFO  Saving current: saved/FairLightGCN-Nov-30-2025_11-43-14.pth
Sun 30 Nov 2025 12:40:42 INFO  epoch 42 training [time: 47.92s, train loss: 898.2687]
Sun 30 Nov 2025 12:41:30 INFO  epoch 43 training [time: 48.09s, train loss: 920.2665]
Sun 30 Nov 2025 12:41:31 INFO  epoch 43 evaluating [time: 0.59s, valid_score: 0.411700]
Sun 30 Nov 2025 12:41:31 INFO  valid result: 
recall@10 : 0.1775    pop_recall@10 : 0.2269    unpop_recall@10 : 0.014    mrr@10 : 0.4117    pop_mrr@10 : 0.4053    unpop_mrr@10 : 0.0147    ndcg@10 : 0.233    pop_ndcg@10 : 0.2449    unpop_ndcg@10 : 0.01    hit@10 : 0.7773    pop_hit@10 : 0.7652    unpop_hit@10 : 0.0566    precision@10 : 0.1784    pop_precision@10 : 0.1709    unpop_precision@10 : 0.0075
Sun 30 Nov 2025 12:42:19 INFO  epoch 44 training [time: 47.75s, train loss: 929.3503]
Sun 30 Nov 2025 12:43:06 INFO  epoch 45 training [time: 47.50s, train loss: 934.5083]
Sun 30 Nov 2025 12:43:07 INFO  epoch 45 evaluating [time: 0.61s, valid_score: 0.412600]
Sun 30 Nov 2025 12:43:07 INFO  valid result: 
recall@10 : 0.1775    pop_recall@10 : 0.2268    unpop_recall@10 : 0.014    mrr@10 : 0.4126    pop_mrr@10 : 0.4058    unpop_mrr@10 : 0.015    ndcg@10 : 0.2333    pop_ndcg@10 : 0.2452    unpop_ndcg@10 : 0.0101    hit@10 : 0.778    pop_hit@10 : 0.7654    unpop_hit@10 : 0.0571    precision@10 : 0.1783    pop_precision@10 : 0.1708    unpop_precision@10 : 0.0074
Sun 30 Nov 2025 12:43:55 INFO  epoch 46 training [time: 48.74s, train loss: 962.6055]
Sun 30 Nov 2025 12:44:44 INFO  epoch 47 training [time: 48.79s, train loss: 959.8466]
Sun 30 Nov 2025 12:44:45 INFO  epoch 47 evaluating [time: 0.58s, valid_score: 0.412800]
Sun 30 Nov 2025 12:44:45 INFO  valid result: 
recall@10 : 0.1776    pop_recall@10 : 0.2268    unpop_recall@10 : 0.0143    mrr@10 : 0.4128    pop_mrr@10 : 0.406    unpop_mrr@10 : 0.0151    ndcg@10 : 0.2332    pop_ndcg@10 : 0.2451    unpop_ndcg@10 : 0.0102    hit@10 : 0.7785    pop_hit@10 : 0.7659    unpop_hit@10 : 0.0573    precision@10 : 0.1784    pop_precision@10 : 0.1709    unpop_precision@10 : 0.0075
Sun 30 Nov 2025 12:45:34 INFO  epoch 48 training [time: 48.95s, train loss: 944.6069]
Sun 30 Nov 2025 12:46:23 INFO  epoch 49 training [time: 49.09s, train loss: 956.3011]
Sun 30 Nov 2025 12:46:23 INFO  epoch 49 evaluating [time: 0.63s, valid_score: 0.413100]
Sun 30 Nov 2025 12:46:23 INFO  valid result: 
recall@10 : 0.1774    pop_recall@10 : 0.2261    unpop_recall@10 : 0.015    mrr@10 : 0.4131    pop_mrr@10 : 0.4061    unpop_mrr@10 : 0.0157    ndcg@10 : 0.2333    pop_ndcg@10 : 0.2447    unpop_ndcg@10 : 0.0107    hit@10 : 0.7783    pop_hit@10 : 0.7652    unpop_hit@10 : 0.0599    precision@10 : 0.1783    pop_precision@10 : 0.1704    unpop_precision@10 : 0.0079
Sun 30 Nov 2025 12:47:12 INFO  epoch 50 training [time: 48.84s, train loss: 955.2890]
Sun 30 Nov 2025 12:48:00 INFO  epoch 51 training [time: 48.06s, train loss: 970.0152]
Sun 30 Nov 2025 12:48:01 INFO  epoch 51 evaluating [time: 0.63s, valid_score: 0.414000]
Sun 30 Nov 2025 12:48:01 INFO  valid result: 
recall@10 : 0.1774    pop_recall@10 : 0.2262    unpop_recall@10 : 0.0148    mrr@10 : 0.414    pop_mrr@10 : 0.407    unpop_mrr@10 : 0.0156    ndcg@10 : 0.2335    pop_ndcg@10 : 0.2451    unpop_ndcg@10 : 0.0106    hit@10 : 0.777    pop_hit@10 : 0.7641    unpop_hit@10 : 0.0593    precision@10 : 0.1784    pop_precision@10 : 0.1706    unpop_precision@10 : 0.0077
Sun 30 Nov 2025 12:48:01 INFO  Saving current: saved/FairLightGCN-Nov-30-2025_11-43-14.pth
Sun 30 Nov 2025 12:48:48 INFO  epoch 52 training [time: 47.02s, train loss: 950.5031]
Sun 30 Nov 2025 12:49:34 INFO  epoch 53 training [time: 46.30s, train loss: 949.1195]
Sun 30 Nov 2025 12:49:35 INFO  epoch 53 evaluating [time: 0.51s, valid_score: 0.413100]
Sun 30 Nov 2025 12:49:35 INFO  valid result: 
recall@10 : 0.1774    pop_recall@10 : 0.2258    unpop_recall@10 : 0.0152    mrr@10 : 0.4131    pop_mrr@10 : 0.4058    unpop_mrr@10 : 0.0161    ndcg@10 : 0.2332    pop_ndcg@10 : 0.2444    unpop_ndcg@10 : 0.0109    hit@10 : 0.7778    pop_hit@10 : 0.7636    unpop_hit@10 : 0.0619    precision@10 : 0.178    pop_precision@10 : 0.17    unpop_precision@10 : 0.008
Sun 30 Nov 2025 12:50:22 INFO  epoch 54 training [time: 47.07s, train loss: 935.4421]
Sun 30 Nov 2025 12:51:10 INFO  epoch 55 training [time: 47.77s, train loss: 961.5544]
Sun 30 Nov 2025 12:51:10 INFO  epoch 55 evaluating [time: 0.59s, valid_score: 0.412200]
Sun 30 Nov 2025 12:51:10 INFO  valid result: 
recall@10 : 0.1775    pop_recall@10 : 0.2261    unpop_recall@10 : 0.0152    mrr@10 : 0.4122    pop_mrr@10 : 0.4047    unpop_mrr@10 : 0.0166    ndcg@10 : 0.2331    pop_ndcg@10 : 0.2441    unpop_ndcg@10 : 0.0111    hit@10 : 0.7778    pop_hit@10 : 0.7641    unpop_hit@10 : 0.0631    precision@10 : 0.1782    pop_precision@10 : 0.17    unpop_precision@10 : 0.0082
Sun 30 Nov 2025 12:51:59 INFO  epoch 56 training [time: 48.79s, train loss: 931.9232]
Sun 30 Nov 2025 12:52:48 INFO  epoch 57 training [time: 48.91s, train loss: 969.4529]
Sun 30 Nov 2025 12:52:49 INFO  epoch 57 evaluating [time: 0.59s, valid_score: 0.412100]
Sun 30 Nov 2025 12:52:49 INFO  valid result: 
recall@10 : 0.1776    pop_recall@10 : 0.226    unpop_recall@10 : 0.0154    mrr@10 : 0.4121    pop_mrr@10 : 0.4045    unpop_mrr@10 : 0.0166    ndcg@10 : 0.2331    pop_ndcg@10 : 0.2442    unpop_ndcg@10 : 0.0111    hit@10 : 0.7795    pop_hit@10 : 0.7651    unpop_hit@10 : 0.0629    precision@10 : 0.1784    pop_precision@10 : 0.1703    unpop_precision@10 : 0.0081
Sun 30 Nov 2025 12:53:37 INFO  epoch 58 training [time: 48.37s, train loss: 959.3436]
Sun 30 Nov 2025 12:54:26 INFO  epoch 59 training [time: 48.59s, train loss: 986.8727]
Sun 30 Nov 2025 12:54:26 INFO  epoch 59 evaluating [time: 0.60s, valid_score: 0.414900]
Sun 30 Nov 2025 12:54:26 INFO  valid result: 
recall@10 : 0.1772    pop_recall@10 : 0.2255    unpop_recall@10 : 0.0155    mrr@10 : 0.4149    pop_mrr@10 : 0.4076    unpop_mrr@10 : 0.0165    ndcg@10 : 0.2336    pop_ndcg@10 : 0.2447    unpop_ndcg@10 : 0.0111    hit@10 : 0.7783    pop_hit@10 : 0.7636    unpop_hit@10 : 0.0631    precision@10 : 0.1785    pop_precision@10 : 0.1704    unpop_precision@10 : 0.0081
Sun 30 Nov 2025 12:54:26 INFO  Saving current: saved/FairLightGCN-Nov-30-2025_11-43-14.pth
Sun 30 Nov 2025 12:55:15 INFO  epoch 60 training [time: 48.74s, train loss: 959.5502]
Sun 30 Nov 2025 12:56:04 INFO  epoch 61 training [time: 48.40s, train loss: 955.2036]
Sun 30 Nov 2025 12:56:04 INFO  epoch 61 evaluating [time: 0.60s, valid_score: 0.415800]
Sun 30 Nov 2025 12:56:04 INFO  valid result: 
recall@10 : 0.1778    pop_recall@10 : 0.2261    unpop_recall@10 : 0.0159    mrr@10 : 0.4158    pop_mrr@10 : 0.4081    unpop_mrr@10 : 0.017    ndcg@10 : 0.2343    pop_ndcg@10 : 0.2452    unpop_ndcg@10 : 0.0114    hit@10 : 0.778    pop_hit@10 : 0.7631    unpop_hit@10 : 0.0649    precision@10 : 0.1791    pop_precision@10 : 0.1706    unpop_precision@10 : 0.0084
Sun 30 Nov 2025 12:56:04 INFO  Saving current: saved/FairLightGCN-Nov-30-2025_11-43-14.pth
Sun 30 Nov 2025 12:56:53 INFO  epoch 62 training [time: 48.29s, train loss: 956.2606]
Sun 30 Nov 2025 12:57:41 INFO  epoch 63 training [time: 48.10s, train loss: 960.7809]
Sun 30 Nov 2025 12:57:41 INFO  epoch 63 evaluating [time: 0.60s, valid_score: 0.413700]
Sun 30 Nov 2025 12:57:41 INFO  valid result: 
recall@10 : 0.1779    pop_recall@10 : 0.2258    unpop_recall@10 : 0.0167    mrr@10 : 0.4137    pop_mrr@10 : 0.4059    unpop_mrr@10 : 0.0172    ndcg@10 : 0.2338    pop_ndcg@10 : 0.2445    unpop_ndcg@10 : 0.0117    hit@10 : 0.7788    pop_hit@10 : 0.7637    unpop_hit@10 : 0.0659    precision@10 : 0.1789    pop_precision@10 : 0.1703    unpop_precision@10 : 0.0086
Sun 30 Nov 2025 12:58:29 INFO  epoch 64 training [time: 47.85s, train loss: 951.6292]
Sun 30 Nov 2025 12:59:17 INFO  epoch 65 training [time: 48.34s, train loss: 963.7813]
Sun 30 Nov 2025 12:59:18 INFO  epoch 65 evaluating [time: 0.62s, valid_score: 0.414200]
Sun 30 Nov 2025 12:59:18 INFO  valid result: 
recall@10 : 0.1783    pop_recall@10 : 0.2265    unpop_recall@10 : 0.0163    mrr@10 : 0.4142    pop_mrr@10 : 0.4062    unpop_mrr@10 : 0.0172    ndcg@10 : 0.2343    pop_ndcg@10 : 0.245    unpop_ndcg@10 : 0.0116    hit@10 : 0.7791    pop_hit@10 : 0.7637    unpop_hit@10 : 0.0651    precision@10 : 0.1795    pop_precision@10 : 0.1711    unpop_precision@10 : 0.0084
Sun 30 Nov 2025 13:00:06 INFO  epoch 66 training [time: 48.01s, train loss: 990.5601]
Sun 30 Nov 2025 13:00:55 INFO  epoch 67 training [time: 48.72s, train loss: 981.7299]
Sun 30 Nov 2025 13:00:55 INFO  epoch 67 evaluating [time: 0.62s, valid_score: 0.413900]
Sun 30 Nov 2025 13:00:55 INFO  valid result: 
recall@10 : 0.1778    pop_recall@10 : 0.2257    unpop_recall@10 : 0.0166    mrr@10 : 0.4139    pop_mrr@10 : 0.4055    unpop_mrr@10 : 0.018    ndcg@10 : 0.2336    pop_ndcg@10 : 0.2439    unpop_ndcg@10 : 0.012    hit@10 : 0.7798    pop_hit@10 : 0.7641    unpop_hit@10 : 0.0677    precision@10 : 0.1788    pop_precision@10 : 0.17    unpop_precision@10 : 0.0089
Sun 30 Nov 2025 13:01:44 INFO  epoch 68 training [time: 48.59s, train loss: 957.1098]
Sun 30 Nov 2025 13:02:32 INFO  epoch 69 training [time: 48.23s, train loss: 946.7934]
Sun 30 Nov 2025 13:02:33 INFO  epoch 69 evaluating [time: 0.59s, valid_score: 0.413100]
Sun 30 Nov 2025 13:02:33 INFO  valid result: 
recall@10 : 0.178    pop_recall@10 : 0.2262    unpop_recall@10 : 0.0167    mrr@10 : 0.4131    pop_mrr@10 : 0.4047    unpop_mrr@10 : 0.018    ndcg@10 : 0.2335    pop_ndcg@10 : 0.244    unpop_ndcg@10 : 0.012    hit@10 : 0.7795    pop_hit@10 : 0.7639    unpop_hit@10 : 0.0671    precision@10 : 0.179    pop_precision@10 : 0.1702    unpop_precision@10 : 0.0088
Sun 30 Nov 2025 13:03:22 INFO  epoch 70 training [time: 48.92s, train loss: 981.1702]
Sun 30 Nov 2025 13:04:10 INFO  epoch 71 training [time: 48.59s, train loss: 980.1594]
Sun 30 Nov 2025 13:04:11 INFO  epoch 71 evaluating [time: 0.59s, valid_score: 0.413800]
Sun 30 Nov 2025 13:04:11 INFO  valid result: 
recall@10 : 0.1774    pop_recall@10 : 0.2252    unpop_recall@10 : 0.0167    mrr@10 : 0.4138    pop_mrr@10 : 0.4053    unpop_mrr@10 : 0.0182    ndcg@10 : 0.2333    pop_ndcg@10 : 0.2436    unpop_ndcg@10 : 0.012    hit@10 : 0.7786    pop_hit@10 : 0.7626    unpop_hit@10 : 0.0669    precision@10 : 0.1785    pop_precision@10 : 0.1698    unpop_precision@10 : 0.0087
Sun 30 Nov 2025 13:04:59 INFO  epoch 72 training [time: 48.39s, train loss: 948.5479]
Sun 30 Nov 2025 13:05:48 INFO  epoch 73 training [time: 48.17s, train loss: 962.8219]
Sun 30 Nov 2025 13:05:48 INFO  epoch 73 evaluating [time: 0.58s, valid_score: 0.412500]
Sun 30 Nov 2025 13:05:48 INFO  valid result: 
recall@10 : 0.1771    pop_recall@10 : 0.2249    unpop_recall@10 : 0.0167    mrr@10 : 0.4125    pop_mrr@10 : 0.4039    unpop_mrr@10 : 0.0184    ndcg@10 : 0.2328    pop_ndcg@10 : 0.2431    unpop_ndcg@10 : 0.0122    hit@10 : 0.7795    pop_hit@10 : 0.7641    unpop_hit@10 : 0.0674    precision@10 : 0.1781    pop_precision@10 : 0.1693    unpop_precision@10 : 0.0088
Sun 30 Nov 2025 13:06:37 INFO  epoch 74 training [time: 48.74s, train loss: 975.7115]
Sun 30 Nov 2025 13:07:26 INFO  epoch 75 training [time: 48.77s, train loss: 964.3532]
Sun 30 Nov 2025 13:07:26 INFO  epoch 75 evaluating [time: 0.59s, valid_score: 0.412500]
Sun 30 Nov 2025 13:07:26 INFO  valid result: 
recall@10 : 0.1768    pop_recall@10 : 0.2243    unpop_recall@10 : 0.0169    mrr@10 : 0.4125    pop_mrr@10 : 0.4039    unpop_mrr@10 : 0.0184    ndcg@10 : 0.2328    pop_ndcg@10 : 0.2429    unpop_ndcg@10 : 0.0122    hit@10 : 0.7783    pop_hit@10 : 0.7623    unpop_hit@10 : 0.0679    precision@10 : 0.178    pop_precision@10 : 0.1692    unpop_precision@10 : 0.0089
Sun 30 Nov 2025 13:08:15 INFO  epoch 76 training [time: 48.42s, train loss: 957.0783]
Sun 30 Nov 2025 13:09:03 INFO  epoch 77 training [time: 48.71s, train loss: 960.7746]
Sun 30 Nov 2025 13:09:04 INFO  epoch 77 evaluating [time: 0.58s, valid_score: 0.413100]
Sun 30 Nov 2025 13:09:04 INFO  valid result: 
recall@10 : 0.1772    pop_recall@10 : 0.2244    unpop_recall@10 : 0.0174    mrr@10 : 0.4131    pop_mrr@10 : 0.4044    unpop_mrr@10 : 0.0187    ndcg@10 : 0.233    pop_ndcg@10 : 0.2429    unpop_ndcg@10 : 0.0125    hit@10 : 0.7813    pop_hit@10 : 0.7649    unpop_hit@10 : 0.0695    precision@10 : 0.1784    pop_precision@10 : 0.1693    unpop_precision@10 : 0.0091
Sun 30 Nov 2025 13:09:53 INFO  epoch 78 training [time: 48.72s, train loss: 958.3178]
Sun 30 Nov 2025 13:10:41 INFO  epoch 79 training [time: 48.53s, train loss: 951.1039]
Sun 30 Nov 2025 13:10:42 INFO  epoch 79 evaluating [time: 0.58s, valid_score: 0.413000]
Sun 30 Nov 2025 13:10:42 INFO  valid result: 
recall@10 : 0.1774    pop_recall@10 : 0.2248    unpop_recall@10 : 0.0176    mrr@10 : 0.413    pop_mrr@10 : 0.4037    unpop_mrr@10 : 0.0195    ndcg@10 : 0.2332    pop_ndcg@10 : 0.2428    unpop_ndcg@10 : 0.0128    hit@10 : 0.7833    pop_hit@10 : 0.7664    unpop_hit@10 : 0.0709    precision@10 : 0.1787    pop_precision@10 : 0.1694    unpop_precision@10 : 0.0093
Sun 30 Nov 2025 13:11:30 INFO  epoch 80 training [time: 48.23s, train loss: 957.2035]
Sun 30 Nov 2025 13:12:18 INFO  epoch 81 training [time: 48.38s, train loss: 986.1362]
Sun 30 Nov 2025 13:12:19 INFO  epoch 81 evaluating [time: 0.62s, valid_score: 0.412100]
Sun 30 Nov 2025 13:12:19 INFO  valid result: 
recall@10 : 0.1773    pop_recall@10 : 0.2246    unpop_recall@10 : 0.0173    mrr@10 : 0.4121    pop_mrr@10 : 0.403    unpop_mrr@10 : 0.019    ndcg@10 : 0.2329    pop_ndcg@10 : 0.2429    unpop_ndcg@10 : 0.0124    hit@10 : 0.7813    pop_hit@10 : 0.7649    unpop_hit@10 : 0.0682    precision@10 : 0.1786    pop_precision@10 : 0.1698    unpop_precision@10 : 0.0088
Sun 30 Nov 2025 13:13:07 INFO  epoch 82 training [time: 48.00s, train loss: 964.6425]
Sun 30 Nov 2025 13:13:56 INFO  epoch 83 training [time: 48.82s, train loss: 945.3385]
Sun 30 Nov 2025 13:13:56 INFO  epoch 83 evaluating [time: 0.58s, valid_score: 0.413500]
Sun 30 Nov 2025 13:13:56 INFO  valid result: 
recall@10 : 0.1767    pop_recall@10 : 0.2233    unpop_recall@10 : 0.0177    mrr@10 : 0.4135    pop_mrr@10 : 0.4041    unpop_mrr@10 : 0.0197    ndcg@10 : 0.2331    pop_ndcg@10 : 0.2426    unpop_ndcg@10 : 0.0128    hit@10 : 0.779    pop_hit@10 : 0.7619    unpop_hit@10 : 0.0707    precision@10 : 0.1785    pop_precision@10 : 0.1694    unpop_precision@10 : 0.0091
Sun 30 Nov 2025 13:13:56 INFO  Finished training, best eval result in epoch 61
Sun 30 Nov 2025 13:13:56 INFO  Loading model structure and parameters from saved/FairLightGCN-Nov-30-2025_11-43-14.pth
Sun 30 Nov 2025 13:13:57 INFO  count    1455.000000
mean       41.512027
std        75.624559
min         1.000000
25%         3.000000
50%        11.000000
75%        45.000000
max       672.000000
dtype: float64
Sun 30 Nov 2025 13:13:58 INFO  The running environment of this training is as follows:
+-------------+-----------------+
| Environment |      Usage      |
+=============+=================+
| CPU         |     18.00 %     |
+-------------+-----------------+
| GPU         | 0.29 G/47.53 G  |
+-------------+-----------------+
| Memory      | 1.98 G/251.48 G |
+-------------+-----------------+
Sun 30 Nov 2025 13:13:58 INFO  best valid : OrderedDict([('recall@10', 0.1778), ('pop_recall@10', 0.2261), ('unpop_recall@10', 0.0159), ('mrr@10', 0.4158), ('pop_mrr@10', 0.4081), ('unpop_mrr@10', 0.017), ('ndcg@10', 0.2343), ('pop_ndcg@10', 0.2452), ('unpop_ndcg@10', 0.0114), ('hit@10', 0.778), ('pop_hit@10', 0.7631), ('unpop_hit@10', 0.0649), ('precision@10', 0.1791), ('pop_precision@10', 0.1706), ('unpop_precision@10', 0.0084)])
Sun 30 Nov 2025 13:13:58 INFO  test result: OrderedDict([('recall@10', 0.19926006622516557), ('pop_recall@10', 0.25157004966887414), ('unpop_recall@10', 0.02128486754966888), ('mrr@10', 0.49359710264900664), ('pop_mrr@10', 0.4832174668874172), ('unpop_mrr@10', 0.0248339238410596), ('ndcg@10', 0.29428266556291394), ('pop_ndcg@10', 0.30258109271523176), ('unpop_ndcg@10', 0.016653112582781456), ('hit@10', 0.8003311258278145), ('pop_hit@10', 0.7847682119205298), ('unpop_hit@10', 0.0837748344370861), ('precision@10', 0.2240562913907285), ('pop_precision@10', 0.212317880794702), ('unpop_precision@10', 0.011738410596026492)])
