Sun 30 Nov 2025 17:39:35 INFO  ['run_recbole.py', '--model', 'FairLightGCN', '--dataset', 'ml-1m', '--item_rq_loss_rate', '0.5', '--enable_user_loss', 'False', '--cl_rate', '0.2', '--pop_rate', '0.1', '--item_loss_type', 'full', '--gpu_ids', '2']
Sun 30 Nov 2025 17:39:35 INFO  
General Hyper Parameters:
gpu_id = 0
use_gpu = True
seed = 2020
state = INFO
reproducibility = True
data_path = dataset/ml-1m
checkpoint_dir = saved
show_progress = True
save_dataset = False
dataset_save_path = None
save_dataloaders = False
dataloaders_save_path = None
log_wandb = False

Training Hyper Parameters:
epochs = 100
train_batch_size = 1024
learner = adam
learning_rate = 0.001
train_neg_sample_args = {'distribution': 'uniform', 'sample_num': 1, 'alpha': 1.0, 'dynamic': False, 'candidate_num': 0}
eval_step = 2
stopping_step = 10
clip_grad_norm = None
weight_decay = 0.0
loss_decimal_place = 4

Evaluation Hyper Parameters:
eval_args = {'split': {'RS': [0.8, 0.1, 0.1]}, 'order': 'RO', 'group_by': 'user', 'mode': {'valid': 'full', 'test': 'full'}}
repeatable = False
metrics = ['Recall', 'MRR', 'NDCG', 'Hit', 'Precision']
topk = [10]
valid_metric = MRR@10
valid_metric_bigger = True
eval_batch_size = 102400
metric_decimal_place = 4

Dataset Hyper Parameters:
train_batch_size = 1024
eval_batch_size = 102400
field_separator = 	
seq_separator =  
USER_ID_FIELD = user_id
ITEM_ID_FIELD = item_id
RATING_FIELD = rating
TIME_FIELD = timestamp
seq_len = None
LABEL_FIELD = label
threshold = None
NEG_PREFIX = neg_
load_col = {'inter': ['user_id', 'item_id', 'rating', 'timestamp'], 'user': ['user_id', 'age', 'gender', 'occupation'], 'item': ['item_id', 'release_year', 'genre']}
unload_col = None
unused_col = None
additional_feat_suffix = None
rm_dup_inter = None
val_interval = None
filter_inter_by_user_or_item = True
user_inter_num_interval = None
item_inter_num_interval = None
alias_of_user_id = None
alias_of_item_id = None
alias_of_entity_id = None
alias_of_relation_id = None
preload_weight = None
normalize_field = None
normalize_all = True
ITEM_LIST_LENGTH_FIELD = item_length
LIST_SUFFIX = _list
MAX_ITEM_LIST_LENGTH = 50
POSITION_FIELD = position_id
HEAD_ENTITY_ID_FIELD = head_id
TAIL_ENTITY_ID_FIELD = tail_id
RELATION_ID_FIELD = relation_id
ENTITY_ID_FIELD = entity_id
kg_reverse_r = False
entity_kg_num_interval = None
relation_kg_num_interval = None
benchmark_filename = None
save_single_user = True
save_base_path = output
attr = {'user': {'need_inter_num': True, 'need_inter_hour': True, 'need_rating': True, 'need_item_genre': True, 'need_item_year': True, 'need_zipcode_to_region': True}, 'item': {'need_inter_num': True, 'need_inter_hour': True, 'need_rating': True, 'need_age': True, 'need_gender': True, 'need_occupation': True, 'need_region': True}, 'interaction': {'timestamp_unit': 's'}}
to_bin = {'user': {'mean_rating': {'n_bins': 5}, 'interaction_nums': {'n_bins': 5}}, 'item': {'mean_rating': {'n_bins': 5}, 'interaction_nums': {'n_bins': 5}}}

Other Hyper Parameters: 
worker = 0
wandb_project = recbole
shuffle = True
require_pow = False
enable_amp = False
enable_scaler = False
transform = None
export_topk_recs = True
export_topk_dir = None
export_topk_filename = None
export_topk_item_separator = None
export_topk_separate_columns = None
embedding_size = 64
n_layers = 2
reg_weight = 1e-05
numerical_features = []
discretization = None
MODEL_TYPE = ModelType.GENERAL
MODEL_INPUT_TYPE = InputType.PAIRWISE
eval_type = EvaluatorType.RANKING
single_spec = True
local_rank = 0
device = cuda
valid_neg_sample_args = {'distribution': 'uniform', 'sample_num': 'none'}
test_neg_sample_args = {'distribution': 'uniform', 'sample_num': 'none'}
nproc = 1
ip = localhost
port = 5678
world_size = -1
group_offset = 0
gpu_ids = 2
cl_rate = 0.2
enable_user_loss = True
item_loss_type = full
item_rq_loss_rate = 0.5
beta = 0.2
log_type = fair
pop_rate = 0.1
gama = 0.2


Sun 30 Nov 2025 17:39:38 INFO  ml-1m
The number of users: 6041
Average actions of users: 165.5975165562914
The number of items: 3884
Average actions of items: 269.88909875876953
The number of inters: 1000209
The sparsity of the dataset: 95.73712398848173%
Remain Fields: ['user_id', 'item_id', 'rating', 'timestamp', 'age', 'gender', 'occupation', 'release_year', 'genre']
Sun 30 Nov 2025 17:39:41 INFO  [Training]: train_batch_size = [1024] train_neg_sample_args: [{'distribution': 'uniform', 'sample_num': 1, 'alpha': 1.0, 'dynamic': False, 'candidate_num': 0}]
Sun 30 Nov 2025 17:39:41 INFO  [Evaluation]: eval_batch_size = [102400] eval_args: [{'split': {'RS': [0.8, 0.1, 0.1]}, 'order': 'RO', 'group_by': 'user', 'mode': {'valid': 'full', 'test': 'full'}}]
Sun 30 Nov 2025 17:39:41 INFO  FairLightGCN(
  (user_embedding): Embedding(6041, 64)
  (item_embedding): Embedding(3884, 64)
  (mf_loss): BPRLoss()
  (reg_loss): EmbLoss()
  (rq_model_item): RQVAE(
    (encoder): MLPLayers(
      (mlp_layers): Sequential(
        (0): Dropout(p=0, inplace=False)
        (1): Linear(in_features=192, out_features=64, bias=True)
        (2): Sigmoid()
        (3): Dropout(p=0, inplace=False)
        (4): Linear(in_features=64, out_features=32, bias=True)
        (5): Sigmoid()
        (6): Dropout(p=0, inplace=False)
        (7): Linear(in_features=32, out_features=16, bias=True)
      )
    )
    (rq): ResidualVectorQuantizer(
      (vq_layers): ModuleList(
        (0-2): 3 x VectorQuantizer(
          (embedding): Embedding(8, 16)
        )
      )
    )
    (decoder): MLPLayers(
      (mlp_layers): Sequential(
        (0): Dropout(p=0, inplace=False)
        (1): Linear(in_features=16, out_features=32, bias=True)
        (2): Sigmoid()
        (3): Dropout(p=0, inplace=False)
        (4): Linear(in_features=32, out_features=64, bias=True)
        (5): Sigmoid()
        (6): Dropout(p=0, inplace=False)
        (7): Linear(in_features=64, out_features=192, bias=True)
      )
    )
    (W_gate): Linear(in_features=192, out_features=192, bias=True)
  )
  (rq_model_user): RQVAE(
    (encoder): MLPLayers(
      (mlp_layers): Sequential(
        (0): Dropout(p=0, inplace=False)
        (1): Linear(in_features=256, out_features=64, bias=True)
        (2): Sigmoid()
        (3): Dropout(p=0, inplace=False)
        (4): Linear(in_features=64, out_features=32, bias=True)
        (5): Sigmoid()
        (6): Dropout(p=0, inplace=False)
        (7): Linear(in_features=32, out_features=16, bias=True)
      )
    )
    (rq): ResidualVectorQuantizer(
      (vq_layers): ModuleList(
        (0-2): 3 x VectorQuantizer(
          (embedding): Embedding(8, 16)
        )
      )
    )
    (decoder): MLPLayers(
      (mlp_layers): Sequential(
        (0): Dropout(p=0, inplace=False)
        (1): Linear(in_features=16, out_features=32, bias=True)
        (2): Sigmoid()
        (3): Dropout(p=0, inplace=False)
        (4): Linear(in_features=32, out_features=64, bias=True)
        (5): Sigmoid()
        (6): Dropout(p=0, inplace=False)
        (7): Linear(in_features=64, out_features=256, bias=True)
      )
    )
    (W_gate): Linear(in_features=256, out_features=256, bias=True)
  )
)
Trainable parameters: 807264
Sun 30 Nov 2025 17:39:41 INFO  FLOPs: 0.0
Sun 30 Nov 2025 17:40:30 INFO  epoch 0 training [time: 48.52s, train loss: 1202.9082]
Sun 30 Nov 2025 17:41:18 INFO  epoch 1 training [time: 47.51s, train loss: 1127.5531]
Sun 30 Nov 2025 17:41:18 INFO  epoch 1 evaluating [time: 0.50s, valid_score: 0.276400]
Sun 30 Nov 2025 17:41:18 INFO  valid result: 
recall@10 : 0.1121    pop_recall@10 : 0.1011    unpop_recall@10 : 0.0927    mrr@10 : 0.2764    pop_mrr@10 : 0.1432    unpop_mrr@10 : 0.1559    ndcg@10 : 0.137    pop_ndcg@10 : 0.0813    unpop_ndcg@10 : 0.0874    hit@10 : 0.618    pop_hit@10 : 0.3583    unpop_hit@10 : 0.3755    precision@10 : 0.1021    pop_precision@10 : 0.0463    unpop_precision@10 : 0.0558
Sun 30 Nov 2025 17:41:18 INFO  Saving current: saved/FairLightGCN-Nov-30-2025_17-39-41.pth
Sun 30 Nov 2025 17:42:06 INFO  epoch 2 training [time: 47.76s, train loss: 1130.2061]
Sun 30 Nov 2025 17:42:54 INFO  epoch 3 training [time: 47.88s, train loss: 1157.5395]
Sun 30 Nov 2025 17:42:54 INFO  epoch 3 evaluating [time: 0.48s, valid_score: 0.259400]
Sun 30 Nov 2025 17:42:54 INFO  valid result: 
recall@10 : 0.1053    pop_recall@10 : 0.0909    unpop_recall@10 : 0.0923    mrr@10 : 0.2594    pop_mrr@10 : 0.127    unpop_mrr@10 : 0.1524    ndcg@10 : 0.1277    pop_ndcg@10 : 0.0722    unpop_ndcg@10 : 0.0859    hit@10 : 0.5901    pop_hit@10 : 0.3291    unpop_hit@10 : 0.3632    precision@10 : 0.0944    pop_precision@10 : 0.041    unpop_precision@10 : 0.0535
Sun 30 Nov 2025 17:43:43 INFO  epoch 4 training [time: 48.60s, train loss: 1168.8835]
Sun 30 Nov 2025 17:44:30 INFO  epoch 5 training [time: 47.44s, train loss: 1184.0401]
Sun 30 Nov 2025 17:44:31 INFO  epoch 5 evaluating [time: 0.52s, valid_score: 0.260000]
Sun 30 Nov 2025 17:44:31 INFO  valid result: 
recall@10 : 0.1035    pop_recall@10 : 0.0861    unpop_recall@10 : 0.0937    mrr@10 : 0.26    pop_mrr@10 : 0.1227    unpop_mrr@10 : 0.1565    ndcg@10 : 0.127    pop_ndcg@10 : 0.0689    unpop_ndcg@10 : 0.088    hit@10 : 0.5823    pop_hit@10 : 0.3142    unpop_hit@10 : 0.3662    precision@10 : 0.0936    pop_precision@10 : 0.0389    unpop_precision@10 : 0.0547
Sun 30 Nov 2025 17:45:19 INFO  epoch 6 training [time: 47.76s, train loss: 1171.1423]
Sun 30 Nov 2025 17:46:07 INFO  epoch 7 training [time: 47.80s, train loss: 1171.7044]
Sun 30 Nov 2025 17:46:07 INFO  epoch 7 evaluating [time: 0.50s, valid_score: 0.266300]
Sun 30 Nov 2025 17:46:07 INFO  valid result: 
recall@10 : 0.1055    pop_recall@10 : 0.0881    unpop_recall@10 : 0.0946    mrr@10 : 0.2663    pop_mrr@10 : 0.1281    unpop_mrr@10 : 0.1584    ndcg@10 : 0.131    pop_ndcg@10 : 0.0715    unpop_ndcg@10 : 0.0894    hit@10 : 0.5901    pop_hit@10 : 0.3232    unpop_hit@10 : 0.3717    precision@10 : 0.0969    pop_precision@10 : 0.0405    unpop_precision@10 : 0.0564
