Sun 14 Dec 2025 11:51:14 INFO  ['run_recbole.py', '--model', 'FairLightGCN', '--dataset', 'ml-1m', '--cl_rate', '0.0', '--pop_rate', '0.1', '--gpu_ids', '1']
Sun 14 Dec 2025 11:51:14 INFO  
General Hyper Parameters:
gpu_id = 0
use_gpu = True
seed = 2020
state = INFO
reproducibility = True
data_path = dataset/ml-1m
checkpoint_dir = saved
show_progress = True
save_dataset = False
dataset_save_path = None
save_dataloaders = False
dataloaders_save_path = None
log_wandb = False

Training Hyper Parameters:
epochs = 1000
train_batch_size = 1024
learner = adam
learning_rate = 0.001
train_neg_sample_args = {'distribution': 'uniform', 'sample_num': 1, 'alpha': 1.0, 'dynamic': False, 'candidate_num': 0}
eval_step = 2
stopping_step = 10
clip_grad_norm = None
weight_decay = 0.0
loss_decimal_place = 4

Evaluation Hyper Parameters:
eval_args = {'split': {'RS': [0.8, 0.1, 0.1]}, 'order': 'RO', 'group_by': 'user', 'mode': {'valid': 'full', 'test': 'full'}}
repeatable = False
metrics = ['Recall', 'MRR', 'NDCG', 'Hit', 'Precision']
topk = [10]
valid_metric = ['NDCG@10', 'UNPOP_NDCG@10']
valid_metric_bigger = True
eval_batch_size = 102400
metric_decimal_place = 4

Dataset Hyper Parameters:
train_batch_size = 1024
eval_batch_size = 102400
field_separator = 	
seq_separator =  
USER_ID_FIELD = user_id
ITEM_ID_FIELD = item_id
RATING_FIELD = rating
TIME_FIELD = timestamp
seq_len = None
LABEL_FIELD = label
threshold = None
NEG_PREFIX = neg_
numerical_features = ['popularity']
load_col = {'inter': ['user_id', 'item_id', 'rating', 'timestamp'], 'user': ['user_id', 'age', 'gender', 'occupation'], 'item': ['item_id', 'release_year', 'genre', 'popularity']}
unload_col = None
unused_col = None
additional_feat_suffix = None
rm_dup_inter = None
val_interval = None
filter_inter_by_user_or_item = True
user_inter_num_interval = None
item_inter_num_interval = None
alias_of_user_id = None
alias_of_item_id = None
alias_of_entity_id = None
alias_of_relation_id = None
preload_weight = None
normalize_field = ['timestamp', 'rating']
normalize_all = False
discretization = {'popularity': {'method': 'LD', 'bucket': 10}}
ITEM_LIST_LENGTH_FIELD = item_length
LIST_SUFFIX = _list
MAX_ITEM_LIST_LENGTH = 50
POSITION_FIELD = position_id
HEAD_ENTITY_ID_FIELD = head_id
TAIL_ENTITY_ID_FIELD = tail_id
RELATION_ID_FIELD = relation_id
ENTITY_ID_FIELD = entity_id
kg_reverse_r = False
entity_kg_num_interval = None
relation_kg_num_interval = None
benchmark_filename = None
save_single_user = True
save_base_path = output
attr = {'user': {'need_inter_num': True, 'need_inter_hour': True, 'need_rating': True, 'need_item_genre': True, 'need_item_year': True, 'need_zipcode_to_region': True}, 'item': {'need_inter_num': True, 'need_inter_hour': True, 'need_rating': True, 'need_age': True, 'need_gender': True, 'need_occupation': True, 'need_region': True}, 'interaction': {'timestamp_unit': 's'}}
to_bin = {'user': {'mean_rating': {'n_bins': 5}, 'interaction_nums': {'n_bins': 5}}, 'item': {'mean_rating': {'n_bins': 5}, 'interaction_nums': {'n_bins': 5}}}

Other Hyper Parameters: 
worker = 0
wandb_project = recbole
shuffle = True
require_pow = False
enable_amp = False
enable_scaler = False
transform = None
export_topk_recs = True
export_topk_dir = None
export_topk_filename = None
export_topk_item_separator = None
export_topk_separate_columns = None
embedding_size = 64
n_layers = 2
reg_weight = 1e-05
MODEL_TYPE = ModelType.GENERAL
MODEL_INPUT_TYPE = InputType.PAIRWISE
eval_type = EvaluatorType.RANKING
single_spec = True
local_rank = 0
device = cuda
valid_neg_sample_args = {'distribution': 'uniform', 'sample_num': 'none'}
test_neg_sample_args = {'distribution': 'uniform', 'sample_num': 'none'}
nproc = 1
ip = localhost
port = 5678
world_size = -1
group_offset = 0
gpu_ids = 1
cl_rate = 0.0
enable_user_loss = True
item_rq_loss_rate = 0
beta = 0.2
log_type = fair
pop_rate = 0.1
gama = 0.2
mode = train
pop_loss_rate = 0.2


Sun 14 Dec 2025 11:51:19 INFO  ml-1m
The number of users: 6041
Average actions of users: 165.5975165562914
The number of items: 3884
Average actions of items: 269.88909875876953
The number of inters: 1000209
The sparsity of the dataset: 95.73712398848173%
Remain Fields: ['user_id', 'item_id', 'rating', 'timestamp', 'age', 'gender', 'occupation', 'release_year', 'genre', 'popularity']
Sun 14 Dec 2025 11:51:25 INFO  [Training]: train_batch_size = [1024] train_neg_sample_args: [{'distribution': 'uniform', 'sample_num': 1, 'alpha': 1.0, 'dynamic': False, 'candidate_num': 0}]
Sun 14 Dec 2025 11:51:25 INFO  [Evaluation]: eval_batch_size = [102400] eval_args: [{'split': {'RS': [0.8, 0.1, 0.1]}, 'order': 'RO', 'group_by': 'user', 'mode': {'valid': 'full', 'test': 'full'}}]
Sun 14 Dec 2025 11:51:26 INFO  FairLightGCN(
  (user_embedding): Embedding(6041, 64)
  (item_embedding): Embedding(3884, 64)
  (mf_loss): BPRLoss()
  (reg_loss): EmbLoss()
  (item_extra_embedding): ModuleDict(
    (release_year): Embedding(82, 64)
    (genre): Embedding(19, 64)
    (popularity): Embedding(67, 64)
  )
  (user_extra_embedding): ModuleDict(
    (age): Embedding(8, 64)
    (gender): Embedding(3, 64)
    (occupation): Embedding(22, 64)
  )
  (fusion_side_info): Sequential(
    (0): MLPLayers(
      (mlp_layers): Sequential(
        (0): Dropout(p=0.2, inplace=False)
        (1): Linear(in_features=128, out_features=64, bias=True)
      )
    )
    (1): LayerNorm((64,), eps=1e-05, elementwise_affine=True)
  )
  (side_info_ln): LayerNorm((64,), eps=1e-05, elementwise_affine=True)
  (fusion_side_info_target): Sequential(
    (0): MLPLayers(
      (mlp_layers): Sequential(
        (0): Dropout(p=0.2, inplace=False)
        (1): Linear(in_features=128, out_features=64, bias=True)
      )
    )
    (1): LayerNorm((64,), eps=1e-05, elementwise_affine=True)
  )
  (fusion_gate_layer): Sequential(
    (0): Linear(in_features=64, out_features=64, bias=True)
    (1): Tanh()
    (2): Linear(in_features=64, out_features=1, bias=True)
    (3): Sigmoid()
  )
)
Trainable parameters: 660673
Sun 14 Dec 2025 11:51:26 INFO  FLOPs: 16157440.0
Sun 14 Dec 2025 11:52:19 INFO  epoch 0 training [time: 51.54s, train loss: 262.5625]
Sun 14 Dec 2025 11:53:10 INFO  epoch 1 training [time: 50.40s, train loss: 212.8209]
Sun 14 Dec 2025 11:53:13 INFO  epoch 1 evaluating [time: 3.36s, valid_score: 0.166600]
Sun 14 Dec 2025 11:53:13 INFO  valid result: 
recall@10 : 0.1078    pop_recall@10 : 0.1848    unpop_recall@10 : 0.0028    mrr@10 : 0.3201    pop_mrr@10 : 0.3168    unpop_mrr@10 : 0.0052    ndcg@10 : 0.1638    pop_ndcg@10 : 0.1873    unpop_ndcg@10 : 0.0028    hit@10 : 0.6255    pop_hit@10 : 0.6197    unpop_hit@10 : 0.0167    precision@10 : 0.1298    pop_precision@10 : 0.1276    unpop_precision@10 : 0.0022
Sun 14 Dec 2025 11:53:13 INFO  Saving current: saved/FairLightGCN-Dec-14-2025_11-51-26.pth
Sun 14 Dec 2025 11:54:04 INFO  epoch 2 training [time: 51.42s, train loss: 198.7112]
Sun 14 Dec 2025 11:55:02 INFO  epoch 3 training [time: 57.24s, train loss: 190.0641]
Sun 14 Dec 2025 11:55:05 INFO  epoch 3 evaluating [time: 3.27s, valid_score: 0.181100]
Sun 14 Dec 2025 11:55:05 INFO  valid result: 
recall@10 : 0.1197    pop_recall@10 : 0.2047    unpop_recall@10 : 0.0043    mrr@10 : 0.3382    pop_mrr@10 : 0.3332    unpop_mrr@10 : 0.0092    ndcg@10 : 0.1763    pop_ndcg@10 : 0.2013    unpop_ndcg@10 : 0.0048    hit@10 : 0.6586    pop_hit@10 : 0.6503    unpop_hit@10 : 0.0298    precision@10 : 0.14    pop_precision@10 : 0.1359    unpop_precision@10 : 0.0041
Sun 14 Dec 2025 11:55:05 INFO  Saving current: saved/FairLightGCN-Dec-14-2025_11-51-26.pth
Sun 14 Dec 2025 11:55:57 INFO  epoch 4 training [time: 51.79s, train loss: 184.1448]
Sun 14 Dec 2025 11:56:50 INFO  epoch 5 training [time: 52.88s, train loss: 178.2266]
Sun 14 Dec 2025 11:56:53 INFO  epoch 5 evaluating [time: 3.50s, valid_score: 0.190400]
Sun 14 Dec 2025 11:56:53 INFO  valid result: 
recall@10 : 0.1242    pop_recall@10 : 0.2106    unpop_recall@10 : 0.0072    mrr@10 : 0.3479    pop_mrr@10 : 0.341    unpop_mrr@10 : 0.0133    ndcg@10 : 0.1829    pop_ndcg@10 : 0.2074    unpop_ndcg@10 : 0.0075    hit@10 : 0.6707    pop_hit@10 : 0.6581    unpop_hit@10 : 0.0474    precision@10 : 0.145    pop_precision@10 : 0.1388    unpop_precision@10 : 0.0062
Sun 14 Dec 2025 11:56:53 INFO  Saving current: saved/FairLightGCN-Dec-14-2025_11-51-26.pth
Sun 14 Dec 2025 11:57:48 INFO  epoch 6 training [time: 54.35s, train loss: 174.0313]
Sun 14 Dec 2025 11:58:38 INFO  epoch 7 training [time: 50.49s, train loss: 171.5842]
Sun 14 Dec 2025 11:58:43 INFO  epoch 7 evaluating [time: 4.98s, valid_score: 0.195700]
Sun 14 Dec 2025 11:58:43 INFO  valid result: 
recall@10 : 0.1269    pop_recall@10 : 0.2127    unpop_recall@10 : 0.0094    mrr@10 : 0.3539    pop_mrr@10 : 0.3459    unpop_mrr@10 : 0.0162    ndcg@10 : 0.1863    pop_ndcg@10 : 0.2097    unpop_ndcg@10 : 0.0094    hit@10 : 0.6798    pop_hit@10 : 0.6632    unpop_hit@10 : 0.0608    precision@10 : 0.1471    pop_precision@10 : 0.1391    unpop_precision@10 : 0.008
Sun 14 Dec 2025 11:58:43 INFO  Saving current: saved/FairLightGCN-Dec-14-2025_11-51-26.pth
Sun 14 Dec 2025 11:59:38 INFO  epoch 8 training [time: 55.25s, train loss: 168.8099]
Sun 14 Dec 2025 12:00:30 INFO  epoch 9 training [time: 51.58s, train loss: 166.3239]
Sun 14 Dec 2025 12:00:33 INFO  epoch 9 evaluating [time: 3.22s, valid_score: 0.203800]
Sun 14 Dec 2025 12:00:33 INFO  valid result: 
recall@10 : 0.132    pop_recall@10 : 0.2184    unpop_recall@10 : 0.0119    mrr@10 : 0.3601    pop_mrr@10 : 0.3497    unpop_mrr@10 : 0.0207    ndcg@10 : 0.1919    pop_ndcg@10 : 0.2136    unpop_ndcg@10 : 0.0119    hit@10 : 0.6914    pop_hit@10 : 0.6714    unpop_hit@10 : 0.0783    precision@10 : 0.1517    pop_precision@10 : 0.1415    unpop_precision@10 : 0.0102
Sun 14 Dec 2025 12:00:33 INFO  Saving current: saved/FairLightGCN-Dec-14-2025_11-51-26.pth
