Sun 30 Nov 2025 23:36:01 INFO  ['run_recbole.py', '--model', 'FairLightGCN', '--dataset', 'ml-1m', '--cl_rate', '0.2', '--item_rq_loss_rate', '0.5', '--enable_user_loss', 'False', '--pop_rate', '0.1', '--item_loss_type', 'loss12', '--description', '修改完成pop编码后的第一次测试', '--gpu_ids', '2']
Sun 30 Nov 2025 23:36:01 INFO  
General Hyper Parameters:
gpu_id = 0
use_gpu = True
seed = 2020
state = INFO
reproducibility = True
data_path = dataset/ml-1m
checkpoint_dir = saved
show_progress = True
save_dataset = False
dataset_save_path = None
save_dataloaders = False
dataloaders_save_path = None
log_wandb = False

Training Hyper Parameters:
epochs = 100
train_batch_size = 1024
learner = adam
learning_rate = 0.001
train_neg_sample_args = {'distribution': 'uniform', 'sample_num': 1, 'alpha': 1.0, 'dynamic': False, 'candidate_num': 0}
eval_step = 2
stopping_step = 10
clip_grad_norm = None
weight_decay = 0.0
loss_decimal_place = 4

Evaluation Hyper Parameters:
eval_args = {'split': {'RS': [0.8, 0.1, 0.1]}, 'order': 'RO', 'group_by': 'user', 'mode': {'valid': 'full', 'test': 'full'}}
repeatable = False
metrics = ['Recall', 'MRR', 'NDCG', 'Hit', 'Precision']
topk = [10]
valid_metric = MRR@10
valid_metric_bigger = True
eval_batch_size = 102400
metric_decimal_place = 4

Dataset Hyper Parameters:
train_batch_size = 1024
eval_batch_size = 102400
field_separator = 	
seq_separator =  
USER_ID_FIELD = user_id
ITEM_ID_FIELD = item_id
RATING_FIELD = rating
TIME_FIELD = timestamp
seq_len = None
LABEL_FIELD = label
threshold = None
NEG_PREFIX = neg_
numerical_features = ['popularity']
load_col = {'inter': ['user_id', 'item_id', 'rating', 'timestamp'], 'user': ['user_id', 'age', 'gender', 'occupation'], 'item': ['item_id', 'release_year', 'genre', 'popularity']}
unload_col = None
unused_col = None
additional_feat_suffix = None
rm_dup_inter = None
val_interval = None
filter_inter_by_user_or_item = True
user_inter_num_interval = None
item_inter_num_interval = None
alias_of_user_id = None
alias_of_item_id = None
alias_of_entity_id = None
alias_of_relation_id = None
preload_weight = None
normalize_field = ['timestamp', 'rating']
normalize_all = False
discretization = {'popularity': {'method': 'LD', 'bucket': 10}}
ITEM_LIST_LENGTH_FIELD = item_length
LIST_SUFFIX = _list
MAX_ITEM_LIST_LENGTH = 50
POSITION_FIELD = position_id
HEAD_ENTITY_ID_FIELD = head_id
TAIL_ENTITY_ID_FIELD = tail_id
RELATION_ID_FIELD = relation_id
ENTITY_ID_FIELD = entity_id
kg_reverse_r = False
entity_kg_num_interval = None
relation_kg_num_interval = None
benchmark_filename = None
save_single_user = True
save_base_path = output
attr = {'user': {'need_inter_num': True, 'need_inter_hour': True, 'need_rating': True, 'need_item_genre': True, 'need_item_year': True, 'need_zipcode_to_region': True}, 'item': {'need_inter_num': True, 'need_inter_hour': True, 'need_rating': True, 'need_age': True, 'need_gender': True, 'need_occupation': True, 'need_region': True}, 'interaction': {'timestamp_unit': 's'}}
to_bin = {'user': {'mean_rating': {'n_bins': 5}, 'interaction_nums': {'n_bins': 5}}, 'item': {'mean_rating': {'n_bins': 5}, 'interaction_nums': {'n_bins': 5}}}

Other Hyper Parameters: 
worker = 0
wandb_project = recbole
shuffle = True
require_pow = False
enable_amp = False
enable_scaler = False
transform = None
export_topk_recs = True
export_topk_dir = None
export_topk_filename = None
export_topk_item_separator = None
export_topk_separate_columns = None
embedding_size = 64
n_layers = 2
reg_weight = 1e-05
MODEL_TYPE = ModelType.GENERAL
MODEL_INPUT_TYPE = InputType.PAIRWISE
eval_type = EvaluatorType.RANKING
single_spec = True
local_rank = 0
device = cuda
valid_neg_sample_args = {'distribution': 'uniform', 'sample_num': 'none'}
test_neg_sample_args = {'distribution': 'uniform', 'sample_num': 'none'}
nproc = 1
ip = localhost
port = 5678
world_size = -1
group_offset = 0
gpu_ids = 2
cl_rate = 0.2
enable_user_loss = False
item_loss_type = loss12
item_rq_loss_rate = 0.5
beta = 0.2
log_type = fair
pop_rate = 0.1
gama = 0.2
description = 修改完成pop编码后的第一次测试


Sun 30 Nov 2025 23:36:05 INFO  ml-1m
The number of users: 6041
Average actions of users: 165.5975165562914
The number of items: 3884
Average actions of items: 269.88909875876953
The number of inters: 1000209
The sparsity of the dataset: 95.73712398848173%
Remain Fields: ['user_id', 'item_id', 'rating', 'timestamp', 'age', 'gender', 'occupation', 'release_year', 'genre', 'popularity']
Sun 30 Nov 2025 23:36:07 INFO  [Training]: train_batch_size = [1024] train_neg_sample_args: [{'distribution': 'uniform', 'sample_num': 1, 'alpha': 1.0, 'dynamic': False, 'candidate_num': 0}]
Sun 30 Nov 2025 23:36:07 INFO  [Evaluation]: eval_batch_size = [102400] eval_args: [{'split': {'RS': [0.8, 0.1, 0.1]}, 'order': 'RO', 'group_by': 'user', 'mode': {'valid': 'full', 'test': 'full'}}]
Sun 30 Nov 2025 23:36:08 INFO  FairLightGCN(
  (user_embedding): Embedding(6041, 64)
  (item_embedding): Embedding(3884, 64)
  (mf_loss): BPRLoss()
  (reg_loss): EmbLoss()
  (rq_model_item): RQVAE(
    (encoder): MLPLayers(
      (mlp_layers): Sequential(
        (0): Dropout(p=0, inplace=False)
        (1): Linear(in_features=256, out_features=64, bias=True)
        (2): Sigmoid()
        (3): Dropout(p=0, inplace=False)
        (4): Linear(in_features=64, out_features=32, bias=True)
        (5): Sigmoid()
        (6): Dropout(p=0, inplace=False)
        (7): Linear(in_features=32, out_features=16, bias=True)
      )
    )
    (rq): ResidualVectorQuantizer(
      (vq_layers): ModuleList(
        (0-2): 3 x VectorQuantizer(
          (embedding): Embedding(8, 16)
        )
      )
    )
    (decoder): MLPLayers(
      (mlp_layers): Sequential(
        (0): Dropout(p=0, inplace=False)
        (1): Linear(in_features=16, out_features=32, bias=True)
        (2): Sigmoid()
        (3): Dropout(p=0, inplace=False)
        (4): Linear(in_features=32, out_features=64, bias=True)
        (5): Sigmoid()
        (6): Dropout(p=0, inplace=False)
        (7): Linear(in_features=64, out_features=256, bias=True)
      )
    )
    (W_gate): Linear(in_features=256, out_features=256, bias=True)
  )
  (rq_model_user): RQVAE(
    (encoder): MLPLayers(
      (mlp_layers): Sequential(
        (0): Dropout(p=0, inplace=False)
        (1): Linear(in_features=256, out_features=64, bias=True)
        (2): Sigmoid()
        (3): Dropout(p=0, inplace=False)
        (4): Linear(in_features=64, out_features=32, bias=True)
        (5): Sigmoid()
        (6): Dropout(p=0, inplace=False)
        (7): Linear(in_features=32, out_features=16, bias=True)
      )
    )
    (rq): ResidualVectorQuantizer(
      (vq_layers): ModuleList(
        (0-2): 3 x VectorQuantizer(
          (embedding): Embedding(8, 16)
        )
      )
    )
    (decoder): MLPLayers(
      (mlp_layers): Sequential(
        (0): Dropout(p=0, inplace=False)
        (1): Linear(in_features=16, out_features=32, bias=True)
        (2): Sigmoid()
        (3): Dropout(p=0, inplace=False)
        (4): Linear(in_features=32, out_features=64, bias=True)
        (5): Sigmoid()
        (6): Dropout(p=0, inplace=False)
        (7): Linear(in_features=64, out_features=256, bias=True)
      )
    )
    (W_gate): Linear(in_features=256, out_features=256, bias=True)
  )
)
Trainable parameters: 844256
Sun 30 Nov 2025 23:36:08 INFO  FLOPs: 0.0
Sun 30 Nov 2025 23:36:58 INFO  epoch 0 training [time: 49.67s, train loss: 1170.2421]
Sun 30 Nov 2025 23:37:47 INFO  epoch 1 training [time: 49.07s, train loss: 1107.7315]
Sun 30 Nov 2025 23:37:48 INFO  epoch 1 evaluating [time: 0.48s, valid_score: 0.238100]
Sun 30 Nov 2025 23:37:48 INFO  valid result: 
recall@10 : 0.0901    pop_recall@10 : 0.1042    unpop_recall@10 : 0.0572    mrr@10 : 0.2381    pop_mrr@10 : 0.1826    unpop_mrr@10 : 0.0739    ndcg@10 : 0.1142    pop_ndcg@10 : 0.0967    unpop_ndcg@10 : 0.0449    hit@10 : 0.5454    pop_hit@10 : 0.4185    unpop_hit@10 : 0.2283    precision@10 : 0.0857    pop_precision@10 : 0.057    unpop_precision@10 : 0.0287
Sun 30 Nov 2025 23:37:48 INFO  Saving current: saved/FairLightGCN-Nov-30-2025_23-36-08.pth
Sun 30 Nov 2025 23:38:37 INFO  epoch 2 training [time: 48.99s, train loss: 1100.6027]
Sun 30 Nov 2025 23:39:26 INFO  epoch 3 training [time: 49.03s, train loss: 1100.7922]
Sun 30 Nov 2025 23:39:26 INFO  epoch 3 evaluating [time: 0.46s, valid_score: 0.215700]
Sun 30 Nov 2025 23:39:26 INFO  valid result: 
recall@10 : 0.0837    pop_recall@10 : 0.0892    unpop_recall@10 : 0.062    mrr@10 : 0.2157    pop_mrr@10 : 0.1545    unpop_mrr@10 : 0.0792    ndcg@10 : 0.1044    pop_ndcg@10 : 0.0809    unpop_ndcg@10 : 0.0486    hit@10 : 0.523    pop_hit@10 : 0.3747    unpop_hit@10 : 0.2487    precision@10 : 0.0805    pop_precision@10 : 0.0494    unpop_precision@10 : 0.0312
Sun 30 Nov 2025 23:40:02 INFO  epoch 4 training [time: 35.41s, train loss: 1107.1691]
Sun 30 Nov 2025 23:40:51 INFO  epoch 5 training [time: 49.10s, train loss: 1116.5805]
Sun 30 Nov 2025 23:40:51 INFO  epoch 5 evaluating [time: 0.46s, valid_score: 0.217900]
Sun 30 Nov 2025 23:40:51 INFO  valid result: 
recall@10 : 0.0823    pop_recall@10 : 0.0792    unpop_recall@10 : 0.0699    mrr@10 : 0.2179    pop_mrr@10 : 0.1382    unpop_mrr@10 : 0.0988    ndcg@10 : 0.1045    pop_ndcg@10 : 0.0709    unpop_ndcg@10 : 0.0588    hit@10 : 0.5167    pop_hit@10 : 0.3348    unpop_hit@10 : 0.2841    precision@10 : 0.08    pop_precision@10 : 0.0419    unpop_precision@10 : 0.0382
Sun 30 Nov 2025 23:41:40 INFO  epoch 6 training [time: 49.09s, train loss: 1121.0914]
Sun 30 Nov 2025 23:42:30 INFO  epoch 7 training [time: 49.27s, train loss: 1127.3951]
Sun 30 Nov 2025 23:42:30 INFO  epoch 7 evaluating [time: 0.47s, valid_score: 0.198900]
Sun 30 Nov 2025 23:42:30 INFO  valid result: 
recall@10 : 0.0741    pop_recall@10 : 0.0572    unpop_recall@10 : 0.0764    mrr@10 : 0.1989    pop_mrr@10 : 0.0953    unpop_mrr@10 : 0.1192    ndcg@10 : 0.094    pop_ndcg@10 : 0.0483    unpop_ndcg@10 : 0.0689    hit@10 : 0.4644    pop_hit@10 : 0.2318    unpop_hit@10 : 0.3108    precision@10 : 0.0706    pop_precision@10 : 0.0267    unpop_precision@10 : 0.0439
Sun 30 Nov 2025 23:43:19 INFO  epoch 8 training [time: 49.22s, train loss: 1143.1781]
