Sun 23 Nov 2025 23:44:33 INFO  ['/data/xwx/site-packages/RecBole/run_recbole.py', '--model', 'FairLightGCN', '--dataset', 'ml-1m', '--nproc', '1', '--ip', 'localhost', '--port', '5678', '--world_size', '-1', '--group_offset', '0']
Sun 23 Nov 2025 23:44:33 INFO  
General Hyper Parameters:
gpu_id = 0
use_gpu = True
seed = 2020
state = INFO
reproducibility = True
data_path = dataset/ml-1m
checkpoint_dir = saved
show_progress = True
save_dataset = False
dataset_save_path = None
save_dataloaders = False
dataloaders_save_path = None
log_wandb = False

Training Hyper Parameters:
epochs = 100
train_batch_size = 1024
learner = adam
learning_rate = 0.001
train_neg_sample_args = {'distribution': 'uniform', 'sample_num': 1, 'alpha': 1.0, 'dynamic': False, 'candidate_num': 0}
eval_step = 2
stopping_step = 10
clip_grad_norm = None
weight_decay = 0.0
loss_decimal_place = 4

Evaluation Hyper Parameters:
eval_args = {'split': {'RS': [0.8, 0.1, 0.1]}, 'order': 'RO', 'group_by': 'user', 'mode': {'valid': 'full', 'test': 'full'}}
repeatable = False
metrics = ['Recall', 'MRR', 'NDCG', 'Hit', 'Precision']
topk = [10]
valid_metric = MRR@10
valid_metric_bigger = True
eval_batch_size = 102400
metric_decimal_place = 4

Dataset Hyper Parameters:
train_batch_size = 1024
eval_batch_size = 102400
field_separator = 	
seq_separator =  
USER_ID_FIELD = user_id
ITEM_ID_FIELD = item_id
RATING_FIELD = rating
TIME_FIELD = timestamp
seq_len = None
LABEL_FIELD = label
threshold = None
NEG_PREFIX = neg_
load_col = {'inter': ['user_id', 'item_id', 'rating', 'timestamp']}
unload_col = None
unused_col = None
additional_feat_suffix = None
rm_dup_inter = None
val_interval = None
filter_inter_by_user_or_item = True
user_inter_num_interval = None
item_inter_num_interval = None
alias_of_user_id = None
alias_of_item_id = None
alias_of_entity_id = None
alias_of_relation_id = None
preload_weight = None
normalize_field = None
normalize_all = True
ITEM_LIST_LENGTH_FIELD = item_length
LIST_SUFFIX = _list
MAX_ITEM_LIST_LENGTH = 50
POSITION_FIELD = position_id
HEAD_ENTITY_ID_FIELD = head_id
TAIL_ENTITY_ID_FIELD = tail_id
RELATION_ID_FIELD = relation_id
ENTITY_ID_FIELD = entity_id
kg_reverse_r = False
entity_kg_num_interval = None
relation_kg_num_interval = None
benchmark_filename = None
save_single_user = True
save_base_path = output
attr = {'user': {'need_inter_num': True, 'need_inter_hour': True, 'need_rating': True, 'need_item_genre': True, 'need_item_year': True, 'need_zipcode_to_region': True}, 'item': {'need_inter_num': True, 'need_inter_hour': True, 'need_rating': True, 'need_age': True, 'need_gender': True, 'need_occupation': True, 'need_region': True}, 'interaction': {'timestamp_unit': 's'}}
to_bin = {'user': {'mean_rating': {'n_bins': 5}, 'interaction_nums': {'n_bins': 5}}, 'item': {'mean_rating': {'n_bins': 5}, 'interaction_nums': {'n_bins': 5}}}

Other Hyper Parameters: 
worker = 0
wandb_project = recbole
shuffle = True
require_pow = False
enable_amp = False
enable_scaler = False
transform = None
export_topk_recs = True
export_topk_dir = None
export_topk_filename = None
export_topk_item_separator = None
export_topk_separate_columns = None
embedding_size = 64
n_layers = 2
reg_weight = 1e-05
numerical_features = []
discretization = None
MODEL_TYPE = ModelType.GENERAL
MODEL_INPUT_TYPE = InputType.PAIRWISE
eval_type = EvaluatorType.RANKING
single_spec = True
local_rank = 0
device = cuda
valid_neg_sample_args = {'distribution': 'uniform', 'sample_num': 'none'}
test_neg_sample_args = {'distribution': 'uniform', 'sample_num': 'none'}


Sun 23 Nov 2025 23:44:36 INFO  ml-1m
The number of users: 6041
Average actions of users: 165.5975165562914
The number of items: 3707
Average actions of items: 269.88909875876953
The number of inters: 1000209
The sparsity of the dataset: 95.53358229599758%
Remain Fields: ['user_id', 'item_id', 'rating', 'timestamp']
Sun 23 Nov 2025 23:44:39 INFO  [Training]: train_batch_size = [1024] train_neg_sample_args: [{'distribution': 'uniform', 'sample_num': 1, 'alpha': 1.0, 'dynamic': False, 'candidate_num': 0}]
Sun 23 Nov 2025 23:44:39 INFO  [Evaluation]: eval_batch_size = [102400] eval_args: [{'split': {'RS': [0.8, 0.1, 0.1]}, 'order': 'RO', 'group_by': 'user', 'mode': {'valid': 'full', 'test': 'full'}}]
Sun 23 Nov 2025 23:45:12 INFO  FairLightGCN(
  (user_embedding): Embedding(6041, 64)
  (item_embedding): Embedding(3707, 64)
  (mf_loss): BPRLoss()
  (reg_loss): EmbLoss()
)
Trainable parameters: 623872
Sun 23 Nov 2025 23:45:12 INFO  FLOPs: 0.0
Sun 23 Nov 2025 23:45:56 INFO  epoch 0 training [time: 43.86s, train loss: 1009.1784]
Sun 23 Nov 2025 23:46:40 INFO  epoch 1 training [time: 43.60s, train loss: 953.3646]
Sun 23 Nov 2025 23:46:41 INFO  epoch 1 evaluating [time: 0.56s, valid_score: 0.259600]
Sun 23 Nov 2025 23:46:41 INFO  valid result: 
recall@10 : 0.1079    mrr@10 : 0.2596    ndcg@10 : 0.129    hit@10 : 0.5967    precision@10 : 0.0961
Sun 23 Nov 2025 23:46:41 INFO  Saving current: saved/FairLightGCN-Nov-23-2025_23-45-12.pth
Sun 23 Nov 2025 23:47:24 INFO  epoch 2 training [time: 43.70s, train loss: 937.5821]
Sun 23 Nov 2025 23:48:08 INFO  epoch 3 training [time: 43.87s, train loss: 928.7989]
Sun 23 Nov 2025 23:48:09 INFO  epoch 3 evaluating [time: 0.54s, valid_score: 0.244200]
Sun 23 Nov 2025 23:48:09 INFO  valid result: 
recall@10 : 0.0953    mrr@10 : 0.2442    ndcg@10 : 0.1183    hit@10 : 0.5594    precision@10 : 0.0886
Sun 23 Nov 2025 23:48:52 INFO  epoch 4 training [time: 43.75s, train loss: 922.5951]
Sun 23 Nov 2025 23:49:36 INFO  epoch 5 training [time: 43.85s, train loss: 916.9247]
Sun 23 Nov 2025 23:49:37 INFO  epoch 5 evaluating [time: 0.54s, valid_score: 0.221400]
Sun 23 Nov 2025 23:49:37 INFO  valid result: 
recall@10 : 0.0859    mrr@10 : 0.2214    ndcg@10 : 0.1071    hit@10 : 0.5151    precision@10 : 0.0794
Sun 23 Nov 2025 23:50:21 INFO  epoch 6 training [time: 43.82s, train loss: 909.9854]
Sun 23 Nov 2025 23:51:05 INFO  epoch 7 training [time: 43.79s, train loss: 899.3167]
Sun 23 Nov 2025 23:51:05 INFO  epoch 7 evaluating [time: 0.54s, valid_score: 0.195400]
Sun 23 Nov 2025 23:51:05 INFO  valid result: 
recall@10 : 0.074    mrr@10 : 0.1954    ndcg@10 : 0.0939    hit@10 : 0.4601    precision@10 : 0.0701
Sun 23 Nov 2025 23:51:49 INFO  epoch 8 training [time: 43.81s, train loss: 881.9030]
Sun 23 Nov 2025 23:52:33 INFO  epoch 9 training [time: 43.80s, train loss: 855.5419]
Sun 23 Nov 2025 23:52:33 INFO  epoch 9 evaluating [time: 0.55s, valid_score: 0.223900]
Sun 23 Nov 2025 23:52:33 INFO  valid result: 
recall@10 : 0.0845    mrr@10 : 0.2239    ndcg@10 : 0.1102    hit@10 : 0.5162    precision@10 : 0.0841
Sun 23 Nov 2025 23:53:17 INFO  epoch 10 training [time: 43.74s, train loss: 821.6989]
Sun 23 Nov 2025 23:54:01 INFO  epoch 11 training [time: 43.80s, train loss: 779.8724]
Sun 23 Nov 2025 23:54:01 INFO  epoch 11 evaluating [time: 0.54s, valid_score: 0.361700]
Sun 23 Nov 2025 23:54:01 INFO  valid result: 
recall@10 : 0.1472    mrr@10 : 0.3617    ndcg@10 : 0.1972    hit@10 : 0.7167    precision@10 : 0.1522
Sun 23 Nov 2025 23:54:01 INFO  Saving current: saved/FairLightGCN-Nov-23-2025_23-45-12.pth
Sun 23 Nov 2025 23:54:45 INFO  epoch 12 training [time: 43.76s, train loss: 729.9697]
Sun 23 Nov 2025 23:55:29 INFO  epoch 13 training [time: 43.67s, train loss: 695.6982]
Sun 23 Nov 2025 23:55:29 INFO  epoch 13 evaluating [time: 0.52s, valid_score: 0.395500]
Sun 23 Nov 2025 23:55:29 INFO  valid result: 
recall@10 : 0.165    mrr@10 : 0.3955    ndcg@10 : 0.2203    hit@10 : 0.7545    precision@10 : 0.1697
Sun 23 Nov 2025 23:55:30 INFO  Saving current: saved/FairLightGCN-Nov-23-2025_23-45-12.pth
Sun 23 Nov 2025 23:56:13 INFO  epoch 14 training [time: 43.65s, train loss: 672.9933]
Sun 23 Nov 2025 23:56:57 INFO  epoch 15 training [time: 43.75s, train loss: 656.2355]
Sun 23 Nov 2025 23:56:57 INFO  epoch 15 evaluating [time: 0.54s, valid_score: 0.401900]
Sun 23 Nov 2025 23:56:57 INFO  valid result: 
recall@10 : 0.1681    mrr@10 : 0.4019    ndcg@10 : 0.2246    hit@10 : 0.7606    precision@10 : 0.1723
Sun 23 Nov 2025 23:56:58 INFO  Saving current: saved/FairLightGCN-Nov-23-2025_23-45-12.pth
Sun 23 Nov 2025 23:57:41 INFO  epoch 16 training [time: 43.85s, train loss: 642.9127]
Sun 23 Nov 2025 23:58:25 INFO  epoch 17 training [time: 43.80s, train loss: 632.2950]
Sun 23 Nov 2025 23:58:26 INFO  epoch 17 evaluating [time: 0.54s, valid_score: 0.405600]
Sun 23 Nov 2025 23:58:26 INFO  valid result: 
recall@10 : 0.1705    mrr@10 : 0.4056    ndcg@10 : 0.2269    hit@10 : 0.7672    precision@10 : 0.1735
Sun 23 Nov 2025 23:58:26 INFO  Saving current: saved/FairLightGCN-Nov-23-2025_23-45-12.pth
Sun 23 Nov 2025 23:59:10 INFO  epoch 18 training [time: 43.82s, train loss: 623.8968]
Sun 23 Nov 2025 23:59:54 INFO  epoch 19 training [time: 43.79s, train loss: 616.4684]
Sun 23 Nov 2025 23:59:54 INFO  epoch 19 evaluating [time: 0.55s, valid_score: 0.406400]
Sun 23 Nov 2025 23:59:54 INFO  valid result: 
recall@10 : 0.1717    mrr@10 : 0.4064    ndcg@10 : 0.2278    hit@10 : 0.7699    precision@10 : 0.1744
Sun 23 Nov 2025 23:59:54 INFO  Saving current: saved/FairLightGCN-Nov-23-2025_23-45-12.pth
Mon 24 Nov 2025 00:00:38 INFO  epoch 20 training [time: 43.87s, train loss: 609.8031]
Mon 24 Nov 2025 00:01:22 INFO  epoch 21 training [time: 43.77s, train loss: 603.7350]
Mon 24 Nov 2025 00:01:22 INFO  epoch 21 evaluating [time: 0.53s, valid_score: 0.404500]
Mon 24 Nov 2025 00:01:22 INFO  valid result: 
recall@10 : 0.1732    mrr@10 : 0.4045    ndcg@10 : 0.2285    hit@10 : 0.773    precision@10 : 0.1753
Mon 24 Nov 2025 00:02:06 INFO  epoch 22 training [time: 43.74s, train loss: 598.6438]
Mon 24 Nov 2025 00:02:50 INFO  epoch 23 training [time: 43.79s, train loss: 593.4687]
Mon 24 Nov 2025 00:02:51 INFO  epoch 23 evaluating [time: 0.54s, valid_score: 0.403700]
Mon 24 Nov 2025 00:02:51 INFO  valid result: 
recall@10 : 0.1733    mrr@10 : 0.4037    ndcg@10 : 0.2286    hit@10 : 0.7727    precision@10 : 0.1756
Mon 24 Nov 2025 00:03:24 INFO  epoch 24 training [time: 33.42s, train loss: 589.5349]
Mon 24 Nov 2025 00:04:02 INFO  epoch 25 training [time: 37.85s, train loss: 585.3124]
Mon 24 Nov 2025 00:04:02 INFO  epoch 25 evaluating [time: 0.55s, valid_score: 0.405800]
Mon 24 Nov 2025 00:04:02 INFO  valid result: 
recall@10 : 0.1737    mrr@10 : 0.4058    ndcg@10 : 0.2292    hit@10 : 0.7743    precision@10 : 0.1757
Mon 24 Nov 2025 00:04:46 INFO  epoch 26 training [time: 43.76s, train loss: 582.2285]
Mon 24 Nov 2025 00:05:30 INFO  epoch 27 training [time: 43.86s, train loss: 578.7848]
Mon 24 Nov 2025 00:05:31 INFO  epoch 27 evaluating [time: 0.53s, valid_score: 0.405500]
Mon 24 Nov 2025 00:05:31 INFO  valid result: 
recall@10 : 0.1741    mrr@10 : 0.4055    ndcg@10 : 0.2295    hit@10 : 0.7742    precision@10 : 0.1762
Mon 24 Nov 2025 00:06:14 INFO  epoch 28 training [time: 43.78s, train loss: 575.4019]
Mon 24 Nov 2025 00:06:58 INFO  epoch 29 training [time: 43.76s, train loss: 573.0449]
Mon 24 Nov 2025 00:06:59 INFO  epoch 29 evaluating [time: 0.53s, valid_score: 0.404500]
Mon 24 Nov 2025 00:06:59 INFO  valid result: 
recall@10 : 0.1735    mrr@10 : 0.4045    ndcg@10 : 0.2288    hit@10 : 0.7719    precision@10 : 0.1755
Mon 24 Nov 2025 00:07:42 INFO  epoch 30 training [time: 43.84s, train loss: 570.3828]
Mon 24 Nov 2025 00:08:26 INFO  epoch 31 training [time: 43.83s, train loss: 568.0651]
Mon 24 Nov 2025 00:08:27 INFO  epoch 31 evaluating [time: 0.54s, valid_score: 0.403600]
Mon 24 Nov 2025 00:08:27 INFO  valid result: 
recall@10 : 0.1735    mrr@10 : 0.4036    ndcg@10 : 0.2287    hit@10 : 0.7705    precision@10 : 0.1755
Mon 24 Nov 2025 00:09:10 INFO  epoch 32 training [time: 43.16s, train loss: 565.7595]
Mon 24 Nov 2025 00:09:47 INFO  epoch 33 training [time: 36.60s, train loss: 563.0603]
Mon 24 Nov 2025 00:09:47 INFO  epoch 33 evaluating [time: 0.53s, valid_score: 0.403600]
Mon 24 Nov 2025 00:09:47 INFO  valid result: 
recall@10 : 0.1739    mrr@10 : 0.4036    ndcg@10 : 0.2286    hit@10 : 0.7727    precision@10 : 0.1754
Mon 24 Nov 2025 00:10:31 INFO  epoch 34 training [time: 43.70s, train loss: 561.3528]
Mon 24 Nov 2025 00:11:15 INFO  epoch 35 training [time: 43.74s, train loss: 559.1297]
Mon 24 Nov 2025 00:11:15 INFO  epoch 35 evaluating [time: 0.53s, valid_score: 0.403800]
Mon 24 Nov 2025 00:11:15 INFO  valid result: 
recall@10 : 0.1739    mrr@10 : 0.4038    ndcg@10 : 0.2285    hit@10 : 0.7727    precision@10 : 0.175
Mon 24 Nov 2025 00:11:59 INFO  epoch 36 training [time: 43.73s, train loss: 557.2206]
Mon 24 Nov 2025 00:12:43 INFO  epoch 37 training [time: 43.72s, train loss: 555.3036]
Mon 24 Nov 2025 00:12:43 INFO  epoch 37 evaluating [time: 0.53s, valid_score: 0.404300]
Mon 24 Nov 2025 00:12:43 INFO  valid result: 
recall@10 : 0.1736    mrr@10 : 0.4043    ndcg@10 : 0.2282    hit@10 : 0.7719    precision@10 : 0.1747
Mon 24 Nov 2025 00:13:27 INFO  epoch 38 training [time: 43.71s, train loss: 553.0663]
Mon 24 Nov 2025 00:14:13 INFO  epoch 39 training [time: 45.94s, train loss: 552.0047]
Mon 24 Nov 2025 00:14:13 INFO  epoch 39 evaluating [time: 0.73s, valid_score: 0.404800]
Mon 24 Nov 2025 00:14:13 INFO  valid result: 
recall@10 : 0.1739    mrr@10 : 0.4048    ndcg@10 : 0.2285    hit@10 : 0.7742    precision@10 : 0.1751
Mon 24 Nov 2025 00:14:59 INFO  epoch 40 training [time: 46.01s, train loss: 550.2975]
Mon 24 Nov 2025 00:15:46 INFO  epoch 41 training [time: 46.49s, train loss: 549.2953]
Mon 24 Nov 2025 00:15:46 INFO  epoch 41 evaluating [time: 0.54s, valid_score: 0.404300]
Mon 24 Nov 2025 00:15:46 INFO  valid result: 
recall@10 : 0.174    mrr@10 : 0.4043    ndcg@10 : 0.2283    hit@10 : 0.7743    precision@10 : 0.1751
Mon 24 Nov 2025 00:15:46 INFO  Finished training, best eval result in epoch 19
Mon 24 Nov 2025 00:15:47 INFO  Loading model structure and parameters from saved/FairLightGCN-Nov-23-2025_23-45-12.pth
Mon 24 Nov 2025 00:15:47 INFO  count    1438.000000
mean       42.002782
std        77.918859
min         1.000000
25%         3.000000
50%        11.000000
75%        43.000000
max       738.000000
dtype: float64
Mon 24 Nov 2025 00:15:48 INFO  The running environment of this training is as follows:
+-------------+-----------------+
| Environment |      Usage      |
+=============+=================+
| CPU         |     0.90 %      |
+-------------+-----------------+
| GPU         | 0.29 G/47.53 G  |
+-------------+-----------------+
| Memory      | 1.91 G/251.48 G |
+-------------+-----------------+
Mon 24 Nov 2025 00:15:48 INFO  best valid : OrderedDict([('recall@10', 0.1717), ('mrr@10', 0.4064), ('ndcg@10', 0.2278), ('hit@10', 0.7699), ('precision@10', 0.1744)])
Mon 24 Nov 2025 00:15:48 INFO  test result: OrderedDict([('recall@10', 0.19254649006622518), ('mrr@10', 0.4874394370860928), ('ndcg@10', 0.286854023178808), ('hit@10', 0.7922185430463576), ('precision@10', 0.21847682119205297)])
