Mon 01 Dec 2025 10:25:48 INFO  ['run_recbole.py', '--model', 'FairLightGCN', '--dataset', 'ml-1m', '--item_rq_loss_rate', '0.5', '--item_loss_type', 'loss12', '--gpu_ids', '0', '--pop_rate', '0.1', '--description', '对item_embedding和pop_embedding做正交损失', '--enable_user_loss', 'False', '--cl_rate', '0.5']
Mon 01 Dec 2025 10:25:48 INFO  
General Hyper Parameters:
gpu_id = 0
use_gpu = True
seed = 2020
state = INFO
reproducibility = True
data_path = dataset/ml-1m
checkpoint_dir = saved
show_progress = True
save_dataset = False
dataset_save_path = None
save_dataloaders = False
dataloaders_save_path = None
log_wandb = False

Training Hyper Parameters:
epochs = 100
train_batch_size = 1024
learner = adam
learning_rate = 0.001
train_neg_sample_args = {'distribution': 'uniform', 'sample_num': 1, 'alpha': 1.0, 'dynamic': False, 'candidate_num': 0}
eval_step = 2
stopping_step = 10
clip_grad_norm = None
weight_decay = 0.0
loss_decimal_place = 4

Evaluation Hyper Parameters:
eval_args = {'split': {'RS': [0.8, 0.1, 0.1]}, 'order': 'RO', 'group_by': 'user', 'mode': {'valid': 'full', 'test': 'full'}}
repeatable = False
metrics = ['Recall', 'MRR', 'NDCG', 'Hit', 'Precision']
topk = [10]
valid_metric = MRR@10
valid_metric_bigger = True
eval_batch_size = 102400
metric_decimal_place = 4

Dataset Hyper Parameters:
train_batch_size = 1024
eval_batch_size = 102400
field_separator = 	
seq_separator =  
USER_ID_FIELD = user_id
ITEM_ID_FIELD = item_id
RATING_FIELD = rating
TIME_FIELD = timestamp
seq_len = None
LABEL_FIELD = label
threshold = None
NEG_PREFIX = neg_
numerical_features = ['popularity']
load_col = {'inter': ['user_id', 'item_id', 'rating', 'timestamp'], 'user': ['user_id', 'age', 'gender', 'occupation'], 'item': ['item_id', 'release_year', 'genre', 'popularity']}
unload_col = None
unused_col = None
additional_feat_suffix = None
rm_dup_inter = None
val_interval = None
filter_inter_by_user_or_item = True
user_inter_num_interval = None
item_inter_num_interval = None
alias_of_user_id = None
alias_of_item_id = None
alias_of_entity_id = None
alias_of_relation_id = None
preload_weight = None
normalize_field = ['timestamp', 'rating']
normalize_all = False
discretization = {'popularity': {'method': 'LD', 'bucket': 10}}
ITEM_LIST_LENGTH_FIELD = item_length
LIST_SUFFIX = _list
MAX_ITEM_LIST_LENGTH = 50
POSITION_FIELD = position_id
HEAD_ENTITY_ID_FIELD = head_id
TAIL_ENTITY_ID_FIELD = tail_id
RELATION_ID_FIELD = relation_id
ENTITY_ID_FIELD = entity_id
kg_reverse_r = False
entity_kg_num_interval = None
relation_kg_num_interval = None
benchmark_filename = None
save_single_user = True
save_base_path = output
attr = {'user': {'need_inter_num': True, 'need_inter_hour': True, 'need_rating': True, 'need_item_genre': True, 'need_item_year': True, 'need_zipcode_to_region': True}, 'item': {'need_inter_num': True, 'need_inter_hour': True, 'need_rating': True, 'need_age': True, 'need_gender': True, 'need_occupation': True, 'need_region': True}, 'interaction': {'timestamp_unit': 's'}}
to_bin = {'user': {'mean_rating': {'n_bins': 5}, 'interaction_nums': {'n_bins': 5}}, 'item': {'mean_rating': {'n_bins': 5}, 'interaction_nums': {'n_bins': 5}}}

Other Hyper Parameters: 
worker = 0
wandb_project = recbole
shuffle = True
require_pow = False
enable_amp = False
enable_scaler = False
transform = None
export_topk_recs = True
export_topk_dir = None
export_topk_filename = None
export_topk_item_separator = None
export_topk_separate_columns = None
embedding_size = 64
n_layers = 2
reg_weight = 1e-05
MODEL_TYPE = ModelType.GENERAL
MODEL_INPUT_TYPE = InputType.PAIRWISE
eval_type = EvaluatorType.RANKING
single_spec = True
local_rank = 0
device = cuda
valid_neg_sample_args = {'distribution': 'uniform', 'sample_num': 'none'}
test_neg_sample_args = {'distribution': 'uniform', 'sample_num': 'none'}
nproc = 1
ip = localhost
port = 5678
world_size = -1
group_offset = 0
gpu_ids = 0
cl_rate = 0.5
enable_user_loss = False
item_loss_type = loss12
item_rq_loss_rate = 0.5
beta = 0.2
log_type = fair
pop_rate = 0.1
gama = 0.2
description = 对item_embedding和pop_embedding做正交损失
mode = train
pop_loss_rate = 0.2


Mon 01 Dec 2025 10:25:52 INFO  ml-1m
The number of users: 6041
Average actions of users: 165.5975165562914
The number of items: 3884
Average actions of items: 269.88909875876953
The number of inters: 1000209
The sparsity of the dataset: 95.73712398848173%
Remain Fields: ['user_id', 'item_id', 'rating', 'timestamp', 'age', 'gender', 'occupation', 'release_year', 'genre', 'popularity']
Mon 01 Dec 2025 10:25:54 INFO  [Training]: train_batch_size = [1024] train_neg_sample_args: [{'distribution': 'uniform', 'sample_num': 1, 'alpha': 1.0, 'dynamic': False, 'candidate_num': 0}]
Mon 01 Dec 2025 10:25:54 INFO  [Evaluation]: eval_batch_size = [102400] eval_args: [{'split': {'RS': [0.8, 0.1, 0.1]}, 'order': 'RO', 'group_by': 'user', 'mode': {'valid': 'full', 'test': 'full'}}]
Mon 01 Dec 2025 10:25:55 INFO  FairLightGCN(
  (user_embedding): Embedding(6041, 64)
  (item_embedding): Embedding(3884, 64)
  (mf_loss): BPRLoss()
  (reg_loss): EmbLoss()
  (rq_model_item): RQVAE(
    (encoder): MLPLayers(
      (mlp_layers): Sequential(
        (0): Dropout(p=0, inplace=False)
        (1): Linear(in_features=192, out_features=64, bias=True)
        (2): Sigmoid()
        (3): Dropout(p=0, inplace=False)
        (4): Linear(in_features=64, out_features=32, bias=True)
        (5): Sigmoid()
        (6): Dropout(p=0, inplace=False)
        (7): Linear(in_features=32, out_features=16, bias=True)
      )
    )
    (rq): ResidualVectorQuantizer(
      (vq_layers): ModuleList(
        (0-2): 3 x VectorQuantizer(
          (embedding): Embedding(8, 16)
        )
      )
    )
    (decoder): MLPLayers(
      (mlp_layers): Sequential(
        (0): Dropout(p=0, inplace=False)
        (1): Linear(in_features=16, out_features=32, bias=True)
        (2): Sigmoid()
        (3): Dropout(p=0, inplace=False)
        (4): Linear(in_features=32, out_features=64, bias=True)
        (5): Sigmoid()
        (6): Dropout(p=0, inplace=False)
        (7): Linear(in_features=64, out_features=192, bias=True)
      )
    )
    (pop_decoder): MLPLayers(
      (mlp_layers): Sequential(
        (0): Dropout(p=0, inplace=False)
        (1): Linear(in_features=16, out_features=32, bias=True)
        (2): Sigmoid()
        (3): Dropout(p=0, inplace=False)
        (4): Linear(in_features=32, out_features=64, bias=True)
        (5): Sigmoid()
        (6): Dropout(p=0, inplace=False)
        (7): Linear(in_features=64, out_features=192, bias=True)
        (8): Sigmoid()
        (9): Dropout(p=0, inplace=False)
        (10): Linear(in_features=192, out_features=64, bias=True)
      )
    )
    (W_gate): Linear(in_features=192, out_features=192, bias=True)
  )
)
Trainable parameters: 730224
Mon 01 Dec 2025 10:25:55 INFO  FLOPs: 0.0
Mon 01 Dec 2025 10:26:48 INFO  epoch 0 training [time: 53.00s, train loss: 1800.3307]
Mon 01 Dec 2025 10:27:40 INFO  epoch 1 training [time: 51.65s, train loss: 1668.1200]
Mon 01 Dec 2025 10:27:41 INFO  epoch 1 evaluating [time: 0.49s, valid_score: 0.232100]
Mon 01 Dec 2025 10:27:41 INFO  valid result: 
recall@10 : 0.0905    pop_recall@10 : 0.1073    unpop_recall@10 : 0.0553    mrr@10 : 0.2321    pop_mrr@10 : 0.1824    unpop_mrr@10 : 0.0672    ndcg@10 : 0.1123    pop_ndcg@10 : 0.0977    unpop_ndcg@10 : 0.0424    hit@10 : 0.5412    pop_hit@10 : 0.4212    unpop_hit@10 : 0.2159    precision@10 : 0.0842    pop_precision@10 : 0.0575    unpop_precision@10 : 0.0267
Mon 01 Dec 2025 10:27:41 INFO  Saving current: saved/FairLightGCN-Dec-01-2025_10-25-55.pth
Mon 01 Dec 2025 10:28:33 INFO  epoch 2 training [time: 52.24s, train loss: 1666.7204]
Mon 01 Dec 2025 10:29:25 INFO  epoch 3 training [time: 52.06s, train loss: 1679.0199]
Mon 01 Dec 2025 10:29:25 INFO  epoch 3 evaluating [time: 0.48s, valid_score: 0.208400]
Mon 01 Dec 2025 10:29:25 INFO  valid result: 
recall@10 : 0.08    pop_recall@10 : 0.0924    unpop_recall@10 : 0.052    mrr@10 : 0.2084    pop_mrr@10 : 0.1585    unpop_mrr@10 : 0.0657    ndcg@10 : 0.0994    pop_ndcg@10 : 0.083    unpop_ndcg@10 : 0.0404    hit@10 : 0.502    pop_hit@10 : 0.3818    unpop_hit@10 : 0.2088    precision@10 : 0.0756    pop_precision@10 : 0.0501    unpop_precision@10 : 0.0254
Mon 01 Dec 2025 10:30:18 INFO  epoch 4 training [time: 52.18s, train loss: 1687.1940]
Mon 01 Dec 2025 10:31:10 INFO  epoch 5 training [time: 52.22s, train loss: 1703.2881]
Mon 01 Dec 2025 10:31:10 INFO  epoch 5 evaluating [time: 0.48s, valid_score: 0.201400]
Mon 01 Dec 2025 10:31:10 INFO  valid result: 
recall@10 : 0.0778    pop_recall@10 : 0.0897    unpop_recall@10 : 0.0516    mrr@10 : 0.2014    pop_mrr@10 : 0.1549    unpop_mrr@10 : 0.0615    ndcg@10 : 0.0964    pop_ndcg@10 : 0.0809    unpop_ndcg@10 : 0.0388    hit@10 : 0.497    pop_hit@10 : 0.3773    unpop_hit@10 : 0.2048    precision@10 : 0.0745    pop_precision@10 : 0.0499    unpop_precision@10 : 0.0246
Mon 01 Dec 2025 10:32:02 INFO  epoch 6 training [time: 51.83s, train loss: 1686.3325]
Mon 01 Dec 2025 10:32:54 INFO  epoch 7 training [time: 52.34s, train loss: 1690.8389]
Mon 01 Dec 2025 10:32:55 INFO  epoch 7 evaluating [time: 0.48s, valid_score: 0.198900]
Mon 01 Dec 2025 10:32:55 INFO  valid result: 
recall@10 : 0.0755    pop_recall@10 : 0.0864    unpop_recall@10 : 0.0513    mrr@10 : 0.1989    pop_mrr@10 : 0.1515    unpop_mrr@10 : 0.0632    ndcg@10 : 0.095    pop_ndcg@10 : 0.0783    unpop_ndcg@10 : 0.0395    hit@10 : 0.4916    pop_hit@10 : 0.3692    unpop_hit@10 : 0.2084    precision@10 : 0.0737    pop_precision@10 : 0.0485    unpop_precision@10 : 0.0252
