Sun 30 Nov 2025 18:02:32 INFO  ['run_recbole.py', '--model', 'FairLightGCN', '--dataset', 'ml-1m', '--gpu_ids', '3', '--cl_rate', '0.2', '--enable_user_loss', 'False', '--item_rq_loss_rate', '0.5', '--pop_rate', '0.1', '--item_loss_type', 'full']
Sun 30 Nov 2025 18:02:32 INFO  
General Hyper Parameters:
gpu_id = 0
use_gpu = True
seed = 2020
state = INFO
reproducibility = True
data_path = dataset/ml-1m
checkpoint_dir = saved
show_progress = True
save_dataset = False
dataset_save_path = None
save_dataloaders = False
dataloaders_save_path = None
log_wandb = False

Training Hyper Parameters:
epochs = 100
train_batch_size = 1024
learner = adam
learning_rate = 0.001
train_neg_sample_args = {'distribution': 'uniform', 'sample_num': 1, 'alpha': 1.0, 'dynamic': False, 'candidate_num': 0}
eval_step = 2
stopping_step = 10
clip_grad_norm = None
weight_decay = 0.0
loss_decimal_place = 4

Evaluation Hyper Parameters:
eval_args = {'split': {'RS': [0.8, 0.1, 0.1]}, 'order': 'RO', 'group_by': 'user', 'mode': {'valid': 'full', 'test': 'full'}}
repeatable = False
metrics = ['Recall', 'MRR', 'NDCG', 'Hit', 'Precision']
topk = [10]
valid_metric = MRR@10
valid_metric_bigger = True
eval_batch_size = 102400
metric_decimal_place = 4

Dataset Hyper Parameters:
train_batch_size = 1024
eval_batch_size = 102400
field_separator = 	
seq_separator =  
USER_ID_FIELD = user_id
ITEM_ID_FIELD = item_id
RATING_FIELD = rating
TIME_FIELD = timestamp
seq_len = None
LABEL_FIELD = label
threshold = None
NEG_PREFIX = neg_
load_col = {'inter': ['user_id', 'item_id', 'rating', 'timestamp'], 'user': ['user_id', 'age', 'gender', 'occupation'], 'item': ['item_id', 'release_year', 'genre']}
unload_col = None
unused_col = None
additional_feat_suffix = None
rm_dup_inter = None
val_interval = None
filter_inter_by_user_or_item = True
user_inter_num_interval = None
item_inter_num_interval = None
alias_of_user_id = None
alias_of_item_id = None
alias_of_entity_id = None
alias_of_relation_id = None
preload_weight = None
normalize_field = None
normalize_all = True
ITEM_LIST_LENGTH_FIELD = item_length
LIST_SUFFIX = _list
MAX_ITEM_LIST_LENGTH = 50
POSITION_FIELD = position_id
HEAD_ENTITY_ID_FIELD = head_id
TAIL_ENTITY_ID_FIELD = tail_id
RELATION_ID_FIELD = relation_id
ENTITY_ID_FIELD = entity_id
kg_reverse_r = False
entity_kg_num_interval = None
relation_kg_num_interval = None
benchmark_filename = None
save_single_user = True
save_base_path = output
attr = {'user': {'need_inter_num': True, 'need_inter_hour': True, 'need_rating': True, 'need_item_genre': True, 'need_item_year': True, 'need_zipcode_to_region': True}, 'item': {'need_inter_num': True, 'need_inter_hour': True, 'need_rating': True, 'need_age': True, 'need_gender': True, 'need_occupation': True, 'need_region': True}, 'interaction': {'timestamp_unit': 's'}}
to_bin = {'user': {'mean_rating': {'n_bins': 5}, 'interaction_nums': {'n_bins': 5}}, 'item': {'mean_rating': {'n_bins': 5}, 'interaction_nums': {'n_bins': 5}}}

Other Hyper Parameters: 
worker = 0
wandb_project = recbole
shuffle = True
require_pow = False
enable_amp = False
enable_scaler = False
transform = None
export_topk_recs = True
export_topk_dir = None
export_topk_filename = None
export_topk_item_separator = None
export_topk_separate_columns = None
embedding_size = 64
n_layers = 2
reg_weight = 1e-05
numerical_features = []
discretization = None
MODEL_TYPE = ModelType.GENERAL
MODEL_INPUT_TYPE = InputType.PAIRWISE
eval_type = EvaluatorType.RANKING
single_spec = True
local_rank = 0
device = cuda
valid_neg_sample_args = {'distribution': 'uniform', 'sample_num': 'none'}
test_neg_sample_args = {'distribution': 'uniform', 'sample_num': 'none'}
nproc = 1
ip = localhost
port = 5678
world_size = -1
group_offset = 0
gpu_ids = 3
cl_rate = 0.2
enable_user_loss = False
item_loss_type = full
item_rq_loss_rate = 0.5
beta = 0.2
log_type = fair
pop_rate = 0.1
gama = 0.2


Sun 30 Nov 2025 18:02:34 INFO  ml-1m
The number of users: 6041
Average actions of users: 165.5975165562914
The number of items: 3884
Average actions of items: 269.88909875876953
The number of inters: 1000209
The sparsity of the dataset: 95.73712398848173%
Remain Fields: ['user_id', 'item_id', 'rating', 'timestamp', 'age', 'gender', 'occupation', 'release_year', 'genre']
Sun 30 Nov 2025 18:02:37 INFO  [Training]: train_batch_size = [1024] train_neg_sample_args: [{'distribution': 'uniform', 'sample_num': 1, 'alpha': 1.0, 'dynamic': False, 'candidate_num': 0}]
Sun 30 Nov 2025 18:02:37 INFO  [Evaluation]: eval_batch_size = [102400] eval_args: [{'split': {'RS': [0.8, 0.1, 0.1]}, 'order': 'RO', 'group_by': 'user', 'mode': {'valid': 'full', 'test': 'full'}}]
Sun 30 Nov 2025 18:02:38 INFO  FairLightGCN(
  (user_embedding): Embedding(6041, 64)
  (item_embedding): Embedding(3884, 64)
  (mf_loss): BPRLoss()
  (reg_loss): EmbLoss()
  (rq_model_item): RQVAE(
    (encoder): MLPLayers(
      (mlp_layers): Sequential(
        (0): Dropout(p=0, inplace=False)
        (1): Linear(in_features=192, out_features=64, bias=True)
        (2): Sigmoid()
        (3): Dropout(p=0, inplace=False)
        (4): Linear(in_features=64, out_features=32, bias=True)
        (5): Sigmoid()
        (6): Dropout(p=0, inplace=False)
        (7): Linear(in_features=32, out_features=16, bias=True)
      )
    )
    (rq): ResidualVectorQuantizer(
      (vq_layers): ModuleList(
        (0-2): 3 x VectorQuantizer(
          (embedding): Embedding(8, 16)
        )
      )
    )
    (decoder): MLPLayers(
      (mlp_layers): Sequential(
        (0): Dropout(p=0, inplace=False)
        (1): Linear(in_features=16, out_features=32, bias=True)
        (2): Sigmoid()
        (3): Dropout(p=0, inplace=False)
        (4): Linear(in_features=32, out_features=64, bias=True)
        (5): Sigmoid()
        (6): Dropout(p=0, inplace=False)
        (7): Linear(in_features=64, out_features=192, bias=True)
      )
    )
    (W_gate): Linear(in_features=192, out_features=192, bias=True)
  )
  (rq_model_user): RQVAE(
    (encoder): MLPLayers(
      (mlp_layers): Sequential(
        (0): Dropout(p=0, inplace=False)
        (1): Linear(in_features=256, out_features=64, bias=True)
        (2): Sigmoid()
        (3): Dropout(p=0, inplace=False)
        (4): Linear(in_features=64, out_features=32, bias=True)
        (5): Sigmoid()
        (6): Dropout(p=0, inplace=False)
        (7): Linear(in_features=32, out_features=16, bias=True)
      )
    )
    (rq): ResidualVectorQuantizer(
      (vq_layers): ModuleList(
        (0-2): 3 x VectorQuantizer(
          (embedding): Embedding(8, 16)
        )
      )
    )
    (decoder): MLPLayers(
      (mlp_layers): Sequential(
        (0): Dropout(p=0, inplace=False)
        (1): Linear(in_features=16, out_features=32, bias=True)
        (2): Sigmoid()
        (3): Dropout(p=0, inplace=False)
        (4): Linear(in_features=32, out_features=64, bias=True)
        (5): Sigmoid()
        (6): Dropout(p=0, inplace=False)
        (7): Linear(in_features=64, out_features=256, bias=True)
      )
    )
    (W_gate): Linear(in_features=256, out_features=256, bias=True)
  )
)
Trainable parameters: 807264
Sun 30 Nov 2025 18:02:38 INFO  FLOPs: 0.0
Sun 30 Nov 2025 18:03:33 INFO  epoch 0 training [time: 53.87s, train loss: 1179.4384]
Sun 30 Nov 2025 18:04:26 INFO  epoch 1 training [time: 53.59s, train loss: 1116.0316]
Sun 30 Nov 2025 18:04:27 INFO  epoch 1 evaluating [time: 1.03s, valid_score: 0.267500]
Sun 30 Nov 2025 18:04:27 INFO  valid result: 
recall@10 : 0.1112    pop_recall@10 : 0.1177    unpop_recall@10 : 0.0723    mrr@10 : 0.2675    pop_mrr@10 : 0.1813    unpop_mrr@10 : 0.106    ndcg@10 : 0.1344    pop_ndcg@10 : 0.1021    unpop_ndcg@10 : 0.0624    hit@10 : 0.6073    pop_hit@10 : 0.4219    unpop_hit@10 : 0.2927    precision@10 : 0.1003    pop_precision@10 : 0.0598    unpop_precision@10 : 0.0406
Sun 30 Nov 2025 18:04:27 INFO  Saving current: saved/FairLightGCN-Nov-30-2025_18-02-38.pth
Sun 30 Nov 2025 18:05:22 INFO  epoch 2 training [time: 55.08s, train loss: 1131.4596]
Sun 30 Nov 2025 18:06:11 INFO  epoch 3 training [time: 48.82s, train loss: 1144.4659]
Sun 30 Nov 2025 18:06:12 INFO  epoch 3 evaluating [time: 0.48s, valid_score: 0.257300]
Sun 30 Nov 2025 18:06:12 INFO  valid result: 
recall@10 : 0.1038    pop_recall@10 : 0.1057    unpop_recall@10 : 0.071    mrr@10 : 0.2573    pop_mrr@10 : 0.1642    unpop_mrr@10 : 0.1105    ndcg@10 : 0.1282    pop_ndcg@10 : 0.0921    unpop_ndcg@10 : 0.0638    hit@10 : 0.5901    pop_hit@10 : 0.3864    unpop_hit@10 : 0.2949    precision@10 : 0.0972    pop_precision@10 : 0.0553    unpop_precision@10 : 0.0419
Sun 30 Nov 2025 18:06:58 INFO  epoch 4 training [time: 46.35s, train loss: 1155.9140]
Sun 30 Nov 2025 18:07:45 INFO  epoch 5 training [time: 46.86s, train loss: 1164.6879]
Sun 30 Nov 2025 18:07:46 INFO  epoch 5 evaluating [time: 0.87s, valid_score: 0.257700]
Sun 30 Nov 2025 18:07:46 INFO  valid result: 
recall@10 : 0.1014    pop_recall@10 : 0.0985    unpop_recall@10 : 0.0726    mrr@10 : 0.2577    pop_mrr@10 : 0.1549    unpop_mrr@10 : 0.1193    ndcg@10 : 0.1274    pop_ndcg@10 : 0.0862    unpop_ndcg@10 : 0.0681    hit@10 : 0.5841    pop_hit@10 : 0.3594    unpop_hit@10 : 0.3111    precision@10 : 0.0961    pop_precision@10 : 0.0512    unpop_precision@10 : 0.045
Sun 30 Nov 2025 18:08:39 INFO  epoch 6 training [time: 53.15s, train loss: 1155.2742]
Sun 30 Nov 2025 18:09:34 INFO  epoch 7 training [time: 54.66s, train loss: 1159.0884]
Sun 30 Nov 2025 18:09:34 INFO  epoch 7 evaluating [time: 0.82s, valid_score: 0.248400]
Sun 30 Nov 2025 18:09:34 INFO  valid result: 
recall@10 : 0.0992    pop_recall@10 : 0.0913    unpop_recall@10 : 0.0745    mrr@10 : 0.2484    pop_mrr@10 : 0.1396    unpop_mrr@10 : 0.1241    ndcg@10 : 0.1222    pop_ndcg@10 : 0.0779    unpop_ndcg@10 : 0.0708    hit@10 : 0.5573    pop_hit@10 : 0.3204    unpop_hit@10 : 0.3141    precision@10 : 0.0903    pop_precision@10 : 0.0444    unpop_precision@10 : 0.0459
Sun 30 Nov 2025 18:10:28 INFO  epoch 8 training [time: 53.28s, train loss: 1157.7819]
Sun 30 Nov 2025 18:11:23 INFO  epoch 9 training [time: 55.05s, train loss: 1157.0832]
Sun 30 Nov 2025 18:11:23 INFO  epoch 9 evaluating [time: 0.63s, valid_score: 0.232200]
Sun 30 Nov 2025 18:11:23 INFO  valid result: 
recall@10 : 0.0949    pop_recall@10 : 0.0869    unpop_recall@10 : 0.0718    mrr@10 : 0.2322    pop_mrr@10 : 0.1292    unpop_mrr@10 : 0.1176    ndcg@10 : 0.1145    pop_ndcg@10 : 0.0724    unpop_ndcg@10 : 0.0671    hit@10 : 0.5329    pop_hit@10 : 0.3045    unpop_hit@10 : 0.3026    precision@10 : 0.084    pop_precision@10 : 0.0403    unpop_precision@10 : 0.0437
Sun 30 Nov 2025 18:12:20 INFO  epoch 10 training [time: 56.28s, train loss: 1158.5723]
Sun 30 Nov 2025 18:13:14 INFO  epoch 11 training [time: 54.52s, train loss: 1158.0660]
Sun 30 Nov 2025 18:13:15 INFO  epoch 11 evaluating [time: 0.63s, valid_score: 0.290900]
Sun 30 Nov 2025 18:13:15 INFO  valid result: 
recall@10 : 0.1113    pop_recall@10 : 0.1365    unpop_recall@10 : 0.05    mrr@10 : 0.2909    pop_mrr@10 : 0.2251    unpop_mrr@10 : 0.0859    ndcg@10 : 0.1454    pop_ndcg@10 : 0.1249    unpop_ndcg@10 : 0.0487    hit@10 : 0.6119    pop_hit@10 : 0.4793    unpop_hit@10 : 0.2315    precision@10 : 0.1075    pop_precision@10 : 0.0732    unpop_precision@10 : 0.0343
Sun 30 Nov 2025 18:13:15 INFO  Saving current: saved/FairLightGCN-Nov-30-2025_18-02-38.pth
Sun 30 Nov 2025 18:14:03 INFO  epoch 12 training [time: 48.47s, train loss: 1135.9853]
Sun 30 Nov 2025 18:14:52 INFO  epoch 13 training [time: 48.88s, train loss: 1074.4224]
Sun 30 Nov 2025 18:14:53 INFO  epoch 13 evaluating [time: 0.62s, valid_score: 0.379600]
Sun 30 Nov 2025 18:14:53 INFO  valid result: 
recall@10 : 0.1435    pop_recall@10 : 0.2312    unpop_recall@10 : 0.0195    mrr@10 : 0.3796    pop_mrr@10 : 0.3646    unpop_mrr@10 : 0.0239    ndcg@10 : 0.202    pop_ndcg@10 : 0.225    unpop_ndcg@10 : 0.0156    hit@10 : 0.7189    pop_hit@10 : 0.6886    unpop_hit@10 : 0.0796    precision@10 : 0.154    pop_precision@10 : 0.143    unpop_precision@10 : 0.011
Sun 30 Nov 2025 18:14:53 INFO  Saving current: saved/FairLightGCN-Nov-30-2025_18-02-38.pth
Sun 30 Nov 2025 18:15:40 INFO  epoch 14 training [time: 47.39s, train loss: 1042.8398]
Sun 30 Nov 2025 18:16:29 INFO  epoch 15 training [time: 48.93s, train loss: 1026.8721]
Sun 30 Nov 2025 18:16:30 INFO  epoch 15 evaluating [time: 0.61s, valid_score: 0.401200]
Sun 30 Nov 2025 18:16:30 INFO  valid result: 
recall@10 : 0.1589    pop_recall@10 : 0.2531    unpop_recall@10 : 0.0227    mrr@10 : 0.4012    pop_mrr@10 : 0.3855    unpop_mrr@10 : 0.0276    ndcg@10 : 0.2186    pop_ndcg@10 : 0.243    unpop_ndcg@10 : 0.0181    hit@10 : 0.7522    pop_hit@10 : 0.721    unpop_hit@10 : 0.0942    precision@10 : 0.1669    pop_precision@10 : 0.1538    unpop_precision@10 : 0.0131
Sun 30 Nov 2025 18:16:30 INFO  Saving current: saved/FairLightGCN-Nov-30-2025_18-02-38.pth
Sun 30 Nov 2025 18:17:18 INFO  epoch 16 training [time: 47.93s, train loss: 989.9281]
Sun 30 Nov 2025 18:18:12 INFO  epoch 17 training [time: 53.40s, train loss: 983.6045]
Sun 30 Nov 2025 18:18:12 INFO  epoch 17 evaluating [time: 0.95s, valid_score: 0.408800]
Sun 30 Nov 2025 18:18:12 INFO  valid result: 
recall@10 : 0.165    pop_recall@10 : 0.2601    unpop_recall@10 : 0.027    mrr@10 : 0.4088    pop_mrr@10 : 0.3912    unpop_mrr@10 : 0.0324    ndcg@10 : 0.2246    pop_ndcg@10 : 0.2476    unpop_ndcg@10 : 0.0213    hit@10 : 0.7621    pop_hit@10 : 0.7285    unpop_hit@10 : 0.1123    precision@10 : 0.1711    pop_precision@10 : 0.1558    unpop_precision@10 : 0.0153
Sun 30 Nov 2025 18:18:13 INFO  Saving current: saved/FairLightGCN-Nov-30-2025_18-02-38.pth
Sun 30 Nov 2025 18:19:08 INFO  epoch 18 training [time: 55.83s, train loss: 962.9819]
Sun 30 Nov 2025 18:20:05 INFO  epoch 19 training [time: 56.27s, train loss: 968.5177]
Sun 30 Nov 2025 18:20:05 INFO  epoch 19 evaluating [time: 0.58s, valid_score: 0.410000]
Sun 30 Nov 2025 18:20:05 INFO  valid result: 
recall@10 : 0.1687    pop_recall@10 : 0.2632    unpop_recall@10 : 0.0295    mrr@10 : 0.41    pop_mrr@10 : 0.3908    unpop_mrr@10 : 0.0361    ndcg@10 : 0.2276    pop_ndcg@10 : 0.2491    unpop_ndcg@10 : 0.0236    hit@10 : 0.7666    pop_hit@10 : 0.7316    unpop_hit@10 : 0.1252    precision@10 : 0.1737    pop_precision@10 : 0.1566    unpop_precision@10 : 0.0171
Sun 30 Nov 2025 18:20:05 INFO  Saving current: saved/FairLightGCN-Nov-30-2025_18-02-38.pth
Sun 30 Nov 2025 18:21:00 INFO  epoch 20 training [time: 54.52s, train loss: 970.9577]
Sun 30 Nov 2025 18:21:55 INFO  epoch 21 training [time: 55.17s, train loss: 969.6388]
Sun 30 Nov 2025 18:21:56 INFO  epoch 21 evaluating [time: 0.54s, valid_score: 0.411800]
Sun 30 Nov 2025 18:21:56 INFO  valid result: 
recall@10 : 0.1714    pop_recall@10 : 0.2644    unpop_recall@10 : 0.0326    mrr@10 : 0.4118    pop_mrr@10 : 0.3905    unpop_mrr@10 : 0.0405    ndcg@10 : 0.2293    pop_ndcg@10 : 0.2489    unpop_ndcg@10 : 0.0261    hit@10 : 0.7699    pop_hit@10 : 0.7328    unpop_hit@10 : 0.1401    precision@10 : 0.1753    pop_precision@10 : 0.1563    unpop_precision@10 : 0.019
Sun 30 Nov 2025 18:21:56 INFO  Saving current: saved/FairLightGCN-Nov-30-2025_18-02-38.pth
Sun 30 Nov 2025 18:22:50 INFO  epoch 22 training [time: 54.08s, train loss: 972.8635]
Sun 30 Nov 2025 18:23:40 INFO  epoch 23 training [time: 50.56s, train loss: 951.1406]
Sun 30 Nov 2025 18:23:41 INFO  epoch 23 evaluating [time: 0.97s, valid_score: 0.411100]
Sun 30 Nov 2025 18:23:41 INFO  valid result: 
recall@10 : 0.1727    pop_recall@10 : 0.2642    unpop_recall@10 : 0.0345    mrr@10 : 0.4111    pop_mrr@10 : 0.3878    unpop_mrr@10 : 0.0442    ndcg@10 : 0.2303    pop_ndcg@10 : 0.2477    unpop_ndcg@10 : 0.0284    hit@10 : 0.7714    pop_hit@10 : 0.7326    unpop_hit@10 : 0.1528    precision@10 : 0.1766    pop_precision@10 : 0.1557    unpop_precision@10 : 0.0209
Sun 30 Nov 2025 18:24:38 INFO  epoch 24 training [time: 57.09s, train loss: 946.2988]
Sun 30 Nov 2025 18:25:34 INFO  epoch 25 training [time: 56.02s, train loss: 952.9358]
Sun 30 Nov 2025 18:25:35 INFO  epoch 25 evaluating [time: 0.52s, valid_score: 0.411400]
Sun 30 Nov 2025 18:25:35 INFO  valid result: 
recall@10 : 0.174    pop_recall@10 : 0.264    unpop_recall@10 : 0.0359    mrr@10 : 0.4114    pop_mrr@10 : 0.3862    unpop_mrr@10 : 0.0473    ndcg@10 : 0.2307    pop_ndcg@10 : 0.2466    unpop_ndcg@10 : 0.03    hit@10 : 0.7762    pop_hit@10 : 0.7336    unpop_hit@10 : 0.1611    precision@10 : 0.177    pop_precision@10 : 0.1551    unpop_precision@10 : 0.022
Sun 30 Nov 2025 18:26:31 INFO  epoch 26 training [time: 55.96s, train loss: 974.8705]
Sun 30 Nov 2025 18:27:26 INFO  epoch 27 training [time: 55.23s, train loss: 969.6289]
Sun 30 Nov 2025 18:27:27 INFO  epoch 27 evaluating [time: 0.95s, valid_score: 0.412900]
Sun 30 Nov 2025 18:27:27 INFO  valid result: 
recall@10 : 0.1752    pop_recall@10 : 0.265    unpop_recall@10 : 0.0367    mrr@10 : 0.4129    pop_mrr@10 : 0.3869    unpop_mrr@10 : 0.0484    ndcg@10 : 0.232    pop_ndcg@10 : 0.2476    unpop_ndcg@10 : 0.0306    hit@10 : 0.7775    pop_hit@10 : 0.7333    unpop_hit@10 : 0.1631    precision@10 : 0.1778    pop_precision@10 : 0.1556    unpop_precision@10 : 0.0223
Sun 30 Nov 2025 18:27:27 INFO  Saving current: saved/FairLightGCN-Nov-30-2025_18-02-38.pth
Sun 30 Nov 2025 18:28:24 INFO  epoch 28 training [time: 56.66s, train loss: 943.1881]
Sun 30 Nov 2025 18:29:21 INFO  epoch 29 training [time: 57.10s, train loss: 955.9678]
Sun 30 Nov 2025 18:29:22 INFO  epoch 29 evaluating [time: 0.77s, valid_score: 0.411700]
Sun 30 Nov 2025 18:29:22 INFO  valid result: 
recall@10 : 0.1761    pop_recall@10 : 0.2648    unpop_recall@10 : 0.0384    mrr@10 : 0.4117    pop_mrr@10 : 0.3844    unpop_mrr@10 : 0.0514    ndcg@10 : 0.2322    pop_ndcg@10 : 0.2463    unpop_ndcg@10 : 0.0323    hit@10 : 0.7786    pop_hit@10 : 0.7321    unpop_hit@10 : 0.1748    precision@10 : 0.1784    pop_precision@10 : 0.1545    unpop_precision@10 : 0.0239
Sun 30 Nov 2025 18:30:19 INFO  epoch 30 training [time: 56.92s, train loss: 970.7237]
Sun 30 Nov 2025 18:31:14 INFO  epoch 31 training [time: 55.46s, train loss: 955.0099]
Sun 30 Nov 2025 18:31:15 INFO  epoch 31 evaluating [time: 0.55s, valid_score: 0.410600]
Sun 30 Nov 2025 18:31:15 INFO  valid result: 
recall@10 : 0.1758    pop_recall@10 : 0.2628    unpop_recall@10 : 0.0395    mrr@10 : 0.4106    pop_mrr@10 : 0.3824    unpop_mrr@10 : 0.0528    ndcg@10 : 0.2319    pop_ndcg@10 : 0.2453    unpop_ndcg@10 : 0.0331    hit@10 : 0.7763    pop_hit@10 : 0.7291    unpop_hit@10 : 0.1772    precision@10 : 0.178    pop_precision@10 : 0.1537    unpop_precision@10 : 0.0243
Sun 30 Nov 2025 18:32:12 INFO  epoch 32 training [time: 57.41s, train loss: 960.6383]
Sun 30 Nov 2025 18:33:09 INFO  epoch 33 training [time: 56.60s, train loss: 941.3948]
Sun 30 Nov 2025 18:33:10 INFO  epoch 33 evaluating [time: 0.80s, valid_score: 0.409600]
Sun 30 Nov 2025 18:33:10 INFO  valid result: 
recall@10 : 0.1765    pop_recall@10 : 0.2622    unpop_recall@10 : 0.0409    mrr@10 : 0.4096    pop_mrr@10 : 0.3791    unpop_mrr@10 : 0.0561    ndcg@10 : 0.2322    pop_ndcg@10 : 0.2439    unpop_ndcg@10 : 0.0348    hit@10 : 0.7778    pop_hit@10 : 0.7278    unpop_hit@10 : 0.1861    precision@10 : 0.1786    pop_precision@10 : 0.153    unpop_precision@10 : 0.0256
Sun 30 Nov 2025 18:34:05 INFO  epoch 34 training [time: 55.92s, train loss: 928.9197]
Sun 30 Nov 2025 18:34:56 INFO  epoch 35 training [time: 50.10s, train loss: 916.6870]
Sun 30 Nov 2025 18:34:56 INFO  epoch 35 evaluating [time: 0.58s, valid_score: 0.410200]
Sun 30 Nov 2025 18:34:56 INFO  valid result: 
recall@10 : 0.1766    pop_recall@10 : 0.2612    unpop_recall@10 : 0.0418    mrr@10 : 0.4102    pop_mrr@10 : 0.3785    unpop_mrr@10 : 0.0584    ndcg@10 : 0.2322    pop_ndcg@10 : 0.2426    unpop_ndcg@10 : 0.0359    hit@10 : 0.7772    pop_hit@10 : 0.727    unpop_hit@10 : 0.1902    precision@10 : 0.1783    pop_precision@10 : 0.1519    unpop_precision@10 : 0.0264
Sun 30 Nov 2025 18:35:45 INFO  epoch 36 training [time: 49.11s, train loss: 921.3952]
Sun 30 Nov 2025 18:36:40 INFO  epoch 37 training [time: 54.76s, train loss: 910.5838]
Sun 30 Nov 2025 18:36:41 INFO  epoch 37 evaluating [time: 0.67s, valid_score: 0.412000]
Sun 30 Nov 2025 18:36:41 INFO  valid result: 
recall@10 : 0.1777    pop_recall@10 : 0.2623    unpop_recall@10 : 0.0421    mrr@10 : 0.412    pop_mrr@10 : 0.3802    unpop_mrr@10 : 0.0584    ndcg@10 : 0.2332    pop_ndcg@10 : 0.2437    unpop_ndcg@10 : 0.036    hit@10 : 0.7788    pop_hit@10 : 0.728    unpop_hit@10 : 0.1896    precision@10 : 0.1789    pop_precision@10 : 0.1525    unpop_precision@10 : 0.0264
Sun 30 Nov 2025 18:37:38 INFO  epoch 38 training [time: 57.65s, train loss: 948.2429]
Sun 30 Nov 2025 18:38:36 INFO  epoch 39 training [time: 57.59s, train loss: 933.9801]
Sun 30 Nov 2025 18:38:37 INFO  epoch 39 evaluating [time: 0.65s, valid_score: 0.409600]
Sun 30 Nov 2025 18:38:37 INFO  valid result: 
recall@10 : 0.1774    pop_recall@10 : 0.2596    unpop_recall@10 : 0.0435    mrr@10 : 0.4096    pop_mrr@10 : 0.3763    unpop_mrr@10 : 0.0609    ndcg@10 : 0.2325    pop_ndcg@10 : 0.2413    unpop_ndcg@10 : 0.0374    hit@10 : 0.778    pop_hit@10 : 0.7248    unpop_hit@10 : 0.1965    precision@10 : 0.1787    pop_precision@10 : 0.1514    unpop_precision@10 : 0.0274
Sun 30 Nov 2025 18:39:33 INFO  epoch 40 training [time: 56.43s, train loss: 947.8075]
Sun 30 Nov 2025 18:40:30 INFO  epoch 41 training [time: 56.58s, train loss: 921.8615]
Sun 30 Nov 2025 18:40:30 INFO  epoch 41 evaluating [time: 0.81s, valid_score: 0.412400]
Sun 30 Nov 2025 18:40:30 INFO  valid result: 
recall@10 : 0.1773    pop_recall@10 : 0.2602    unpop_recall@10 : 0.0437    mrr@10 : 0.4124    pop_mrr@10 : 0.3793    unpop_mrr@10 : 0.0607    ndcg@10 : 0.2332    pop_ndcg@10 : 0.2425    unpop_ndcg@10 : 0.0372    hit@10 : 0.7775    pop_hit@10 : 0.725    unpop_hit@10 : 0.1942    precision@10 : 0.1787    pop_precision@10 : 0.1518    unpop_precision@10 : 0.0269
Sun 30 Nov 2025 18:41:27 INFO  epoch 42 training [time: 56.58s, train loss: 914.2476]
Sun 30 Nov 2025 18:42:23 INFO  epoch 43 training [time: 56.28s, train loss: 921.6167]
Sun 30 Nov 2025 18:42:24 INFO  epoch 43 evaluating [time: 0.60s, valid_score: 0.412400]
Sun 30 Nov 2025 18:42:24 INFO  valid result: 
recall@10 : 0.1771    pop_recall@10 : 0.2579    unpop_recall@10 : 0.0452    mrr@10 : 0.4124    pop_mrr@10 : 0.3771    unpop_mrr@10 : 0.064    ndcg@10 : 0.233    pop_ndcg@10 : 0.2405    unpop_ndcg@10 : 0.039    hit@10 : 0.7758    pop_hit@10 : 0.7209    unpop_hit@10 : 0.2018    precision@10 : 0.1782    pop_precision@10 : 0.15    unpop_precision@10 : 0.0283
Sun 30 Nov 2025 18:43:20 INFO  epoch 44 training [time: 55.75s, train loss: 906.8840]
Sun 30 Nov 2025 18:44:16 INFO  epoch 45 training [time: 56.51s, train loss: 899.1361]
Sun 30 Nov 2025 18:44:17 INFO  epoch 45 evaluating [time: 0.90s, valid_score: 0.411700]
Sun 30 Nov 2025 18:44:17 INFO  valid result: 
recall@10 : 0.1777    pop_recall@10 : 0.2582    unpop_recall@10 : 0.0457    mrr@10 : 0.4117    pop_mrr@10 : 0.376    unpop_mrr@10 : 0.065    ndcg@10 : 0.2334    pop_ndcg@10 : 0.2403    unpop_ndcg@10 : 0.0395    hit@10 : 0.7785    pop_hit@10 : 0.7232    unpop_hit@10 : 0.2056    precision@10 : 0.1787    pop_precision@10 : 0.1501    unpop_precision@10 : 0.0287
Sun 30 Nov 2025 18:45:13 INFO  epoch 46 training [time: 56.17s, train loss: 908.6872]
Sun 30 Nov 2025 18:46:10 INFO  epoch 47 training [time: 56.48s, train loss: 920.8774]
Sun 30 Nov 2025 18:46:11 INFO  epoch 47 evaluating [time: 1.07s, valid_score: 0.411300]
Sun 30 Nov 2025 18:46:11 INFO  valid result: 
recall@10 : 0.1773    pop_recall@10 : 0.2569    unpop_recall@10 : 0.0463    mrr@10 : 0.4113    pop_mrr@10 : 0.3753    unpop_mrr@10 : 0.0653    ndcg@10 : 0.233    pop_ndcg@10 : 0.2395    unpop_ndcg@10 : 0.0399    hit@10 : 0.7768    pop_hit@10 : 0.7212    unpop_hit@10 : 0.2083    precision@10 : 0.1787    pop_precision@10 : 0.1494    unpop_precision@10 : 0.0292
Sun 30 Nov 2025 18:47:07 INFO  epoch 48 training [time: 56.03s, train loss: 931.4423]
Sun 30 Nov 2025 18:48:04 INFO  epoch 49 training [time: 57.27s, train loss: 918.0794]
Sun 30 Nov 2025 18:48:05 INFO  epoch 49 evaluating [time: 0.65s, valid_score: 0.411600]
Sun 30 Nov 2025 18:48:05 INFO  valid result: 
recall@10 : 0.1772    pop_recall@10 : 0.256    unpop_recall@10 : 0.0473    mrr@10 : 0.4116    pop_mrr@10 : 0.3747    unpop_mrr@10 : 0.0672    ndcg@10 : 0.2329    pop_ndcg@10 : 0.2384    unpop_ndcg@10 : 0.041    hit@10 : 0.7772    pop_hit@10 : 0.7195    unpop_hit@10 : 0.2124    precision@10 : 0.1786    pop_precision@10 : 0.1485    unpop_precision@10 : 0.0301
Sun 30 Nov 2025 18:48:05 INFO  Finished training, best eval result in epoch 27
Sun 30 Nov 2025 18:48:05 INFO  Loading model structure and parameters from saved/FairLightGCN-Nov-30-2025_18-02-38.pth
Sun 30 Nov 2025 18:48:06 INFO  count    1277.000000
mean       47.298356
std        97.650315
min         1.000000
25%         2.000000
50%        11.000000
75%        43.000000
max       977.000000
dtype: float64
Sun 30 Nov 2025 18:48:07 INFO  The running environment of this training is as follows:
+-------------+-----------------+
| Environment |      Usage      |
+=============+=================+
| CPU         |     40.20 %     |
+-------------+-----------------+
| GPU         | 0.29 G/47.53 G  |
+-------------+-----------------+
| Memory      | 1.96 G/251.48 G |
+-------------+-----------------+
Sun 30 Nov 2025 18:48:07 INFO  best valid : OrderedDict([('recall@10', 0.1752), ('pop_recall@10', 0.265), ('unpop_recall@10', 0.0367), ('mrr@10', 0.4129), ('pop_mrr@10', 0.3869), ('unpop_mrr@10', 0.0484), ('ndcg@10', 0.232), ('pop_ndcg@10', 0.2476), ('unpop_ndcg@10', 0.0306), ('hit@10', 0.7775), ('pop_hit@10', 0.7333), ('unpop_hit@10', 0.1631), ('precision@10', 0.1778), ('pop_precision@10', 0.1556), ('unpop_precision@10', 0.0223)])
Sun 30 Nov 2025 18:48:07 INFO  test result: OrderedDict([('recall@10', 0.19598995033112585), ('pop_recall@10', 0.2921498344370861), ('unpop_recall@10', 0.04788233443708609), ('mrr@10', 0.4950003973509933), ('pop_mrr@10', 0.4602359768211921), ('unpop_mrr@10', 0.07281440397350993), ('ndcg@10', 0.2935576821192053), ('pop_ndcg@10', 0.2994580298013245), ('unpop_ndcg@10', 0.0456340894039735), ('hit@10', 0.7945364238410596), ('pop_hit@10', 0.747682119205298), ('unpop_hit@10', 0.21307947019867549), ('precision@10', 0.223476821192053), ('pop_precision@10', 0.1888576158940398), ('unpop_precision@10', 0.034619205298013246)])
