Sun 30 Nov 2025 01:30:05 INFO  ['run_recbole.py', '--model', 'FairLightGCN', '--dataset', 'ml-1m', '--gpu_ids', '2']
Sun 30 Nov 2025 01:30:05 INFO  
General Hyper Parameters:
gpu_id = 0
use_gpu = True
seed = 2020
state = INFO
reproducibility = True
data_path = dataset/ml-1m
checkpoint_dir = saved
show_progress = True
save_dataset = False
dataset_save_path = None
save_dataloaders = False
dataloaders_save_path = None
log_wandb = False

Training Hyper Parameters:
epochs = 100
train_batch_size = 1024
learner = adam
learning_rate = 0.001
train_neg_sample_args = {'distribution': 'uniform', 'sample_num': 1, 'alpha': 1.0, 'dynamic': False, 'candidate_num': 0}
eval_step = 2
stopping_step = 10
clip_grad_norm = None
weight_decay = 0.0
loss_decimal_place = 4

Evaluation Hyper Parameters:
eval_args = {'split': {'RS': [0.8, 0.1, 0.1]}, 'order': 'RO', 'group_by': 'user', 'mode': {'valid': 'full', 'test': 'full'}}
repeatable = False
metrics = ['Recall', 'MRR', 'NDCG', 'Hit', 'Precision']
topk = [10]
valid_metric = MRR@10
valid_metric_bigger = True
eval_batch_size = 102400
metric_decimal_place = 4

Dataset Hyper Parameters:
train_batch_size = 1024
eval_batch_size = 102400
field_separator = 	
seq_separator =  
USER_ID_FIELD = user_id
ITEM_ID_FIELD = item_id
RATING_FIELD = rating
TIME_FIELD = timestamp
seq_len = None
LABEL_FIELD = label
threshold = None
NEG_PREFIX = neg_
load_col = {'inter': ['user_id', 'item_id', 'rating', 'timestamp'], 'user': ['user_id', 'age', 'gender', 'occupation'], 'item': ['item_id', 'release_year', 'genre']}
unload_col = None
unused_col = None
additional_feat_suffix = None
rm_dup_inter = None
val_interval = None
filter_inter_by_user_or_item = True
user_inter_num_interval = None
item_inter_num_interval = None
alias_of_user_id = None
alias_of_item_id = None
alias_of_entity_id = None
alias_of_relation_id = None
preload_weight = None
normalize_field = None
normalize_all = True
ITEM_LIST_LENGTH_FIELD = item_length
LIST_SUFFIX = _list
MAX_ITEM_LIST_LENGTH = 50
POSITION_FIELD = position_id
HEAD_ENTITY_ID_FIELD = head_id
TAIL_ENTITY_ID_FIELD = tail_id
RELATION_ID_FIELD = relation_id
ENTITY_ID_FIELD = entity_id
kg_reverse_r = False
entity_kg_num_interval = None
relation_kg_num_interval = None
benchmark_filename = None
save_single_user = True
save_base_path = output
attr = {'user': {'need_inter_num': True, 'need_inter_hour': True, 'need_rating': True, 'need_item_genre': True, 'need_item_year': True, 'need_zipcode_to_region': True}, 'item': {'need_inter_num': True, 'need_inter_hour': True, 'need_rating': True, 'need_age': True, 'need_gender': True, 'need_occupation': True, 'need_region': True}, 'interaction': {'timestamp_unit': 's'}}
to_bin = {'user': {'mean_rating': {'n_bins': 5}, 'interaction_nums': {'n_bins': 5}}, 'item': {'mean_rating': {'n_bins': 5}, 'interaction_nums': {'n_bins': 5}}}

Other Hyper Parameters: 
worker = 0
wandb_project = recbole
shuffle = True
require_pow = False
enable_amp = False
enable_scaler = False
transform = None
export_topk_recs = True
export_topk_dir = None
export_topk_filename = None
export_topk_item_separator = None
export_topk_separate_columns = None
embedding_size = 64
n_layers = 2
reg_weight = 1e-05
numerical_features = []
discretization = None
MODEL_TYPE = ModelType.GENERAL
MODEL_INPUT_TYPE = InputType.PAIRWISE
eval_type = EvaluatorType.RANKING
single_spec = True
local_rank = 0
device = cuda
valid_neg_sample_args = {'distribution': 'uniform', 'sample_num': 'none'}
test_neg_sample_args = {'distribution': 'uniform', 'sample_num': 'none'}


Sun 30 Nov 2025 01:30:10 INFO  ml-1m
The number of users: 6041
Average actions of users: 165.5975165562914
The number of items: 3884
Average actions of items: 269.88909875876953
The number of inters: 1000209
The sparsity of the dataset: 95.73712398848173%
Remain Fields: ['user_id', 'item_id', 'rating', 'timestamp', 'age', 'gender', 'occupation', 'release_year', 'genre']
Sun 30 Nov 2025 01:30:13 INFO  [Training]: train_batch_size = [1024] train_neg_sample_args: [{'distribution': 'uniform', 'sample_num': 1, 'alpha': 1.0, 'dynamic': False, 'candidate_num': 0}]
Sun 30 Nov 2025 01:30:13 INFO  [Evaluation]: eval_batch_size = [102400] eval_args: [{'split': {'RS': [0.8, 0.1, 0.1]}, 'order': 'RO', 'group_by': 'user', 'mode': {'valid': 'full', 'test': 'full'}}]
Sun 30 Nov 2025 01:30:14 INFO  FairLightGCN(
  (user_embedding): Embedding(6041, 64)
  (item_embedding): Embedding(3884, 64)
  (mf_loss): BPRLoss()
  (reg_loss): EmbLoss()
  (rq_model_item): RQVAE(
    (encoder): MLPLayers(
      (mlp_layers): Sequential(
        (0): Dropout(p=0, inplace=False)
        (1): Linear(in_features=192, out_features=64, bias=True)
        (2): Sigmoid()
        (3): Dropout(p=0, inplace=False)
        (4): Linear(in_features=64, out_features=32, bias=True)
        (5): Sigmoid()
        (6): Dropout(p=0, inplace=False)
        (7): Linear(in_features=32, out_features=16, bias=True)
      )
    )
    (rq): ResidualVectorQuantizer(
      (vq_layers): ModuleList(
        (0-2): 3 x VectorQuantizer(
          (embedding): Embedding(8, 16)
        )
      )
    )
    (decoder): MLPLayers(
      (mlp_layers): Sequential(
        (0): Dropout(p=0, inplace=False)
        (1): Linear(in_features=16, out_features=32, bias=True)
        (2): Sigmoid()
        (3): Dropout(p=0, inplace=False)
        (4): Linear(in_features=32, out_features=64, bias=True)
        (5): Sigmoid()
        (6): Dropout(p=0, inplace=False)
        (7): Linear(in_features=64, out_features=192, bias=True)
      )
    )
    (W_gate): Linear(in_features=192, out_features=192, bias=True)
  )
  (rq_model_user): RQVAE(
    (encoder): MLPLayers(
      (mlp_layers): Sequential(
        (0): Dropout(p=0, inplace=False)
        (1): Linear(in_features=256, out_features=64, bias=True)
        (2): Sigmoid()
        (3): Dropout(p=0, inplace=False)
        (4): Linear(in_features=64, out_features=32, bias=True)
        (5): Sigmoid()
        (6): Dropout(p=0, inplace=False)
        (7): Linear(in_features=32, out_features=16, bias=True)
      )
    )
    (rq): ResidualVectorQuantizer(
      (vq_layers): ModuleList(
        (0-2): 3 x VectorQuantizer(
          (embedding): Embedding(8, 16)
        )
      )
    )
    (decoder): MLPLayers(
      (mlp_layers): Sequential(
        (0): Dropout(p=0, inplace=False)
        (1): Linear(in_features=16, out_features=32, bias=True)
        (2): Sigmoid()
        (3): Dropout(p=0, inplace=False)
        (4): Linear(in_features=32, out_features=64, bias=True)
        (5): Sigmoid()
        (6): Dropout(p=0, inplace=False)
        (7): Linear(in_features=64, out_features=256, bias=True)
      )
    )
    (W_gate): Linear(in_features=256, out_features=256, bias=True)
  )
)
Trainable parameters: 807264
Sun 30 Nov 2025 01:30:14 INFO  FLOPs: 0.0
Sun 30 Nov 2025 01:33:18 INFO  epoch 0 training [time: 182.98s, train loss: 1008.9450]
Sun 30 Nov 2025 01:36:21 INFO  epoch 1 training [time: 183.71s, train loss: 953.2827]
Sun 30 Nov 2025 01:36:30 INFO  epoch 1 evaluating [time: 8.36s, valid_score: 0.264300]
Sun 30 Nov 2025 01:36:30 INFO  valid result: 
recall@10 : 0.1095    pop_recall@10 : 0.113    unpop_recall@10 : 0.0107    mrr@10 : 0.2643    pop_mrr@10 : 0.259    unpop_mrr@10 : 0.009    ndcg@10 : 0.1323    pop_ndcg@10 : 0.1306    unpop_ndcg@10 : 0.0068    hit@10 : 0.6017    pop_hit@10 : 0.5932    unpop_hit@10 : 0.0268    precision@10 : 0.0986    pop_precision@10 : 0.0955    unpop_precision@10 : 0.0031
Sun 30 Nov 2025 01:36:30 INFO  Saving current: saved/FairLightGCN-Nov-30-2025_01-30-14.pth
Sun 30 Nov 2025 01:39:32 INFO  epoch 2 training [time: 182.73s, train loss: 937.5969]
Sun 30 Nov 2025 01:42:35 INFO  epoch 3 training [time: 183.01s, train loss: 928.8576]
Sun 30 Nov 2025 01:42:44 INFO  epoch 3 evaluating [time: 8.79s, valid_score: 0.242300]
Sun 30 Nov 2025 01:42:44 INFO  valid result: 
recall@10 : 0.0963    pop_recall@10 : 0.098    unpop_recall@10 : 0.0149    mrr@10 : 0.2423    pop_mrr@10 : 0.2345    unpop_mrr@10 : 0.0121    ndcg@10 : 0.1191    pop_ndcg@10 : 0.1159    unpop_ndcg@10 : 0.0093    hit@10 : 0.5598    pop_hit@10 : 0.5478    unpop_hit@10 : 0.0346    precision@10 : 0.0895    pop_precision@10 : 0.0854    unpop_precision@10 : 0.0041
Sun 30 Nov 2025 01:45:45 INFO  epoch 4 training [time: 180.54s, train loss: 922.6340]
Sun 30 Nov 2025 01:48:45 INFO  epoch 5 training [time: 180.47s, train loss: 916.9700]
Sun 30 Nov 2025 01:48:54 INFO  epoch 5 evaluating [time: 8.84s, valid_score: 0.224300]
Sun 30 Nov 2025 01:48:54 INFO  valid result: 
recall@10 : 0.0882    pop_recall@10 : 0.0893    unpop_recall@10 : 0.0182    mrr@10 : 0.2243    pop_mrr@10 : 0.2154    unpop_mrr@10 : 0.0137    ndcg@10 : 0.1095    pop_ndcg@10 : 0.1056    unpop_ndcg@10 : 0.0111    hit@10 : 0.5267    pop_hit@10 : 0.5124    unpop_hit@10 : 0.0402    precision@10 : 0.0823    pop_precision@10 : 0.0777    unpop_precision@10 : 0.0046
Sun 30 Nov 2025 01:51:55 INFO  epoch 6 training [time: 181.15s, train loss: 910.0136]
Sun 30 Nov 2025 01:54:57 INFO  epoch 7 training [time: 181.66s, train loss: 899.5143]
Sun 30 Nov 2025 01:55:05 INFO  epoch 7 evaluating [time: 7.94s, valid_score: 0.197900]
Sun 30 Nov 2025 01:55:05 INFO  valid result: 
recall@10 : 0.0778    pop_recall@10 : 0.0796    unpop_recall@10 : 0.0146    mrr@10 : 0.1979    pop_mrr@10 : 0.1908    unpop_mrr@10 : 0.0112    ndcg@10 : 0.0961    pop_ndcg@10 : 0.0932    unpop_ndcg@10 : 0.0092    hit@10 : 0.4722    pop_hit@10 : 0.4613    unpop_hit@10 : 0.031    precision@10 : 0.0719    pop_precision@10 : 0.0683    unpop_precision@10 : 0.0035
Sun 30 Nov 2025 01:58:06 INFO  epoch 8 training [time: 181.11s, train loss: 882.3099]
Sun 30 Nov 2025 02:01:07 INFO  epoch 9 training [time: 181.10s, train loss: 855.9941]
Sun 30 Nov 2025 02:01:15 INFO  epoch 9 evaluating [time: 8.08s, valid_score: 0.229800]
Sun 30 Nov 2025 02:01:15 INFO  valid result: 
recall@10 : 0.0848    pop_recall@10 : 0.0878    unpop_recall@10 : 0.0098    mrr@10 : 0.2298    pop_mrr@10 : 0.226    unpop_mrr@10 : 0.0068    ndcg@10 : 0.1114    pop_ndcg@10 : 0.1105    unpop_ndcg@10 : 0.0058    hit@10 : 0.5192    pop_hit@10 : 0.5131    unpop_hit@10 : 0.0207    precision@10 : 0.0842    pop_precision@10 : 0.0819    unpop_precision@10 : 0.0023
Sun 30 Nov 2025 02:04:16 INFO  epoch 10 training [time: 180.70s, train loss: 821.8258]
Sun 30 Nov 2025 02:07:15 INFO  epoch 11 training [time: 179.38s, train loss: 778.0219]
Sun 30 Nov 2025 02:07:23 INFO  epoch 11 evaluating [time: 8.10s, valid_score: 0.371200]
Sun 30 Nov 2025 02:07:23 INFO  valid result: 
recall@10 : 0.1513    pop_recall@10 : 0.1574    unpop_recall@10 : 0.0034    mrr@10 : 0.3712    pop_mrr@10 : 0.3705    unpop_mrr@10 : 0.0019    ndcg@10 : 0.2033    pop_ndcg@10 : 0.2047    unpop_ndcg@10 : 0.0018    hit@10 : 0.7258    pop_hit@10 : 0.724    unpop_hit@10 : 0.0073    precision@10 : 0.1567    pop_precision@10 : 0.1559    unpop_precision@10 : 0.0008
Sun 30 Nov 2025 02:07:23 INFO  Saving current: saved/FairLightGCN-Nov-30-2025_01-30-14.pth
Sun 30 Nov 2025 02:10:24 INFO  epoch 12 training [time: 180.86s, train loss: 726.4091]
Sun 30 Nov 2025 02:13:22 INFO  epoch 13 training [time: 177.76s, train loss: 692.1255]
Sun 30 Nov 2025 02:13:30 INFO  epoch 13 evaluating [time: 7.94s, valid_score: 0.400000]
Sun 30 Nov 2025 02:13:30 INFO  valid result: 
recall@10 : 0.1648    pop_recall@10 : 0.1722    unpop_recall@10 : 0.002    mrr@10 : 0.4    pop_mrr@10 : 0.3996    unpop_mrr@10 : 0.0011    ndcg@10 : 0.2214    pop_ndcg@10 : 0.2236    unpop_ndcg@10 : 0.0011    hit@10 : 0.7563    pop_hit@10 : 0.7553    unpop_hit@10 : 0.0043    precision@10 : 0.1693    pop_precision@10 : 0.1688    unpop_precision@10 : 0.0005
Sun 30 Nov 2025 02:13:30 INFO  Saving current: saved/FairLightGCN-Nov-30-2025_01-30-14.pth
Sun 30 Nov 2025 02:16:29 INFO  epoch 14 training [time: 178.72s, train loss: 669.8861]
Sun 30 Nov 2025 02:19:27 INFO  epoch 15 training [time: 177.96s, train loss: 652.7668]
Sun 30 Nov 2025 02:19:35 INFO  epoch 15 evaluating [time: 7.83s, valid_score: 0.402400]
Sun 30 Nov 2025 02:19:35 INFO  valid result: 
recall@10 : 0.1686    pop_recall@10 : 0.1766    unpop_recall@10 : 0.0017    mrr@10 : 0.4024    pop_mrr@10 : 0.4021    unpop_mrr@10 : 0.001    ndcg@10 : 0.2248    pop_ndcg@10 : 0.2272    unpop_ndcg@10 : 0.0009    hit@10 : 0.7642    pop_hit@10 : 0.7637    unpop_hit@10 : 0.0036    precision@10 : 0.1726    pop_precision@10 : 0.1722    unpop_precision@10 : 0.0004
Sun 30 Nov 2025 02:19:35 INFO  Saving current: saved/FairLightGCN-Nov-30-2025_01-30-14.pth
Sun 30 Nov 2025 02:22:33 INFO  epoch 16 training [time: 178.61s, train loss: 639.9884]
Sun 30 Nov 2025 02:25:31 INFO  epoch 17 training [time: 177.54s, train loss: 629.4642]
Sun 30 Nov 2025 02:25:39 INFO  epoch 17 evaluating [time: 8.47s, valid_score: 0.406100]
Sun 30 Nov 2025 02:25:39 INFO  valid result: 
recall@10 : 0.1717    pop_recall@10 : 0.1796    unpop_recall@10 : 0.002    mrr@10 : 0.4061    pop_mrr@10 : 0.4058    unpop_mrr@10 : 0.001    ndcg@10 : 0.228    pop_ndcg@10 : 0.2304    unpop_ndcg@10 : 0.001    hit@10 : 0.7715    pop_hit@10 : 0.7709    unpop_hit@10 : 0.0038    precision@10 : 0.1751    pop_precision@10 : 0.1747    unpop_precision@10 : 0.0004
Sun 30 Nov 2025 02:25:40 INFO  Saving current: saved/FairLightGCN-Nov-30-2025_01-30-14.pth
Sun 30 Nov 2025 02:28:38 INFO  epoch 18 training [time: 178.37s, train loss: 620.6681]
Sun 30 Nov 2025 02:31:36 INFO  epoch 19 training [time: 178.05s, train loss: 613.6196]
Sun 30 Nov 2025 02:31:44 INFO  epoch 19 evaluating [time: 8.10s, valid_score: 0.406900]
Sun 30 Nov 2025 02:31:44 INFO  valid result: 
recall@10 : 0.1723    pop_recall@10 : 0.1803    unpop_recall@10 : 0.002    mrr@10 : 0.4069    pop_mrr@10 : 0.4067    unpop_mrr@10 : 0.001    ndcg@10 : 0.2289    pop_ndcg@10 : 0.2313    unpop_ndcg@10 : 0.001    hit@10 : 0.7735    pop_hit@10 : 0.773    unpop_hit@10 : 0.0038    precision@10 : 0.1757    pop_precision@10 : 0.1753    unpop_precision@10 : 0.0004
Sun 30 Nov 2025 02:31:44 INFO  Saving current: saved/FairLightGCN-Nov-30-2025_01-30-14.pth
Sun 30 Nov 2025 02:34:42 INFO  epoch 20 training [time: 177.96s, train loss: 606.9692]
Sun 30 Nov 2025 02:37:40 INFO  epoch 21 training [time: 177.66s, train loss: 600.9361]
Sun 30 Nov 2025 02:37:48 INFO  epoch 21 evaluating [time: 8.20s, valid_score: 0.406000]
Sun 30 Nov 2025 02:37:48 INFO  valid result: 
recall@10 : 0.1721    pop_recall@10 : 0.1801    unpop_recall@10 : 0.0017    mrr@10 : 0.406    pop_mrr@10 : 0.4058    unpop_mrr@10 : 0.001    ndcg@10 : 0.2283    pop_ndcg@10 : 0.2308    unpop_ndcg@10 : 0.0009    hit@10 : 0.7727    pop_hit@10 : 0.7724    unpop_hit@10 : 0.0033    precision@10 : 0.175    pop_precision@10 : 0.1746    unpop_precision@10 : 0.0004
Sun 30 Nov 2025 02:40:47 INFO  epoch 22 training [time: 178.83s, train loss: 596.2376]
Sun 30 Nov 2025 02:43:45 INFO  epoch 23 training [time: 178.21s, train loss: 591.5677]
Sun 30 Nov 2025 02:43:53 INFO  epoch 23 evaluating [time: 8.47s, valid_score: 0.404200]
Sun 30 Nov 2025 02:43:53 INFO  valid result: 
recall@10 : 0.1729    pop_recall@10 : 0.181    unpop_recall@10 : 0.0018    mrr@10 : 0.4042    pop_mrr@10 : 0.4039    unpop_mrr@10 : 0.001    ndcg@10 : 0.2282    pop_ndcg@10 : 0.2307    unpop_ndcg@10 : 0.001    hit@10 : 0.7747    pop_hit@10 : 0.7742    unpop_hit@10 : 0.0035    precision@10 : 0.1756    pop_precision@10 : 0.1752    unpop_precision@10 : 0.0004
Sun 30 Nov 2025 02:46:52 INFO  epoch 24 training [time: 178.25s, train loss: 586.8842]
Sun 30 Nov 2025 02:49:51 INFO  epoch 25 training [time: 179.06s, train loss: 583.0330]
Sun 30 Nov 2025 02:49:59 INFO  epoch 25 evaluating [time: 8.55s, valid_score: 0.404400]
Sun 30 Nov 2025 02:49:59 INFO  valid result: 
recall@10 : 0.1733    pop_recall@10 : 0.1813    unpop_recall@10 : 0.0018    mrr@10 : 0.4044    pop_mrr@10 : 0.4041    unpop_mrr@10 : 0.001    ndcg@10 : 0.2281    pop_ndcg@10 : 0.2306    unpop_ndcg@10 : 0.001    hit@10 : 0.7748    pop_hit@10 : 0.7743    unpop_hit@10 : 0.0035    precision@10 : 0.1753    pop_precision@10 : 0.175    unpop_precision@10 : 0.0004
Sun 30 Nov 2025 02:52:58 INFO  epoch 26 training [time: 178.20s, train loss: 580.1162]
Sun 30 Nov 2025 02:55:56 INFO  epoch 27 training [time: 178.59s, train loss: 576.0303]
Sun 30 Nov 2025 02:56:04 INFO  epoch 27 evaluating [time: 8.01s, valid_score: 0.405900]
Sun 30 Nov 2025 02:56:04 INFO  valid result: 
recall@10 : 0.1736    pop_recall@10 : 0.1815    unpop_recall@10 : 0.0021    mrr@10 : 0.4059    pop_mrr@10 : 0.4056    unpop_mrr@10 : 0.0011    ndcg@10 : 0.2292    pop_ndcg@10 : 0.2316    unpop_ndcg@10 : 0.0011    hit@10 : 0.7745    pop_hit@10 : 0.7737    unpop_hit@10 : 0.004    precision@10 : 0.1759    pop_precision@10 : 0.1754    unpop_precision@10 : 0.0004
Sun 30 Nov 2025 02:59:02 INFO  epoch 28 training [time: 178.15s, train loss: 573.7332]
Sun 30 Nov 2025 03:02:01 INFO  epoch 29 training [time: 178.24s, train loss: 570.8188]
Sun 30 Nov 2025 03:02:09 INFO  epoch 29 evaluating [time: 8.22s, valid_score: 0.406800]
Sun 30 Nov 2025 03:02:09 INFO  valid result: 
recall@10 : 0.1736    pop_recall@10 : 0.1815    unpop_recall@10 : 0.0022    mrr@10 : 0.4068    pop_mrr@10 : 0.4065    unpop_mrr@10 : 0.0011    ndcg@10 : 0.2291    pop_ndcg@10 : 0.2315    unpop_ndcg@10 : 0.0011    hit@10 : 0.7753    pop_hit@10 : 0.7745    unpop_hit@10 : 0.0041    precision@10 : 0.1757    pop_precision@10 : 0.1752    unpop_precision@10 : 0.0005
Sun 30 Nov 2025 03:05:06 INFO  epoch 30 training [time: 176.74s, train loss: 567.7895]
Sun 30 Nov 2025 03:08:03 INFO  epoch 31 training [time: 177.78s, train loss: 565.3713]
Sun 30 Nov 2025 03:08:12 INFO  epoch 31 evaluating [time: 8.91s, valid_score: 0.406100]
Sun 30 Nov 2025 03:08:12 INFO  valid result: 
recall@10 : 0.1735    pop_recall@10 : 0.1814    unpop_recall@10 : 0.0021    mrr@10 : 0.4061    pop_mrr@10 : 0.4057    unpop_mrr@10 : 0.0011    ndcg@10 : 0.2288    pop_ndcg@10 : 0.2312    unpop_ndcg@10 : 0.0011    hit@10 : 0.7728    pop_hit@10 : 0.7719    unpop_hit@10 : 0.0043    precision@10 : 0.1755    pop_precision@10 : 0.175    unpop_precision@10 : 0.0005
Sun 30 Nov 2025 03:11:10 INFO  epoch 32 training [time: 177.87s, train loss: 564.1170]
Sun 30 Nov 2025 03:14:06 INFO  epoch 33 training [time: 176.30s, train loss: 561.1095]
Sun 30 Nov 2025 03:14:14 INFO  epoch 33 evaluating [time: 7.67s, valid_score: 0.406300]
Sun 30 Nov 2025 03:14:14 INFO  valid result: 
recall@10 : 0.1734    pop_recall@10 : 0.1812    unpop_recall@10 : 0.0021    mrr@10 : 0.4063    pop_mrr@10 : 0.4058    unpop_mrr@10 : 0.0012    ndcg@10 : 0.2289    pop_ndcg@10 : 0.2312    unpop_ndcg@10 : 0.0012    hit@10 : 0.7724    pop_hit@10 : 0.7714    unpop_hit@10 : 0.0043    precision@10 : 0.1755    pop_precision@10 : 0.1751    unpop_precision@10 : 0.0005
Sun 30 Nov 2025 03:17:11 INFO  epoch 34 training [time: 176.82s, train loss: 559.2836]
Sun 30 Nov 2025 03:20:06 INFO  epoch 35 training [time: 175.03s, train loss: 557.4732]
Sun 30 Nov 2025 03:20:15 INFO  epoch 35 evaluating [time: 8.86s, valid_score: 0.405400]
Sun 30 Nov 2025 03:20:15 INFO  valid result: 
recall@10 : 0.1732    pop_recall@10 : 0.1812    unpop_recall@10 : 0.0022    mrr@10 : 0.4054    pop_mrr@10 : 0.4049    unpop_mrr@10 : 0.0013    ndcg@10 : 0.2283    pop_ndcg@10 : 0.2306    unpop_ndcg@10 : 0.0012    hit@10 : 0.7728    pop_hit@10 : 0.7719    unpop_hit@10 : 0.0045    precision@10 : 0.175    pop_precision@10 : 0.1745    unpop_precision@10 : 0.0005
Sun 30 Nov 2025 03:23:12 INFO  epoch 36 training [time: 176.74s, train loss: 555.1303]
Sun 30 Nov 2025 03:26:08 INFO  epoch 37 training [time: 176.36s, train loss: 553.3200]
Sun 30 Nov 2025 03:26:16 INFO  epoch 37 evaluating [time: 8.18s, valid_score: 0.404800]
Sun 30 Nov 2025 03:26:16 INFO  valid result: 
recall@10 : 0.1736    pop_recall@10 : 0.1816    unpop_recall@10 : 0.0026    mrr@10 : 0.4048    pop_mrr@10 : 0.4043    unpop_mrr@10 : 0.0013    ndcg@10 : 0.2285    pop_ndcg@10 : 0.2308    unpop_ndcg@10 : 0.0013    hit@10 : 0.7742    pop_hit@10 : 0.773    unpop_hit@10 : 0.005    precision@10 : 0.1754    pop_precision@10 : 0.1749    unpop_precision@10 : 0.0005
Sun 30 Nov 2025 03:29:12 INFO  epoch 38 training [time: 175.54s, train loss: 552.5106]
Sun 30 Nov 2025 03:32:06 INFO  epoch 39 training [time: 174.84s, train loss: 550.3492]
Sun 30 Nov 2025 03:32:14 INFO  epoch 39 evaluating [time: 7.84s, valid_score: 0.405600]
Sun 30 Nov 2025 03:32:14 INFO  valid result: 
recall@10 : 0.1735    pop_recall@10 : 0.1816    unpop_recall@10 : 0.0025    mrr@10 : 0.4056    pop_mrr@10 : 0.4051    unpop_mrr@10 : 0.0013    ndcg@10 : 0.2285    pop_ndcg@10 : 0.2309    unpop_ndcg@10 : 0.0013    hit@10 : 0.7727    pop_hit@10 : 0.7715    unpop_hit@10 : 0.0048    precision@10 : 0.1751    pop_precision@10 : 0.1745    unpop_precision@10 : 0.0005
Sun 30 Nov 2025 03:35:10 INFO  epoch 40 training [time: 175.41s, train loss: 549.0276]
Sun 30 Nov 2025 03:38:06 INFO  epoch 41 training [time: 175.91s, train loss: 547.2418]
Sun 30 Nov 2025 03:38:14 INFO  epoch 41 evaluating [time: 8.29s, valid_score: 0.405100]
Sun 30 Nov 2025 03:38:14 INFO  valid result: 
recall@10 : 0.1742    pop_recall@10 : 0.1823    unpop_recall@10 : 0.0025    mrr@10 : 0.4051    pop_mrr@10 : 0.4046    unpop_mrr@10 : 0.0013    ndcg@10 : 0.2289    pop_ndcg@10 : 0.2313    unpop_ndcg@10 : 0.0013    hit@10 : 0.7733    pop_hit@10 : 0.7724    unpop_hit@10 : 0.0046    precision@10 : 0.1757    pop_precision@10 : 0.1752    unpop_precision@10 : 0.0005
Sun 30 Nov 2025 03:38:14 INFO  Finished training, best eval result in epoch 19
Sun 30 Nov 2025 03:38:14 INFO  Loading model structure and parameters from saved/FairLightGCN-Nov-30-2025_01-30-14.pth
Sun 30 Nov 2025 03:38:22 INFO  count    1457.000000
mean       41.455045
std        79.204021
min         1.000000
25%         3.000000
50%        11.000000
75%        42.000000
max       899.000000
dtype: float64
Sun 30 Nov 2025 03:38:23 INFO  The running environment of this training is as follows:
+-------------+-----------------+
| Environment |      Usage      |
+=============+=================+
| CPU         |     11.80 %     |
+-------------+-----------------+
| GPU         | 0.29 G/47.53 G  |
+-------------+-----------------+
| Memory      | 1.99 G/251.48 G |
+-------------+-----------------+
Sun 30 Nov 2025 03:38:23 INFO  best valid : OrderedDict([('recall@10', 0.1723), ('pop_recall@10', 0.1803), ('unpop_recall@10', 0.002), ('mrr@10', 0.4069), ('pop_mrr@10', 0.4067), ('unpop_mrr@10', 0.001), ('ndcg@10', 0.2289), ('pop_ndcg@10', 0.2313), ('unpop_ndcg@10', 0.001), ('hit@10', 0.7735), ('pop_hit@10', 0.773), ('unpop_hit@10', 0.0038), ('precision@10', 0.1757), ('pop_precision@10', 0.1753), ('unpop_precision@10', 0.0004)])
Sun 30 Nov 2025 03:38:23 INFO  test result: OrderedDict([('recall@10', 0.19212670529801323), ('pop_recall@10', 0.20131657284768212), ('unpop_recall@10', 0.0013642384105960262), ('mrr@10', 0.48601412251655635), ('pop_mrr@10', 0.48597273178807954), ('unpop_mrr@10', 0.0005985430463576159), ('ndcg@10', 0.28672564569536424), ('pop_ndcg@10', 0.28957346026490066), ('unpop_ndcg@10', 0.0006240066225165563), ('hit@10', 0.7922185430463576), ('pop_hit@10', 0.791887417218543), ('unpop_hit@10', 0.00347682119205298), ('precision@10', 0.21809602649006626), ('pop_precision@10', 0.21769867549668875), ('unpop_precision@10', 0.00039735099337748344)])
