Mon 01 Dec 2025 10:33:56 INFO  ['run_recbole.py', '--model', 'FairLightGCN', '--dataset', 'ml-1m', '--item_rq_loss_rate', '0.5', '--item_loss_type', 'loss12', '--gpu_ids', '0', '--pop_rate', '0.1', '--description', '对item_embedding和pop_embedding做正交损失', '--enable_user_loss', 'False', '--gama', '0.5']
Mon 01 Dec 2025 10:33:56 INFO  
General Hyper Parameters:
gpu_id = 0
use_gpu = True
seed = 2020
state = INFO
reproducibility = True
data_path = dataset/ml-1m
checkpoint_dir = saved
show_progress = True
save_dataset = False
dataset_save_path = None
save_dataloaders = False
dataloaders_save_path = None
log_wandb = False

Training Hyper Parameters:
epochs = 100
train_batch_size = 1024
learner = adam
learning_rate = 0.001
train_neg_sample_args = {'distribution': 'uniform', 'sample_num': 1, 'alpha': 1.0, 'dynamic': False, 'candidate_num': 0}
eval_step = 2
stopping_step = 10
clip_grad_norm = None
weight_decay = 0.0
loss_decimal_place = 4

Evaluation Hyper Parameters:
eval_args = {'split': {'RS': [0.8, 0.1, 0.1]}, 'order': 'RO', 'group_by': 'user', 'mode': {'valid': 'full', 'test': 'full'}}
repeatable = False
metrics = ['Recall', 'MRR', 'NDCG', 'Hit', 'Precision']
topk = [10]
valid_metric = MRR@10
valid_metric_bigger = True
eval_batch_size = 102400
metric_decimal_place = 4

Dataset Hyper Parameters:
train_batch_size = 1024
eval_batch_size = 102400
field_separator = 	
seq_separator =  
USER_ID_FIELD = user_id
ITEM_ID_FIELD = item_id
RATING_FIELD = rating
TIME_FIELD = timestamp
seq_len = None
LABEL_FIELD = label
threshold = None
NEG_PREFIX = neg_
numerical_features = ['popularity']
load_col = {'inter': ['user_id', 'item_id', 'rating', 'timestamp'], 'user': ['user_id', 'age', 'gender', 'occupation'], 'item': ['item_id', 'release_year', 'genre', 'popularity']}
unload_col = None
unused_col = None
additional_feat_suffix = None
rm_dup_inter = None
val_interval = None
filter_inter_by_user_or_item = True
user_inter_num_interval = None
item_inter_num_interval = None
alias_of_user_id = None
alias_of_item_id = None
alias_of_entity_id = None
alias_of_relation_id = None
preload_weight = None
normalize_field = ['timestamp', 'rating']
normalize_all = False
discretization = {'popularity': {'method': 'LD', 'bucket': 10}}
ITEM_LIST_LENGTH_FIELD = item_length
LIST_SUFFIX = _list
MAX_ITEM_LIST_LENGTH = 50
POSITION_FIELD = position_id
HEAD_ENTITY_ID_FIELD = head_id
TAIL_ENTITY_ID_FIELD = tail_id
RELATION_ID_FIELD = relation_id
ENTITY_ID_FIELD = entity_id
kg_reverse_r = False
entity_kg_num_interval = None
relation_kg_num_interval = None
benchmark_filename = None
save_single_user = True
save_base_path = output
attr = {'user': {'need_inter_num': True, 'need_inter_hour': True, 'need_rating': True, 'need_item_genre': True, 'need_item_year': True, 'need_zipcode_to_region': True}, 'item': {'need_inter_num': True, 'need_inter_hour': True, 'need_rating': True, 'need_age': True, 'need_gender': True, 'need_occupation': True, 'need_region': True}, 'interaction': {'timestamp_unit': 's'}}
to_bin = {'user': {'mean_rating': {'n_bins': 5}, 'interaction_nums': {'n_bins': 5}}, 'item': {'mean_rating': {'n_bins': 5}, 'interaction_nums': {'n_bins': 5}}}

Other Hyper Parameters: 
worker = 0
wandb_project = recbole
shuffle = True
require_pow = False
enable_amp = False
enable_scaler = False
transform = None
export_topk_recs = True
export_topk_dir = None
export_topk_filename = None
export_topk_item_separator = None
export_topk_separate_columns = None
embedding_size = 64
n_layers = 2
reg_weight = 1e-05
MODEL_TYPE = ModelType.GENERAL
MODEL_INPUT_TYPE = InputType.PAIRWISE
eval_type = EvaluatorType.RANKING
single_spec = True
local_rank = 0
device = cuda
valid_neg_sample_args = {'distribution': 'uniform', 'sample_num': 'none'}
test_neg_sample_args = {'distribution': 'uniform', 'sample_num': 'none'}
nproc = 1
ip = localhost
port = 5678
world_size = -1
group_offset = 0
gpu_ids = 0
cl_rate = 0.2
enable_user_loss = False
item_loss_type = loss12
item_rq_loss_rate = 0.5
beta = 0.2
log_type = fair
pop_rate = 0.1
gama = 0.5
description = 对item_embedding和pop_embedding做正交损失
mode = train
pop_loss_rate = 0.2


Mon 01 Dec 2025 10:33:59 INFO  ml-1m
The number of users: 6041
Average actions of users: 165.5975165562914
The number of items: 3884
Average actions of items: 269.88909875876953
The number of inters: 1000209
The sparsity of the dataset: 95.73712398848173%
Remain Fields: ['user_id', 'item_id', 'rating', 'timestamp', 'age', 'gender', 'occupation', 'release_year', 'genre', 'popularity']
Mon 01 Dec 2025 10:34:01 INFO  [Training]: train_batch_size = [1024] train_neg_sample_args: [{'distribution': 'uniform', 'sample_num': 1, 'alpha': 1.0, 'dynamic': False, 'candidate_num': 0}]
Mon 01 Dec 2025 10:34:01 INFO  [Evaluation]: eval_batch_size = [102400] eval_args: [{'split': {'RS': [0.8, 0.1, 0.1]}, 'order': 'RO', 'group_by': 'user', 'mode': {'valid': 'full', 'test': 'full'}}]
Mon 01 Dec 2025 10:34:02 INFO  FairLightGCN(
  (user_embedding): Embedding(6041, 64)
  (item_embedding): Embedding(3884, 64)
  (mf_loss): BPRLoss()
  (reg_loss): EmbLoss()
  (rq_model_item): RQVAE(
    (encoder): MLPLayers(
      (mlp_layers): Sequential(
        (0): Dropout(p=0, inplace=False)
        (1): Linear(in_features=192, out_features=64, bias=True)
        (2): Sigmoid()
        (3): Dropout(p=0, inplace=False)
        (4): Linear(in_features=64, out_features=32, bias=True)
        (5): Sigmoid()
        (6): Dropout(p=0, inplace=False)
        (7): Linear(in_features=32, out_features=16, bias=True)
      )
    )
    (rq): ResidualVectorQuantizer(
      (vq_layers): ModuleList(
        (0-2): 3 x VectorQuantizer(
          (embedding): Embedding(8, 16)
        )
      )
    )
    (decoder): MLPLayers(
      (mlp_layers): Sequential(
        (0): Dropout(p=0, inplace=False)
        (1): Linear(in_features=16, out_features=32, bias=True)
        (2): Sigmoid()
        (3): Dropout(p=0, inplace=False)
        (4): Linear(in_features=32, out_features=64, bias=True)
        (5): Sigmoid()
        (6): Dropout(p=0, inplace=False)
        (7): Linear(in_features=64, out_features=192, bias=True)
      )
    )
    (pop_decoder): MLPLayers(
      (mlp_layers): Sequential(
        (0): Dropout(p=0, inplace=False)
        (1): Linear(in_features=16, out_features=32, bias=True)
        (2): Sigmoid()
        (3): Dropout(p=0, inplace=False)
        (4): Linear(in_features=32, out_features=64, bias=True)
        (5): Sigmoid()
        (6): Dropout(p=0, inplace=False)
        (7): Linear(in_features=64, out_features=192, bias=True)
        (8): Sigmoid()
        (9): Dropout(p=0, inplace=False)
        (10): Linear(in_features=192, out_features=64, bias=True)
      )
    )
    (W_gate): Linear(in_features=192, out_features=192, bias=True)
  )
)
Trainable parameters: 730224
Mon 01 Dec 2025 10:34:02 INFO  FLOPs: 0.0
Mon 01 Dec 2025 10:34:54 INFO  epoch 0 training [time: 51.69s, train loss: 1197.0660]
Mon 01 Dec 2025 10:35:46 INFO  epoch 1 training [time: 51.75s, train loss: 1135.6537]
Mon 01 Dec 2025 10:35:46 INFO  epoch 1 evaluating [time: 0.50s, valid_score: 0.228900]
Mon 01 Dec 2025 10:35:46 INFO  valid result: 
recall@10 : 0.0899    pop_recall@10 : 0.0897    unpop_recall@10 : 0.072    mrr@10 : 0.2289    pop_mrr@10 : 0.1494    unpop_mrr@10 : 0.1005    ndcg@10 : 0.1112    pop_ndcg@10 : 0.0792    unpop_ndcg@10 : 0.0597    hit@10 : 0.5373    pop_hit@10 : 0.3672    unpop_hit@10 : 0.2829    precision@10 : 0.0832    pop_precision@10 : 0.0468    unpop_precision@10 : 0.0365
Mon 01 Dec 2025 10:35:46 INFO  Saving current: saved/FairLightGCN-Dec-01-2025_10-34-02.pth
Mon 01 Dec 2025 10:36:38 INFO  epoch 2 training [time: 51.57s, train loss: 1147.5643]
Mon 01 Dec 2025 10:37:30 INFO  epoch 3 training [time: 52.45s, train loss: 1167.8693]
Mon 01 Dec 2025 10:37:31 INFO  epoch 3 evaluating [time: 0.48s, valid_score: 0.204000]
Mon 01 Dec 2025 10:37:31 INFO  valid result: 
recall@10 : 0.0784    pop_recall@10 : 0.0725    unpop_recall@10 : 0.0698    mrr@10 : 0.204    pop_mrr@10 : 0.1236    unpop_mrr@10 : 0.099    ndcg@10 : 0.0981    pop_ndcg@10 : 0.0643    unpop_ndcg@10 : 0.0585    hit@10 : 0.495    pop_hit@10 : 0.3127    unpop_hit@10 : 0.2781    precision@10 : 0.0748    pop_precision@10 : 0.0386    unpop_precision@10 : 0.0362
Mon 01 Dec 2025 10:38:23 INFO  epoch 4 training [time: 52.03s, train loss: 1179.9656]
Mon 01 Dec 2025 10:39:15 INFO  epoch 5 training [time: 51.83s, train loss: 1192.8478]
Mon 01 Dec 2025 10:39:15 INFO  epoch 5 evaluating [time: 0.48s, valid_score: 0.207500]
Mon 01 Dec 2025 10:39:15 INFO  valid result: 
recall@10 : 0.0785    pop_recall@10 : 0.0691    unpop_recall@10 : 0.0738    mrr@10 : 0.2075    pop_mrr@10 : 0.1185    unpop_mrr@10 : 0.1084    ndcg@10 : 0.0998    pop_ndcg@10 : 0.0612    unpop_ndcg@10 : 0.063    hit@10 : 0.4955    pop_hit@10 : 0.3    unpop_hit@10 : 0.2982    precision@10 : 0.0769    pop_precision@10 : 0.0371    unpop_precision@10 : 0.0398
Mon 01 Dec 2025 10:40:07 INFO  epoch 6 training [time: 51.84s, train loss: 1194.4408]
Mon 01 Dec 2025 10:40:57 INFO  epoch 7 training [time: 49.83s, train loss: 1211.6098]
Mon 01 Dec 2025 10:40:57 INFO  epoch 7 evaluating [time: 0.48s, valid_score: 0.217500]
Mon 01 Dec 2025 10:40:57 INFO  valid result: 
recall@10 : 0.0826    pop_recall@10 : 0.0718    unpop_recall@10 : 0.0784    mrr@10 : 0.2175    pop_mrr@10 : 0.122    unpop_mrr@10 : 0.1175    ndcg@10 : 0.1054    pop_ndcg@10 : 0.0627    unpop_ndcg@10 : 0.0682    hit@10 : 0.5113    pop_hit@10 : 0.3007    unpop_hit@10 : 0.3192    precision@10 : 0.0805    pop_precision@10 : 0.037    unpop_precision@10 : 0.0435
Mon 01 Dec 2025 10:41:48 INFO  epoch 8 training [time: 50.80s, train loss: 1213.0412]
Mon 01 Dec 2025 10:42:38 INFO  epoch 9 training [time: 50.07s, train loss: 1207.6727]
Mon 01 Dec 2025 10:42:39 INFO  epoch 9 evaluating [time: 0.49s, valid_score: 0.217000]
Mon 01 Dec 2025 10:42:39 INFO  valid result: 
recall@10 : 0.0822    pop_recall@10 : 0.0718    unpop_recall@10 : 0.0778    mrr@10 : 0.217    pop_mrr@10 : 0.1227    unpop_mrr@10 : 0.1159    ndcg@10 : 0.1058    pop_ndcg@10 : 0.063    unpop_ndcg@10 : 0.0684    hit@10 : 0.5028    pop_hit@10 : 0.2952    unpop_hit@10 : 0.3157    precision@10 : 0.0804    pop_precision@10 : 0.0363    unpop_precision@10 : 0.0441
Mon 01 Dec 2025 10:43:29 INFO  epoch 10 training [time: 50.31s, train loss: 1220.2933]
Mon 01 Dec 2025 10:44:19 INFO  epoch 11 training [time: 50.39s, train loss: 1193.7023]
Mon 01 Dec 2025 10:44:20 INFO  epoch 11 evaluating [time: 0.49s, valid_score: 0.216100]
Mon 01 Dec 2025 10:44:20 INFO  valid result: 
recall@10 : 0.0791    pop_recall@10 : 0.0778    unpop_recall@10 : 0.0652    mrr@10 : 0.2161    pop_mrr@10 : 0.138    unpop_mrr@10 : 0.0998    ndcg@10 : 0.1047    pop_ndcg@10 : 0.0709    unpop_ndcg@10 : 0.0585    hit@10 : 0.4907    pop_hit@10 : 0.3205    unpop_hit@10 : 0.275    precision@10 : 0.0786    pop_precision@10 : 0.0401    unpop_precision@10 : 0.0385
Mon 01 Dec 2025 10:45:10 INFO  epoch 12 training [time: 50.56s, train loss: 1175.2314]
Mon 01 Dec 2025 10:46:00 INFO  epoch 13 training [time: 49.87s, train loss: 1125.8260]
Mon 01 Dec 2025 10:46:01 INFO  epoch 13 evaluating [time: 0.49s, valid_score: 0.352700]
Mon 01 Dec 2025 10:46:01 INFO  valid result: 
recall@10 : 0.1369    pop_recall@10 : 0.2164    unpop_recall@10 : 0.0239    mrr@10 : 0.3527    pop_mrr@10 : 0.3385    unpop_mrr@10 : 0.0259    ndcg@10 : 0.1867    pop_ndcg@10 : 0.206    unpop_ndcg@10 : 0.0176    hit@10 : 0.7033    pop_hit@10 : 0.67    unpop_hit@10 : 0.0974    precision@10 : 0.1436    pop_precision@10 : 0.1313    unpop_precision@10 : 0.0123
Mon 01 Dec 2025 10:46:01 INFO  Saving current: saved/FairLightGCN-Dec-01-2025_10-34-02.pth
Mon 01 Dec 2025 10:46:51 INFO  epoch 14 training [time: 50.18s, train loss: 1075.8743]
Mon 01 Dec 2025 10:47:42 INFO  epoch 15 training [time: 51.36s, train loss: 1041.7503]
Mon 01 Dec 2025 10:47:43 INFO  epoch 15 evaluating [time: 0.52s, valid_score: 0.390800]
Mon 01 Dec 2025 10:47:43 INFO  valid result: 
recall@10 : 0.1582    pop_recall@10 : 0.249    unpop_recall@10 : 0.0283    mrr@10 : 0.3908    pop_mrr@10 : 0.3758    unpop_mrr@10 : 0.0291    ndcg@10 : 0.2154    pop_ndcg@10 : 0.2377    unpop_ndcg@10 : 0.0204    hit@10 : 0.7474    pop_hit@10 : 0.7147    unpop_hit@10 : 0.1096    precision@10 : 0.1657    pop_precision@10 : 0.1516    unpop_precision@10 : 0.0141
Mon 01 Dec 2025 10:47:43 INFO  Saving current: saved/FairLightGCN-Dec-01-2025_10-34-02.pth
Mon 01 Dec 2025 10:48:33 INFO  epoch 16 training [time: 50.05s, train loss: 998.8975]
Mon 01 Dec 2025 10:49:23 INFO  epoch 17 training [time: 49.84s, train loss: 996.8856]
Mon 01 Dec 2025 10:49:23 INFO  epoch 17 evaluating [time: 0.50s, valid_score: 0.399800]
Mon 01 Dec 2025 10:49:23 INFO  valid result: 
recall@10 : 0.1644    pop_recall@10 : 0.257    unpop_recall@10 : 0.0314    mrr@10 : 0.3998    pop_mrr@10 : 0.3822    unpop_mrr@10 : 0.0345    ndcg@10 : 0.2221    pop_ndcg@10 : 0.2436    unpop_ndcg@10 : 0.0233    hit@10 : 0.7598    pop_hit@10 : 0.7242    unpop_hit@10 : 0.1275    precision@10 : 0.1707    pop_precision@10 : 0.1544    unpop_precision@10 : 0.0163
Mon 01 Dec 2025 10:49:24 INFO  Saving current: saved/FairLightGCN-Dec-01-2025_10-34-02.pth
Mon 01 Dec 2025 10:50:13 INFO  epoch 18 training [time: 49.90s, train loss: 981.2078]
Mon 01 Dec 2025 10:51:04 INFO  epoch 19 training [time: 50.16s, train loss: 966.0941]
Mon 01 Dec 2025 10:51:04 INFO  epoch 19 evaluating [time: 0.48s, valid_score: 0.401800]
Mon 01 Dec 2025 10:51:04 INFO  valid result: 
recall@10 : 0.1672    pop_recall@10 : 0.2601    unpop_recall@10 : 0.0327    mrr@10 : 0.4018    pop_mrr@10 : 0.3824    unpop_mrr@10 : 0.0375    ndcg@10 : 0.2247    pop_ndcg@10 : 0.2452    unpop_ndcg@10 : 0.0248    hit@10 : 0.7637    pop_hit@10 : 0.7273    unpop_hit@10 : 0.1348    precision@10 : 0.1727    pop_precision@10 : 0.1555    unpop_precision@10 : 0.0172
Mon 01 Dec 2025 10:51:04 INFO  Saving current: saved/FairLightGCN-Dec-01-2025_10-34-02.pth
Mon 01 Dec 2025 10:51:54 INFO  epoch 20 training [time: 49.86s, train loss: 964.4701]
Mon 01 Dec 2025 10:52:44 INFO  epoch 21 training [time: 50.20s, train loss: 972.7475]
Mon 01 Dec 2025 10:52:45 INFO  epoch 21 evaluating [time: 0.56s, valid_score: 0.402000]
Mon 01 Dec 2025 10:52:45 INFO  valid result: 
recall@10 : 0.1691    pop_recall@10 : 0.2607    unpop_recall@10 : 0.0353    mrr@10 : 0.402    pop_mrr@10 : 0.3816    unpop_mrr@10 : 0.0404    ndcg@10 : 0.2255    pop_ndcg@10 : 0.2446    unpop_ndcg@10 : 0.0267    hit@10 : 0.7657    pop_hit@10 : 0.7276    unpop_hit@10 : 0.1459    precision@10 : 0.1733    pop_precision@10 : 0.1547    unpop_precision@10 : 0.0187
Mon 01 Dec 2025 10:52:45 INFO  Saving current: saved/FairLightGCN-Dec-01-2025_10-34-02.pth
Mon 01 Dec 2025 10:53:35 INFO  epoch 22 training [time: 50.02s, train loss: 959.3993]
Mon 01 Dec 2025 10:54:25 INFO  epoch 23 training [time: 50.32s, train loss: 946.5412]
Mon 01 Dec 2025 10:54:26 INFO  epoch 23 evaluating [time: 0.60s, valid_score: 0.400600]
Mon 01 Dec 2025 10:54:26 INFO  valid result: 
recall@10 : 0.1693    pop_recall@10 : 0.2585    unpop_recall@10 : 0.0378    mrr@10 : 0.4006    pop_mrr@10 : 0.3787    unpop_mrr@10 : 0.0434    ndcg@10 : 0.2255    pop_ndcg@10 : 0.2428    unpop_ndcg@10 : 0.0287    hit@10 : 0.7646    pop_hit@10 : 0.7233    unpop_hit@10 : 0.1579    precision@10 : 0.1736    pop_precision@10 : 0.1533    unpop_precision@10 : 0.0202
Mon 01 Dec 2025 10:55:16 INFO  epoch 24 training [time: 50.32s, train loss: 953.4873]
Mon 01 Dec 2025 10:56:07 INFO  epoch 25 training [time: 50.62s, train loss: 944.9792]
Mon 01 Dec 2025 10:56:07 INFO  epoch 25 evaluating [time: 0.48s, valid_score: 0.400700]
Mon 01 Dec 2025 10:56:07 INFO  valid result: 
recall@10 : 0.1698    pop_recall@10 : 0.2576    unpop_recall@10 : 0.0398    mrr@10 : 0.4007    pop_mrr@10 : 0.3779    unpop_mrr@10 : 0.0454    ndcg@10 : 0.226    pop_ndcg@10 : 0.242    unpop_ndcg@10 : 0.03    hit@10 : 0.7639    pop_hit@10 : 0.7209    unpop_hit@10 : 0.1651    precision@10 : 0.1743    pop_precision@10 : 0.153    unpop_precision@10 : 0.0213
Mon 01 Dec 2025 10:56:57 INFO  epoch 26 training [time: 49.85s, train loss: 955.6869]
Mon 01 Dec 2025 10:57:47 INFO  epoch 27 training [time: 49.84s, train loss: 940.6983]
Mon 01 Dec 2025 10:57:48 INFO  epoch 27 evaluating [time: 0.58s, valid_score: 0.403600]
Mon 01 Dec 2025 10:57:48 INFO  valid result: 
recall@10 : 0.1707    pop_recall@10 : 0.2591    unpop_recall@10 : 0.0395    mrr@10 : 0.4036    pop_mrr@10 : 0.3806    unpop_mrr@10 : 0.0458    ndcg@10 : 0.228    pop_ndcg@10 : 0.2439    unpop_ndcg@10 : 0.0302    hit@10 : 0.7652    pop_hit@10 : 0.723    unpop_hit@10 : 0.1652    precision@10 : 0.1755    pop_precision@10 : 0.1542    unpop_precision@10 : 0.0213
Mon 01 Dec 2025 10:57:48 INFO  Saving current: saved/FairLightGCN-Dec-01-2025_10-34-02.pth
Mon 01 Dec 2025 10:58:38 INFO  epoch 28 training [time: 49.70s, train loss: 931.3945]
Mon 01 Dec 2025 10:59:27 INFO  epoch 29 training [time: 49.45s, train loss: 926.8529]
Mon 01 Dec 2025 10:59:28 INFO  epoch 29 evaluating [time: 0.59s, valid_score: 0.405100]
Mon 01 Dec 2025 10:59:28 INFO  valid result: 
recall@10 : 0.1712    pop_recall@10 : 0.2581    unpop_recall@10 : 0.0412    mrr@10 : 0.4051    pop_mrr@10 : 0.3812    unpop_mrr@10 : 0.0476    ndcg@10 : 0.2283    pop_ndcg@10 : 0.2433    unpop_ndcg@10 : 0.0315    hit@10 : 0.7644    pop_hit@10 : 0.7205    unpop_hit@10 : 0.1733    precision@10 : 0.1752    pop_precision@10 : 0.153    unpop_precision@10 : 0.0223
Mon 01 Dec 2025 10:59:28 INFO  Saving current: saved/FairLightGCN-Dec-01-2025_10-34-02.pth
Mon 01 Dec 2025 11:00:18 INFO  epoch 30 training [time: 50.71s, train loss: 944.6227]
Mon 01 Dec 2025 11:01:09 INFO  epoch 31 training [time: 50.22s, train loss: 935.2293]
Mon 01 Dec 2025 11:01:09 INFO  epoch 31 evaluating [time: 0.59s, valid_score: 0.407500]
Mon 01 Dec 2025 11:01:09 INFO  valid result: 
recall@10 : 0.1722    pop_recall@10 : 0.2584    unpop_recall@10 : 0.0423    mrr@10 : 0.4075    pop_mrr@10 : 0.3829    unpop_mrr@10 : 0.0489    ndcg@10 : 0.2291    pop_ndcg@10 : 0.2435    unpop_ndcg@10 : 0.0323    hit@10 : 0.7684    pop_hit@10 : 0.7232    unpop_hit@10 : 0.1778    precision@10 : 0.1758    pop_precision@10 : 0.1529    unpop_precision@10 : 0.0229
Mon 01 Dec 2025 11:01:09 INFO  Saving current: saved/FairLightGCN-Dec-01-2025_10-34-02.pth
Mon 01 Dec 2025 11:02:00 INFO  epoch 32 training [time: 51.03s, train loss: 927.6813]
Mon 01 Dec 2025 11:02:51 INFO  epoch 33 training [time: 50.73s, train loss: 946.4968]
Mon 01 Dec 2025 11:02:52 INFO  epoch 33 evaluating [time: 0.51s, valid_score: 0.408400]
Mon 01 Dec 2025 11:02:52 INFO  valid result: 
recall@10 : 0.1723    pop_recall@10 : 0.2573    unpop_recall@10 : 0.0432    mrr@10 : 0.4084    pop_mrr@10 : 0.383    unpop_mrr@10 : 0.0504    ndcg@10 : 0.2296    pop_ndcg@10 : 0.2432    unpop_ndcg@10 : 0.0332    hit@10 : 0.7677    pop_hit@10 : 0.7209    unpop_hit@10 : 0.1815    precision@10 : 0.176    pop_precision@10 : 0.1525    unpop_precision@10 : 0.0235
Mon 01 Dec 2025 11:02:52 INFO  Saving current: saved/FairLightGCN-Dec-01-2025_10-34-02.pth
Mon 01 Dec 2025 11:03:42 INFO  epoch 34 training [time: 50.42s, train loss: 937.4531]
Mon 01 Dec 2025 11:04:32 INFO  epoch 35 training [time: 50.15s, train loss: 923.4009]
Mon 01 Dec 2025 11:04:33 INFO  epoch 35 evaluating [time: 0.67s, valid_score: 0.407800]
Mon 01 Dec 2025 11:04:33 INFO  valid result: 
recall@10 : 0.1732    pop_recall@10 : 0.2576    unpop_recall@10 : 0.0441    mrr@10 : 0.4078    pop_mrr@10 : 0.3818    unpop_mrr@10 : 0.0518    ndcg@10 : 0.2297    pop_ndcg@10 : 0.2426    unpop_ndcg@10 : 0.034    hit@10 : 0.7695    pop_hit@10 : 0.7232    unpop_hit@10 : 0.1864    precision@10 : 0.1761    pop_precision@10 : 0.152    unpop_precision@10 : 0.0241
Mon 01 Dec 2025 11:05:25 INFO  epoch 36 training [time: 51.56s, train loss: 925.1036]
Mon 01 Dec 2025 11:06:14 INFO  epoch 37 training [time: 49.74s, train loss: 906.6316]
Mon 01 Dec 2025 11:06:15 INFO  epoch 37 evaluating [time: 0.49s, valid_score: 0.409100]
Mon 01 Dec 2025 11:06:15 INFO  valid result: 
recall@10 : 0.1736    pop_recall@10 : 0.2578    unpop_recall@10 : 0.0447    mrr@10 : 0.4091    pop_mrr@10 : 0.3831    unpop_mrr@10 : 0.0518    ndcg@10 : 0.2303    pop_ndcg@10 : 0.2431    unpop_ndcg@10 : 0.0342    hit@10 : 0.7694    pop_hit@10 : 0.7225    unpop_hit@10 : 0.1869    precision@10 : 0.1765    pop_precision@10 : 0.1523    unpop_precision@10 : 0.0242
Mon 01 Dec 2025 11:06:15 INFO  Saving current: saved/FairLightGCN-Dec-01-2025_10-34-02.pth
Mon 01 Dec 2025 11:07:04 INFO  epoch 38 training [time: 49.41s, train loss: 898.6447]
Mon 01 Dec 2025 11:07:55 INFO  epoch 39 training [time: 50.51s, train loss: 871.2361]
Mon 01 Dec 2025 11:07:55 INFO  epoch 39 evaluating [time: 0.51s, valid_score: 0.408700]
Mon 01 Dec 2025 11:07:55 INFO  valid result: 
recall@10 : 0.1741    pop_recall@10 : 0.2577    unpop_recall@10 : 0.0455    mrr@10 : 0.4087    pop_mrr@10 : 0.3822    unpop_mrr@10 : 0.0529    ndcg@10 : 0.2304    pop_ndcg@10 : 0.2424    unpop_ndcg@10 : 0.0349    hit@10 : 0.7704    pop_hit@10 : 0.7224    unpop_hit@10 : 0.1886    precision@10 : 0.1767    pop_precision@10 : 0.1521    unpop_precision@10 : 0.0245
Mon 01 Dec 2025 11:08:45 INFO  epoch 40 training [time: 49.81s, train loss: 888.7054]
Mon 01 Dec 2025 11:09:36 INFO  epoch 41 training [time: 50.42s, train loss: 891.6234]
Mon 01 Dec 2025 11:09:36 INFO  epoch 41 evaluating [time: 0.62s, valid_score: 0.409200]
Mon 01 Dec 2025 11:09:36 INFO  valid result: 
recall@10 : 0.174    pop_recall@10 : 0.258    unpop_recall@10 : 0.045    mrr@10 : 0.4092    pop_mrr@10 : 0.3823    unpop_mrr@10 : 0.0528    ndcg@10 : 0.2309    pop_ndcg@10 : 0.2432    unpop_ndcg@10 : 0.0346    hit@10 : 0.7709    pop_hit@10 : 0.7225    unpop_hit@10 : 0.1866    precision@10 : 0.177    pop_precision@10 : 0.1526    unpop_precision@10 : 0.0244
Mon 01 Dec 2025 11:09:36 INFO  Saving current: saved/FairLightGCN-Dec-01-2025_10-34-02.pth
Mon 01 Dec 2025 11:10:27 INFO  epoch 42 training [time: 50.21s, train loss: 892.2268]
Mon 01 Dec 2025 11:11:16 INFO  epoch 43 training [time: 49.61s, train loss: 909.1343]
Mon 01 Dec 2025 11:11:17 INFO  epoch 43 evaluating [time: 0.49s, valid_score: 0.408100]
Mon 01 Dec 2025 11:11:17 INFO  valid result: 
recall@10 : 0.1727    pop_recall@10 : 0.254    unpop_recall@10 : 0.0468    mrr@10 : 0.4081    pop_mrr@10 : 0.38    unpop_mrr@10 : 0.0551    ndcg@10 : 0.2295    pop_ndcg@10 : 0.2402    unpop_ndcg@10 : 0.0361    hit@10 : 0.7684    pop_hit@10 : 0.7174    unpop_hit@10 : 0.1942    precision@10 : 0.1758    pop_precision@10 : 0.1504    unpop_precision@10 : 0.0254
Mon 01 Dec 2025 11:12:07 INFO  epoch 44 training [time: 50.57s, train loss: 886.2740]
Mon 01 Dec 2025 11:12:57 INFO  epoch 45 training [time: 49.80s, train loss: 893.1203]
Mon 01 Dec 2025 11:12:57 INFO  epoch 45 evaluating [time: 0.48s, valid_score: 0.409200]
Mon 01 Dec 2025 11:12:57 INFO  valid result: 
recall@10 : 0.1739    pop_recall@10 : 0.2556    unpop_recall@10 : 0.047    mrr@10 : 0.4092    pop_mrr@10 : 0.3808    unpop_mrr@10 : 0.0554    ndcg@10 : 0.2305    pop_ndcg@10 : 0.2413    unpop_ndcg@10 : 0.0362    hit@10 : 0.7722    pop_hit@10 : 0.7202    unpop_hit@10 : 0.1947    precision@10 : 0.1767    pop_precision@10 : 0.1514    unpop_precision@10 : 0.0253
Mon 01 Dec 2025 11:12:58 INFO  Saving current: saved/FairLightGCN-Dec-01-2025_10-34-02.pth
Mon 01 Dec 2025 11:13:48 INFO  epoch 46 training [time: 50.86s, train loss: 900.7128]
Mon 01 Dec 2025 11:14:38 INFO  epoch 47 training [time: 49.87s, train loss: 905.0870]
Mon 01 Dec 2025 11:14:39 INFO  epoch 47 evaluating [time: 0.50s, valid_score: 0.408600]
Mon 01 Dec 2025 11:14:39 INFO  valid result: 
recall@10 : 0.1738    pop_recall@10 : 0.2551    unpop_recall@10 : 0.0475    mrr@10 : 0.4086    pop_mrr@10 : 0.3805    unpop_mrr@10 : 0.0553    ndcg@10 : 0.2307    pop_ndcg@10 : 0.241    unpop_ndcg@10 : 0.0364    hit@10 : 0.7714    pop_hit@10 : 0.7187    unpop_hit@10 : 0.197    precision@10 : 0.1771    pop_precision@10 : 0.1513    unpop_precision@10 : 0.0258
Mon 01 Dec 2025 11:15:28 INFO  epoch 48 training [time: 49.45s, train loss: 896.9740]
Mon 01 Dec 2025 11:16:19 INFO  epoch 49 training [time: 50.54s, train loss: 904.8144]
Mon 01 Dec 2025 11:16:19 INFO  epoch 49 evaluating [time: 0.61s, valid_score: 0.408800]
Mon 01 Dec 2025 11:16:19 INFO  valid result: 
recall@10 : 0.1734    pop_recall@10 : 0.2529    unpop_recall@10 : 0.0488    mrr@10 : 0.4088    pop_mrr@10 : 0.3794    unpop_mrr@10 : 0.0571    ndcg@10 : 0.2302    pop_ndcg@10 : 0.2396    unpop_ndcg@10 : 0.0374    hit@10 : 0.769    pop_hit@10 : 0.7144    unpop_hit@10 : 0.2018    precision@10 : 0.1764    pop_precision@10 : 0.15    unpop_precision@10 : 0.0264
Mon 01 Dec 2025 11:17:08 INFO  epoch 50 training [time: 49.04s, train loss: 904.9433]
Mon 01 Dec 2025 11:17:59 INFO  epoch 51 training [time: 50.89s, train loss: 909.9129]
Mon 01 Dec 2025 11:18:00 INFO  epoch 51 evaluating [time: 0.50s, valid_score: 0.408400]
Mon 01 Dec 2025 11:18:00 INFO  valid result: 
recall@10 : 0.1731    pop_recall@10 : 0.2533    unpop_recall@10 : 0.0482    mrr@10 : 0.4084    pop_mrr@10 : 0.3797    unpop_mrr@10 : 0.0559    ndcg@10 : 0.23    pop_ndcg@10 : 0.2399    unpop_ndcg@10 : 0.0368    hit@10 : 0.7694    pop_hit@10 : 0.7154    unpop_hit@10 : 0.1967    precision@10 : 0.1761    pop_precision@10 : 0.1502    unpop_precision@10 : 0.0259
Mon 01 Dec 2025 11:18:51 INFO  epoch 52 training [time: 50.89s, train loss: 905.5246]
Mon 01 Dec 2025 11:19:41 INFO  epoch 53 training [time: 50.39s, train loss: 879.4371]
Mon 01 Dec 2025 11:19:42 INFO  epoch 53 evaluating [time: 0.58s, valid_score: 0.408100]
Mon 01 Dec 2025 11:19:42 INFO  valid result: 
recall@10 : 0.1729    pop_recall@10 : 0.2519    unpop_recall@10 : 0.0496    mrr@10 : 0.4081    pop_mrr@10 : 0.3783    unpop_mrr@10 : 0.058    ndcg@10 : 0.2299    pop_ndcg@10 : 0.2386    unpop_ndcg@10 : 0.038    hit@10 : 0.7669    pop_hit@10 : 0.7118    unpop_hit@10 : 0.205    precision@10 : 0.1765    pop_precision@10 : 0.1496    unpop_precision@10 : 0.0269
Mon 01 Dec 2025 11:20:32 INFO  epoch 54 training [time: 50.10s, train loss: 887.2756]
Mon 01 Dec 2025 11:21:22 INFO  epoch 55 training [time: 50.32s, train loss: 888.8456]
Mon 01 Dec 2025 11:21:23 INFO  epoch 55 evaluating [time: 0.59s, valid_score: 0.408700]
Mon 01 Dec 2025 11:21:23 INFO  valid result: 
recall@10 : 0.1727    pop_recall@10 : 0.2514    unpop_recall@10 : 0.0499    mrr@10 : 0.4087    pop_mrr@10 : 0.3786    unpop_mrr@10 : 0.0585    ndcg@10 : 0.2302    pop_ndcg@10 : 0.2386    unpop_ndcg@10 : 0.0383    hit@10 : 0.7669    pop_hit@10 : 0.7121    unpop_hit@10 : 0.206    precision@10 : 0.1767    pop_precision@10 : 0.1495    unpop_precision@10 : 0.0272
Mon 01 Dec 2025 11:22:13 INFO  epoch 56 training [time: 50.07s, train loss: 903.2753]
Mon 01 Dec 2025 11:23:03 INFO  epoch 57 training [time: 50.35s, train loss: 901.3846]
Mon 01 Dec 2025 11:23:04 INFO  epoch 57 evaluating [time: 0.49s, valid_score: 0.407600]
Mon 01 Dec 2025 11:23:04 INFO  valid result: 
recall@10 : 0.1726    pop_recall@10 : 0.2517    unpop_recall@10 : 0.0498    mrr@10 : 0.4076    pop_mrr@10 : 0.3773    unpop_mrr@10 : 0.0588    ndcg@10 : 0.2297    pop_ndcg@10 : 0.2381    unpop_ndcg@10 : 0.0382    hit@10 : 0.7677    pop_hit@10 : 0.7136    unpop_hit@10 : 0.2058    precision@10 : 0.1763    pop_precision@10 : 0.1494    unpop_precision@10 : 0.0269
Mon 01 Dec 2025 11:23:53 INFO  epoch 58 training [time: 49.80s, train loss: 893.0248]
Mon 01 Dec 2025 11:24:45 INFO  epoch 59 training [time: 51.34s, train loss: 908.7753]
Mon 01 Dec 2025 11:24:45 INFO  epoch 59 evaluating [time: 0.63s, valid_score: 0.408300]
Mon 01 Dec 2025 11:24:45 INFO  valid result: 
recall@10 : 0.1738    pop_recall@10 : 0.2533    unpop_recall@10 : 0.0502    mrr@10 : 0.4083    pop_mrr@10 : 0.3782    unpop_mrr@10 : 0.0585    ndcg@10 : 0.2305    pop_ndcg@10 : 0.2392    unpop_ndcg@10 : 0.0382    hit@10 : 0.7692    pop_hit@10 : 0.7141    unpop_hit@10 : 0.2061    precision@10 : 0.1771    pop_precision@10 : 0.1501    unpop_precision@10 : 0.027
Mon 01 Dec 2025 11:25:37 INFO  epoch 60 training [time: 51.73s, train loss: 924.5980]
Mon 01 Dec 2025 11:26:29 INFO  epoch 61 training [time: 51.41s, train loss: 929.3305]
Mon 01 Dec 2025 11:26:29 INFO  epoch 61 evaluating [time: 0.61s, valid_score: 0.409300]
Mon 01 Dec 2025 11:26:29 INFO  valid result: 
recall@10 : 0.1738    pop_recall@10 : 0.2524    unpop_recall@10 : 0.0508    mrr@10 : 0.4093    pop_mrr@10 : 0.3781    unpop_mrr@10 : 0.06    ndcg@10 : 0.2307    pop_ndcg@10 : 0.2385    unpop_ndcg@10 : 0.0391    hit@10 : 0.7689    pop_hit@10 : 0.7119    unpop_hit@10 : 0.2103    precision@10 : 0.1769    pop_precision@10 : 0.1494    unpop_precision@10 : 0.0275
Mon 01 Dec 2025 11:26:29 INFO  Saving current: saved/FairLightGCN-Dec-01-2025_10-34-02.pth
Mon 01 Dec 2025 11:27:20 INFO  epoch 62 training [time: 50.74s, train loss: 909.2171]
Mon 01 Dec 2025 11:28:10 INFO  epoch 63 training [time: 50.19s, train loss: 897.9925]
Mon 01 Dec 2025 11:28:11 INFO  epoch 63 evaluating [time: 0.60s, valid_score: 0.407900]
Mon 01 Dec 2025 11:28:11 INFO  valid result: 
recall@10 : 0.1729    pop_recall@10 : 0.2506    unpop_recall@10 : 0.0513    mrr@10 : 0.4079    pop_mrr@10 : 0.3766    unpop_mrr@10 : 0.0601    ndcg@10 : 0.23    pop_ndcg@10 : 0.2376    unpop_ndcg@10 : 0.0393    hit@10 : 0.7687    pop_hit@10 : 0.7111    unpop_hit@10 : 0.2118    precision@10 : 0.1766    pop_precision@10 : 0.1488    unpop_precision@10 : 0.0278
Mon 01 Dec 2025 11:29:02 INFO  epoch 64 training [time: 51.53s, train loss: 923.3026]
Mon 01 Dec 2025 11:29:53 INFO  epoch 65 training [time: 50.71s, train loss: 927.4112]
Mon 01 Dec 2025 11:29:54 INFO  epoch 65 evaluating [time: 0.59s, valid_score: 0.406800]
Mon 01 Dec 2025 11:29:54 INFO  valid result: 
recall@10 : 0.1728    pop_recall@10 : 0.2504    unpop_recall@10 : 0.0509    mrr@10 : 0.4068    pop_mrr@10 : 0.3765    unpop_mrr@10 : 0.0592    ndcg@10 : 0.2298    pop_ndcg@10 : 0.2376    unpop_ndcg@10 : 0.0389    hit@10 : 0.769    pop_hit@10 : 0.7123    unpop_hit@10 : 0.2113    precision@10 : 0.1765    pop_precision@10 : 0.1489    unpop_precision@10 : 0.0276
Mon 01 Dec 2025 11:30:45 INFO  epoch 66 training [time: 51.43s, train loss: 944.0523]
Mon 01 Dec 2025 11:31:37 INFO  epoch 67 training [time: 52.30s, train loss: 940.7769]
Mon 01 Dec 2025 11:31:38 INFO  epoch 67 evaluating [time: 0.60s, valid_score: 0.407100]
Mon 01 Dec 2025 11:31:38 INFO  valid result: 
recall@10 : 0.1728    pop_recall@10 : 0.2496    unpop_recall@10 : 0.0521    mrr@10 : 0.4071    pop_mrr@10 : 0.3752    unpop_mrr@10 : 0.0609    ndcg@10 : 0.2298    pop_ndcg@10 : 0.2366    unpop_ndcg@10 : 0.04    hit@10 : 0.7672    pop_hit@10 : 0.7075    unpop_hit@10 : 0.2151    precision@10 : 0.1763    pop_precision@10 : 0.148    unpop_precision@10 : 0.0283
Mon 01 Dec 2025 11:32:30 INFO  epoch 68 training [time: 51.96s, train loss: 918.1847]
Mon 01 Dec 2025 11:33:21 INFO  epoch 69 training [time: 51.49s, train loss: 932.3548]
Mon 01 Dec 2025 11:33:22 INFO  epoch 69 evaluating [time: 0.57s, valid_score: 0.407600]
Mon 01 Dec 2025 11:33:22 INFO  valid result: 
recall@10 : 0.1728    pop_recall@10 : 0.2496    unpop_recall@10 : 0.0522    mrr@10 : 0.4076    pop_mrr@10 : 0.3757    unpop_mrr@10 : 0.0613    ndcg@10 : 0.2298    pop_ndcg@10 : 0.2367    unpop_ndcg@10 : 0.04    hit@10 : 0.7697    pop_hit@10 : 0.7096    unpop_hit@10 : 0.2151    precision@10 : 0.1762    pop_precision@10 : 0.1479    unpop_precision@10 : 0.0282
Mon 01 Dec 2025 11:34:12 INFO  epoch 70 training [time: 50.40s, train loss: 943.4546]
Mon 01 Dec 2025 11:35:04 INFO  epoch 71 training [time: 51.49s, train loss: 962.0743]
Mon 01 Dec 2025 11:35:04 INFO  epoch 71 evaluating [time: 0.47s, valid_score: 0.408100]
Mon 01 Dec 2025 11:35:04 INFO  valid result: 
recall@10 : 0.1729    pop_recall@10 : 0.2499    unpop_recall@10 : 0.0519    mrr@10 : 0.4081    pop_mrr@10 : 0.3758    unpop_mrr@10 : 0.0614    ndcg@10 : 0.2299    pop_ndcg@10 : 0.2367    unpop_ndcg@10 : 0.04    hit@10 : 0.7719    pop_hit@10 : 0.7119    unpop_hit@10 : 0.2149    precision@10 : 0.1762    pop_precision@10 : 0.148    unpop_precision@10 : 0.0282
Mon 01 Dec 2025 11:35:56 INFO  epoch 72 training [time: 51.84s, train loss: 945.5020]
Mon 01 Dec 2025 11:36:48 INFO  epoch 73 training [time: 51.98s, train loss: 950.8981]
Mon 01 Dec 2025 11:36:49 INFO  epoch 73 evaluating [time: 0.47s, valid_score: 0.408100]
Mon 01 Dec 2025 11:36:49 INFO  valid result: 
recall@10 : 0.1721    pop_recall@10 : 0.2488    unpop_recall@10 : 0.0519    mrr@10 : 0.4081    pop_mrr@10 : 0.3759    unpop_mrr@10 : 0.0614    ndcg@10 : 0.2295    pop_ndcg@10 : 0.2364    unpop_ndcg@10 : 0.04    hit@10 : 0.771    pop_hit@10 : 0.7104    unpop_hit@10 : 0.2142    precision@10 : 0.1758    pop_precision@10 : 0.1478    unpop_precision@10 : 0.028
Mon 01 Dec 2025 11:37:40 INFO  epoch 74 training [time: 51.58s, train loss: 944.4936]
Mon 01 Dec 2025 11:38:52 INFO  epoch 75 training [time: 71.95s, train loss: 912.9806]
Mon 01 Dec 2025 11:38:54 INFO  epoch 75 evaluating [time: 2.04s, valid_score: 0.408400]
Mon 01 Dec 2025 11:38:54 INFO  valid result: 
recall@10 : 0.1728    pop_recall@10 : 0.2497    unpop_recall@10 : 0.0525    mrr@10 : 0.4084    pop_mrr@10 : 0.3759    unpop_mrr@10 : 0.0619    ndcg@10 : 0.2299    pop_ndcg@10 : 0.2364    unpop_ndcg@10 : 0.0405    hit@10 : 0.7717    pop_hit@10 : 0.7103    unpop_hit@10 : 0.2164    precision@10 : 0.1762    pop_precision@10 : 0.1477    unpop_precision@10 : 0.0285
Mon 01 Dec 2025 11:40:38 INFO  epoch 76 training [time: 104.15s, train loss: 909.0590]
Mon 01 Dec 2025 11:42:14 INFO  epoch 77 training [time: 95.85s, train loss: 901.9569]
Mon 01 Dec 2025 11:42:18 INFO  epoch 77 evaluating [time: 3.60s, valid_score: 0.408500]
Mon 01 Dec 2025 11:42:18 INFO  valid result: 
recall@10 : 0.1731    pop_recall@10 : 0.2492    unpop_recall@10 : 0.0532    mrr@10 : 0.4085    pop_mrr@10 : 0.3752    unpop_mrr@10 : 0.0628    ndcg@10 : 0.2302    pop_ndcg@10 : 0.2363    unpop_ndcg@10 : 0.0411    hit@10 : 0.7727    pop_hit@10 : 0.7101    unpop_hit@10 : 0.2192    precision@10 : 0.1765    pop_precision@10 : 0.1476    unpop_precision@10 : 0.029
Mon 01 Dec 2025 11:43:48 INFO  epoch 78 training [time: 89.85s, train loss: 907.4042]
Mon 01 Dec 2025 11:45:30 INFO  epoch 79 training [time: 102.47s, train loss: 916.3266]
Mon 01 Dec 2025 11:45:34 INFO  epoch 79 evaluating [time: 3.99s, valid_score: 0.409100]
Mon 01 Dec 2025 11:45:34 INFO  valid result: 
recall@10 : 0.1729    pop_recall@10 : 0.2481    unpop_recall@10 : 0.0539    mrr@10 : 0.4091    pop_mrr@10 : 0.3759    unpop_mrr@10 : 0.0631    ndcg@10 : 0.2301    pop_ndcg@10 : 0.2357    unpop_ndcg@10 : 0.0413    hit@10 : 0.7707    pop_hit@10 : 0.7081    unpop_hit@10 : 0.2202    precision@10 : 0.176    pop_precision@10 : 0.1471    unpop_precision@10 : 0.029
Mon 01 Dec 2025 11:47:09 INFO  epoch 80 training [time: 94.31s, train loss: 907.9634]
Mon 01 Dec 2025 11:49:13 INFO  epoch 81 training [time: 124.30s, train loss: 939.3598]
Mon 01 Dec 2025 11:49:17 INFO  epoch 81 evaluating [time: 4.22s, valid_score: 0.409500]
Mon 01 Dec 2025 11:49:17 INFO  valid result: 
recall@10 : 0.1727    pop_recall@10 : 0.2482    unpop_recall@10 : 0.0532    mrr@10 : 0.4095    pop_mrr@10 : 0.3766    unpop_mrr@10 : 0.0623    ndcg@10 : 0.2304    pop_ndcg@10 : 0.2363    unpop_ndcg@10 : 0.0409    hit@10 : 0.772    pop_hit@10 : 0.7098    unpop_hit@10 : 0.2172    precision@10 : 0.1763    pop_precision@10 : 0.1475    unpop_precision@10 : 0.0288
Mon 01 Dec 2025 11:49:17 INFO  Saving current: saved/FairLightGCN-Dec-01-2025_10-34-02.pth
Mon 01 Dec 2025 11:51:27 INFO  epoch 82 training [time: 129.96s, train loss: 954.2488]
Mon 01 Dec 2025 11:53:40 INFO  epoch 83 training [time: 132.97s, train loss: 942.1588]
Mon 01 Dec 2025 11:53:45 INFO  epoch 83 evaluating [time: 4.54s, valid_score: 0.408200]
Mon 01 Dec 2025 11:53:45 INFO  valid result: 
recall@10 : 0.1727    pop_recall@10 : 0.2471    unpop_recall@10 : 0.0541    mrr@10 : 0.4082    pop_mrr@10 : 0.3742    unpop_mrr@10 : 0.064    ndcg@10 : 0.2295    pop_ndcg@10 : 0.2345    unpop_ndcg@10 : 0.0418    hit@10 : 0.7722    pop_hit@10 : 0.7081    unpop_hit@10 : 0.2225    precision@10 : 0.1756    pop_precision@10 : 0.1461    unpop_precision@10 : 0.0295
Mon 01 Dec 2025 11:55:28 INFO  epoch 84 training [time: 103.72s, train loss: 928.1877]
Mon 01 Dec 2025 11:57:25 INFO  epoch 85 training [time: 116.63s, train loss: 948.1020]
Mon 01 Dec 2025 11:57:29 INFO  epoch 85 evaluating [time: 4.42s, valid_score: 0.408000]
Mon 01 Dec 2025 11:57:29 INFO  valid result: 
recall@10 : 0.173    pop_recall@10 : 0.2475    unpop_recall@10 : 0.0546    mrr@10 : 0.408    pop_mrr@10 : 0.3734    unpop_mrr@10 : 0.0646    ndcg@10 : 0.2297    pop_ndcg@10 : 0.2344    unpop_ndcg@10 : 0.0422    hit@10 : 0.774    pop_hit@10 : 0.7088    unpop_hit@10 : 0.2227    precision@10 : 0.1761    pop_precision@10 : 0.1466    unpop_precision@10 : 0.0296
Mon 01 Dec 2025 12:00:06 INFO  epoch 86 training [time: 156.48s, train loss: 945.4733]
Mon 01 Dec 2025 12:02:37 INFO  epoch 87 training [time: 150.91s, train loss: 960.0209]
Mon 01 Dec 2025 12:02:42 INFO  epoch 87 evaluating [time: 5.02s, valid_score: 0.408100]
Mon 01 Dec 2025 12:02:42 INFO  valid result: 
recall@10 : 0.1727    pop_recall@10 : 0.2468    unpop_recall@10 : 0.0546    mrr@10 : 0.4081    pop_mrr@10 : 0.3733    unpop_mrr@10 : 0.0651    ndcg@10 : 0.2299    pop_ndcg@10 : 0.2343    unpop_ndcg@10 : 0.0425    hit@10 : 0.7727    pop_hit@10 : 0.7091    unpop_hit@10 : 0.2242    precision@10 : 0.1761    pop_precision@10 : 0.1462    unpop_precision@10 : 0.0299
Mon 01 Dec 2025 12:05:15 INFO  epoch 88 training [time: 153.50s, train loss: 956.3130]
Mon 01 Dec 2025 12:07:46 INFO  epoch 89 training [time: 150.83s, train loss: 926.3501]
Mon 01 Dec 2025 12:07:51 INFO  epoch 89 evaluating [time: 5.11s, valid_score: 0.408900]
Mon 01 Dec 2025 12:07:51 INFO  valid result: 
recall@10 : 0.1725    pop_recall@10 : 0.2464    unpop_recall@10 : 0.0551    mrr@10 : 0.4089    pop_mrr@10 : 0.374    unpop_mrr@10 : 0.0651    ndcg@10 : 0.2295    pop_ndcg@10 : 0.2338    unpop_ndcg@10 : 0.0425    hit@10 : 0.7719    pop_hit@10 : 0.706    unpop_hit@10 : 0.2238    precision@10 : 0.1752    pop_precision@10 : 0.1455    unpop_precision@10 : 0.0297
Mon 01 Dec 2025 12:10:25 INFO  epoch 90 training [time: 154.12s, train loss: 912.4610]
Mon 01 Dec 2025 12:13:07 INFO  epoch 91 training [time: 161.45s, train loss: 922.6740]
Mon 01 Dec 2025 12:13:12 INFO  epoch 91 evaluating [time: 5.46s, valid_score: 0.409300]
Mon 01 Dec 2025 12:13:12 INFO  valid result: 
recall@10 : 0.1736    pop_recall@10 : 0.2482    unpop_recall@10 : 0.0548    mrr@10 : 0.4093    pop_mrr@10 : 0.3745    unpop_mrr@10 : 0.0645    ndcg@10 : 0.2302    pop_ndcg@10 : 0.235    unpop_ndcg@10 : 0.0421    hit@10 : 0.7738    pop_hit@10 : 0.7091    unpop_hit@10 : 0.2215    precision@10 : 0.1762    pop_precision@10 : 0.147    unpop_precision@10 : 0.0291
Mon 01 Dec 2025 12:15:58 INFO  epoch 92 training [time: 165.36s, train loss: 916.6670]
Mon 01 Dec 2025 12:18:41 INFO  epoch 93 training [time: 162.87s, train loss: 929.0867]
Mon 01 Dec 2025 12:18:46 INFO  epoch 93 evaluating [time: 5.21s, valid_score: 0.408600]
Mon 01 Dec 2025 12:18:46 INFO  valid result: 
recall@10 : 0.1731    pop_recall@10 : 0.2471    unpop_recall@10 : 0.0552    mrr@10 : 0.4086    pop_mrr@10 : 0.3731    unpop_mrr@10 : 0.0659    ndcg@10 : 0.2299    pop_ndcg@10 : 0.2339    unpop_ndcg@10 : 0.0428    hit@10 : 0.7748    pop_hit@10 : 0.7091    unpop_hit@10 : 0.2242    precision@10 : 0.1761    pop_precision@10 : 0.1464    unpop_precision@10 : 0.0297
Mon 01 Dec 2025 12:21:31 INFO  epoch 94 training [time: 165.62s, train loss: 934.8944]
Mon 01 Dec 2025 12:23:55 INFO  epoch 95 training [time: 143.24s, train loss: 965.4225]
Mon 01 Dec 2025 12:23:59 INFO  epoch 95 evaluating [time: 3.84s, valid_score: 0.409400]
Mon 01 Dec 2025 12:23:59 INFO  valid result: 
recall@10 : 0.1735    pop_recall@10 : 0.248    unpop_recall@10 : 0.0548    mrr@10 : 0.4094    pop_mrr@10 : 0.3747    unpop_mrr@10 : 0.0647    ndcg@10 : 0.2304    pop_ndcg@10 : 0.235    unpop_ndcg@10 : 0.0422    hit@10 : 0.7738    pop_hit@10 : 0.7093    unpop_hit@10 : 0.2207    precision@10 : 0.1764    pop_precision@10 : 0.1472    unpop_precision@10 : 0.0292
Mon 01 Dec 2025 12:26:06 INFO  epoch 96 training [time: 127.58s, train loss: 948.0782]
Mon 01 Dec 2025 12:28:20 INFO  epoch 97 training [time: 133.90s, train loss: 949.1363]
Mon 01 Dec 2025 12:28:24 INFO  epoch 97 evaluating [time: 4.46s, valid_score: 0.408100]
Mon 01 Dec 2025 12:28:24 INFO  valid result: 
recall@10 : 0.1729    pop_recall@10 : 0.2466    unpop_recall@10 : 0.0552    mrr@10 : 0.4081    pop_mrr@10 : 0.3723    unpop_mrr@10 : 0.0662    ndcg@10 : 0.2297    pop_ndcg@10 : 0.2334    unpop_ndcg@10 : 0.043    hit@10 : 0.7733    pop_hit@10 : 0.7076    unpop_hit@10 : 0.223    precision@10 : 0.1761    pop_precision@10 : 0.1464    unpop_precision@10 : 0.0297
Mon 01 Dec 2025 12:30:41 INFO  epoch 98 training [time: 136.63s, train loss: 947.0025]
Mon 01 Dec 2025 12:32:34 INFO  epoch 99 training [time: 113.27s, train loss: 943.4847]
Mon 01 Dec 2025 12:32:37 INFO  epoch 99 evaluating [time: 2.64s, valid_score: 0.408200]
Mon 01 Dec 2025 12:32:37 INFO  valid result: 
recall@10 : 0.1733    pop_recall@10 : 0.2468    unpop_recall@10 : 0.0559    mrr@10 : 0.4082    pop_mrr@10 : 0.3728    unpop_mrr@10 : 0.0661    ndcg@10 : 0.2297    pop_ndcg@10 : 0.2333    unpop_ndcg@10 : 0.0432    hit@10 : 0.7725    pop_hit@10 : 0.7081    unpop_hit@10 : 0.2247    precision@10 : 0.1759    pop_precision@10 : 0.1461    unpop_precision@10 : 0.0299
Mon 01 Dec 2025 12:32:37 INFO  Loading model structure and parameters from saved/FairLightGCN-Dec-01-2025_10-34-02.pth
Mon 01 Dec 2025 12:32:40 INFO  count    1436.000000
mean       42.061281
std        71.420883
min         1.000000
25%         3.000000
50%        12.000000
75%        49.000000
max       594.000000
dtype: float64
Mon 01 Dec 2025 12:32:41 INFO  The running environment of this training is as follows:
+-------------+-----------------+
| Environment |      Usage      |
+=============+=================+
| CPU         |     5.40 %      |
+-------------+-----------------+
| GPU         | 0.30 G/47.53 G  |
+-------------+-----------------+
| Memory      | 1.99 G/251.48 G |
+-------------+-----------------+
Mon 01 Dec 2025 12:32:41 INFO  best valid : OrderedDict([('recall@10', 0.1727), ('pop_recall@10', 0.2482), ('unpop_recall@10', 0.0532), ('mrr@10', 0.4095), ('pop_mrr@10', 0.3766), ('unpop_mrr@10', 0.0623), ('ndcg@10', 0.2304), ('pop_ndcg@10', 0.2363), ('unpop_ndcg@10', 0.0409), ('hit@10', 0.772), ('pop_hit@10', 0.7098), ('unpop_hit@10', 0.2172), ('precision@10', 0.1763), ('pop_precision@10', 0.1475), ('unpop_precision@10', 0.0288)])
Mon 01 Dec 2025 12:32:41 INFO  test result: OrderedDict([('recall@10', 0.19642238410596027), ('pop_recall@10', 0.2776374668874172), ('unpop_recall@10', 0.0679701821192053), ('mrr@10', 0.4913239072847682), ('pop_mrr@10', 0.44951860927152315), ('unpop_mrr@10', 0.08831026490066225), ('ndcg@10', 0.2911927152317881), ('pop_ndcg@10', 0.286607119205298), ('unpop_ndcg@10', 0.058018824503311264), ('hit@10', 0.8018211920529801), ('pop_hit@10', 0.7387417218543046), ('unpop_hit@10', 0.27483443708609273), ('precision@10', 0.2227152317880795), ('pop_precision@10', 0.1809933774834437), ('unpop_precision@10', 0.041721854304635764)])
