Sun 30 Nov 2025 18:57:54 INFO  ['run_recbole.py', '--model', 'FairLightGCN', '--dataset', 'ml-1m', '--cl_rate', '0.2', '--enable_user_loss', 'False', '--item_rq_loss_rate', '0.0', '--beta', '0.2', '--pop_rate', '0.1', '--gama', '0.2', '--train_batch_size', '1024', '--item_loss_type', 'loss12', '--gpu_ids', '0']
Sun 30 Nov 2025 18:57:54 INFO  
General Hyper Parameters:
gpu_id = 0
use_gpu = True
seed = 2020
state = INFO
reproducibility = True
data_path = dataset/ml-1m
checkpoint_dir = saved
show_progress = True
save_dataset = False
dataset_save_path = None
save_dataloaders = False
dataloaders_save_path = None
log_wandb = False

Training Hyper Parameters:
epochs = 100
train_batch_size = 1024
learner = adam
learning_rate = 0.001
train_neg_sample_args = {'distribution': 'uniform', 'sample_num': 1, 'alpha': 1.0, 'dynamic': False, 'candidate_num': 0}
eval_step = 2
stopping_step = 10
clip_grad_norm = None
weight_decay = 0.0
loss_decimal_place = 4

Evaluation Hyper Parameters:
eval_args = {'split': {'RS': [0.8, 0.1, 0.1]}, 'order': 'RO', 'group_by': 'user', 'mode': {'valid': 'full', 'test': 'full'}}
repeatable = False
metrics = ['Recall', 'MRR', 'NDCG', 'Hit', 'Precision']
topk = [10]
valid_metric = MRR@10
valid_metric_bigger = True
eval_batch_size = 102400
metric_decimal_place = 4

Dataset Hyper Parameters:
train_batch_size = 1024
eval_batch_size = 102400
field_separator = 	
seq_separator =  
USER_ID_FIELD = user_id
ITEM_ID_FIELD = item_id
RATING_FIELD = rating
TIME_FIELD = timestamp
seq_len = None
LABEL_FIELD = label
threshold = None
NEG_PREFIX = neg_
load_col = {'inter': ['user_id', 'item_id', 'rating', 'timestamp'], 'user': ['user_id', 'age', 'gender', 'occupation'], 'item': ['item_id', 'release_year', 'genre']}
unload_col = None
unused_col = None
additional_feat_suffix = None
rm_dup_inter = None
val_interval = None
filter_inter_by_user_or_item = True
user_inter_num_interval = None
item_inter_num_interval = None
alias_of_user_id = None
alias_of_item_id = None
alias_of_entity_id = None
alias_of_relation_id = None
preload_weight = None
normalize_field = None
normalize_all = True
ITEM_LIST_LENGTH_FIELD = item_length
LIST_SUFFIX = _list
MAX_ITEM_LIST_LENGTH = 50
POSITION_FIELD = position_id
HEAD_ENTITY_ID_FIELD = head_id
TAIL_ENTITY_ID_FIELD = tail_id
RELATION_ID_FIELD = relation_id
ENTITY_ID_FIELD = entity_id
kg_reverse_r = False
entity_kg_num_interval = None
relation_kg_num_interval = None
benchmark_filename = None
save_single_user = True
save_base_path = output
attr = {'user': {'need_inter_num': True, 'need_inter_hour': True, 'need_rating': True, 'need_item_genre': True, 'need_item_year': True, 'need_zipcode_to_region': True}, 'item': {'need_inter_num': True, 'need_inter_hour': True, 'need_rating': True, 'need_age': True, 'need_gender': True, 'need_occupation': True, 'need_region': True}, 'interaction': {'timestamp_unit': 's'}}
to_bin = {'user': {'mean_rating': {'n_bins': 5}, 'interaction_nums': {'n_bins': 5}}, 'item': {'mean_rating': {'n_bins': 5}, 'interaction_nums': {'n_bins': 5}}}

Other Hyper Parameters: 
worker = 0
wandb_project = recbole
shuffle = True
require_pow = False
enable_amp = False
enable_scaler = False
transform = None
export_topk_recs = True
export_topk_dir = None
export_topk_filename = None
export_topk_item_separator = None
export_topk_separate_columns = None
embedding_size = 64
n_layers = 2
reg_weight = 1e-05
numerical_features = []
discretization = None
MODEL_TYPE = ModelType.GENERAL
MODEL_INPUT_TYPE = InputType.PAIRWISE
eval_type = EvaluatorType.RANKING
single_spec = True
local_rank = 0
device = cuda
valid_neg_sample_args = {'distribution': 'uniform', 'sample_num': 'none'}
test_neg_sample_args = {'distribution': 'uniform', 'sample_num': 'none'}
nproc = 1
ip = localhost
port = 5678
world_size = -1
group_offset = 0
gpu_ids = 0
cl_rate = 0.2
enable_user_loss = False
item_loss_type = loss12
item_rq_loss_rate = 0.0
beta = 0.2
log_type = fair
pop_rate = 0.1
gama = 0.2


Sun 30 Nov 2025 18:57:58 INFO  ml-1m
The number of users: 6041
Average actions of users: 165.5975165562914
The number of items: 3884
Average actions of items: 269.88909875876953
The number of inters: 1000209
The sparsity of the dataset: 95.73712398848173%
Remain Fields: ['user_id', 'item_id', 'rating', 'timestamp', 'age', 'gender', 'occupation', 'release_year', 'genre']
Sun 30 Nov 2025 18:58:04 INFO  [Training]: train_batch_size = [1024] train_neg_sample_args: [{'distribution': 'uniform', 'sample_num': 1, 'alpha': 1.0, 'dynamic': False, 'candidate_num': 0}]
Sun 30 Nov 2025 18:58:04 INFO  [Evaluation]: eval_batch_size = [102400] eval_args: [{'split': {'RS': [0.8, 0.1, 0.1]}, 'order': 'RO', 'group_by': 'user', 'mode': {'valid': 'full', 'test': 'full'}}]
Sun 30 Nov 2025 18:58:04 INFO  FairLightGCN(
  (user_embedding): Embedding(6041, 64)
  (item_embedding): Embedding(3884, 64)
  (mf_loss): BPRLoss()
  (reg_loss): EmbLoss()
  (rq_model_item): RQVAE(
    (encoder): MLPLayers(
      (mlp_layers): Sequential(
        (0): Dropout(p=0, inplace=False)
        (1): Linear(in_features=192, out_features=64, bias=True)
        (2): Sigmoid()
        (3): Dropout(p=0, inplace=False)
        (4): Linear(in_features=64, out_features=32, bias=True)
        (5): Sigmoid()
        (6): Dropout(p=0, inplace=False)
        (7): Linear(in_features=32, out_features=16, bias=True)
      )
    )
    (rq): ResidualVectorQuantizer(
      (vq_layers): ModuleList(
        (0-2): 3 x VectorQuantizer(
          (embedding): Embedding(8, 16)
        )
      )
    )
    (decoder): MLPLayers(
      (mlp_layers): Sequential(
        (0): Dropout(p=0, inplace=False)
        (1): Linear(in_features=16, out_features=32, bias=True)
        (2): Sigmoid()
        (3): Dropout(p=0, inplace=False)
        (4): Linear(in_features=32, out_features=64, bias=True)
        (5): Sigmoid()
        (6): Dropout(p=0, inplace=False)
        (7): Linear(in_features=64, out_features=192, bias=True)
      )
    )
    (W_gate): Linear(in_features=192, out_features=192, bias=True)
  )
  (rq_model_user): RQVAE(
    (encoder): MLPLayers(
      (mlp_layers): Sequential(
        (0): Dropout(p=0, inplace=False)
        (1): Linear(in_features=256, out_features=64, bias=True)
        (2): Sigmoid()
        (3): Dropout(p=0, inplace=False)
        (4): Linear(in_features=64, out_features=32, bias=True)
        (5): Sigmoid()
        (6): Dropout(p=0, inplace=False)
        (7): Linear(in_features=32, out_features=16, bias=True)
      )
    )
    (rq): ResidualVectorQuantizer(
      (vq_layers): ModuleList(
        (0-2): 3 x VectorQuantizer(
          (embedding): Embedding(8, 16)
        )
      )
    )
    (decoder): MLPLayers(
      (mlp_layers): Sequential(
        (0): Dropout(p=0, inplace=False)
        (1): Linear(in_features=16, out_features=32, bias=True)
        (2): Sigmoid()
        (3): Dropout(p=0, inplace=False)
        (4): Linear(in_features=32, out_features=64, bias=True)
        (5): Sigmoid()
        (6): Dropout(p=0, inplace=False)
        (7): Linear(in_features=64, out_features=256, bias=True)
      )
    )
    (W_gate): Linear(in_features=256, out_features=256, bias=True)
  )
)
Trainable parameters: 807264
Sun 30 Nov 2025 18:58:05 INFO  FLOPs: 0.0
Sun 30 Nov 2025 18:58:57 INFO  epoch 0 training [time: 50.68s, train loss: 952.8641]
Sun 30 Nov 2025 18:59:47 INFO  epoch 1 training [time: 50.59s, train loss: 905.7742]
Sun 30 Nov 2025 18:59:48 INFO  epoch 1 evaluating [time: 0.69s, valid_score: 0.239800]
Sun 30 Nov 2025 18:59:48 INFO  valid result: 
recall@10 : 0.0924    pop_recall@10 : 0.1039    unpop_recall@10 : 0.0615    mrr@10 : 0.2398    pop_mrr@10 : 0.1814    unpop_mrr@10 : 0.0781    ndcg@10 : 0.1157    pop_ndcg@10 : 0.096    unpop_ndcg@10 : 0.0481    hit@10 : 0.5465    pop_hit@10 : 0.4134    unpop_hit@10 : 0.2407    precision@10 : 0.0862    pop_precision@10 : 0.0559    unpop_precision@10 : 0.0303
Sun 30 Nov 2025 18:59:48 INFO  Saving current: saved/FairLightGCN-Nov-30-2025_18-58-05.pth
Sun 30 Nov 2025 19:00:38 INFO  epoch 2 training [time: 49.98s, train loss: 894.0861]
Sun 30 Nov 2025 19:01:28 INFO  epoch 3 training [time: 50.11s, train loss: 887.5654]
Sun 30 Nov 2025 19:01:29 INFO  epoch 3 evaluating [time: 0.70s, valid_score: 0.223500]
Sun 30 Nov 2025 19:01:29 INFO  valid result: 
recall@10 : 0.0864    pop_recall@10 : 0.0889    unpop_recall@10 : 0.0676    mrr@10 : 0.2235    pop_mrr@10 : 0.1557    unpop_mrr@10 : 0.0875    ndcg@10 : 0.1085    pop_ndcg@10 : 0.0808    unpop_ndcg@10 : 0.0541    hit@10 : 0.5303    pop_hit@10 : 0.3677    unpop_hit@10 : 0.2689    precision@10 : 0.083    pop_precision@10 : 0.0482    unpop_precision@10 : 0.0348
Sun 30 Nov 2025 19:02:19 INFO  epoch 4 training [time: 50.21s, train loss: 883.0851]
Sun 30 Nov 2025 19:03:08 INFO  epoch 5 training [time: 48.80s, train loss: 879.1780]
Sun 30 Nov 2025 19:03:08 INFO  epoch 5 evaluating [time: 0.59s, valid_score: 0.219300]
Sun 30 Nov 2025 19:03:08 INFO  valid result: 
recall@10 : 0.0832    pop_recall@10 : 0.0708    unpop_recall@10 : 0.0798    mrr@10 : 0.2193    pop_mrr@10 : 0.1217    unpop_mrr@10 : 0.1175    ndcg@10 : 0.1067    pop_ndcg@10 : 0.0623    unpop_ndcg@10 : 0.0702    hit@10 : 0.5116    pop_hit@10 : 0.2919    unpop_hit@10 : 0.3237    precision@10 : 0.0816    pop_precision@10 : 0.0357    unpop_precision@10 : 0.0458
Sun 30 Nov 2025 19:03:57 INFO  epoch 6 training [time: 48.71s, train loss: 874.2502]
Sun 30 Nov 2025 19:04:45 INFO  epoch 7 training [time: 48.26s, train loss: 865.8713]
Sun 30 Nov 2025 19:04:46 INFO  epoch 7 evaluating [time: 0.57s, valid_score: 0.166700]
Sun 30 Nov 2025 19:04:46 INFO  valid result: 
recall@10 : 0.0621    pop_recall@10 : 0.0352    unpop_recall@10 : 0.0765    mrr@10 : 0.1667    pop_mrr@10 : 0.0507    unpop_mrr@10 : 0.126    ndcg@10 : 0.0795    pop_ndcg@10 : 0.0272    unpop_ndcg@10 : 0.0711    hit@10 : 0.4078    pop_hit@10 : 0.1389    unpop_hit@10 : 0.3217    precision@10 : 0.0613    pop_precision@10 : 0.0152    unpop_precision@10 : 0.046
Sun 30 Nov 2025 19:05:35 INFO  epoch 8 training [time: 48.85s, train loss: 849.5353]
Sun 30 Nov 2025 19:06:24 INFO  epoch 9 training [time: 49.14s, train loss: 822.2940]
Sun 30 Nov 2025 19:06:24 INFO  epoch 9 evaluating [time: 0.60s, valid_score: 0.182000]
Sun 30 Nov 2025 19:06:24 INFO  valid result: 
recall@10 : 0.0598    pop_recall@10 : 0.0286    unpop_recall@10 : 0.0819    mrr@10 : 0.182    pop_mrr@10 : 0.0445    unpop_mrr@10 : 0.148    ndcg@10 : 0.0846    pop_ndcg@10 : 0.0232    unpop_ndcg@10 : 0.081    hit@10 : 0.4156    pop_hit@10 : 0.1243    unpop_hit@10 : 0.3429    precision@10 : 0.0651    pop_precision@10 : 0.0134    unpop_precision@10 : 0.0517
Sun 30 Nov 2025 19:07:13 INFO  epoch 10 training [time: 48.35s, train loss: 788.4986]
Sun 30 Nov 2025 19:08:02 INFO  epoch 11 training [time: 48.74s, train loss: 756.1870]
Sun 30 Nov 2025 19:08:02 INFO  epoch 11 evaluating [time: 0.59s, valid_score: 0.227300]
Sun 30 Nov 2025 19:08:02 INFO  valid result: 
recall@10 : 0.0759    pop_recall@10 : 0.042    unpop_recall@10 : 0.0998    mrr@10 : 0.2273    pop_mrr@10 : 0.0692    unpop_mrr@10 : 0.1777    ndcg@10 : 0.111    pop_ndcg@10 : 0.0358    unpop_ndcg@10 : 0.1004    hit@10 : 0.4969    pop_hit@10 : 0.1932    unpop_hit@10 : 0.4013    precision@10 : 0.0875    pop_precision@10 : 0.0221    unpop_precision@10 : 0.0654
Sun 30 Nov 2025 19:08:51 INFO  epoch 12 training [time: 48.77s, train loss: 728.7050]
Sun 30 Nov 2025 19:09:40 INFO  epoch 13 training [time: 48.82s, train loss: 703.6139]
Sun 30 Nov 2025 19:09:40 INFO  epoch 13 evaluating [time: 0.58s, valid_score: 0.266100]
Sun 30 Nov 2025 19:09:40 INFO  valid result: 
recall@10 : 0.0938    pop_recall@10 : 0.0722    unpop_recall@10 : 0.1035    mrr@10 : 0.2661    pop_mrr@10 : 0.122    unpop_mrr@10 : 0.1759    ndcg@10 : 0.1342    pop_ndcg@10 : 0.0637    unpop_ndcg@10 : 0.101    hit@10 : 0.5704    pop_hit@10 : 0.3111    unpop_hit@10 : 0.4127    precision@10 : 0.1056    pop_precision@10 : 0.0395    unpop_precision@10 : 0.0662
Sun 30 Nov 2025 19:09:40 INFO  Saving current: saved/FairLightGCN-Nov-30-2025_18-58-05.pth
Sun 30 Nov 2025 19:10:29 INFO  epoch 14 training [time: 48.63s, train loss: 680.3016]
Sun 30 Nov 2025 19:11:18 INFO  epoch 15 training [time: 48.72s, train loss: 658.1992]
Sun 30 Nov 2025 19:11:18 INFO  epoch 15 evaluating [time: 0.59s, valid_score: 0.304400]
Sun 30 Nov 2025 19:11:18 INFO  valid result: 
recall@10 : 0.1154    pop_recall@10 : 0.1137    unpop_recall@10 : 0.0959    mrr@10 : 0.3044    pop_mrr@10 : 0.1921    unpop_mrr@10 : 0.1534    ndcg@10 : 0.1589    pop_ndcg@10 : 0.1035    unpop_ndcg@10 : 0.09    hit@10 : 0.6406    pop_hit@10 : 0.4485    unpop_hit@10 : 0.3891    precision@10 : 0.1237    pop_precision@10 : 0.0634    unpop_precision@10 : 0.0603
Sun 30 Nov 2025 19:11:19 INFO  Saving current: saved/FairLightGCN-Nov-30-2025_18-58-05.pth
Sun 30 Nov 2025 19:12:07 INFO  epoch 16 training [time: 48.78s, train loss: 640.2629]
Sun 30 Nov 2025 19:12:56 INFO  epoch 17 training [time: 48.78s, train loss: 625.1279]
Sun 30 Nov 2025 19:12:57 INFO  epoch 17 evaluating [time: 0.58s, valid_score: 0.332800]
Sun 30 Nov 2025 19:12:57 INFO  valid result: 
recall@10 : 0.1308    pop_recall@10 : 0.1455    unpop_recall@10 : 0.0876    mrr@10 : 0.3328    pop_mrr@10 : 0.2386    unpop_mrr@10 : 0.1379    ndcg@10 : 0.177    pop_ndcg@10 : 0.133    unpop_ndcg@10 : 0.0814    hit@10 : 0.6826    pop_hit@10 : 0.5262    unpop_hit@10 : 0.3672    precision@10 : 0.1368    pop_precision@10 : 0.0809    unpop_precision@10 : 0.0558
Sun 30 Nov 2025 19:12:57 INFO  Saving current: saved/FairLightGCN-Nov-30-2025_18-58-05.pth
Sun 30 Nov 2025 19:13:45 INFO  epoch 18 training [time: 48.50s, train loss: 612.9323]
Sun 30 Nov 2025 19:14:34 INFO  epoch 19 training [time: 48.77s, train loss: 603.0770]
Sun 30 Nov 2025 19:14:35 INFO  epoch 19 evaluating [time: 0.58s, valid_score: 0.348700]
Sun 30 Nov 2025 19:14:35 INFO  valid result: 
recall@10 : 0.139    pop_recall@10 : 0.161    unpop_recall@10 : 0.0848    mrr@10 : 0.3487    pop_mrr@10 : 0.262    unpop_mrr@10 : 0.1316    ndcg@10 : 0.187    pop_ndcg@10 : 0.1483    unpop_ndcg@10 : 0.078    hit@10 : 0.7017    pop_hit@10 : 0.5619    unpop_hit@10 : 0.3556    precision@10 : 0.1441    pop_precision@10 : 0.0905    unpop_precision@10 : 0.0536
Sun 30 Nov 2025 19:14:35 INFO  Saving current: saved/FairLightGCN-Nov-30-2025_18-58-05.pth
Sun 30 Nov 2025 19:15:23 INFO  epoch 20 training [time: 48.08s, train loss: 594.2007]
Sun 30 Nov 2025 19:16:10 INFO  epoch 21 training [time: 46.86s, train loss: 586.4077]
Sun 30 Nov 2025 19:16:10 INFO  epoch 21 evaluating [time: 0.55s, valid_score: 0.358400]
Sun 30 Nov 2025 19:16:10 INFO  valid result: 
recall@10 : 0.1445    pop_recall@10 : 0.1709    unpop_recall@10 : 0.0832    mrr@10 : 0.3584    pop_mrr@10 : 0.276    unpop_mrr@10 : 0.1279    ndcg@10 : 0.1934    pop_ndcg@10 : 0.1579    unpop_ndcg@10 : 0.076    hit@10 : 0.7139    pop_hit@10 : 0.5818    unpop_hit@10 : 0.3528    precision@10 : 0.1487    pop_precision@10 : 0.0962    unpop_precision@10 : 0.0525
Sun 30 Nov 2025 19:16:10 INFO  Saving current: saved/FairLightGCN-Nov-30-2025_18-58-05.pth
Sun 30 Nov 2025 19:16:58 INFO  epoch 22 training [time: 47.36s, train loss: 580.1716]
Sun 30 Nov 2025 19:17:46 INFO  epoch 23 training [time: 47.99s, train loss: 574.1568]
Sun 30 Nov 2025 19:17:46 INFO  epoch 23 evaluating [time: 0.49s, valid_score: 0.361500]
Sun 30 Nov 2025 19:17:46 INFO  valid result: 
recall@10 : 0.1474    pop_recall@10 : 0.1762    unpop_recall@10 : 0.0827    mrr@10 : 0.3615    pop_mrr@10 : 0.2825    unpop_mrr@10 : 0.1247    ndcg@10 : 0.1966    pop_ndcg@10 : 0.1631    unpop_ndcg@10 : 0.0746    hit@10 : 0.7209    pop_hit@10 : 0.5925    unpop_hit@10 : 0.3505    precision@10 : 0.1515    pop_precision@10 : 0.0998    unpop_precision@10 : 0.0518
Sun 30 Nov 2025 19:17:46 INFO  Saving current: saved/FairLightGCN-Nov-30-2025_18-58-05.pth
Sun 30 Nov 2025 19:18:35 INFO  epoch 24 training [time: 48.15s, train loss: 568.5260]
Sun 30 Nov 2025 19:19:23 INFO  epoch 25 training [time: 48.50s, train loss: 563.8048]
Sun 30 Nov 2025 19:19:24 INFO  epoch 25 evaluating [time: 0.55s, valid_score: 0.365600]
Sun 30 Nov 2025 19:19:24 INFO  valid result: 
recall@10 : 0.1494    pop_recall@10 : 0.1804    unpop_recall@10 : 0.0817    mrr@10 : 0.3656    pop_mrr@10 : 0.2892    unpop_mrr@10 : 0.1217    ndcg@10 : 0.1993    pop_ndcg@10 : 0.1679    unpop_ndcg@10 : 0.0731    hit@10 : 0.7278    pop_hit@10 : 0.6015    unpop_hit@10 : 0.3472    precision@10 : 0.1533    pop_precision@10 : 0.1024    unpop_precision@10 : 0.0509
Sun 30 Nov 2025 19:19:24 INFO  Saving current: saved/FairLightGCN-Nov-30-2025_18-58-05.pth
Sun 30 Nov 2025 19:20:12 INFO  epoch 26 training [time: 48.70s, train loss: 559.9863]
Sun 30 Nov 2025 19:21:01 INFO  epoch 27 training [time: 48.81s, train loss: 555.3651]
Sun 30 Nov 2025 19:21:02 INFO  epoch 27 evaluating [time: 0.58s, valid_score: 0.371400]
Sun 30 Nov 2025 19:21:02 INFO  valid result: 
recall@10 : 0.1522    pop_recall@10 : 0.1864    unpop_recall@10 : 0.0803    mrr@10 : 0.3714    pop_mrr@10 : 0.2975    unpop_mrr@10 : 0.1189    ndcg@10 : 0.203    pop_ndcg@10 : 0.1738    unpop_ndcg@10 : 0.0715    hit@10 : 0.7316    pop_hit@10 : 0.6111    unpop_hit@10 : 0.3391    precision@10 : 0.156    pop_precision@10 : 0.1064    unpop_precision@10 : 0.0496
Sun 30 Nov 2025 19:21:02 INFO  Saving current: saved/FairLightGCN-Nov-30-2025_18-58-05.pth
Sun 30 Nov 2025 19:21:50 INFO  epoch 28 training [time: 47.98s, train loss: 552.2510]
Sun 30 Nov 2025 19:22:39 INFO  epoch 29 training [time: 48.62s, train loss: 548.8006]
Sun 30 Nov 2025 19:22:39 INFO  epoch 29 evaluating [time: 0.60s, valid_score: 0.372400]
Sun 30 Nov 2025 19:22:39 INFO  valid result: 
recall@10 : 0.1536    pop_recall@10 : 0.1889    unpop_recall@10 : 0.0803    mrr@10 : 0.3724    pop_mrr@10 : 0.2997    unpop_mrr@10 : 0.1175    ndcg@10 : 0.2044    pop_ndcg@10 : 0.1759    unpop_ndcg@10 : 0.071    hit@10 : 0.7358    pop_hit@10 : 0.6164    unpop_hit@10 : 0.3379    precision@10 : 0.1572    pop_precision@10 : 0.1076    unpop_precision@10 : 0.0496
Sun 30 Nov 2025 19:22:39 INFO  Saving current: saved/FairLightGCN-Nov-30-2025_18-58-05.pth
Sun 30 Nov 2025 19:23:28 INFO  epoch 30 training [time: 48.55s, train loss: 545.4025]
Sun 30 Nov 2025 19:24:17 INFO  epoch 31 training [time: 48.74s, train loss: 542.5359]
Sun 30 Nov 2025 19:24:17 INFO  epoch 31 evaluating [time: 0.56s, valid_score: 0.373800]
Sun 30 Nov 2025 19:24:17 INFO  valid result: 
recall@10 : 0.1544    pop_recall@10 : 0.1911    unpop_recall@10 : 0.0801    mrr@10 : 0.3738    pop_mrr@10 : 0.3023    unpop_mrr@10 : 0.1164    ndcg@10 : 0.2055    pop_ndcg@10 : 0.1779    unpop_ndcg@10 : 0.0706    hit@10 : 0.7374    pop_hit@10 : 0.6212    unpop_hit@10 : 0.3364    precision@10 : 0.158    pop_precision@10 : 0.1088    unpop_precision@10 : 0.0492
Sun 30 Nov 2025 19:24:17 INFO  Saving current: saved/FairLightGCN-Nov-30-2025_18-58-05.pth
Sun 30 Nov 2025 19:25:06 INFO  epoch 32 training [time: 48.49s, train loss: 540.8032]
Sun 30 Nov 2025 19:25:54 INFO  epoch 33 training [time: 48.33s, train loss: 537.5459]
Sun 30 Nov 2025 19:25:55 INFO  epoch 33 evaluating [time: 0.65s, valid_score: 0.373700]
Sun 30 Nov 2025 19:25:55 INFO  valid result: 
recall@10 : 0.1551    pop_recall@10 : 0.1922    unpop_recall@10 : 0.0803    mrr@10 : 0.3737    pop_mrr@10 : 0.3026    unpop_mrr@10 : 0.1159    ndcg@10 : 0.2063    pop_ndcg@10 : 0.1789    unpop_ndcg@10 : 0.0705    hit@10 : 0.7389    pop_hit@10 : 0.6225    unpop_hit@10 : 0.3354    precision@10 : 0.1589    pop_precision@10 : 0.1097    unpop_precision@10 : 0.0492
Sun 30 Nov 2025 19:26:43 INFO  epoch 34 training [time: 48.47s, train loss: 535.4643]
Sun 30 Nov 2025 19:27:32 INFO  epoch 35 training [time: 48.61s, train loss: 533.4176]
Sun 30 Nov 2025 19:27:32 INFO  epoch 35 evaluating [time: 0.57s, valid_score: 0.375800]
Sun 30 Nov 2025 19:27:32 INFO  valid result: 
recall@10 : 0.1564    pop_recall@10 : 0.1945    unpop_recall@10 : 0.08    mrr@10 : 0.3758    pop_mrr@10 : 0.3065    unpop_mrr@10 : 0.1139    ndcg@10 : 0.2075    pop_ndcg@10 : 0.1813    unpop_ndcg@10 : 0.0697    hit@10 : 0.7414    pop_hit@10 : 0.6272    unpop_hit@10 : 0.3334    precision@10 : 0.1597    pop_precision@10 : 0.1109    unpop_precision@10 : 0.0488
Sun 30 Nov 2025 19:27:33 INFO  Saving current: saved/FairLightGCN-Nov-30-2025_18-58-05.pth
Sun 30 Nov 2025 19:28:21 INFO  epoch 36 training [time: 48.39s, train loss: 530.6396]
Sun 30 Nov 2025 19:29:10 INFO  epoch 37 training [time: 48.70s, train loss: 528.6391]
Sun 30 Nov 2025 19:29:10 INFO  epoch 37 evaluating [time: 0.57s, valid_score: 0.374900]
Sun 30 Nov 2025 19:29:10 INFO  valid result: 
recall@10 : 0.1567    pop_recall@10 : 0.1962    unpop_recall@10 : 0.0785    mrr@10 : 0.3749    pop_mrr@10 : 0.3076    unpop_mrr@10 : 0.1117    ndcg@10 : 0.2078    pop_ndcg@10 : 0.1827    unpop_ndcg@10 : 0.0684    hit@10 : 0.7411    pop_hit@10 : 0.6303    unpop_hit@10 : 0.3293    precision@10 : 0.1601    pop_precision@10 : 0.1122    unpop_precision@10 : 0.0478
Sun 30 Nov 2025 19:29:58 INFO  epoch 38 training [time: 47.95s, train loss: 527.4426]
Sun 30 Nov 2025 19:30:47 INFO  epoch 39 training [time: 48.44s, train loss: 525.0334]
Sun 30 Nov 2025 19:30:47 INFO  epoch 39 evaluating [time: 0.55s, valid_score: 0.375400]
Sun 30 Nov 2025 19:30:47 INFO  valid result: 
recall@10 : 0.157    pop_recall@10 : 0.1966    unpop_recall@10 : 0.0783    mrr@10 : 0.3754    pop_mrr@10 : 0.3084    unpop_mrr@10 : 0.1111    ndcg@10 : 0.2081    pop_ndcg@10 : 0.1832    unpop_ndcg@10 : 0.0682    hit@10 : 0.7396    pop_hit@10 : 0.6295    unpop_hit@10 : 0.3278    precision@10 : 0.1601    pop_precision@10 : 0.1126    unpop_precision@10 : 0.0476
Sun 30 Nov 2025 19:31:36 INFO  epoch 40 training [time: 48.74s, train loss: 523.4857]
Sun 30 Nov 2025 19:32:24 INFO  epoch 41 training [time: 48.04s, train loss: 521.8757]
Sun 30 Nov 2025 19:32:25 INFO  epoch 41 evaluating [time: 0.58s, valid_score: 0.377600]
Sun 30 Nov 2025 19:32:25 INFO  valid result: 
recall@10 : 0.158    pop_recall@10 : 0.1986    unpop_recall@10 : 0.0778    mrr@10 : 0.3776    pop_mrr@10 : 0.3127    unpop_mrr@10 : 0.1093    ndcg@10 : 0.2097    pop_ndcg@10 : 0.1858    unpop_ndcg@10 : 0.0672    hit@10 : 0.7439    pop_hit@10 : 0.6354    unpop_hit@10 : 0.3275    precision@10 : 0.1616    pop_precision@10 : 0.1144    unpop_precision@10 : 0.0471
Sun 30 Nov 2025 19:32:25 INFO  Saving current: saved/FairLightGCN-Nov-30-2025_18-58-05.pth
Sun 30 Nov 2025 19:33:13 INFO  epoch 42 training [time: 48.75s, train loss: 520.1662]
Sun 30 Nov 2025 19:34:02 INFO  epoch 43 training [time: 48.16s, train loss: 518.4555]
Sun 30 Nov 2025 19:34:02 INFO  epoch 43 evaluating [time: 0.57s, valid_score: 0.377400]
Sun 30 Nov 2025 19:34:02 INFO  valid result: 
recall@10 : 0.1579    pop_recall@10 : 0.1975    unpop_recall@10 : 0.0787    mrr@10 : 0.3774    pop_mrr@10 : 0.3119    unpop_mrr@10 : 0.1098    ndcg@10 : 0.2095    pop_ndcg@10 : 0.185    unpop_ndcg@10 : 0.0678    hit@10 : 0.745    pop_hit@10 : 0.6339    unpop_hit@10 : 0.3296    precision@10 : 0.1613    pop_precision@10 : 0.1136    unpop_precision@10 : 0.0477
Sun 30 Nov 2025 19:34:51 INFO  epoch 44 training [time: 48.50s, train loss: 517.2578]
Sun 30 Nov 2025 19:35:39 INFO  epoch 45 training [time: 48.73s, train loss: 515.5545]
Sun 30 Nov 2025 19:35:40 INFO  epoch 45 evaluating [time: 0.57s, valid_score: 0.377900]
Sun 30 Nov 2025 19:35:40 INFO  valid result: 
recall@10 : 0.1588    pop_recall@10 : 0.1996    unpop_recall@10 : 0.078    mrr@10 : 0.3779    pop_mrr@10 : 0.3131    unpop_mrr@10 : 0.109    ndcg@10 : 0.2102    pop_ndcg@10 : 0.1864    unpop_ndcg@10 : 0.0672    hit@10 : 0.7472    pop_hit@10 : 0.6364    unpop_hit@10 : 0.3295    precision@10 : 0.1621    pop_precision@10 : 0.1148    unpop_precision@10 : 0.0473
Sun 30 Nov 2025 19:35:40 INFO  Saving current: saved/FairLightGCN-Nov-30-2025_18-58-05.pth
Sun 30 Nov 2025 19:36:30 INFO  epoch 46 training [time: 49.93s, train loss: 514.2895]
Sun 30 Nov 2025 19:37:20 INFO  epoch 47 training [time: 49.69s, train loss: 513.1421]
Sun 30 Nov 2025 19:37:20 INFO  epoch 47 evaluating [time: 0.59s, valid_score: 0.380000]
Sun 30 Nov 2025 19:37:20 INFO  valid result: 
recall@10 : 0.1601    pop_recall@10 : 0.2023    unpop_recall@10 : 0.0776    mrr@10 : 0.38    pop_mrr@10 : 0.3168    unpop_mrr@10 : 0.1074    ndcg@10 : 0.2116    pop_ndcg@10 : 0.1888    unpop_ndcg@10 : 0.0665    hit@10 : 0.7487    pop_hit@10 : 0.6412    unpop_hit@10 : 0.3276    precision@10 : 0.1632    pop_precision@10 : 0.1165    unpop_precision@10 : 0.0468
Sun 30 Nov 2025 19:37:21 INFO  Saving current: saved/FairLightGCN-Nov-30-2025_18-58-05.pth
Sun 30 Nov 2025 19:38:09 INFO  epoch 48 training [time: 48.94s, train loss: 512.1245]
Sun 30 Nov 2025 19:38:59 INFO  epoch 49 training [time: 49.19s, train loss: 510.3139]
Sun 30 Nov 2025 19:38:59 INFO  epoch 49 evaluating [time: 0.58s, valid_score: 0.380400]
Sun 30 Nov 2025 19:38:59 INFO  valid result: 
recall@10 : 0.1599    pop_recall@10 : 0.2019    unpop_recall@10 : 0.0785    mrr@10 : 0.3804    pop_mrr@10 : 0.3161    unpop_mrr@10 : 0.1087    ndcg@10 : 0.2115    pop_ndcg@10 : 0.1883    unpop_ndcg@10 : 0.0672    hit@10 : 0.7498    pop_hit@10 : 0.6412    unpop_hit@10 : 0.33    precision@10 : 0.1629    pop_precision@10 : 0.1157    unpop_precision@10 : 0.0472
Sun 30 Nov 2025 19:38:59 INFO  Saving current: saved/FairLightGCN-Nov-30-2025_18-58-05.pth
Sun 30 Nov 2025 19:39:49 INFO  epoch 50 training [time: 49.66s, train loss: 508.7565]
Sun 30 Nov 2025 19:40:39 INFO  epoch 51 training [time: 49.81s, train loss: 508.4524]
Sun 30 Nov 2025 19:40:39 INFO  epoch 51 evaluating [time: 0.57s, valid_score: 0.381000]
Sun 30 Nov 2025 19:40:39 INFO  valid result: 
recall@10 : 0.1601    pop_recall@10 : 0.2028    unpop_recall@10 : 0.0773    mrr@10 : 0.381    pop_mrr@10 : 0.3183    unpop_mrr@10 : 0.1066    ndcg@10 : 0.2122    pop_ndcg@10 : 0.19    unpop_ndcg@10 : 0.066    hit@10 : 0.7505    pop_hit@10 : 0.6427    unpop_hit@10 : 0.3255    precision@10 : 0.1636    pop_precision@10 : 0.1173    unpop_precision@10 : 0.0463
Sun 30 Nov 2025 19:40:40 INFO  Saving current: saved/FairLightGCN-Nov-30-2025_18-58-05.pth
Sun 30 Nov 2025 19:41:29 INFO  epoch 52 training [time: 49.66s, train loss: 507.1010]
Sun 30 Nov 2025 19:42:19 INFO  epoch 53 training [time: 49.70s, train loss: 506.2205]
Sun 30 Nov 2025 19:42:20 INFO  epoch 53 evaluating [time: 0.58s, valid_score: 0.380800]
Sun 30 Nov 2025 19:42:20 INFO  valid result: 
recall@10 : 0.1598    pop_recall@10 : 0.2022    unpop_recall@10 : 0.0775    mrr@10 : 0.3808    pop_mrr@10 : 0.3178    unpop_mrr@10 : 0.1071    ndcg@10 : 0.2117    pop_ndcg@10 : 0.1894    unpop_ndcg@10 : 0.0662    hit@10 : 0.749    pop_hit@10 : 0.6419    unpop_hit@10 : 0.325    precision@10 : 0.1632    pop_precision@10 : 0.1167    unpop_precision@10 : 0.0465
Sun 30 Nov 2025 19:43:09 INFO  epoch 54 training [time: 49.90s, train loss: 505.0593]
Sun 30 Nov 2025 19:43:59 INFO  epoch 55 training [time: 49.87s, train loss: 504.5700]
Sun 30 Nov 2025 19:44:00 INFO  epoch 55 evaluating [time: 0.57s, valid_score: 0.381700]
Sun 30 Nov 2025 19:44:00 INFO  valid result: 
recall@10 : 0.1597    pop_recall@10 : 0.2025    unpop_recall@10 : 0.0772    mrr@10 : 0.3817    pop_mrr@10 : 0.3198    unpop_mrr@10 : 0.1055    ndcg@10 : 0.2118    pop_ndcg@10 : 0.1901    unpop_ndcg@10 : 0.0656    hit@10 : 0.7493    pop_hit@10 : 0.6434    unpop_hit@10 : 0.3219    precision@10 : 0.1627    pop_precision@10 : 0.1168    unpop_precision@10 : 0.046
Sun 30 Nov 2025 19:44:00 INFO  Saving current: saved/FairLightGCN-Nov-30-2025_18-58-05.pth
Sun 30 Nov 2025 19:44:46 INFO  epoch 56 training [time: 45.75s, train loss: 503.2015]
Sun 30 Nov 2025 19:45:36 INFO  epoch 57 training [time: 49.91s, train loss: 502.1068]
Sun 30 Nov 2025 19:45:36 INFO  epoch 57 evaluating [time: 0.59s, valid_score: 0.381200]
Sun 30 Nov 2025 19:45:36 INFO  valid result: 
recall@10 : 0.1596    pop_recall@10 : 0.203    unpop_recall@10 : 0.077    mrr@10 : 0.3812    pop_mrr@10 : 0.3199    unpop_mrr@10 : 0.1048    ndcg@10 : 0.2118    pop_ndcg@10 : 0.1906    unpop_ndcg@10 : 0.0652    hit@10 : 0.7497    pop_hit@10 : 0.6445    unpop_hit@10 : 0.3215    precision@10 : 0.1632    pop_precision@10 : 0.1177    unpop_precision@10 : 0.0455
Sun 30 Nov 2025 19:46:26 INFO  epoch 58 training [time: 49.88s, train loss: 500.8699]
Sun 30 Nov 2025 19:47:15 INFO  epoch 59 training [time: 48.74s, train loss: 500.2637]
Sun 30 Nov 2025 19:47:15 INFO  epoch 59 evaluating [time: 0.47s, valid_score: 0.380300]
Sun 30 Nov 2025 19:47:15 INFO  valid result: 
recall@10 : 0.1603    pop_recall@10 : 0.2046    unpop_recall@10 : 0.0765    mrr@10 : 0.3803    pop_mrr@10 : 0.3203    unpop_mrr@10 : 0.1028    ndcg@10 : 0.2122    pop_ndcg@10 : 0.1921    unpop_ndcg@10 : 0.0642    hit@10 : 0.749    pop_hit@10 : 0.6462    unpop_hit@10 : 0.3159    precision@10 : 0.1638    pop_precision@10 : 0.1192    unpop_precision@10 : 0.0446
Sun 30 Nov 2025 19:48:04 INFO  epoch 60 training [time: 48.54s, train loss: 499.6832]
Sun 30 Nov 2025 19:48:52 INFO  epoch 61 training [time: 48.48s, train loss: 498.9426]
Sun 30 Nov 2025 19:48:53 INFO  epoch 61 evaluating [time: 0.57s, valid_score: 0.381300]
Sun 30 Nov 2025 19:48:53 INFO  valid result: 
recall@10 : 0.1606    pop_recall@10 : 0.2044    unpop_recall@10 : 0.0769    mrr@10 : 0.3813    pop_mrr@10 : 0.3214    unpop_mrr@10 : 0.1033    ndcg@10 : 0.2124    pop_ndcg@10 : 0.1921    unpop_ndcg@10 : 0.0644    hit@10 : 0.7492    pop_hit@10 : 0.6455    unpop_hit@10 : 0.3189    precision@10 : 0.1639    pop_precision@10 : 0.119    unpop_precision@10 : 0.0449
Sun 30 Nov 2025 19:49:42 INFO  epoch 62 training [time: 48.90s, train loss: 497.8892]
Sun 30 Nov 2025 19:50:32 INFO  epoch 63 training [time: 49.72s, train loss: 497.0541]
Sun 30 Nov 2025 19:50:32 INFO  epoch 63 evaluating [time: 0.58s, valid_score: 0.382600]
Sun 30 Nov 2025 19:50:32 INFO  valid result: 
recall@10 : 0.1603    pop_recall@10 : 0.2045    unpop_recall@10 : 0.0765    mrr@10 : 0.3826    pop_mrr@10 : 0.323    unpop_mrr@10 : 0.1028    ndcg@10 : 0.2126    pop_ndcg@10 : 0.1925    unpop_ndcg@10 : 0.0641    hit@10 : 0.7498    pop_hit@10 : 0.6465    unpop_hit@10 : 0.3167    precision@10 : 0.1639    pop_precision@10 : 0.1192    unpop_precision@10 : 0.0447
Sun 30 Nov 2025 19:50:33 INFO  Saving current: saved/FairLightGCN-Nov-30-2025_18-58-05.pth
Sun 30 Nov 2025 19:51:23 INFO  epoch 64 training [time: 50.27s, train loss: 496.1226]
Sun 30 Nov 2025 19:52:13 INFO  epoch 65 training [time: 50.08s, train loss: 495.4036]
Sun 30 Nov 2025 19:52:13 INFO  epoch 65 evaluating [time: 0.55s, valid_score: 0.381600]
Sun 30 Nov 2025 19:52:13 INFO  valid result: 
recall@10 : 0.1598    pop_recall@10 : 0.2044    unpop_recall@10 : 0.076    mrr@10 : 0.3816    pop_mrr@10 : 0.3229    unpop_mrr@10 : 0.1015    ndcg@10 : 0.2121    pop_ndcg@10 : 0.1925    unpop_ndcg@10 : 0.0635    hit@10 : 0.749    pop_hit@10 : 0.6469    unpop_hit@10 : 0.3152    precision@10 : 0.1636    pop_precision@10 : 0.1191    unpop_precision@10 : 0.0444
Sun 30 Nov 2025 19:53:03 INFO  epoch 66 training [time: 49.92s, train loss: 495.1500]
Sun 30 Nov 2025 19:53:53 INFO  epoch 67 training [time: 49.45s, train loss: 493.8522]
Sun 30 Nov 2025 19:53:53 INFO  epoch 67 evaluating [time: 0.56s, valid_score: 0.381700]
Sun 30 Nov 2025 19:53:53 INFO  valid result: 
recall@10 : 0.1595    pop_recall@10 : 0.2041    unpop_recall@10 : 0.076    mrr@10 : 0.3817    pop_mrr@10 : 0.3227    unpop_mrr@10 : 0.1017    ndcg@10 : 0.2117    pop_ndcg@10 : 0.1921    unpop_ndcg@10 : 0.0636    hit@10 : 0.7488    pop_hit@10 : 0.647    unpop_hit@10 : 0.3136    precision@10 : 0.163    pop_precision@10 : 0.1186    unpop_precision@10 : 0.0445
Sun 30 Nov 2025 19:54:43 INFO  epoch 68 training [time: 49.17s, train loss: 493.1825]
Sun 30 Nov 2025 19:56:41 INFO  epoch 69 training [time: 118.03s, train loss: 492.1504]
Sun 30 Nov 2025 19:56:45 INFO  epoch 69 evaluating [time: 4.79s, valid_score: 0.381900]
Sun 30 Nov 2025 19:56:45 INFO  valid result: 
recall@10 : 0.1599    pop_recall@10 : 0.2044    unpop_recall@10 : 0.0758    mrr@10 : 0.3819    pop_mrr@10 : 0.3234    unpop_mrr@10 : 0.1009    ndcg@10 : 0.2122    pop_ndcg@10 : 0.1928    unpop_ndcg@10 : 0.0633    hit@10 : 0.7487    pop_hit@10 : 0.6472    unpop_hit@10 : 0.3136    precision@10 : 0.1635    pop_precision@10 : 0.1192    unpop_precision@10 : 0.0444
Sun 30 Nov 2025 19:58:55 INFO  epoch 70 training [time: 129.53s, train loss: 492.2811]
Sun 30 Nov 2025 20:01:02 INFO  epoch 71 training [time: 127.16s, train loss: 491.7550]
Sun 30 Nov 2025 20:01:06 INFO  epoch 71 evaluating [time: 4.22s, valid_score: 0.381600]
Sun 30 Nov 2025 20:01:06 INFO  valid result: 
recall@10 : 0.1594    pop_recall@10 : 0.2038    unpop_recall@10 : 0.0751    mrr@10 : 0.3816    pop_mrr@10 : 0.323    unpop_mrr@10 : 0.101    ndcg@10 : 0.2119    pop_ndcg@10 : 0.1925    unpop_ndcg@10 : 0.0631    hit@10 : 0.7469    pop_hit@10 : 0.6445    unpop_hit@10 : 0.3127    precision@10 : 0.1633    pop_precision@10 : 0.119    unpop_precision@10 : 0.0443
Sun 30 Nov 2025 20:03:16 INFO  epoch 72 training [time: 129.51s, train loss: 490.5363]
Sun 30 Nov 2025 20:05:26 INFO  epoch 73 training [time: 130.18s, train loss: 490.3396]
Sun 30 Nov 2025 20:05:31 INFO  epoch 73 evaluating [time: 5.34s, valid_score: 0.381400]
Sun 30 Nov 2025 20:05:31 INFO  valid result: 
recall@10 : 0.1594    pop_recall@10 : 0.2046    unpop_recall@10 : 0.0747    mrr@10 : 0.3814    pop_mrr@10 : 0.3232    unpop_mrr@10 : 0.1005    ndcg@10 : 0.2119    pop_ndcg@10 : 0.1931    unpop_ndcg@10 : 0.0626    hit@10 : 0.747    pop_hit@10 : 0.647    unpop_hit@10 : 0.3114    precision@10 : 0.1633    pop_precision@10 : 0.1195    unpop_precision@10 : 0.0437
Sun 30 Nov 2025 20:07:41 INFO  epoch 74 training [time: 129.78s, train loss: 489.4291]
Sun 30 Nov 2025 20:09:49 INFO  epoch 75 training [time: 128.36s, train loss: 488.7729]
Sun 30 Nov 2025 20:09:54 INFO  epoch 75 evaluating [time: 4.34s, valid_score: 0.381500]
Sun 30 Nov 2025 20:09:54 INFO  valid result: 
recall@10 : 0.1596    pop_recall@10 : 0.2052    unpop_recall@10 : 0.0746    mrr@10 : 0.3815    pop_mrr@10 : 0.3235    unpop_mrr@10 : 0.1    ndcg@10 : 0.2121    pop_ndcg@10 : 0.1935    unpop_ndcg@10 : 0.0624    hit@10 : 0.7487    pop_hit@10 : 0.6495    unpop_hit@10 : 0.3098    precision@10 : 0.1637    pop_precision@10 : 0.12    unpop_precision@10 : 0.0437
Sun 30 Nov 2025 20:10:55 INFO  epoch 76 training [time: 61.41s, train loss: 487.9155]
Sun 30 Nov 2025 20:11:45 INFO  epoch 77 training [time: 49.33s, train loss: 487.7400]
Sun 30 Nov 2025 20:11:45 INFO  epoch 77 evaluating [time: 0.55s, valid_score: 0.381600]
Sun 30 Nov 2025 20:11:45 INFO  valid result: 
recall@10 : 0.1593    pop_recall@10 : 0.2045    unpop_recall@10 : 0.0744    mrr@10 : 0.3816    pop_mrr@10 : 0.3233    unpop_mrr@10 : 0.1001    ndcg@10 : 0.2117    pop_ndcg@10 : 0.1931    unpop_ndcg@10 : 0.0623    hit@10 : 0.7482    pop_hit@10 : 0.6487    unpop_hit@10 : 0.3093    precision@10 : 0.163    pop_precision@10 : 0.1196    unpop_precision@10 : 0.0434
Sun 30 Nov 2025 20:12:34 INFO  epoch 78 training [time: 49.22s, train loss: 487.3827]
Sun 30 Nov 2025 20:13:24 INFO  epoch 79 training [time: 49.21s, train loss: 487.0547]
Sun 30 Nov 2025 20:13:24 INFO  epoch 79 evaluating [time: 0.55s, valid_score: 0.380500]
Sun 30 Nov 2025 20:13:24 INFO  valid result: 
recall@10 : 0.1587    pop_recall@10 : 0.2035    unpop_recall@10 : 0.0744    mrr@10 : 0.3805    pop_mrr@10 : 0.3227    unpop_mrr@10 : 0.0994    ndcg@10 : 0.2108    pop_ndcg@10 : 0.1924    unpop_ndcg@10 : 0.062    hit@10 : 0.7462    pop_hit@10 : 0.6454    unpop_hit@10 : 0.3093    precision@10 : 0.1624    pop_precision@10 : 0.119    unpop_precision@10 : 0.0434
Sun 30 Nov 2025 20:14:13 INFO  epoch 80 training [time: 49.36s, train loss: 485.6835]
Sun 30 Nov 2025 20:15:03 INFO  epoch 81 training [time: 49.65s, train loss: 485.7747]
Sun 30 Nov 2025 20:15:04 INFO  epoch 81 evaluating [time: 0.56s, valid_score: 0.380500]
Sun 30 Nov 2025 20:15:04 INFO  valid result: 
recall@10 : 0.159    pop_recall@10 : 0.2046    unpop_recall@10 : 0.074    mrr@10 : 0.3805    pop_mrr@10 : 0.324    unpop_mrr@10 : 0.098    ndcg@10 : 0.2113    pop_ndcg@10 : 0.1936    unpop_ndcg@10 : 0.0612    hit@10 : 0.748    pop_hit@10 : 0.6485    unpop_hit@10 : 0.3058    precision@10 : 0.163    pop_precision@10 : 0.1203    unpop_precision@10 : 0.0427
Sun 30 Nov 2025 20:16:29 INFO  epoch 82 training [time: 85.53s, train loss: 484.9404]
Sun 30 Nov 2025 20:18:45 INFO  epoch 83 training [time: 136.06s, train loss: 484.7026]
Sun 30 Nov 2025 20:18:50 INFO  epoch 83 evaluating [time: 4.71s, valid_score: 0.381500]
Sun 30 Nov 2025 20:18:50 INFO  valid result: 
recall@10 : 0.1587    pop_recall@10 : 0.2045    unpop_recall@10 : 0.0739    mrr@10 : 0.3815    pop_mrr@10 : 0.3249    unpop_mrr@10 : 0.0981    ndcg@10 : 0.2116    pop_ndcg@10 : 0.1938    unpop_ndcg@10 : 0.0614    hit@10 : 0.7465    pop_hit@10 : 0.6475    unpop_hit@10 : 0.3066    precision@10 : 0.1631    pop_precision@10 : 0.12    unpop_precision@10 : 0.0431
Sun 30 Nov 2025 20:21:05 INFO  epoch 84 training [time: 135.37s, train loss: 484.2722]
Sun 30 Nov 2025 20:23:23 INFO  epoch 85 training [time: 137.68s, train loss: 483.6479]
Sun 30 Nov 2025 20:23:28 INFO  epoch 85 evaluating [time: 5.04s, valid_score: 0.381200]
Sun 30 Nov 2025 20:23:28 INFO  valid result: 
recall@10 : 0.1587    pop_recall@10 : 0.2041    unpop_recall@10 : 0.0741    mrr@10 : 0.3812    pop_mrr@10 : 0.3247    unpop_mrr@10 : 0.0983    ndcg@10 : 0.2114    pop_ndcg@10 : 0.1934    unpop_ndcg@10 : 0.0614    hit@10 : 0.7457    pop_hit@10 : 0.647    unpop_hit@10 : 0.307    precision@10 : 0.1631    pop_precision@10 : 0.12    unpop_precision@10 : 0.0431
Sun 30 Nov 2025 20:23:28 INFO  Finished training, best eval result in epoch 63
Sun 30 Nov 2025 20:23:28 INFO  Loading model structure and parameters from saved/FairLightGCN-Nov-30-2025_18-58-05.pth
Sun 30 Nov 2025 20:23:32 INFO  count    1612.000000
mean       37.468983
std        49.877824
min         1.000000
25%         3.000000
50%        17.000000
75%        52.000000
max       388.000000
dtype: float64
Sun 30 Nov 2025 20:23:33 INFO  The running environment of this training is as follows:
+-------------+-----------------+
| Environment |      Usage      |
+=============+=================+
| CPU         |     4.20 %      |
+-------------+-----------------+
| GPU         | 0.29 G/47.53 G  |
+-------------+-----------------+
| Memory      | 1.98 G/251.48 G |
+-------------+-----------------+
Sun 30 Nov 2025 20:23:33 INFO  best valid : OrderedDict([('recall@10', 0.1603), ('pop_recall@10', 0.2045), ('unpop_recall@10', 0.0765), ('mrr@10', 0.3826), ('pop_mrr@10', 0.323), ('unpop_mrr@10', 0.1028), ('ndcg@10', 0.2126), ('pop_ndcg@10', 0.1925), ('unpop_ndcg@10', 0.0641), ('hit@10', 0.7498), ('pop_hit@10', 0.6465), ('unpop_hit@10', 0.3167), ('precision@10', 0.1639), ('pop_precision@10', 0.1192), ('unpop_precision@10', 0.0447)])
Sun 30 Nov 2025 20:23:33 INFO  test result: OrderedDict([('recall@10', 0.17794985099337748), ('pop_recall@10', 0.22339293046357617), ('unpop_recall@10', 0.09112362582781457), ('mrr@10', 0.46266163907284774), ('pop_mrr@10', 0.3897967052980133), ('unpop_mrr@10', 0.13537877483443708), ('ndcg@10', 0.2636134105960265), ('pop_ndcg@10', 0.2285376324503311), ('unpop_ndcg@10', 0.08483630794701986), ('hit@10', 0.773841059602649), ('pop_hit@10', 0.6756622516556291), ('unpop_hit@10', 0.36887417218543045), ('precision@10', 0.20033112582781457), ('pop_precision@10', 0.14013245033112584), ('unpop_precision@10', 0.060198675496688746)])
