Mon 01 Dec 2025 17:10:05 INFO  ['run_recbole.py', '--model', 'FairLightGCN', '--enable_user_loss', 'True', '--item_loss_type', 'loss12', '--pop_rate', '0.1', '--item_rq_loss_rate', '0.5', '--pop_loss_rate', '0.2', '--gpu_ids', '3', '--description', '加上user_loss后的baseline']
Mon 01 Dec 2025 17:10:05 INFO  
General Hyper Parameters:
gpu_id = 0
use_gpu = True
seed = 2020
state = INFO
reproducibility = True
data_path = dataset/ml-1m
checkpoint_dir = saved
show_progress = True
save_dataset = False
dataset_save_path = None
save_dataloaders = False
dataloaders_save_path = None
log_wandb = False

Training Hyper Parameters:
epochs = 100
train_batch_size = 1024
learner = adam
learning_rate = 0.001
train_neg_sample_args = {'distribution': 'uniform', 'sample_num': 1, 'alpha': 1.0, 'dynamic': False, 'candidate_num': 0}
eval_step = 2
stopping_step = 10
clip_grad_norm = None
weight_decay = 0.0
loss_decimal_place = 4

Evaluation Hyper Parameters:
eval_args = {'split': {'RS': [0.8, 0.1, 0.1]}, 'order': 'RO', 'group_by': 'user', 'mode': {'valid': 'full', 'test': 'full'}}
repeatable = False
metrics = ['Recall', 'MRR', 'NDCG', 'Hit', 'Precision']
topk = [10]
valid_metric = ['NDCG@10', 'UNPOP_NDCG@10']
valid_metric_bigger = True
eval_batch_size = 102400
metric_decimal_place = 4

Dataset Hyper Parameters:
train_batch_size = 1024
eval_batch_size = 102400
field_separator = 	
seq_separator =  
USER_ID_FIELD = user_id
ITEM_ID_FIELD = item_id
RATING_FIELD = rating
TIME_FIELD = timestamp
seq_len = None
LABEL_FIELD = label
threshold = None
NEG_PREFIX = neg_
numerical_features = ['popularity']
load_col = {'inter': ['user_id', 'item_id', 'rating', 'timestamp'], 'user': ['user_id', 'age', 'gender', 'occupation'], 'item': ['item_id', 'release_year', 'genre', 'popularity']}
unload_col = None
unused_col = None
additional_feat_suffix = None
rm_dup_inter = None
val_interval = None
filter_inter_by_user_or_item = True
user_inter_num_interval = None
item_inter_num_interval = None
alias_of_user_id = None
alias_of_item_id = None
alias_of_entity_id = None
alias_of_relation_id = None
preload_weight = None
normalize_field = ['timestamp', 'rating']
normalize_all = False
discretization = {'popularity': {'method': 'LD', 'bucket': 10}}
ITEM_LIST_LENGTH_FIELD = item_length
LIST_SUFFIX = _list
MAX_ITEM_LIST_LENGTH = 50
POSITION_FIELD = position_id
HEAD_ENTITY_ID_FIELD = head_id
TAIL_ENTITY_ID_FIELD = tail_id
RELATION_ID_FIELD = relation_id
ENTITY_ID_FIELD = entity_id
kg_reverse_r = False
entity_kg_num_interval = None
relation_kg_num_interval = None
benchmark_filename = None
save_single_user = True
save_base_path = output
attr = {'user': {'need_inter_num': True, 'need_inter_hour': True, 'need_rating': True, 'need_item_genre': True, 'need_item_year': True, 'need_zipcode_to_region': True}, 'item': {'need_inter_num': True, 'need_inter_hour': True, 'need_rating': True, 'need_age': True, 'need_gender': True, 'need_occupation': True, 'need_region': True}, 'interaction': {'timestamp_unit': 's'}}
to_bin = {'user': {'mean_rating': {'n_bins': 5}, 'interaction_nums': {'n_bins': 5}}, 'item': {'mean_rating': {'n_bins': 5}, 'interaction_nums': {'n_bins': 5}}}

Other Hyper Parameters: 
worker = 0
wandb_project = recbole
shuffle = True
require_pow = False
enable_amp = False
enable_scaler = False
transform = None
export_topk_recs = True
export_topk_dir = None
export_topk_filename = None
export_topk_item_separator = None
export_topk_separate_columns = None
embedding_size = 64
n_layers = 2
reg_weight = 1e-05
MODEL_TYPE = ModelType.GENERAL
MODEL_INPUT_TYPE = InputType.PAIRWISE
eval_type = EvaluatorType.RANKING
single_spec = True
local_rank = 0
device = cuda
valid_neg_sample_args = {'distribution': 'uniform', 'sample_num': 'none'}
test_neg_sample_args = {'distribution': 'uniform', 'sample_num': 'none'}
nproc = 1
ip = localhost
port = 5678
world_size = -1
group_offset = 0
gpu_ids = 3
cl_rate = 0.2
enable_user_loss = True
item_loss_type = loss12
item_rq_loss_rate = 0.5
beta = 0.2
log_type = fair
pop_rate = 0.1
gama = 0.2
description = 加上user_loss后的baseline
mode = train
pop_loss_rate = 0.2


Mon 01 Dec 2025 17:10:08 INFO  ml-1m
The number of users: 6041
Average actions of users: 165.5975165562914
The number of items: 3884
Average actions of items: 269.88909875876953
The number of inters: 1000209
The sparsity of the dataset: 95.73712398848173%
Remain Fields: ['user_id', 'item_id', 'rating', 'timestamp', 'age', 'gender', 'occupation', 'release_year', 'genre', 'popularity']
Mon 01 Dec 2025 17:10:11 INFO  [Training]: train_batch_size = [1024] train_neg_sample_args: [{'distribution': 'uniform', 'sample_num': 1, 'alpha': 1.0, 'dynamic': False, 'candidate_num': 0}]
Mon 01 Dec 2025 17:10:11 INFO  [Evaluation]: eval_batch_size = [102400] eval_args: [{'split': {'RS': [0.8, 0.1, 0.1]}, 'order': 'RO', 'group_by': 'user', 'mode': {'valid': 'full', 'test': 'full'}}]
Mon 01 Dec 2025 17:10:11 INFO  FairLightGCN(
  (user_embedding): Embedding(6041, 64)
  (item_embedding): Embedding(3884, 64)
  (mf_loss): BPRLoss()
  (reg_loss): EmbLoss()
  (rq_model_item): RQVAE(
    (encoder): MLPLayers(
      (mlp_layers): Sequential(
        (0): Dropout(p=0, inplace=False)
        (1): Linear(in_features=192, out_features=64, bias=True)
        (2): Sigmoid()
        (3): Dropout(p=0, inplace=False)
        (4): Linear(in_features=64, out_features=32, bias=True)
        (5): Sigmoid()
        (6): Dropout(p=0, inplace=False)
        (7): Linear(in_features=32, out_features=16, bias=True)
      )
    )
    (rq): ResidualVectorQuantizer(
      (vq_layers): ModuleList(
        (0-2): 3 x VectorQuantizer(
          (embedding): Embedding(8, 16)
        )
      )
    )
    (decoder): MLPLayers(
      (mlp_layers): Sequential(
        (0): Dropout(p=0, inplace=False)
        (1): Linear(in_features=16, out_features=32, bias=True)
        (2): Sigmoid()
        (3): Dropout(p=0, inplace=False)
        (4): Linear(in_features=32, out_features=64, bias=True)
        (5): Sigmoid()
        (6): Dropout(p=0, inplace=False)
        (7): Linear(in_features=64, out_features=192, bias=True)
      )
    )
    (pop_decoder): MLPLayers(
      (mlp_layers): Sequential(
        (0): Dropout(p=0, inplace=False)
        (1): Linear(in_features=16, out_features=32, bias=True)
        (2): Sigmoid()
        (3): Dropout(p=0, inplace=False)
        (4): Linear(in_features=32, out_features=64, bias=True)
        (5): Sigmoid()
        (6): Dropout(p=0, inplace=False)
        (7): Linear(in_features=64, out_features=192, bias=True)
        (8): Sigmoid()
        (9): Dropout(p=0, inplace=False)
        (10): Linear(in_features=192, out_features=64, bias=True)
      )
    )
    (W_gate): Linear(in_features=192, out_features=192, bias=True)
  )
)
Trainable parameters: 730224
Mon 01 Dec 2025 17:10:11 INFO  FLOPs: 0.0
Mon 01 Dec 2025 17:11:07 INFO  epoch 0 training [time: 54.89s, train loss: 1253.0979]
Mon 01 Dec 2025 17:11:58 INFO  epoch 1 training [time: 51.04s, train loss: 1174.9556]
Mon 01 Dec 2025 17:11:58 INFO  epoch 1 evaluating [time: 0.54s, valid_score: 0.208500]
Mon 01 Dec 2025 17:11:58 INFO  valid result: 
recall@10 : 0.1038    pop_recall@10 : 0.0958    unpop_recall@10 : 0.089    mrr@10 : 0.2673    pop_mrr@10 : 0.1625    unpop_mrr@10 : 0.131    ndcg@10 : 0.1312    pop_ndcg@10 : 0.0844    unpop_ndcg@10 : 0.0773    hit@10 : 0.5947    pop_hit@10 : 0.3748    unpop_hit@10 : 0.3508    precision@10 : 0.0981    pop_precision@10 : 0.0483    unpop_precision@10 : 0.0498
Mon 01 Dec 2025 17:11:58 INFO  Saving current: saved/FairLightGCN-Dec-01-2025_17-10-11.pth
Mon 01 Dec 2025 17:12:49 INFO  epoch 2 training [time: 50.69s, train loss: 1176.5442]
Mon 01 Dec 2025 17:13:40 INFO  epoch 3 training [time: 51.56s, train loss: 1192.4256]
Mon 01 Dec 2025 17:13:41 INFO  epoch 3 evaluating [time: 0.48s, valid_score: 0.200300]
Mon 01 Dec 2025 17:13:41 INFO  valid result: 
recall@10 : 0.0963    pop_recall@10 : 0.0799    unpop_recall@10 : 0.0917    mrr@10 : 0.2425    pop_mrr@10 : 0.1268    unpop_mrr@10 : 0.1385    ndcg@10 : 0.1193    pop_ndcg@10 : 0.0668    unpop_ndcg@10 : 0.081    hit@10 : 0.5609    pop_hit@10 : 0.3235    unpop_hit@10 : 0.3515    precision@10 : 0.0902    pop_precision@10 : 0.0399    unpop_precision@10 : 0.0503
Mon 01 Dec 2025 17:14:33 INFO  epoch 4 training [time: 52.00s, train loss: 1204.6124]
Mon 01 Dec 2025 17:15:27 INFO  epoch 5 training [time: 54.38s, train loss: 1229.4267]
Mon 01 Dec 2025 17:15:28 INFO  epoch 5 evaluating [time: 0.62s, valid_score: 0.199500]
Mon 01 Dec 2025 17:15:28 INFO  valid result: 
recall@10 : 0.0914    pop_recall@10 : 0.0685    unpop_recall@10 : 0.0946    mrr@10 : 0.2327    pop_mrr@10 : 0.1066    unpop_mrr@10 : 0.147    ndcg@10 : 0.1144    pop_ndcg@10 : 0.0561    unpop_ndcg@10 : 0.0851    hit@10 : 0.5429    pop_hit@10 : 0.2889    unpop_hit@10 : 0.3594    precision@10 : 0.0873    pop_precision@10 : 0.0345    unpop_precision@10 : 0.0528
Mon 01 Dec 2025 17:16:22 INFO  epoch 6 training [time: 54.05s, train loss: 1241.0329]
Mon 01 Dec 2025 17:17:16 INFO  epoch 7 training [time: 54.30s, train loss: 1237.4957]
Mon 01 Dec 2025 17:17:17 INFO  epoch 7 evaluating [time: 0.59s, valid_score: 0.207000]
Mon 01 Dec 2025 17:17:17 INFO  valid result: 
recall@10 : 0.0897    pop_recall@10 : 0.0623    unpop_recall@10 : 0.0985    mrr@10 : 0.2347    pop_mrr@10 : 0.0975    unpop_mrr@10 : 0.1578    ndcg@10 : 0.1157    pop_ndcg@10 : 0.0513    unpop_ndcg@10 : 0.0913    hit@10 : 0.5411    pop_hit@10 : 0.2647    unpop_hit@10 : 0.3788    precision@10 : 0.0886    pop_precision@10 : 0.0314    unpop_precision@10 : 0.0572
Mon 01 Dec 2025 17:18:10 INFO  epoch 8 training [time: 53.29s, train loss: 1230.6488]
Mon 01 Dec 2025 17:19:04 INFO  epoch 9 training [time: 53.89s, train loss: 1227.1754]
Mon 01 Dec 2025 17:19:05 INFO  epoch 9 evaluating [time: 0.58s, valid_score: 0.210600]
Mon 01 Dec 2025 17:19:05 INFO  valid result: 
recall@10 : 0.0882    pop_recall@10 : 0.0615    unpop_recall@10 : 0.0986    mrr@10 : 0.2364    pop_mrr@10 : 0.0928    unpop_mrr@10 : 0.1642    ndcg@10 : 0.1165    pop_ndcg@10 : 0.0497    unpop_ndcg@10 : 0.0941    hit@10 : 0.5382    pop_hit@10 : 0.2545    unpop_hit@10 : 0.3861    precision@10 : 0.0893    pop_precision@10 : 0.0299    unpop_precision@10 : 0.0594
Mon 01 Dec 2025 17:19:05 INFO  Saving current: saved/FairLightGCN-Dec-01-2025_17-10-11.pth
Mon 01 Dec 2025 17:19:58 INFO  epoch 10 training [time: 53.53s, train loss: 1208.6915]
Mon 01 Dec 2025 17:20:52 INFO  epoch 11 training [time: 53.87s, train loss: 1203.3514]
Mon 01 Dec 2025 17:20:53 INFO  epoch 11 evaluating [time: 0.57s, valid_score: 0.212800]
Mon 01 Dec 2025 17:20:53 INFO  valid result: 
recall@10 : 0.089    pop_recall@10 : 0.0667    unpop_recall@10 : 0.0955    mrr@10 : 0.2405    pop_mrr@10 : 0.0997    unpop_mrr@10 : 0.164    ndcg@10 : 0.1196    pop_ndcg@10 : 0.0542    unpop_ndcg@10 : 0.0932    hit@10 : 0.5402    pop_hit@10 : 0.2705    unpop_hit@10 : 0.3861    precision@10 : 0.0922    pop_precision@10 : 0.0319    unpop_precision@10 : 0.0603
Mon 01 Dec 2025 17:20:53 INFO  Saving current: saved/FairLightGCN-Dec-01-2025_17-10-11.pth
Mon 01 Dec 2025 17:21:47 INFO  epoch 12 training [time: 54.01s, train loss: 1178.8710]
Mon 01 Dec 2025 17:22:40 INFO  epoch 13 training [time: 53.31s, train loss: 1171.3773]
Mon 01 Dec 2025 17:22:41 INFO  epoch 13 evaluating [time: 0.58s, valid_score: 0.226800]
Mon 01 Dec 2025 17:22:41 INFO  valid result: 
recall@10 : 0.0998    pop_recall@10 : 0.0867    unpop_recall@10 : 0.0936    mrr@10 : 0.2668    pop_mrr@10 : 0.1374    unpop_mrr@10 : 0.1592    ndcg@10 : 0.1351    pop_ndcg@10 : 0.0737    unpop_ndcg@10 : 0.0917    hit@10 : 0.5866    pop_hit@10 : 0.3483    unpop_hit@10 : 0.3864    precision@10 : 0.1049    pop_precision@10 : 0.0433    unpop_precision@10 : 0.0616
Mon 01 Dec 2025 17:22:41 INFO  Saving current: saved/FairLightGCN-Dec-01-2025_17-10-11.pth
Mon 01 Dec 2025 17:23:34 INFO  epoch 14 training [time: 53.48s, train loss: 1157.4765]
Mon 01 Dec 2025 17:24:28 INFO  epoch 15 training [time: 53.16s, train loss: 1140.2948]
Mon 01 Dec 2025 17:24:28 INFO  epoch 15 evaluating [time: 0.57s, valid_score: 0.259000]
Mon 01 Dec 2025 17:24:28 INFO  valid result: 
recall@10 : 0.1467    pop_recall@10 : 0.1885    unpop_recall@10 : 0.0643    mrr@10 : 0.3673    pop_mrr@10 : 0.3068    unpop_mrr@10 : 0.0951    ndcg@10 : 0.2001    pop_ndcg@10 : 0.1796    unpop_ndcg@10 : 0.0589    hit@10 : 0.7172    pop_hit@10 : 0.6152    unpop_hit@10 : 0.2765    precision@10 : 0.1546    pop_precision@10 : 0.1128    unpop_precision@10 : 0.0418
Mon 01 Dec 2025 17:24:29 INFO  Saving current: saved/FairLightGCN-Dec-01-2025_17-10-11.pth
Mon 01 Dec 2025 17:25:22 INFO  epoch 16 training [time: 53.57s, train loss: 1112.1702]
Mon 01 Dec 2025 17:26:16 INFO  epoch 17 training [time: 53.36s, train loss: 1095.7915]
Mon 01 Dec 2025 17:26:16 INFO  epoch 17 evaluating [time: 0.58s, valid_score: 0.261300]
Mon 01 Dec 2025 17:26:16 INFO  valid result: 
recall@10 : 0.1529    pop_recall@10 : 0.2045    unpop_recall@10 : 0.0597    mrr@10 : 0.3752    pop_mrr@10 : 0.3225    unpop_mrr@10 : 0.0869    ndcg@10 : 0.2073    pop_ndcg@10 : 0.1934    unpop_ndcg@10 : 0.054    hit@10 : 0.7321    pop_hit@10 : 0.6457    unpop_hit@10 : 0.2623    precision@10 : 0.1605    pop_precision@10 : 0.122    unpop_precision@10 : 0.0385
Mon 01 Dec 2025 17:26:16 INFO  Saving current: saved/FairLightGCN-Dec-01-2025_17-10-11.pth
Mon 01 Dec 2025 17:27:09 INFO  epoch 18 training [time: 52.66s, train loss: 1097.2847]
Mon 01 Dec 2025 17:28:03 INFO  epoch 19 training [time: 53.51s, train loss: 1080.5677]
Mon 01 Dec 2025 17:28:03 INFO  epoch 19 evaluating [time: 0.56s, valid_score: 0.263600]
Mon 01 Dec 2025 17:28:03 INFO  valid result: 
recall@10 : 0.1558    pop_recall@10 : 0.2089    unpop_recall@10 : 0.0602    mrr@10 : 0.3777    pop_mrr@10 : 0.3244    unpop_mrr@10 : 0.0884    ndcg@10 : 0.2091    pop_ndcg@10 : 0.1954    unpop_ndcg@10 : 0.0545    hit@10 : 0.7396    pop_hit@10 : 0.6543    unpop_hit@10 : 0.2666    precision@10 : 0.162    pop_precision@10 : 0.123    unpop_precision@10 : 0.0391
Mon 01 Dec 2025 17:28:03 INFO  Saving current: saved/FairLightGCN-Dec-01-2025_17-10-11.pth
Mon 01 Dec 2025 17:28:56 INFO  epoch 20 training [time: 53.12s, train loss: 1075.3764]
Mon 01 Dec 2025 17:29:49 INFO  epoch 21 training [time: 52.61s, train loss: 1069.5977]
Mon 01 Dec 2025 17:29:50 INFO  epoch 21 evaluating [time: 0.59s, valid_score: 0.265400]
Mon 01 Dec 2025 17:29:50 INFO  valid result: 
recall@10 : 0.1576    pop_recall@10 : 0.211    unpop_recall@10 : 0.0611    mrr@10 : 0.3793    pop_mrr@10 : 0.3253    unpop_mrr@10 : 0.0901    ndcg@10 : 0.21    pop_ndcg@10 : 0.1958    unpop_ndcg@10 : 0.0554    hit@10 : 0.7412    pop_hit@10 : 0.6561    unpop_hit@10 : 0.2712    precision@10 : 0.1625    pop_precision@10 : 0.1228    unpop_precision@10 : 0.0397
Mon 01 Dec 2025 17:29:50 INFO  Saving current: saved/FairLightGCN-Dec-01-2025_17-10-11.pth
Mon 01 Dec 2025 17:30:43 INFO  epoch 22 training [time: 53.19s, train loss: 1067.2754]
Mon 01 Dec 2025 17:31:36 INFO  epoch 23 training [time: 52.76s, train loss: 1067.4162]
Mon 01 Dec 2025 17:31:36 INFO  epoch 23 evaluating [time: 0.60s, valid_score: 0.267900]
Mon 01 Dec 2025 17:31:36 INFO  valid result: 
recall@10 : 0.1583    pop_recall@10 : 0.2104    unpop_recall@10 : 0.0631    mrr@10 : 0.3799    pop_mrr@10 : 0.3244    unpop_mrr@10 : 0.0931    ndcg@10 : 0.2108    pop_ndcg@10 : 0.1952    unpop_ndcg@10 : 0.0571    hit@10 : 0.745    pop_hit@10 : 0.6576    unpop_hit@10 : 0.2796    precision@10 : 0.1633    pop_precision@10 : 0.1224    unpop_precision@10 : 0.041
Mon 01 Dec 2025 17:31:36 INFO  Saving current: saved/FairLightGCN-Dec-01-2025_17-10-11.pth
Mon 01 Dec 2025 17:32:29 INFO  epoch 24 training [time: 53.02s, train loss: 1068.5798]
Mon 01 Dec 2025 17:33:23 INFO  epoch 25 training [time: 53.59s, train loss: 1065.6648]
Mon 01 Dec 2025 17:33:24 INFO  epoch 25 evaluating [time: 0.60s, valid_score: 0.269500]
Mon 01 Dec 2025 17:33:24 INFO  valid result: 
recall@10 : 0.1587    pop_recall@10 : 0.2102    unpop_recall@10 : 0.0638    mrr@10 : 0.3809    pop_mrr@10 : 0.3238    unpop_mrr@10 : 0.0955    ndcg@10 : 0.2113    pop_ndcg@10 : 0.1948    unpop_ndcg@10 : 0.0582    hit@10 : 0.746    pop_hit@10 : 0.6556    unpop_hit@10 : 0.2843    precision@10 : 0.1636    pop_precision@10 : 0.1217    unpop_precision@10 : 0.0419
Mon 01 Dec 2025 17:33:24 INFO  Saving current: saved/FairLightGCN-Dec-01-2025_17-10-11.pth
Mon 01 Dec 2025 17:34:17 INFO  epoch 26 training [time: 53.22s, train loss: 1062.5066]
Mon 01 Dec 2025 17:35:10 INFO  epoch 27 training [time: 53.07s, train loss: 1066.2955]
Mon 01 Dec 2025 17:35:11 INFO  epoch 27 evaluating [time: 0.62s, valid_score: 0.269900]
Mon 01 Dec 2025 17:35:11 INFO  valid result: 
recall@10 : 0.1606    pop_recall@10 : 0.2136    unpop_recall@10 : 0.0634    mrr@10 : 0.3804    pop_mrr@10 : 0.3242    unpop_mrr@10 : 0.0942    ndcg@10 : 0.2123    pop_ndcg@10 : 0.1966    unpop_ndcg@10 : 0.0576    hit@10 : 0.7488    pop_hit@10 : 0.6583    unpop_hit@10 : 0.2825    precision@10 : 0.1647    pop_precision@10 : 0.1234    unpop_precision@10 : 0.0413
Mon 01 Dec 2025 17:35:11 INFO  Saving current: saved/FairLightGCN-Dec-01-2025_17-10-11.pth
Mon 01 Dec 2025 17:36:03 INFO  epoch 28 training [time: 52.47s, train loss: 1078.2287]
Mon 01 Dec 2025 17:36:57 INFO  epoch 29 training [time: 53.74s, train loss: 1061.3971]
Mon 01 Dec 2025 17:36:58 INFO  epoch 29 evaluating [time: 0.58s, valid_score: 0.271900]
Mon 01 Dec 2025 17:36:58 INFO  valid result: 
recall@10 : 0.1607    pop_recall@10 : 0.2119    unpop_recall@10 : 0.0648    mrr@10 : 0.3823    pop_mrr@10 : 0.3236    unpop_mrr@10 : 0.0974    ndcg@10 : 0.2128    pop_ndcg@10 : 0.1956    unpop_ndcg@10 : 0.0591    hit@10 : 0.7485    pop_hit@10 : 0.655    unpop_hit@10 : 0.2871    precision@10 : 0.1646    pop_precision@10 : 0.1224    unpop_precision@10 : 0.0422
Mon 01 Dec 2025 17:36:58 INFO  Saving current: saved/FairLightGCN-Dec-01-2025_17-10-11.pth
Mon 01 Dec 2025 17:37:51 INFO  epoch 30 training [time: 53.24s, train loss: 1058.3733]
Mon 01 Dec 2025 17:38:44 INFO  epoch 31 training [time: 53.09s, train loss: 1043.4255]
Mon 01 Dec 2025 17:38:45 INFO  epoch 31 evaluating [time: 0.57s, valid_score: 0.272600]
Mon 01 Dec 2025 17:38:45 INFO  valid result: 
recall@10 : 0.1607    pop_recall@10 : 0.2113    unpop_recall@10 : 0.0659    mrr@10 : 0.3827    pop_mrr@10 : 0.3241    unpop_mrr@10 : 0.0975    ndcg@10 : 0.2131    pop_ndcg@10 : 0.1957    unpop_ndcg@10 : 0.0595    hit@10 : 0.7492    pop_hit@10 : 0.6553    unpop_hit@10 : 0.2901    precision@10 : 0.165    pop_precision@10 : 0.1224    unpop_precision@10 : 0.0425
Mon 01 Dec 2025 17:38:45 INFO  Saving current: saved/FairLightGCN-Dec-01-2025_17-10-11.pth
Mon 01 Dec 2025 17:39:38 INFO  epoch 32 training [time: 53.46s, train loss: 1038.7177]
Mon 01 Dec 2025 17:40:32 INFO  epoch 33 training [time: 53.45s, train loss: 1045.1237]
Mon 01 Dec 2025 17:40:32 INFO  epoch 33 evaluating [time: 0.58s, valid_score: 0.274600]
Mon 01 Dec 2025 17:40:32 INFO  valid result: 
recall@10 : 0.161    pop_recall@10 : 0.2108    unpop_recall@10 : 0.0671    mrr@10 : 0.3828    pop_mrr@10 : 0.3226    unpop_mrr@10 : 0.1005    ndcg@10 : 0.2135    pop_ndcg@10 : 0.1946    unpop_ndcg@10 : 0.0611    hit@10 : 0.7508    pop_hit@10 : 0.6553    unpop_hit@10 : 0.298    precision@10 : 0.1655    pop_precision@10 : 0.1215    unpop_precision@10 : 0.044
Mon 01 Dec 2025 17:40:32 INFO  Saving current: saved/FairLightGCN-Dec-01-2025_17-10-11.pth
Mon 01 Dec 2025 17:41:26 INFO  epoch 34 training [time: 53.19s, train loss: 1057.3042]
Mon 01 Dec 2025 17:42:18 INFO  epoch 35 training [time: 52.41s, train loss: 1062.2947]
Mon 01 Dec 2025 17:42:19 INFO  epoch 35 evaluating [time: 0.59s, valid_score: 0.274200]
Mon 01 Dec 2025 17:42:19 INFO  valid result: 
recall@10 : 0.1611    pop_recall@10 : 0.211    unpop_recall@10 : 0.0671    mrr@10 : 0.3831    pop_mrr@10 : 0.3231    unpop_mrr@10 : 0.1001    ndcg@10 : 0.2134    pop_ndcg@10 : 0.1949    unpop_ndcg@10 : 0.0608    hit@10 : 0.7507    pop_hit@10 : 0.6546    unpop_hit@10 : 0.2975    precision@10 : 0.165    pop_precision@10 : 0.1212    unpop_precision@10 : 0.0437
Mon 01 Dec 2025 17:43:12 INFO  epoch 36 training [time: 53.09s, train loss: 1059.8361]
Mon 01 Dec 2025 17:44:05 INFO  epoch 37 training [time: 53.53s, train loss: 1075.1533]
Mon 01 Dec 2025 17:44:06 INFO  epoch 37 evaluating [time: 0.58s, valid_score: 0.275300]
Mon 01 Dec 2025 17:44:06 INFO  valid result: 
recall@10 : 0.162    pop_recall@10 : 0.2119    unpop_recall@10 : 0.0673    mrr@10 : 0.3844    pop_mrr@10 : 0.324    unpop_mrr@10 : 0.1008    ndcg@10 : 0.2142    pop_ndcg@10 : 0.1954    unpop_ndcg@10 : 0.0611    hit@10 : 0.7515    pop_hit@10 : 0.6548    unpop_hit@10 : 0.2997    precision@10 : 0.1656    pop_precision@10 : 0.1215    unpop_precision@10 : 0.0441
Mon 01 Dec 2025 17:44:06 INFO  Saving current: saved/FairLightGCN-Dec-01-2025_17-10-11.pth
Mon 01 Dec 2025 17:44:58 INFO  epoch 38 training [time: 52.46s, train loss: 1057.3150]
Mon 01 Dec 2025 17:45:52 INFO  epoch 39 training [time: 53.87s, train loss: 1064.4102]
Mon 01 Dec 2025 17:45:53 INFO  epoch 39 evaluating [time: 0.57s, valid_score: 0.274800]
Mon 01 Dec 2025 17:45:53 INFO  valid result: 
recall@10 : 0.1611    pop_recall@10 : 0.2109    unpop_recall@10 : 0.0667    mrr@10 : 0.3838    pop_mrr@10 : 0.3226    unpop_mrr@10 : 0.1019    ndcg@10 : 0.2135    pop_ndcg@10 : 0.1945    unpop_ndcg@10 : 0.0613    hit@10 : 0.7485    pop_hit@10 : 0.6513    unpop_hit@10 : 0.2997    precision@10 : 0.1648    pop_precision@10 : 0.1207    unpop_precision@10 : 0.0441
Mon 01 Dec 2025 17:46:45 INFO  epoch 40 training [time: 52.63s, train loss: 1065.9105]
Mon 01 Dec 2025 17:47:39 INFO  epoch 41 training [time: 53.59s, train loss: 1084.6223]
Mon 01 Dec 2025 17:47:40 INFO  epoch 41 evaluating [time: 0.58s, valid_score: 0.276200]
Mon 01 Dec 2025 17:47:40 INFO  valid result: 
recall@10 : 0.1629    pop_recall@10 : 0.213    unpop_recall@10 : 0.0673    mrr@10 : 0.3857    pop_mrr@10 : 0.3247    unpop_mrr@10 : 0.1019    ndcg@10 : 0.2148    pop_ndcg@10 : 0.196    unpop_ndcg@10 : 0.0614    hit@10 : 0.7508    pop_hit@10 : 0.6545    unpop_hit@10 : 0.2993    precision@10 : 0.1655    pop_precision@10 : 0.1215    unpop_precision@10 : 0.0441
Mon 01 Dec 2025 17:47:40 INFO  Saving current: saved/FairLightGCN-Dec-01-2025_17-10-11.pth
Mon 01 Dec 2025 17:48:33 INFO  epoch 42 training [time: 53.07s, train loss: 1062.9668]
Mon 01 Dec 2025 17:49:26 INFO  epoch 43 training [time: 53.42s, train loss: 1055.2950]
Mon 01 Dec 2025 17:49:27 INFO  epoch 43 evaluating [time: 0.59s, valid_score: 0.276900]
Mon 01 Dec 2025 17:49:27 INFO  valid result: 
recall@10 : 0.1626    pop_recall@10 : 0.2111    unpop_recall@10 : 0.0688    mrr@10 : 0.3853    pop_mrr@10 : 0.3229    unpop_mrr@10 : 0.104    ndcg@10 : 0.2144    pop_ndcg@10 : 0.1945    unpop_ndcg@10 : 0.0625    hit@10 : 0.751    pop_hit@10 : 0.652    unpop_hit@10 : 0.3056    precision@10 : 0.1651    pop_precision@10 : 0.1203    unpop_precision@10 : 0.0448
Mon 01 Dec 2025 17:49:27 INFO  Saving current: saved/FairLightGCN-Dec-01-2025_17-10-11.pth
Mon 01 Dec 2025 17:50:20 INFO  epoch 44 training [time: 52.80s, train loss: 1071.5640]
Mon 01 Dec 2025 17:51:12 INFO  epoch 45 training [time: 52.50s, train loss: 1076.8472]
Mon 01 Dec 2025 17:51:13 INFO  epoch 45 evaluating [time: 0.58s, valid_score: 0.276500]
Mon 01 Dec 2025 17:51:13 INFO  valid result: 
recall@10 : 0.1625    pop_recall@10 : 0.2112    unpop_recall@10 : 0.0685    mrr@10 : 0.3848    pop_mrr@10 : 0.3227    unpop_mrr@10 : 0.103    ndcg@10 : 0.2142    pop_ndcg@10 : 0.1945    unpop_ndcg@10 : 0.0623    hit@10 : 0.75    pop_hit@10 : 0.6515    unpop_hit@10 : 0.3025    precision@10 : 0.1649    pop_precision@10 : 0.1203    unpop_precision@10 : 0.0446
Mon 01 Dec 2025 17:52:07 INFO  epoch 46 training [time: 53.68s, train loss: 1052.3664]
Mon 01 Dec 2025 17:52:59 INFO  epoch 47 training [time: 52.89s, train loss: 1045.9316]
Mon 01 Dec 2025 17:53:00 INFO  epoch 47 evaluating [time: 0.59s, valid_score: 0.277800]
Mon 01 Dec 2025 17:53:00 INFO  valid result: 
recall@10 : 0.1631    pop_recall@10 : 0.2116    unpop_recall@10 : 0.0692    mrr@10 : 0.3858    pop_mrr@10 : 0.3235    unpop_mrr@10 : 0.1039    ndcg@10 : 0.2149    pop_ndcg@10 : 0.1948    unpop_ndcg@10 : 0.0629    hit@10 : 0.75    pop_hit@10 : 0.6512    unpop_hit@10 : 0.3066    precision@10 : 0.1655    pop_precision@10 : 0.1204    unpop_precision@10 : 0.045
Mon 01 Dec 2025 17:53:00 INFO  Saving current: saved/FairLightGCN-Dec-01-2025_17-10-11.pth
Mon 01 Dec 2025 17:53:54 INFO  epoch 48 training [time: 53.43s, train loss: 1052.2572]
Mon 01 Dec 2025 17:54:47 INFO  epoch 49 training [time: 53.63s, train loss: 1057.0754]
Mon 01 Dec 2025 17:54:48 INFO  epoch 49 evaluating [time: 0.57s, valid_score: 0.278200]
Mon 01 Dec 2025 17:54:48 INFO  valid result: 
recall@10 : 0.1631    pop_recall@10 : 0.2109    unpop_recall@10 : 0.0695    mrr@10 : 0.3863    pop_mrr@10 : 0.3231    unpop_mrr@10 : 0.105    ndcg@10 : 0.2148    pop_ndcg@10 : 0.1941    unpop_ndcg@10 : 0.0634    hit@10 : 0.751    pop_hit@10 : 0.6497    unpop_hit@10 : 0.3076    precision@10 : 0.1651    pop_precision@10 : 0.1197    unpop_precision@10 : 0.0454
Mon 01 Dec 2025 17:54:48 INFO  Saving current: saved/FairLightGCN-Dec-01-2025_17-10-11.pth
Mon 01 Dec 2025 17:55:41 INFO  epoch 50 training [time: 53.20s, train loss: 1050.6049]
Mon 01 Dec 2025 17:56:35 INFO  epoch 51 training [time: 53.39s, train loss: 1029.6435]
Mon 01 Dec 2025 17:56:35 INFO  epoch 51 evaluating [time: 0.59s, valid_score: 0.277900]
Mon 01 Dec 2025 17:56:35 INFO  valid result: 
recall@10 : 0.1627    pop_recall@10 : 0.2104    unpop_recall@10 : 0.0694    mrr@10 : 0.3868    pop_mrr@10 : 0.3243    unpop_mrr@10 : 0.104    ndcg@10 : 0.2149    pop_ndcg@10 : 0.1946    unpop_ndcg@10 : 0.063    hit@10 : 0.7505    pop_hit@10 : 0.649    unpop_hit@10 : 0.3073    precision@10 : 0.1651    pop_precision@10 : 0.1198    unpop_precision@10 : 0.0453
Mon 01 Dec 2025 17:57:29 INFO  epoch 52 training [time: 54.00s, train loss: 1024.3118]
Mon 01 Dec 2025 17:58:22 INFO  epoch 53 training [time: 52.59s, train loss: 1040.2419]
Mon 01 Dec 2025 17:58:22 INFO  epoch 53 evaluating [time: 0.49s, valid_score: 0.278200]
Mon 01 Dec 2025 17:58:22 INFO  valid result: 
recall@10 : 0.1631    pop_recall@10 : 0.2105    unpop_recall@10 : 0.0698    mrr@10 : 0.387    pop_mrr@10 : 0.3236    unpop_mrr@10 : 0.1052    ndcg@10 : 0.2148    pop_ndcg@10 : 0.1941    unpop_ndcg@10 : 0.0634    hit@10 : 0.7523    pop_hit@10 : 0.6495    unpop_hit@10 : 0.3094    precision@10 : 0.165    pop_precision@10 : 0.1195    unpop_precision@10 : 0.0455
Mon 01 Dec 2025 17:58:22 INFO  Saving current: saved/FairLightGCN-Dec-01-2025_17-10-11.pth
Mon 01 Dec 2025 17:59:13 INFO  epoch 54 training [time: 50.71s, train loss: 1032.2604]
Mon 01 Dec 2025 18:00:06 INFO  epoch 55 training [time: 53.00s, train loss: 1033.1922]
Mon 01 Dec 2025 18:00:07 INFO  epoch 55 evaluating [time: 0.60s, valid_score: 0.278500]
Mon 01 Dec 2025 18:00:07 INFO  valid result: 
recall@10 : 0.1636    pop_recall@10 : 0.2112    unpop_recall@10 : 0.0699    mrr@10 : 0.3877    pop_mrr@10 : 0.3243    unpop_mrr@10 : 0.1048    ndcg@10 : 0.2153    pop_ndcg@10 : 0.1949    unpop_ndcg@10 : 0.0632    hit@10 : 0.753    pop_hit@10 : 0.6512    unpop_hit@10 : 0.3084    precision@10 : 0.1652    pop_precision@10 : 0.12    unpop_precision@10 : 0.0452
Mon 01 Dec 2025 18:00:07 INFO  Saving current: saved/FairLightGCN-Dec-01-2025_17-10-11.pth
Mon 01 Dec 2025 18:00:59 INFO  epoch 56 training [time: 52.43s, train loss: 1013.0314]
Mon 01 Dec 2025 18:01:52 INFO  epoch 57 training [time: 53.05s, train loss: 1013.6022]
Mon 01 Dec 2025 18:01:53 INFO  epoch 57 evaluating [time: 0.59s, valid_score: 0.279200]
Mon 01 Dec 2025 18:01:53 INFO  valid result: 
recall@10 : 0.1637    pop_recall@10 : 0.2112    unpop_recall@10 : 0.0705    mrr@10 : 0.3879    pop_mrr@10 : 0.3241    unpop_mrr@10 : 0.1055    ndcg@10 : 0.2155    pop_ndcg@10 : 0.1946    unpop_ndcg@10 : 0.0637    hit@10 : 0.755    pop_hit@10 : 0.652    unpop_hit@10 : 0.3096    precision@10 : 0.1656    pop_precision@10 : 0.12    unpop_precision@10 : 0.0456
Mon 01 Dec 2025 18:01:53 INFO  Saving current: saved/FairLightGCN-Dec-01-2025_17-10-11.pth
Mon 01 Dec 2025 18:02:47 INFO  epoch 58 training [time: 53.33s, train loss: 1042.5759]
Mon 01 Dec 2025 18:03:41 INFO  epoch 59 training [time: 54.38s, train loss: 1015.9714]
Mon 01 Dec 2025 18:03:41 INFO  epoch 59 evaluating [time: 0.60s, valid_score: 0.279000]
Mon 01 Dec 2025 18:03:41 INFO  valid result: 
recall@10 : 0.1642    pop_recall@10 : 0.2125    unpop_recall@10 : 0.07    mrr@10 : 0.3882    pop_mrr@10 : 0.3247    unpop_mrr@10 : 0.1045    ndcg@10 : 0.2159    pop_ndcg@10 : 0.1956    unpop_ndcg@10 : 0.0631    hit@10 : 0.7545    pop_hit@10 : 0.6535    unpop_hit@10 : 0.3063    precision@10 : 0.166    pop_precision@10 : 0.1209    unpop_precision@10 : 0.0451
Mon 01 Dec 2025 18:04:35 INFO  epoch 60 training [time: 53.73s, train loss: 1034.6283]
Mon 01 Dec 2025 18:05:29 INFO  epoch 61 training [time: 54.20s, train loss: 1036.4381]
Mon 01 Dec 2025 18:05:30 INFO  epoch 61 evaluating [time: 0.60s, valid_score: 0.279700]
Mon 01 Dec 2025 18:05:30 INFO  valid result: 
recall@10 : 0.1646    pop_recall@10 : 0.2124    unpop_recall@10 : 0.0705    mrr@10 : 0.3888    pop_mrr@10 : 0.3254    unpop_mrr@10 : 0.1049    ndcg@10 : 0.2162    pop_ndcg@10 : 0.1958    unpop_ndcg@10 : 0.0635    hit@10 : 0.7563    pop_hit@10 : 0.6535    unpop_hit@10 : 0.3091    precision@10 : 0.1661    pop_precision@10 : 0.1208    unpop_precision@10 : 0.0453
Mon 01 Dec 2025 18:05:30 INFO  Saving current: saved/FairLightGCN-Dec-01-2025_17-10-11.pth
Mon 01 Dec 2025 18:06:22 INFO  epoch 62 training [time: 52.12s, train loss: 1030.2965]
Mon 01 Dec 2025 18:07:16 INFO  epoch 63 training [time: 53.71s, train loss: 999.1375]
Mon 01 Dec 2025 18:07:17 INFO  epoch 63 evaluating [time: 0.60s, valid_score: 0.280000]
Mon 01 Dec 2025 18:07:17 INFO  valid result: 
recall@10 : 0.1648    pop_recall@10 : 0.2122    unpop_recall@10 : 0.0712    mrr@10 : 0.3883    pop_mrr@10 : 0.3239    unpop_mrr@10 : 0.106    ndcg@10 : 0.2161    pop_ndcg@10 : 0.1953    unpop_ndcg@10 : 0.0639    hit@10 : 0.7561    pop_hit@10 : 0.652    unpop_hit@10 : 0.3108    precision@10 : 0.166    pop_precision@10 : 0.1205    unpop_precision@10 : 0.0455
Mon 01 Dec 2025 18:07:17 INFO  Saving current: saved/FairLightGCN-Dec-01-2025_17-10-11.pth
Mon 01 Dec 2025 18:08:10 INFO  epoch 64 training [time: 53.05s, train loss: 999.2579]
Mon 01 Dec 2025 18:09:04 INFO  epoch 65 training [time: 54.00s, train loss: 1014.0544]
Mon 01 Dec 2025 18:09:04 INFO  epoch 65 evaluating [time: 0.64s, valid_score: 0.279300]
Mon 01 Dec 2025 18:09:04 INFO  valid result: 
recall@10 : 0.1644    pop_recall@10 : 0.2121    unpop_recall@10 : 0.0708    mrr@10 : 0.3872    pop_mrr@10 : 0.324    unpop_mrr@10 : 0.1045    ndcg@10 : 0.2159    pop_ndcg@10 : 0.1955    unpop_ndcg@10 : 0.0634    hit@10 : 0.7556    pop_hit@10 : 0.6525    unpop_hit@10 : 0.3084    precision@10 : 0.1662    pop_precision@10 : 0.121    unpop_precision@10 : 0.0452
Mon 01 Dec 2025 18:09:57 INFO  epoch 66 training [time: 52.83s, train loss: 986.6161]
Mon 01 Dec 2025 18:10:50 INFO  epoch 67 training [time: 53.20s, train loss: 1018.3063]
Mon 01 Dec 2025 18:10:51 INFO  epoch 67 evaluating [time: 0.60s, valid_score: 0.280100]
Mon 01 Dec 2025 18:10:51 INFO  valid result: 
recall@10 : 0.1642    pop_recall@10 : 0.2107    unpop_recall@10 : 0.0715    mrr@10 : 0.3875    pop_mrr@10 : 0.3234    unpop_mrr@10 : 0.1061    ndcg@10 : 0.2158    pop_ndcg@10 : 0.1944    unpop_ndcg@10 : 0.0643    hit@10 : 0.7553    pop_hit@10 : 0.6512    unpop_hit@10 : 0.3121    precision@10 : 0.1659    pop_precision@10 : 0.12    unpop_precision@10 : 0.046
Mon 01 Dec 2025 18:10:51 INFO  Saving current: saved/FairLightGCN-Dec-01-2025_17-10-11.pth
Mon 01 Dec 2025 18:11:44 INFO  epoch 68 training [time: 52.77s, train loss: 1026.9402]
Mon 01 Dec 2025 18:12:37 INFO  epoch 69 training [time: 53.42s, train loss: 1014.4933]
Mon 01 Dec 2025 18:12:38 INFO  epoch 69 evaluating [time: 0.58s, valid_score: 0.280900]
Mon 01 Dec 2025 18:12:38 INFO  valid result: 
recall@10 : 0.1644    pop_recall@10 : 0.2113    unpop_recall@10 : 0.0717    mrr@10 : 0.3883    pop_mrr@10 : 0.3243    unpop_mrr@10 : 0.1061    ndcg@10 : 0.2165    pop_ndcg@10 : 0.1952    unpop_ndcg@10 : 0.0644    hit@10 : 0.7553    pop_hit@10 : 0.6528    unpop_hit@10 : 0.3124    precision@10 : 0.1666    pop_precision@10 : 0.1206    unpop_precision@10 : 0.046
Mon 01 Dec 2025 18:12:38 INFO  Saving current: saved/FairLightGCN-Dec-01-2025_17-10-11.pth
Mon 01 Dec 2025 18:13:31 INFO  epoch 70 training [time: 52.71s, train loss: 1045.0384]
Mon 01 Dec 2025 18:14:24 INFO  epoch 71 training [time: 53.64s, train loss: 1056.3891]
Mon 01 Dec 2025 18:14:25 INFO  epoch 71 evaluating [time: 0.57s, valid_score: 0.280700]
Mon 01 Dec 2025 18:14:25 INFO  valid result: 
recall@10 : 0.164    pop_recall@10 : 0.2101    unpop_recall@10 : 0.0715    mrr@10 : 0.3889    pop_mrr@10 : 0.3242    unpop_mrr@10 : 0.1068    ndcg@10 : 0.2162    pop_ndcg@10 : 0.1945    unpop_ndcg@10 : 0.0645    hit@10 : 0.7545    pop_hit@10 : 0.6507    unpop_hit@10 : 0.3124    precision@10 : 0.1659    pop_precision@10 : 0.1199    unpop_precision@10 : 0.0459
Mon 01 Dec 2025 18:15:19 INFO  epoch 72 training [time: 53.57s, train loss: 1052.1431]
Mon 01 Dec 2025 18:16:11 INFO  epoch 73 training [time: 52.86s, train loss: 1059.4182]
Mon 01 Dec 2025 18:16:12 INFO  epoch 73 evaluating [time: 0.59s, valid_score: 0.280800]
Mon 01 Dec 2025 18:16:12 INFO  valid result: 
recall@10 : 0.1646    pop_recall@10 : 0.2114    unpop_recall@10 : 0.0716    mrr@10 : 0.3888    pop_mrr@10 : 0.3254    unpop_mrr@10 : 0.1057    ndcg@10 : 0.2167    pop_ndcg@10 : 0.1957    unpop_ndcg@10 : 0.0641    hit@10 : 0.756    pop_hit@10 : 0.653    unpop_hit@10 : 0.3116    precision@10 : 0.1666    pop_precision@10 : 0.1209    unpop_precision@10 : 0.0457
Mon 01 Dec 2025 18:17:06 INFO  epoch 74 training [time: 54.27s, train loss: 1069.6384]
Mon 01 Dec 2025 18:18:01 INFO  epoch 75 training [time: 54.31s, train loss: 1057.0421]
Mon 01 Dec 2025 18:18:01 INFO  epoch 75 evaluating [time: 0.55s, valid_score: 0.280300]
Mon 01 Dec 2025 18:18:01 INFO  valid result: 
recall@10 : 0.1644    pop_recall@10 : 0.2114    unpop_recall@10 : 0.0712    mrr@10 : 0.3874    pop_mrr@10 : 0.3244    unpop_mrr@10 : 0.1051    ndcg@10 : 0.2164    pop_ndcg@10 : 0.1955    unpop_ndcg@10 : 0.0639    hit@10 : 0.754    pop_hit@10 : 0.6515    unpop_hit@10 : 0.3111    precision@10 : 0.1663    pop_precision@10 : 0.1207    unpop_precision@10 : 0.0456
Mon 01 Dec 2025 18:18:56 INFO  epoch 76 training [time: 54.75s, train loss: 1057.1280]
Mon 01 Dec 2025 18:19:50 INFO  epoch 77 training [time: 54.53s, train loss: 1076.8261]
Mon 01 Dec 2025 18:19:51 INFO  epoch 77 evaluating [time: 0.55s, valid_score: 0.280600]
Mon 01 Dec 2025 18:19:51 INFO  valid result: 
recall@10 : 0.1641    pop_recall@10 : 0.2097    unpop_recall@10 : 0.0723    mrr@10 : 0.3879    pop_mrr@10 : 0.3232    unpop_mrr@10 : 0.1073    ndcg@10 : 0.2157    pop_ndcg@10 : 0.1938    unpop_ndcg@10 : 0.0649    hit@10 : 0.754    pop_hit@10 : 0.6483    unpop_hit@10 : 0.3159    precision@10 : 0.1655    pop_precision@10 : 0.1192    unpop_precision@10 : 0.0463
Mon 01 Dec 2025 18:20:46 INFO  epoch 78 training [time: 54.62s, train loss: 1053.1194]
Mon 01 Dec 2025 18:21:38 INFO  epoch 79 training [time: 52.60s, train loss: 1054.2554]
Mon 01 Dec 2025 18:21:39 INFO  epoch 79 evaluating [time: 0.48s, valid_score: 0.281100]
Mon 01 Dec 2025 18:21:39 INFO  valid result: 
recall@10 : 0.1644    pop_recall@10 : 0.21    unpop_recall@10 : 0.0722    mrr@10 : 0.3892    pop_mrr@10 : 0.325    unpop_mrr@10 : 0.1066    ndcg@10 : 0.2164    pop_ndcg@10 : 0.1948    unpop_ndcg@10 : 0.0647    hit@10 : 0.7535    pop_hit@10 : 0.6488    unpop_hit@10 : 0.3139    precision@10 : 0.1658    pop_precision@10 : 0.1196    unpop_precision@10 : 0.0462
Mon 01 Dec 2025 18:21:39 INFO  Saving current: saved/FairLightGCN-Dec-01-2025_17-10-11.pth
Mon 01 Dec 2025 18:22:31 INFO  epoch 80 training [time: 52.33s, train loss: 1070.0676]
Mon 01 Dec 2025 18:23:24 INFO  epoch 81 training [time: 53.02s, train loss: 1059.0363]
Mon 01 Dec 2025 18:23:25 INFO  epoch 81 evaluating [time: 0.47s, valid_score: 0.281500]
Mon 01 Dec 2025 18:23:25 INFO  valid result: 
recall@10 : 0.1651    pop_recall@10 : 0.2115    unpop_recall@10 : 0.072    mrr@10 : 0.3902    pop_mrr@10 : 0.3263    unpop_mrr@10 : 0.1061    ndcg@10 : 0.2171    pop_ndcg@10 : 0.1961    unpop_ndcg@10 : 0.0644    hit@10 : 0.7556    pop_hit@10 : 0.652    unpop_hit@10 : 0.3123    precision@10 : 0.1663    pop_precision@10 : 0.1205    unpop_precision@10 : 0.0458
Mon 01 Dec 2025 18:23:25 INFO  Saving current: saved/FairLightGCN-Dec-01-2025_17-10-11.pth
Mon 01 Dec 2025 18:24:18 INFO  epoch 82 training [time: 52.91s, train loss: 1078.4906]
Mon 01 Dec 2025 18:25:10 INFO  epoch 83 training [time: 52.72s, train loss: 1088.4355]
Mon 01 Dec 2025 18:25:11 INFO  epoch 83 evaluating [time: 0.47s, valid_score: 0.281600]
Mon 01 Dec 2025 18:25:11 INFO  valid result: 
recall@10 : 0.1645    pop_recall@10 : 0.2104    unpop_recall@10 : 0.0721    mrr@10 : 0.3898    pop_mrr@10 : 0.3254    unpop_mrr@10 : 0.1068    ndcg@10 : 0.2168    pop_ndcg@10 : 0.1952    unpop_ndcg@10 : 0.0648    hit@10 : 0.7546    pop_hit@10 : 0.65    unpop_hit@10 : 0.3134    precision@10 : 0.166    pop_precision@10 : 0.1198    unpop_precision@10 : 0.0462
Mon 01 Dec 2025 18:25:11 INFO  Saving current: saved/FairLightGCN-Dec-01-2025_17-10-11.pth
Mon 01 Dec 2025 18:26:04 INFO  epoch 84 training [time: 52.92s, train loss: 1074.1972]
Mon 01 Dec 2025 18:26:57 INFO  epoch 85 training [time: 52.95s, train loss: 1060.0406]
Mon 01 Dec 2025 18:26:57 INFO  epoch 85 evaluating [time: 0.47s, valid_score: 0.281400]
Mon 01 Dec 2025 18:26:57 INFO  valid result: 
recall@10 : 0.1644    pop_recall@10 : 0.2094    unpop_recall@10 : 0.0728    mrr@10 : 0.3889    pop_mrr@10 : 0.3243    unpop_mrr@10 : 0.1072    ndcg@10 : 0.2162    pop_ndcg@10 : 0.1943    unpop_ndcg@10 : 0.0652    hit@10 : 0.754    pop_hit@10 : 0.6477    unpop_hit@10 : 0.3151    precision@10 : 0.1655    pop_precision@10 : 0.1191    unpop_precision@10 : 0.0464
Mon 01 Dec 2025 18:27:50 INFO  epoch 86 training [time: 52.99s, train loss: 1075.1298]
Mon 01 Dec 2025 18:28:41 INFO  epoch 87 training [time: 50.64s, train loss: 1092.0907]
Mon 01 Dec 2025 18:28:41 INFO  epoch 87 evaluating [time: 0.51s, valid_score: 0.281400]
Mon 01 Dec 2025 18:28:41 INFO  valid result: 
recall@10 : 0.1645    pop_recall@10 : 0.2101    unpop_recall@10 : 0.0725    mrr@10 : 0.3881    pop_mrr@10 : 0.3235    unpop_mrr@10 : 0.1074    ndcg@10 : 0.2161    pop_ndcg@10 : 0.1941    unpop_ndcg@10 : 0.0653    hit@10 : 0.7548    pop_hit@10 : 0.6492    unpop_hit@10 : 0.3152    precision@10 : 0.1656    pop_precision@10 : 0.119    unpop_precision@10 : 0.0466
Mon 01 Dec 2025 18:29:34 INFO  epoch 88 training [time: 52.49s, train loss: 1075.9024]
Mon 01 Dec 2025 18:30:28 INFO  epoch 89 training [time: 54.50s, train loss: 1067.0599]
Mon 01 Dec 2025 18:30:29 INFO  epoch 89 evaluating [time: 0.59s, valid_score: 0.280800]
Mon 01 Dec 2025 18:30:29 INFO  valid result: 
recall@10 : 0.1647    pop_recall@10 : 0.2107    unpop_recall@10 : 0.0722    mrr@10 : 0.3882    pop_mrr@10 : 0.3239    unpop_mrr@10 : 0.1067    ndcg@10 : 0.2161    pop_ndcg@10 : 0.1946    unpop_ndcg@10 : 0.0647    hit@10 : 0.7545    pop_hit@10 : 0.6497    unpop_hit@10 : 0.3132    precision@10 : 0.1654    pop_precision@10 : 0.1194    unpop_precision@10 : 0.046
Mon 01 Dec 2025 18:31:24 INFO  epoch 90 training [time: 54.90s, train loss: 1044.8133]
Mon 01 Dec 2025 18:32:19 INFO  epoch 91 training [time: 54.83s, train loss: 1053.2135]
Mon 01 Dec 2025 18:32:19 INFO  epoch 91 evaluating [time: 0.61s, valid_score: 0.281100]
Mon 01 Dec 2025 18:32:19 INFO  valid result: 
recall@10 : 0.1649    pop_recall@10 : 0.2105    unpop_recall@10 : 0.0726    mrr@10 : 0.3893    pop_mrr@10 : 0.3255    unpop_mrr@10 : 0.1063    ndcg@10 : 0.2164    pop_ndcg@10 : 0.1951    unpop_ndcg@10 : 0.0647    hit@10 : 0.7553    pop_hit@10 : 0.6507    unpop_hit@10 : 0.3152    precision@10 : 0.1655    pop_precision@10 : 0.1195    unpop_precision@10 : 0.046
Mon 01 Dec 2025 18:33:14 INFO  epoch 92 training [time: 54.68s, train loss: 1064.7402]
Mon 01 Dec 2025 18:34:08 INFO  epoch 93 training [time: 54.36s, train loss: 1066.1600]
Mon 01 Dec 2025 18:34:09 INFO  epoch 93 evaluating [time: 0.60s, valid_score: 0.281400]
Mon 01 Dec 2025 18:34:09 INFO  valid result: 
recall@10 : 0.1653    pop_recall@10 : 0.2113    unpop_recall@10 : 0.0727    mrr@10 : 0.3892    pop_mrr@10 : 0.3254    unpop_mrr@10 : 0.1065    ndcg@10 : 0.2166    pop_ndcg@10 : 0.1953    unpop_ndcg@10 : 0.0648    hit@10 : 0.756    pop_hit@10 : 0.6518    unpop_hit@10 : 0.3152    precision@10 : 0.166    pop_precision@10 : 0.1198    unpop_precision@10 : 0.0462
Mon 01 Dec 2025 18:35:04 INFO  epoch 94 training [time: 54.62s, train loss: 1050.7365]
Mon 01 Dec 2025 18:35:58 INFO  epoch 95 training [time: 54.39s, train loss: 1039.5086]
Mon 01 Dec 2025 18:35:59 INFO  epoch 95 evaluating [time: 0.60s, valid_score: 0.281400]
Mon 01 Dec 2025 18:35:59 INFO  valid result: 
recall@10 : 0.1654    pop_recall@10 : 0.212    unpop_recall@10 : 0.0722    mrr@10 : 0.3907    pop_mrr@10 : 0.3275    unpop_mrr@10 : 0.1058    ndcg@10 : 0.2171    pop_ndcg@10 : 0.1964    unpop_ndcg@10 : 0.0643    hit@10 : 0.7561    pop_hit@10 : 0.6528    unpop_hit@10 : 0.3132    precision@10 : 0.166    pop_precision@10 : 0.1203    unpop_precision@10 : 0.0457
Mon 01 Dec 2025 18:36:53 INFO  epoch 96 training [time: 54.39s, train loss: 1027.5467]
Mon 01 Dec 2025 18:37:48 INFO  epoch 97 training [time: 54.89s, train loss: 1045.7249]
Mon 01 Dec 2025 18:37:49 INFO  epoch 97 evaluating [time: 0.62s, valid_score: 0.281400]
Mon 01 Dec 2025 18:37:49 INFO  valid result: 
recall@10 : 0.1651    pop_recall@10 : 0.2116    unpop_recall@10 : 0.0727    mrr@10 : 0.39    pop_mrr@10 : 0.3263    unpop_mrr@10 : 0.1064    ndcg@10 : 0.2167    pop_ndcg@10 : 0.1957    unpop_ndcg@10 : 0.0647    hit@10 : 0.7561    pop_hit@10 : 0.6525    unpop_hit@10 : 0.3147    precision@10 : 0.1659    pop_precision@10 : 0.1198    unpop_precision@10 : 0.046
Mon 01 Dec 2025 18:38:43 INFO  epoch 98 training [time: 54.59s, train loss: 1053.5308]
Mon 01 Dec 2025 18:39:38 INFO  epoch 99 training [time: 54.79s, train loss: 1059.8631]
Mon 01 Dec 2025 18:39:38 INFO  epoch 99 evaluating [time: 0.58s, valid_score: 0.281100]
Mon 01 Dec 2025 18:39:38 INFO  valid result: 
recall@10 : 0.1653    pop_recall@10 : 0.2118    unpop_recall@10 : 0.0727    mrr@10 : 0.3899    pop_mrr@10 : 0.3262    unpop_mrr@10 : 0.1066    ndcg@10 : 0.2163    pop_ndcg@10 : 0.1952    unpop_ndcg@10 : 0.0648    hit@10 : 0.7558    pop_hit@10 : 0.6518    unpop_hit@10 : 0.3144    precision@10 : 0.1652    pop_precision@10 : 0.1192    unpop_precision@10 : 0.046
Mon 01 Dec 2025 18:39:39 INFO  Loading model structure and parameters from saved/FairLightGCN-Dec-01-2025_17-10-11.pth
Mon 01 Dec 2025 18:39:39 INFO  count    1590.000000
mean       37.987421
std        54.881793
min         1.000000
25%         3.000000
50%        16.000000
75%        49.000000
max       467.000000
dtype: float64
Mon 01 Dec 2025 18:39:40 INFO  The running environment of this training is as follows:
+-------------+-----------------+
| Environment |      Usage      |
+=============+=================+
| CPU         |     24.10 %     |
+-------------+-----------------+
| GPU         | 0.30 G/47.53 G  |
+-------------+-----------------+
| Memory      | 2.00 G/251.48 G |
+-------------+-----------------+
Mon 01 Dec 2025 18:39:40 INFO  best valid : OrderedDict([('recall@10', 0.1645), ('pop_recall@10', 0.2104), ('unpop_recall@10', 0.0721), ('mrr@10', 0.3898), ('pop_mrr@10', 0.3254), ('unpop_mrr@10', 0.1068), ('ndcg@10', 0.2168), ('pop_ndcg@10', 0.1952), ('unpop_ndcg@10', 0.0648), ('hit@10', 0.7546), ('pop_hit@10', 0.65), ('unpop_hit@10', 0.3134), ('precision@10', 0.166), ('pop_precision@10', 0.1198), ('unpop_precision@10', 0.0462)])
Mon 01 Dec 2025 18:39:40 INFO  test result: OrderedDict([('recall@10', 0.18475296357615892), ('pop_recall@10', 0.23301597682119207), ('unpop_recall@10', 0.08712889072847682), ('mrr@10', 0.46762706953642386), ('pop_mrr@10', 0.38988509933774834), ('unpop_mrr@10', 0.1402455629139073), ('ndcg@10', 0.26904673841059606), ('pop_ndcg@10', 0.23266003311258276), ('unpop_ndcg@10', 0.08560814569536425), ('hit@10', 0.7839403973509934), ('pop_hit@10', 0.6864238410596026), ('unpop_hit@10', 0.36357615894039735), ('precision@10', 0.20430463576158941), ('pop_precision@10', 0.14256622516556294), ('unpop_precision@10', 0.061738410596026486)])
