Mon 01 Dec 2025 17:10:11 INFO  ['run_recbole.py', '--model', 'FairLightGCN', '--datset', 'ml-1m', '--gpu_ids', '2', '--enable_user_loss', 'True', '--item_rq_loss_rate', '0.0', '--pop_rate', '0.1', '--pop_loss_rate', '0.0', '--description', '不加任何rq和pop_loss', '只机上原始的user_loss和itemloss12', '--item_loss_type', 'loss12']
Mon 01 Dec 2025 17:10:11 INFO  
General Hyper Parameters:
gpu_id = 0
use_gpu = True
seed = 2020
state = INFO
reproducibility = True
data_path = dataset/ml-1m
checkpoint_dir = saved
show_progress = True
save_dataset = False
dataset_save_path = None
save_dataloaders = False
dataloaders_save_path = None
log_wandb = False

Training Hyper Parameters:
epochs = 100
train_batch_size = 1024
learner = adam
learning_rate = 0.001
train_neg_sample_args = {'distribution': 'uniform', 'sample_num': 1, 'alpha': 1.0, 'dynamic': False, 'candidate_num': 0}
eval_step = 2
stopping_step = 10
clip_grad_norm = None
weight_decay = 0.0
loss_decimal_place = 4

Evaluation Hyper Parameters:
eval_args = {'split': {'RS': [0.8, 0.1, 0.1]}, 'order': 'RO', 'group_by': 'user', 'mode': {'valid': 'full', 'test': 'full'}}
repeatable = False
metrics = ['Recall', 'MRR', 'NDCG', 'Hit', 'Precision']
topk = [10]
valid_metric = ['NDCG@10', 'UNPOP_NDCG@10']
valid_metric_bigger = True
eval_batch_size = 102400
metric_decimal_place = 4

Dataset Hyper Parameters:
train_batch_size = 1024
eval_batch_size = 102400
field_separator = 	
seq_separator =  
USER_ID_FIELD = user_id
ITEM_ID_FIELD = item_id
RATING_FIELD = rating
TIME_FIELD = timestamp
seq_len = None
LABEL_FIELD = label
threshold = None
NEG_PREFIX = neg_
numerical_features = ['popularity']
load_col = {'inter': ['user_id', 'item_id', 'rating', 'timestamp'], 'user': ['user_id', 'age', 'gender', 'occupation'], 'item': ['item_id', 'release_year', 'genre', 'popularity']}
unload_col = None
unused_col = None
additional_feat_suffix = None
rm_dup_inter = None
val_interval = None
filter_inter_by_user_or_item = True
user_inter_num_interval = None
item_inter_num_interval = None
alias_of_user_id = None
alias_of_item_id = None
alias_of_entity_id = None
alias_of_relation_id = None
preload_weight = None
normalize_field = ['timestamp', 'rating']
normalize_all = False
discretization = {'popularity': {'method': 'LD', 'bucket': 10}}
ITEM_LIST_LENGTH_FIELD = item_length
LIST_SUFFIX = _list
MAX_ITEM_LIST_LENGTH = 50
POSITION_FIELD = position_id
HEAD_ENTITY_ID_FIELD = head_id
TAIL_ENTITY_ID_FIELD = tail_id
RELATION_ID_FIELD = relation_id
ENTITY_ID_FIELD = entity_id
kg_reverse_r = False
entity_kg_num_interval = None
relation_kg_num_interval = None
benchmark_filename = None
save_single_user = True
save_base_path = output
attr = {'user': {'need_inter_num': True, 'need_inter_hour': True, 'need_rating': True, 'need_item_genre': True, 'need_item_year': True, 'need_zipcode_to_region': True}, 'item': {'need_inter_num': True, 'need_inter_hour': True, 'need_rating': True, 'need_age': True, 'need_gender': True, 'need_occupation': True, 'need_region': True}, 'interaction': {'timestamp_unit': 's'}}
to_bin = {'user': {'mean_rating': {'n_bins': 5}, 'interaction_nums': {'n_bins': 5}}, 'item': {'mean_rating': {'n_bins': 5}, 'interaction_nums': {'n_bins': 5}}}

Other Hyper Parameters: 
worker = 0
wandb_project = recbole
shuffle = True
require_pow = False
enable_amp = False
enable_scaler = False
transform = None
export_topk_recs = True
export_topk_dir = None
export_topk_filename = None
export_topk_item_separator = None
export_topk_separate_columns = None
embedding_size = 64
n_layers = 2
reg_weight = 1e-05
MODEL_TYPE = ModelType.GENERAL
MODEL_INPUT_TYPE = InputType.PAIRWISE
eval_type = EvaluatorType.RANKING
single_spec = True
local_rank = 0
device = cuda
valid_neg_sample_args = {'distribution': 'uniform', 'sample_num': 'none'}
test_neg_sample_args = {'distribution': 'uniform', 'sample_num': 'none'}
nproc = 1
ip = localhost
port = 5678
world_size = -1
group_offset = 0
gpu_ids = 2
cl_rate = 0.2
enable_user_loss = True
item_loss_type = loss12
item_rq_loss_rate = 0.0
beta = 0.2
log_type = fair
pop_rate = 0.1
gama = 0.2
description = 不加任何rq和pop_loss
mode = train
pop_loss_rate = 0.0


Mon 01 Dec 2025 17:10:14 INFO  ml-1m
The number of users: 6041
Average actions of users: 165.5975165562914
The number of items: 3884
Average actions of items: 269.88909875876953
The number of inters: 1000209
The sparsity of the dataset: 95.73712398848173%
Remain Fields: ['user_id', 'item_id', 'rating', 'timestamp', 'age', 'gender', 'occupation', 'release_year', 'genre', 'popularity']
Mon 01 Dec 2025 17:10:17 INFO  [Training]: train_batch_size = [1024] train_neg_sample_args: [{'distribution': 'uniform', 'sample_num': 1, 'alpha': 1.0, 'dynamic': False, 'candidate_num': 0}]
Mon 01 Dec 2025 17:10:17 INFO  [Evaluation]: eval_batch_size = [102400] eval_args: [{'split': {'RS': [0.8, 0.1, 0.1]}, 'order': 'RO', 'group_by': 'user', 'mode': {'valid': 'full', 'test': 'full'}}]
Mon 01 Dec 2025 17:10:17 INFO  FairLightGCN(
  (user_embedding): Embedding(6041, 64)
  (item_embedding): Embedding(3884, 64)
  (mf_loss): BPRLoss()
  (reg_loss): EmbLoss()
  (rq_model_item): RQVAE(
    (encoder): MLPLayers(
      (mlp_layers): Sequential(
        (0): Dropout(p=0, inplace=False)
        (1): Linear(in_features=192, out_features=64, bias=True)
        (2): Sigmoid()
        (3): Dropout(p=0, inplace=False)
        (4): Linear(in_features=64, out_features=32, bias=True)
        (5): Sigmoid()
        (6): Dropout(p=0, inplace=False)
        (7): Linear(in_features=32, out_features=16, bias=True)
      )
    )
    (rq): ResidualVectorQuantizer(
      (vq_layers): ModuleList(
        (0-2): 3 x VectorQuantizer(
          (embedding): Embedding(8, 16)
        )
      )
    )
    (decoder): MLPLayers(
      (mlp_layers): Sequential(
        (0): Dropout(p=0, inplace=False)
        (1): Linear(in_features=16, out_features=32, bias=True)
        (2): Sigmoid()
        (3): Dropout(p=0, inplace=False)
        (4): Linear(in_features=32, out_features=64, bias=True)
        (5): Sigmoid()
        (6): Dropout(p=0, inplace=False)
        (7): Linear(in_features=64, out_features=192, bias=True)
      )
    )
    (pop_decoder): MLPLayers(
      (mlp_layers): Sequential(
        (0): Dropout(p=0, inplace=False)
        (1): Linear(in_features=16, out_features=32, bias=True)
        (2): Sigmoid()
        (3): Dropout(p=0, inplace=False)
        (4): Linear(in_features=32, out_features=64, bias=True)
        (5): Sigmoid()
        (6): Dropout(p=0, inplace=False)
        (7): Linear(in_features=64, out_features=192, bias=True)
        (8): Sigmoid()
        (9): Dropout(p=0, inplace=False)
        (10): Linear(in_features=192, out_features=64, bias=True)
      )
    )
    (W_gate): Linear(in_features=192, out_features=192, bias=True)
  )
)
Trainable parameters: 730224
Mon 01 Dec 2025 17:10:17 INFO  FLOPs: 0.0
Mon 01 Dec 2025 17:11:12 INFO  epoch 0 training [time: 54.43s, train loss: 1002.1221]
Mon 01 Dec 2025 17:12:03 INFO  epoch 1 training [time: 50.99s, train loss: 941.1567]
Mon 01 Dec 2025 17:12:04 INFO  epoch 1 evaluating [time: 0.52s, valid_score: 0.207000]
Mon 01 Dec 2025 17:12:04 INFO  valid result: 
recall@10 : 0.0979    pop_recall@10 : 0.0842    unpop_recall@10 : 0.0926    mrr@10 : 0.2574    pop_mrr@10 : 0.1426    unpop_mrr@10 : 0.1403    ndcg@10 : 0.1253    pop_ndcg@10 : 0.0738    unpop_ndcg@10 : 0.0817    hit@10 : 0.5786    pop_hit@10 : 0.3472    unpop_hit@10 : 0.3593    precision@10 : 0.0947    pop_precision@10 : 0.0438    unpop_precision@10 : 0.0509
Mon 01 Dec 2025 17:12:04 INFO  Saving current: saved/FairLightGCN-Dec-01-2025_17-10-17.pth
Mon 01 Dec 2025 17:12:54 INFO  epoch 2 training [time: 50.53s, train loss: 922.0643]
Mon 01 Dec 2025 17:13:46 INFO  epoch 3 training [time: 51.56s, train loss: 910.6067]
Mon 01 Dec 2025 17:13:47 INFO  epoch 3 evaluating [time: 0.54s, valid_score: 0.202300]
Mon 01 Dec 2025 17:13:47 INFO  valid result: 
recall@10 : 0.0909    pop_recall@10 : 0.0703    unpop_recall@10 : 0.0953    mrr@10 : 0.2419    pop_mrr@10 : 0.1169    unpop_mrr@10 : 0.1476    ndcg@10 : 0.1171    pop_ndcg@10 : 0.0603    unpop_ndcg@10 : 0.0852    hit@10 : 0.5472    pop_hit@10 : 0.3005    unpop_hit@10 : 0.3632    precision@10 : 0.0891    pop_precision@10 : 0.0368    unpop_precision@10 : 0.0522
Mon 01 Dec 2025 17:14:38 INFO  epoch 4 training [time: 51.12s, train loss: 901.8856]
Mon 01 Dec 2025 17:15:31 INFO  epoch 5 training [time: 53.00s, train loss: 893.6606]
Mon 01 Dec 2025 17:15:31 INFO  epoch 5 evaluating [time: 0.59s, valid_score: 0.209400]
Mon 01 Dec 2025 17:15:31 INFO  valid result: 
recall@10 : 0.0897    pop_recall@10 : 0.063    unpop_recall@10 : 0.0998    mrr@10 : 0.2417    pop_mrr@10 : 0.1034    unpop_mrr@10 : 0.1596    ndcg@10 : 0.1173    pop_ndcg@10 : 0.0528    unpop_ndcg@10 : 0.0921    hit@10 : 0.5414    pop_hit@10 : 0.2692    unpop_hit@10 : 0.3811    precision@10 : 0.0895    pop_precision@10 : 0.032    unpop_precision@10 : 0.0575
Mon 01 Dec 2025 17:15:31 INFO  Saving current: saved/FairLightGCN-Dec-01-2025_17-10-17.pth
Mon 01 Dec 2025 17:16:25 INFO  epoch 6 training [time: 54.00s, train loss: 883.7080]
Mon 01 Dec 2025 17:17:20 INFO  epoch 7 training [time: 54.20s, train loss: 868.2856]
Mon 01 Dec 2025 17:17:20 INFO  epoch 7 evaluating [time: 0.57s, valid_score: 0.222900]
Mon 01 Dec 2025 17:17:20 INFO  valid result: 
recall@10 : 0.0914    pop_recall@10 : 0.0643    unpop_recall@10 : 0.1021    mrr@10 : 0.2496    pop_mrr@10 : 0.0975    unpop_mrr@10 : 0.175    ndcg@10 : 0.1231    pop_ndcg@10 : 0.0521    unpop_ndcg@10 : 0.0998    hit@10 : 0.5526    pop_hit@10 : 0.2626    unpop_hit@10 : 0.4023    precision@10 : 0.0944    pop_precision@10 : 0.0307    unpop_precision@10 : 0.0636
Mon 01 Dec 2025 17:17:20 INFO  Saving current: saved/FairLightGCN-Dec-01-2025_17-10-17.pth
Mon 01 Dec 2025 17:18:14 INFO  epoch 8 training [time: 53.81s, train loss: 840.7938]
Mon 01 Dec 2025 17:19:08 INFO  epoch 9 training [time: 53.99s, train loss: 800.6770]
Mon 01 Dec 2025 17:19:09 INFO  epoch 9 evaluating [time: 0.56s, valid_score: 0.245200]
Mon 01 Dec 2025 17:19:09 INFO  valid result: 
recall@10 : 0.1028    pop_recall@10 : 0.0854    unpop_recall@10 : 0.1039    mrr@10 : 0.2811    pop_mrr@10 : 0.1435    unpop_mrr@10 : 0.172    ndcg@10 : 0.144    pop_ndcg@10 : 0.0758    unpop_ndcg@10 : 0.1012    hit@10 : 0.6003    pop_hit@10 : 0.3536    unpop_hit@10 : 0.4119    precision@10 : 0.1126    pop_precision@10 : 0.046    unpop_precision@10 : 0.0666
Mon 01 Dec 2025 17:19:09 INFO  Saving current: saved/FairLightGCN-Dec-01-2025_17-10-17.pth
Mon 01 Dec 2025 17:20:02 INFO  epoch 10 training [time: 53.45s, train loss: 757.8659]
Mon 01 Dec 2025 17:20:56 INFO  epoch 11 training [time: 53.94s, train loss: 716.1730]
Mon 01 Dec 2025 17:20:57 INFO  epoch 11 evaluating [time: 0.61s, valid_score: 0.264000]
Mon 01 Dec 2025 17:20:57 INFO  valid result: 
recall@10 : 0.1404    pop_recall@10 : 0.1676    unpop_recall@10 : 0.0778    mrr@10 : 0.3576    pop_mrr@10 : 0.2803    unpop_mrr@10 : 0.1168    ndcg@10 : 0.1931    pop_ndcg@10 : 0.1606    unpop_ndcg@10 : 0.0709    hit@10 : 0.7048    pop_hit@10 : 0.5791    unpop_hit@10 : 0.3205    precision@10 : 0.1498    pop_precision@10 : 0.1018    unpop_precision@10 : 0.0479
Mon 01 Dec 2025 17:20:57 INFO  Saving current: saved/FairLightGCN-Dec-01-2025_17-10-17.pth
Mon 01 Dec 2025 17:21:49 INFO  epoch 12 training [time: 51.75s, train loss: 689.3797]
Mon 01 Dec 2025 17:22:41 INFO  epoch 13 training [time: 52.39s, train loss: 671.0612]
Mon 01 Dec 2025 17:22:42 INFO  epoch 13 evaluating [time: 0.58s, valid_score: 0.268600]
Mon 01 Dec 2025 17:22:42 INFO  valid result: 
recall@10 : 0.1484    pop_recall@10 : 0.186    unpop_recall@10 : 0.0726    mrr@10 : 0.3698    pop_mrr@10 : 0.3001    unpop_mrr@10 : 0.1097    ndcg@10 : 0.2022    pop_ndcg@10 : 0.1758    unpop_ndcg@10 : 0.0664    hit@10 : 0.7232    pop_hit@10 : 0.6131    unpop_hit@10 : 0.3083    precision@10 : 0.1566    pop_precision@10 : 0.111    unpop_precision@10 : 0.0456
Mon 01 Dec 2025 17:22:42 INFO  Saving current: saved/FairLightGCN-Dec-01-2025_17-10-17.pth
Mon 01 Dec 2025 17:23:35 INFO  epoch 14 training [time: 53.42s, train loss: 657.5370]
Mon 01 Dec 2025 17:24:29 INFO  epoch 15 training [time: 53.37s, train loss: 646.0158]
Mon 01 Dec 2025 17:24:29 INFO  epoch 15 evaluating [time: 0.57s, valid_score: 0.272000]
Mon 01 Dec 2025 17:24:29 INFO  valid result: 
recall@10 : 0.1529    pop_recall@10 : 0.193    unpop_recall@10 : 0.0724    mrr@10 : 0.3755    pop_mrr@10 : 0.307    unpop_mrr@10 : 0.1089    ndcg@10 : 0.2062    pop_ndcg@10 : 0.1812    unpop_ndcg@10 : 0.0658    hit@10 : 0.7336    pop_hit@10 : 0.6243    unpop_hit@10 : 0.3106    precision@10 : 0.1592    pop_precision@10 : 0.1136    unpop_precision@10 : 0.0456
Mon 01 Dec 2025 17:24:29 INFO  Saving current: saved/FairLightGCN-Dec-01-2025_17-10-17.pth
Mon 01 Dec 2025 17:25:23 INFO  epoch 16 training [time: 53.64s, train loss: 637.1081]
Mon 01 Dec 2025 17:26:16 INFO  epoch 17 training [time: 53.45s, train loss: 629.2836]
Mon 01 Dec 2025 17:26:17 INFO  epoch 17 evaluating [time: 0.59s, valid_score: 0.274100]
Mon 01 Dec 2025 17:26:17 INFO  valid result: 
recall@10 : 0.1552    pop_recall@10 : 0.1978    unpop_recall@10 : 0.0723    mrr@10 : 0.3789    pop_mrr@10 : 0.3123    unpop_mrr@10 : 0.1074    ndcg@10 : 0.2089    pop_ndcg@10 : 0.1852    unpop_ndcg@10 : 0.0652    hit@10 : 0.7369    pop_hit@10 : 0.6318    unpop_hit@10 : 0.3099    precision@10 : 0.1612    pop_precision@10 : 0.1158    unpop_precision@10 : 0.0453
Mon 01 Dec 2025 17:26:17 INFO  Saving current: saved/FairLightGCN-Dec-01-2025_17-10-17.pth
Mon 01 Dec 2025 17:27:09 INFO  epoch 18 training [time: 52.29s, train loss: 622.4873]
Mon 01 Dec 2025 17:28:03 INFO  epoch 19 training [time: 53.48s, train loss: 616.8873]
Mon 01 Dec 2025 17:28:03 INFO  epoch 19 evaluating [time: 0.58s, valid_score: 0.276700]
Mon 01 Dec 2025 17:28:03 INFO  valid result: 
recall@10 : 0.158    pop_recall@10 : 0.201    unpop_recall@10 : 0.0739    mrr@10 : 0.3822    pop_mrr@10 : 0.3161    unpop_mrr@10 : 0.1072    ndcg@10 : 0.2111    pop_ndcg@10 : 0.1879    unpop_ndcg@10 : 0.0656    hit@10 : 0.7447    pop_hit@10 : 0.6382    unpop_hit@10 : 0.3136    precision@10 : 0.1627    pop_precision@10 : 0.1169    unpop_precision@10 : 0.0458
Mon 01 Dec 2025 17:28:03 INFO  Saving current: saved/FairLightGCN-Dec-01-2025_17-10-17.pth
Mon 01 Dec 2025 17:28:56 INFO  epoch 20 training [time: 52.78s, train loss: 611.4858]
Mon 01 Dec 2025 17:29:49 INFO  epoch 21 training [time: 52.59s, train loss: 606.2650]
Mon 01 Dec 2025 17:29:49 INFO  epoch 21 evaluating [time: 0.60s, valid_score: 0.276800]
Mon 01 Dec 2025 17:29:49 INFO  valid result: 
recall@10 : 0.159    pop_recall@10 : 0.2026    unpop_recall@10 : 0.0743    mrr@10 : 0.3806    pop_mrr@10 : 0.3157    unpop_mrr@10 : 0.1066    ndcg@10 : 0.2113    pop_ndcg@10 : 0.1884    unpop_ndcg@10 : 0.0655    hit@10 : 0.7464    pop_hit@10 : 0.6411    unpop_hit@10 : 0.3149    precision@10 : 0.1634    pop_precision@10 : 0.1173    unpop_precision@10 : 0.0461
Mon 01 Dec 2025 17:29:50 INFO  Saving current: saved/FairLightGCN-Dec-01-2025_17-10-17.pth
Mon 01 Dec 2025 17:30:43 INFO  epoch 22 training [time: 53.19s, train loss: 602.4650]
Mon 01 Dec 2025 17:31:36 INFO  epoch 23 training [time: 52.76s, train loss: 598.4719]
Mon 01 Dec 2025 17:31:36 INFO  epoch 23 evaluating [time: 0.58s, valid_score: 0.278100]
Mon 01 Dec 2025 17:31:36 INFO  valid result: 
recall@10 : 0.16    pop_recall@10 : 0.2033    unpop_recall@10 : 0.0751    mrr@10 : 0.3819    pop_mrr@10 : 0.3169    unpop_mrr@10 : 0.1071    ndcg@10 : 0.2122    pop_ndcg@10 : 0.1891    unpop_ndcg@10 : 0.0659    hit@10 : 0.747    pop_hit@10 : 0.6411    unpop_hit@10 : 0.3182    precision@10 : 0.1638    pop_precision@10 : 0.1174    unpop_precision@10 : 0.0464
Mon 01 Dec 2025 17:31:36 INFO  Saving current: saved/FairLightGCN-Dec-01-2025_17-10-17.pth
Mon 01 Dec 2025 17:32:29 INFO  epoch 24 training [time: 52.99s, train loss: 594.4009]
Mon 01 Dec 2025 17:33:23 INFO  epoch 25 training [time: 53.60s, train loss: 590.8741]
Mon 01 Dec 2025 17:33:23 INFO  epoch 25 evaluating [time: 0.59s, valid_score: 0.279400]
Mon 01 Dec 2025 17:33:23 INFO  valid result: 
recall@10 : 0.1607    pop_recall@10 : 0.2043    unpop_recall@10 : 0.0749    mrr@10 : 0.3836    pop_mrr@10 : 0.3181    unpop_mrr@10 : 0.108    ndcg@10 : 0.2132    pop_ndcg@10 : 0.19    unpop_ndcg@10 : 0.0662    hit@10 : 0.75    pop_hit@10 : 0.6452    unpop_hit@10 : 0.3194    precision@10 : 0.1643    pop_precision@10 : 0.1179    unpop_precision@10 : 0.0464
Mon 01 Dec 2025 17:33:24 INFO  Saving current: saved/FairLightGCN-Dec-01-2025_17-10-17.pth
Mon 01 Dec 2025 17:34:17 INFO  epoch 26 training [time: 53.16s, train loss: 588.4723]
Mon 01 Dec 2025 17:35:10 INFO  epoch 27 training [time: 52.94s, train loss: 584.5650]
Mon 01 Dec 2025 17:35:10 INFO  epoch 27 evaluating [time: 0.58s, valid_score: 0.279700]
Mon 01 Dec 2025 17:35:10 INFO  valid result: 
recall@10 : 0.1618    pop_recall@10 : 0.2064    unpop_recall@10 : 0.0748    mrr@10 : 0.3857    pop_mrr@10 : 0.3221    unpop_mrr@10 : 0.1058    ndcg@10 : 0.2145    pop_ndcg@10 : 0.1926    unpop_ndcg@10 : 0.0652    hit@10 : 0.7528    pop_hit@10 : 0.649    unpop_hit@10 : 0.3172    precision@10 : 0.1652    pop_precision@10 : 0.1196    unpop_precision@10 : 0.0455
Mon 01 Dec 2025 17:35:10 INFO  Saving current: saved/FairLightGCN-Dec-01-2025_17-10-17.pth
Mon 01 Dec 2025 17:36:04 INFO  epoch 28 training [time: 53.17s, train loss: 582.5954]
Mon 01 Dec 2025 17:36:57 INFO  epoch 29 training [time: 53.71s, train loss: 579.9949]
Mon 01 Dec 2025 17:36:58 INFO  epoch 29 evaluating [time: 0.57s, valid_score: 0.280200]
Mon 01 Dec 2025 17:36:58 INFO  valid result: 
recall@10 : 0.1618    pop_recall@10 : 0.2059    unpop_recall@10 : 0.0752    mrr@10 : 0.3859    pop_mrr@10 : 0.3209    unpop_mrr@10 : 0.1072    ndcg@10 : 0.2144    pop_ndcg@10 : 0.1919    unpop_ndcg@10 : 0.0658    hit@10 : 0.7536    pop_hit@10 : 0.6477    unpop_hit@10 : 0.3194    precision@10 : 0.165    pop_precision@10 : 0.1189    unpop_precision@10 : 0.0461
Mon 01 Dec 2025 17:36:58 INFO  Saving current: saved/FairLightGCN-Dec-01-2025_17-10-17.pth
Mon 01 Dec 2025 17:37:51 INFO  epoch 30 training [time: 53.19s, train loss: 577.0393]
Mon 01 Dec 2025 17:38:44 INFO  epoch 31 training [time: 53.04s, train loss: 574.7969]
Mon 01 Dec 2025 17:38:45 INFO  epoch 31 evaluating [time: 0.56s, valid_score: 0.279900]
Mon 01 Dec 2025 17:38:45 INFO  valid result: 
recall@10 : 0.1618    pop_recall@10 : 0.2064    unpop_recall@10 : 0.074    mrr@10 : 0.3868    pop_mrr@10 : 0.3227    unpop_mrr@10 : 0.1063    ndcg@10 : 0.2148    pop_ndcg@10 : 0.1929    unpop_ndcg@10 : 0.0651    hit@10 : 0.7522    pop_hit@10 : 0.6477    unpop_hit@10 : 0.3166    precision@10 : 0.165    pop_precision@10 : 0.1194    unpop_precision@10 : 0.0456
Mon 01 Dec 2025 17:39:36 INFO  epoch 32 training [time: 51.74s, train loss: 573.7069]
Mon 01 Dec 2025 17:40:30 INFO  epoch 33 training [time: 53.11s, train loss: 570.7143]
Mon 01 Dec 2025 17:40:30 INFO  epoch 33 evaluating [time: 0.61s, valid_score: 0.280500]
Mon 01 Dec 2025 17:40:30 INFO  valid result: 
recall@10 : 0.1628    pop_recall@10 : 0.2065    unpop_recall@10 : 0.0758    mrr@10 : 0.3858    pop_mrr@10 : 0.3209    unpop_mrr@10 : 0.1077    ndcg@10 : 0.2145    pop_ndcg@10 : 0.1919    unpop_ndcg@10 : 0.066    hit@10 : 0.7533    pop_hit@10 : 0.647    unpop_hit@10 : 0.3217    precision@10 : 0.1648    pop_precision@10 : 0.1186    unpop_precision@10 : 0.0462
Mon 01 Dec 2025 17:40:30 INFO  Saving current: saved/FairLightGCN-Dec-01-2025_17-10-17.pth
Mon 01 Dec 2025 17:41:24 INFO  epoch 34 training [time: 53.30s, train loss: 569.2846]
Mon 01 Dec 2025 17:42:16 INFO  epoch 35 training [time: 52.31s, train loss: 567.2850]
Mon 01 Dec 2025 17:42:16 INFO  epoch 35 evaluating [time: 0.57s, valid_score: 0.280800]
Mon 01 Dec 2025 17:42:16 INFO  valid result: 
recall@10 : 0.1633    pop_recall@10 : 0.207    unpop_recall@10 : 0.0761    mrr@10 : 0.3873    pop_mrr@10 : 0.3237    unpop_mrr@10 : 0.1064    ndcg@10 : 0.2151    pop_ndcg@10 : 0.193    unpop_ndcg@10 : 0.0657    hit@10 : 0.755    pop_hit@10 : 0.6488    unpop_hit@10 : 0.3212    precision@10 : 0.1651    pop_precision@10 : 0.1191    unpop_precision@10 : 0.0461
Mon 01 Dec 2025 17:42:17 INFO  Saving current: saved/FairLightGCN-Dec-01-2025_17-10-17.pth
Mon 01 Dec 2025 17:43:10 INFO  epoch 36 training [time: 53.02s, train loss: 565.0231]
Mon 01 Dec 2025 17:44:04 INFO  epoch 37 training [time: 53.92s, train loss: 563.2947]
Mon 01 Dec 2025 17:44:04 INFO  epoch 37 evaluating [time: 0.59s, valid_score: 0.280700]
Mon 01 Dec 2025 17:44:04 INFO  valid result: 
recall@10 : 0.1636    pop_recall@10 : 0.2081    unpop_recall@10 : 0.0756    mrr@10 : 0.3873    pop_mrr@10 : 0.3248    unpop_mrr@10 : 0.1052    ndcg@10 : 0.2157    pop_ndcg@10 : 0.1942    unpop_ndcg@10 : 0.065    hit@10 : 0.7565    pop_hit@10 : 0.6531    unpop_hit@10 : 0.3179    precision@10 : 0.1657    pop_precision@10 : 0.12    unpop_precision@10 : 0.0457
Mon 01 Dec 2025 17:44:57 INFO  epoch 38 training [time: 52.81s, train loss: 562.7109]
Mon 01 Dec 2025 17:45:50 INFO  epoch 39 training [time: 53.46s, train loss: 560.3067]
Mon 01 Dec 2025 17:45:51 INFO  epoch 39 evaluating [time: 0.59s, valid_score: 0.280800]
Mon 01 Dec 2025 17:45:51 INFO  valid result: 
recall@10 : 0.1632    pop_recall@10 : 0.2077    unpop_recall@10 : 0.0756    mrr@10 : 0.3875    pop_mrr@10 : 0.3252    unpop_mrr@10 : 0.1049    ndcg@10 : 0.2157    pop_ndcg@10 : 0.1942    unpop_ndcg@10 : 0.0651    hit@10 : 0.7556    pop_hit@10 : 0.6513    unpop_hit@10 : 0.3172    precision@10 : 0.1654    pop_precision@10 : 0.1198    unpop_precision@10 : 0.0456
Mon 01 Dec 2025 17:45:51 INFO  Saving current: saved/FairLightGCN-Dec-01-2025_17-10-17.pth
Mon 01 Dec 2025 17:46:44 INFO  epoch 40 training [time: 52.71s, train loss: 559.0961]
Mon 01 Dec 2025 17:47:37 INFO  epoch 41 training [time: 53.58s, train loss: 557.3274]
Mon 01 Dec 2025 17:47:38 INFO  epoch 41 evaluating [time: 0.59s, valid_score: 0.280300]
Mon 01 Dec 2025 17:47:38 INFO  valid result: 
recall@10 : 0.1634    pop_recall@10 : 0.2087    unpop_recall@10 : 0.0752    mrr@10 : 0.3878    pop_mrr@10 : 0.3274    unpop_mrr@10 : 0.1031    ndcg@10 : 0.2161    pop_ndcg@10 : 0.1956    unpop_ndcg@10 : 0.0642    hit@10 : 0.7541    pop_hit@10 : 0.6525    unpop_hit@10 : 0.3146    precision@10 : 0.1657    pop_precision@10 : 0.1205    unpop_precision@10 : 0.0452
Mon 01 Dec 2025 17:48:30 INFO  epoch 42 training [time: 51.69s, train loss: 555.9889]
Mon 01 Dec 2025 17:49:23 INFO  epoch 43 training [time: 53.11s, train loss: 554.4720]
Mon 01 Dec 2025 17:49:23 INFO  epoch 43 evaluating [time: 0.59s, valid_score: 0.280500]
Mon 01 Dec 2025 17:49:23 INFO  valid result: 
recall@10 : 0.1629    pop_recall@10 : 0.2075    unpop_recall@10 : 0.0756    mrr@10 : 0.3878    pop_mrr@10 : 0.326    unpop_mrr@10 : 0.1046    ndcg@10 : 0.2155    pop_ndcg@10 : 0.1943    unpop_ndcg@10 : 0.065    hit@10 : 0.7536    pop_hit@10 : 0.6515    unpop_hit@10 : 0.3179    precision@10 : 0.165    pop_precision@10 : 0.1193    unpop_precision@10 : 0.0457
Mon 01 Dec 2025 17:50:16 INFO  epoch 44 training [time: 52.81s, train loss: 553.2495]
Mon 01 Dec 2025 17:51:09 INFO  epoch 45 training [time: 52.32s, train loss: 551.7834]
Mon 01 Dec 2025 17:51:09 INFO  epoch 45 evaluating [time: 0.60s, valid_score: 0.280600]
Mon 01 Dec 2025 17:51:09 INFO  valid result: 
recall@10 : 0.1632    pop_recall@10 : 0.208    unpop_recall@10 : 0.0757    mrr@10 : 0.3896    pop_mrr@10 : 0.328    unpop_mrr@10 : 0.1042    ndcg@10 : 0.2158    pop_ndcg@10 : 0.195    unpop_ndcg@10 : 0.0648    hit@10 : 0.757    pop_hit@10 : 0.6545    unpop_hit@10 : 0.3189    precision@10 : 0.1651    pop_precision@10 : 0.1194    unpop_precision@10 : 0.0457
Mon 01 Dec 2025 17:52:03 INFO  epoch 46 training [time: 53.54s, train loss: 550.7444]
Mon 01 Dec 2025 17:52:55 INFO  epoch 47 training [time: 52.73s, train loss: 549.7603]
Mon 01 Dec 2025 17:52:56 INFO  epoch 47 evaluating [time: 0.58s, valid_score: 0.280300]
Mon 01 Dec 2025 17:52:56 INFO  valid result: 
recall@10 : 0.1636    pop_recall@10 : 0.209    unpop_recall@10 : 0.0753    mrr@10 : 0.3893    pop_mrr@10 : 0.328    unpop_mrr@10 : 0.1038    ndcg@10 : 0.2158    pop_ndcg@10 : 0.1953    unpop_ndcg@10 : 0.0645    hit@10 : 0.7561    pop_hit@10 : 0.6545    unpop_hit@10 : 0.3172    precision@10 : 0.165    pop_precision@10 : 0.1195    unpop_precision@10 : 0.0454
Mon 01 Dec 2025 17:53:49 INFO  epoch 48 training [time: 53.46s, train loss: 548.8336]
Mon 01 Dec 2025 17:54:43 INFO  epoch 49 training [time: 53.46s, train loss: 547.1316]
Mon 01 Dec 2025 17:54:44 INFO  epoch 49 evaluating [time: 0.58s, valid_score: 0.280700]
Mon 01 Dec 2025 17:54:44 INFO  valid result: 
recall@10 : 0.1636    pop_recall@10 : 0.2084    unpop_recall@10 : 0.0755    mrr@10 : 0.3909    pop_mrr@10 : 0.3289    unpop_mrr@10 : 0.1046    ndcg@10 : 0.2159    pop_ndcg@10 : 0.1951    unpop_ndcg@10 : 0.0648    hit@10 : 0.7575    pop_hit@10 : 0.6546    unpop_hit@10 : 0.3177    precision@10 : 0.1646    pop_precision@10 : 0.119    unpop_precision@10 : 0.0456
Mon 01 Dec 2025 17:55:37 INFO  epoch 50 training [time: 53.27s, train loss: 545.6461]
Mon 01 Dec 2025 17:56:30 INFO  epoch 51 training [time: 53.28s, train loss: 545.5781]
Mon 01 Dec 2025 17:56:31 INFO  epoch 51 evaluating [time: 0.58s, valid_score: 0.280800]
Mon 01 Dec 2025 17:56:31 INFO  valid result: 
recall@10 : 0.1638    pop_recall@10 : 0.2083    unpop_recall@10 : 0.0761    mrr@10 : 0.3902    pop_mrr@10 : 0.3284    unpop_mrr@10 : 0.1043    ndcg@10 : 0.216    pop_ndcg@10 : 0.1953    unpop_ndcg@10 : 0.0648    hit@10 : 0.7573    pop_hit@10 : 0.6536    unpop_hit@10 : 0.3187    precision@10 : 0.1651    pop_precision@10 : 0.1195    unpop_precision@10 : 0.0456
Mon 01 Dec 2025 17:56:31 INFO  Saving current: saved/FairLightGCN-Dec-01-2025_17-10-17.pth
Mon 01 Dec 2025 17:57:25 INFO  epoch 52 training [time: 53.98s, train loss: 544.1197]
Mon 01 Dec 2025 17:58:18 INFO  epoch 53 training [time: 52.90s, train loss: 543.2070]
Mon 01 Dec 2025 17:58:18 INFO  epoch 53 evaluating [time: 0.50s, valid_score: 0.280900]
Mon 01 Dec 2025 17:58:18 INFO  valid result: 
recall@10 : 0.1638    pop_recall@10 : 0.2079    unpop_recall@10 : 0.0764    mrr@10 : 0.3905    pop_mrr@10 : 0.3284    unpop_mrr@10 : 0.1046    ndcg@10 : 0.2159    pop_ndcg@10 : 0.1951    unpop_ndcg@10 : 0.065    hit@10 : 0.7566    pop_hit@10 : 0.6536    unpop_hit@10 : 0.3184    precision@10 : 0.1648    pop_precision@10 : 0.1191    unpop_precision@10 : 0.0457
Mon 01 Dec 2025 17:58:18 INFO  Saving current: saved/FairLightGCN-Dec-01-2025_17-10-17.pth
Mon 01 Dec 2025 17:59:09 INFO  epoch 54 training [time: 50.62s, train loss: 542.3376]
Mon 01 Dec 2025 18:00:01 INFO  epoch 55 training [time: 52.39s, train loss: 541.8570]
Mon 01 Dec 2025 18:00:02 INFO  epoch 55 evaluating [time: 0.58s, valid_score: 0.280600]
Mon 01 Dec 2025 18:00:02 INFO  valid result: 
recall@10 : 0.1639    pop_recall@10 : 0.2082    unpop_recall@10 : 0.0763    mrr@10 : 0.3904    pop_mrr@10 : 0.3293    unpop_mrr@10 : 0.1037    ndcg@10 : 0.2159    pop_ndcg@10 : 0.1955    unpop_ndcg@10 : 0.0647    hit@10 : 0.7571    pop_hit@10 : 0.6543    unpop_hit@10 : 0.319    precision@10 : 0.1648    pop_precision@10 : 0.1192    unpop_precision@10 : 0.0456
Mon 01 Dec 2025 18:00:54 INFO  epoch 56 training [time: 52.09s, train loss: 540.4926]
Mon 01 Dec 2025 18:01:47 INFO  epoch 57 training [time: 53.37s, train loss: 539.3876]
Mon 01 Dec 2025 18:01:48 INFO  epoch 57 evaluating [time: 0.57s, valid_score: 0.280100]
Mon 01 Dec 2025 18:01:48 INFO  valid result: 
recall@10 : 0.1638    pop_recall@10 : 0.2084    unpop_recall@10 : 0.0759    mrr@10 : 0.3904    pop_mrr@10 : 0.3299    unpop_mrr@10 : 0.1028    ndcg@10 : 0.2158    pop_ndcg@10 : 0.1957    unpop_ndcg@10 : 0.0643    hit@10 : 0.7573    pop_hit@10 : 0.6546    unpop_hit@10 : 0.3172    precision@10 : 0.1645    pop_precision@10 : 0.1192    unpop_precision@10 : 0.0452
Mon 01 Dec 2025 18:02:42 INFO  epoch 58 training [time: 53.91s, train loss: 538.4166]
Mon 01 Dec 2025 18:03:36 INFO  epoch 59 training [time: 54.35s, train loss: 537.7474]
Mon 01 Dec 2025 18:03:37 INFO  epoch 59 evaluating [time: 0.58s, valid_score: 0.279300]
Mon 01 Dec 2025 18:03:37 INFO  valid result: 
recall@10 : 0.1639    pop_recall@10 : 0.2094    unpop_recall@10 : 0.0754    mrr@10 : 0.3907    pop_mrr@10 : 0.3314    unpop_mrr@10 : 0.1013    ndcg@10 : 0.2158    pop_ndcg@10 : 0.1967    unpop_ndcg@10 : 0.0635    hit@10 : 0.7571    pop_hit@10 : 0.6573    unpop_hit@10 : 0.3137    precision@10 : 0.1645    pop_precision@10 : 0.12    unpop_precision@10 : 0.0444
Mon 01 Dec 2025 18:04:30 INFO  epoch 60 training [time: 53.32s, train loss: 537.1613]
Mon 01 Dec 2025 18:05:24 INFO  epoch 61 training [time: 54.12s, train loss: 536.3427]
Mon 01 Dec 2025 18:05:25 INFO  epoch 61 evaluating [time: 0.59s, valid_score: 0.279200]
Mon 01 Dec 2025 18:05:25 INFO  valid result: 
recall@10 : 0.1641    pop_recall@10 : 0.2097    unpop_recall@10 : 0.0753    mrr@10 : 0.3906    pop_mrr@10 : 0.3316    unpop_mrr@10 : 0.1009    ndcg@10 : 0.2158    pop_ndcg@10 : 0.1967    unpop_ndcg@10 : 0.0634    hit@10 : 0.7583    pop_hit@10 : 0.6571    unpop_hit@10 : 0.3139    precision@10 : 0.1648    pop_precision@10 : 0.1201    unpop_precision@10 : 0.0447
Mon 01 Dec 2025 18:06:18 INFO  epoch 62 training [time: 53.12s, train loss: 535.0354]
Mon 01 Dec 2025 18:07:12 INFO  epoch 63 training [time: 53.72s, train loss: 534.1514]
Mon 01 Dec 2025 18:07:12 INFO  epoch 63 evaluating [time: 0.61s, valid_score: 0.278900]
Mon 01 Dec 2025 18:07:12 INFO  valid result: 
recall@10 : 0.164    pop_recall@10 : 0.2097    unpop_recall@10 : 0.075    mrr@10 : 0.3915    pop_mrr@10 : 0.333    unpop_mrr@10 : 0.1003    ndcg@10 : 0.2157    pop_ndcg@10 : 0.1968    unpop_ndcg@10 : 0.0632    hit@10 : 0.7588    pop_hit@10 : 0.6581    unpop_hit@10 : 0.3126    precision@10 : 0.1645    pop_precision@10 : 0.12    unpop_precision@10 : 0.0446
Mon 01 Dec 2025 18:08:05 INFO  epoch 64 training [time: 53.03s, train loss: 534.0733]
Mon 01 Dec 2025 18:08:59 INFO  epoch 65 training [time: 53.82s, train loss: 532.9653]
Mon 01 Dec 2025 18:09:00 INFO  epoch 65 evaluating [time: 0.58s, valid_score: 0.278400]
Mon 01 Dec 2025 18:09:00 INFO  valid result: 
recall@10 : 0.1638    pop_recall@10 : 0.2093    unpop_recall@10 : 0.0749    mrr@10 : 0.3905    pop_mrr@10 : 0.3324    unpop_mrr@10 : 0.0999    ndcg@10 : 0.2154    pop_ndcg@10 : 0.1966    unpop_ndcg@10 : 0.063    hit@10 : 0.7578    pop_hit@10 : 0.6578    unpop_hit@10 : 0.3127    precision@10 : 0.1643    pop_precision@10 : 0.1198    unpop_precision@10 : 0.0445
Mon 01 Dec 2025 18:09:53 INFO  epoch 66 training [time: 52.90s, train loss: 532.5301]
Mon 01 Dec 2025 18:10:46 INFO  epoch 67 training [time: 53.22s, train loss: 531.2455]
Mon 01 Dec 2025 18:10:46 INFO  epoch 67 evaluating [time: 0.57s, valid_score: 0.278400]
Mon 01 Dec 2025 18:10:46 INFO  valid result: 
recall@10 : 0.1634    pop_recall@10 : 0.2081    unpop_recall@10 : 0.0755    mrr@10 : 0.3906    pop_mrr@10 : 0.3316    unpop_mrr@10 : 0.1009    ndcg@10 : 0.2149    pop_ndcg@10 : 0.1957    unpop_ndcg@10 : 0.0635    hit@10 : 0.7553    pop_hit@10 : 0.655    unpop_hit@10 : 0.3136    precision@10 : 0.1638    pop_precision@10 : 0.119    unpop_precision@10 : 0.0448
Mon 01 Dec 2025 18:11:39 INFO  epoch 68 training [time: 52.87s, train loss: 530.8469]
Mon 01 Dec 2025 18:12:32 INFO  epoch 69 training [time: 53.19s, train loss: 529.9684]
Mon 01 Dec 2025 18:12:33 INFO  epoch 69 evaluating [time: 0.58s, valid_score: 0.278800]
Mon 01 Dec 2025 18:12:33 INFO  valid result: 
recall@10 : 0.1638    pop_recall@10 : 0.2091    unpop_recall@10 : 0.0752    mrr@10 : 0.3917    pop_mrr@10 : 0.3339    unpop_mrr@10 : 0.0996    ndcg@10 : 0.2157    pop_ndcg@10 : 0.1969    unpop_ndcg@10 : 0.0631    hit@10 : 0.7571    pop_hit@10 : 0.6576    unpop_hit@10 : 0.3129    precision@10 : 0.1645    pop_precision@10 : 0.1198    unpop_precision@10 : 0.0447
Mon 01 Dec 2025 18:13:25 INFO  epoch 70 training [time: 52.32s, train loss: 529.6507]
Mon 01 Dec 2025 18:14:18 INFO  epoch 71 training [time: 52.68s, train loss: 529.5342]
Mon 01 Dec 2025 18:14:19 INFO  epoch 71 evaluating [time: 0.59s, valid_score: 0.278000]
Mon 01 Dec 2025 18:14:19 INFO  valid result: 
recall@10 : 0.1636    pop_recall@10 : 0.2086    unpop_recall@10 : 0.0751    mrr@10 : 0.3906    pop_mrr@10 : 0.3334    unpop_mrr@10 : 0.0989    ndcg@10 : 0.2152    pop_ndcg@10 : 0.1967    unpop_ndcg@10 : 0.0628    hit@10 : 0.7566    pop_hit@10 : 0.657    unpop_hit@10 : 0.3124    precision@10 : 0.1642    pop_precision@10 : 0.1197    unpop_precision@10 : 0.0445
Mon 01 Dec 2025 18:15:12 INFO  epoch 72 training [time: 53.40s, train loss: 528.1995]
Mon 01 Dec 2025 18:16:05 INFO  epoch 73 training [time: 53.24s, train loss: 528.1497]
Mon 01 Dec 2025 18:16:06 INFO  epoch 73 evaluating [time: 0.60s, valid_score: 0.277800]
Mon 01 Dec 2025 18:16:06 INFO  valid result: 
recall@10 : 0.1634    pop_recall@10 : 0.2084    unpop_recall@10 : 0.0752    mrr@10 : 0.3908    pop_mrr@10 : 0.3334    unpop_mrr@10 : 0.099    ndcg@10 : 0.2152    pop_ndcg@10 : 0.1968    unpop_ndcg@10 : 0.0626    hit@10 : 0.7548    pop_hit@10 : 0.6556    unpop_hit@10 : 0.3111    precision@10 : 0.164    pop_precision@10 : 0.1198    unpop_precision@10 : 0.0442
Mon 01 Dec 2025 18:17:00 INFO  epoch 74 training [time: 54.07s, train loss: 527.0345]
Mon 01 Dec 2025 18:17:54 INFO  epoch 75 training [time: 54.23s, train loss: 526.4879]
Mon 01 Dec 2025 18:17:55 INFO  epoch 75 evaluating [time: 0.57s, valid_score: 0.277800]
Mon 01 Dec 2025 18:17:55 INFO  valid result: 
recall@10 : 0.1634    pop_recall@10 : 0.2086    unpop_recall@10 : 0.0752    mrr@10 : 0.3911    pop_mrr@10 : 0.3341    unpop_mrr@10 : 0.0986    ndcg@10 : 0.2153    pop_ndcg@10 : 0.1971    unpop_ndcg@10 : 0.0625    hit@10 : 0.7548    pop_hit@10 : 0.6551    unpop_hit@10 : 0.3123    precision@10 : 0.1642    pop_precision@10 : 0.12    unpop_precision@10 : 0.0441
Mon 01 Dec 2025 18:17:55 INFO  Finished training, best eval result in epoch 53
Mon 01 Dec 2025 18:17:55 INFO  Loading model structure and parameters from saved/FairLightGCN-Dec-01-2025_17-10-17.pth
Mon 01 Dec 2025 18:17:55 INFO  count    1651.000000
mean       36.583889
std        50.262337
min         1.000000
25%         3.000000
50%        15.000000
75%        50.000000
max       398.000000
dtype: float64
Mon 01 Dec 2025 18:17:56 INFO  The running environment of this training is as follows:
+-------------+-----------------+
| Environment |      Usage      |
+=============+=================+ 
| CPU         |     19.10 %     |
+-------------+-----------------+
| GPU         | 0.30 G/47.53 G  |
+-------------+-----------------+
| Memory      | 1.99 G/251.48 G |
+-------------+-----------------+
Mon 01 Dec 2025 18:17:56 INFO  best valid : OrderedDict([('recall@10', 0.1638), ('pop_recall@10', 0.2079), ('unpop_recall@10', 0.0764), ('mrr@10', 0.3905), ('pop_mrr@10', 0.3284), ('unpop_mrr@10', 0.1046), ('ndcg@10', 0.2159), ('pop_ndcg@10', 0.1951), ('unpop_ndcg@10', 0.065), ('hit@10', 0.7566), ('pop_hit@10', 0.6536), ('unpop_hit@10', 0.3184), ('precision@10', 0.1648), ('pop_precision@10', 0.1191), ('unpop_precision@10', 0.0457)])
Mon 01 Dec 2025 18:17:56 INFO  test result: OrderedDict([('recall@10', 0.183082798013245), ('pop_recall@10', 0.22795319536423844), ('unpop_recall@10', 0.09258291390728478), ('mrr@10', 0.46736518211920525), ('pop_mrr@10', 0.39390337748344373), ('unpop_mrr@10', 0.13550995033112584), ('ndcg@10', 0.2676342549668874), ('pop_ndcg@10', 0.23224230132450333), ('unpop_ndcg@10', 0.08571011589403975), ('hit@10', 0.7819536423841059), ('pop_hit@10', 0.6779801324503312), ('unpop_hit@10', 0.3708609271523179), ('precision@10', 0.20264900662251656), ('pop_precision@10', 0.14130794701986754), ('unpop_precision@10', 0.06134105960264902)])
