Sun 30 Nov 2025 01:30:48 INFO  ['run_recbole.py', '--model', 'FairLightGCN', '--dataset', 'ml-1m', 'gpu_ids', '0']
Sun 30 Nov 2025 01:30:48 INFO  
General Hyper Parameters:
gpu_id = 0
use_gpu = True
seed = 2020
state = INFO
reproducibility = True
data_path = dataset/ml-1m
checkpoint_dir = saved
show_progress = True
save_dataset = False
dataset_save_path = None
save_dataloaders = False
dataloaders_save_path = None
log_wandb = False

Training Hyper Parameters:
epochs = 100
train_batch_size = 1024
learner = adam
learning_rate = 0.001
train_neg_sample_args = {'distribution': 'uniform', 'sample_num': 1, 'alpha': 1.0, 'dynamic': False, 'candidate_num': 0}
eval_step = 2
stopping_step = 10
clip_grad_norm = None
weight_decay = 0.0
loss_decimal_place = 4

Evaluation Hyper Parameters:
eval_args = {'split': {'RS': [0.8, 0.1, 0.1]}, 'order': 'RO', 'group_by': 'user', 'mode': {'valid': 'full', 'test': 'full'}}
repeatable = False
metrics = ['Recall', 'MRR', 'NDCG', 'Hit', 'Precision']
topk = [10]
valid_metric = MRR@10
valid_metric_bigger = True
eval_batch_size = 102400
metric_decimal_place = 4

Dataset Hyper Parameters:
train_batch_size = 1024
eval_batch_size = 102400
field_separator = 	
seq_separator =  
USER_ID_FIELD = user_id
ITEM_ID_FIELD = item_id
RATING_FIELD = rating
TIME_FIELD = timestamp
seq_len = None
LABEL_FIELD = label
threshold = None
NEG_PREFIX = neg_
load_col = {'inter': ['user_id', 'item_id', 'rating', 'timestamp'], 'user': ['user_id', 'age', 'gender', 'occupation'], 'item': ['item_id', 'release_year', 'genre']}
unload_col = None
unused_col = None
additional_feat_suffix = None
rm_dup_inter = None
val_interval = None
filter_inter_by_user_or_item = True
user_inter_num_interval = None
item_inter_num_interval = None
alias_of_user_id = None
alias_of_item_id = None
alias_of_entity_id = None
alias_of_relation_id = None
preload_weight = None
normalize_field = None
normalize_all = True
ITEM_LIST_LENGTH_FIELD = item_length
LIST_SUFFIX = _list
MAX_ITEM_LIST_LENGTH = 50
POSITION_FIELD = position_id
HEAD_ENTITY_ID_FIELD = head_id
TAIL_ENTITY_ID_FIELD = tail_id
RELATION_ID_FIELD = relation_id
ENTITY_ID_FIELD = entity_id
kg_reverse_r = False
entity_kg_num_interval = None
relation_kg_num_interval = None
benchmark_filename = None
save_single_user = True
save_base_path = output
attr = {'user': {'need_inter_num': True, 'need_inter_hour': True, 'need_rating': True, 'need_item_genre': True, 'need_item_year': True, 'need_zipcode_to_region': True}, 'item': {'need_inter_num': True, 'need_inter_hour': True, 'need_rating': True, 'need_age': True, 'need_gender': True, 'need_occupation': True, 'need_region': True}, 'interaction': {'timestamp_unit': 's'}}
to_bin = {'user': {'mean_rating': {'n_bins': 5}, 'interaction_nums': {'n_bins': 5}}, 'item': {'mean_rating': {'n_bins': 5}, 'interaction_nums': {'n_bins': 5}}}

Other Hyper Parameters: 
worker = 0
wandb_project = recbole
shuffle = True
require_pow = False
enable_amp = False
enable_scaler = False
transform = None
export_topk_recs = True
export_topk_dir = None
export_topk_filename = None
export_topk_item_separator = None
export_topk_separate_columns = None
embedding_size = 64
n_layers = 2
reg_weight = 1e-05
numerical_features = []
discretization = None
MODEL_TYPE = ModelType.GENERAL
MODEL_INPUT_TYPE = InputType.PAIRWISE
eval_type = EvaluatorType.RANKING
single_spec = True
local_rank = 0
device = cuda
valid_neg_sample_args = {'distribution': 'uniform', 'sample_num': 'none'}
test_neg_sample_args = {'distribution': 'uniform', 'sample_num': 'none'}


Sun 30 Nov 2025 01:30:52 INFO  ml-1m
The number of users: 6041
Average actions of users: 165.5975165562914
The number of items: 3884
Average actions of items: 269.88909875876953
The number of inters: 1000209
The sparsity of the dataset: 95.73712398848173%
Remain Fields: ['user_id', 'item_id', 'rating', 'timestamp', 'age', 'gender', 'occupation', 'release_year', 'genre']
Sun 30 Nov 2025 01:30:57 INFO  [Training]: train_batch_size = [1024] train_neg_sample_args: [{'distribution': 'uniform', 'sample_num': 1, 'alpha': 1.0, 'dynamic': False, 'candidate_num': 0}]
Sun 30 Nov 2025 01:30:57 INFO  [Evaluation]: eval_batch_size = [102400] eval_args: [{'split': {'RS': [0.8, 0.1, 0.1]}, 'order': 'RO', 'group_by': 'user', 'mode': {'valid': 'full', 'test': 'full'}}]
Sun 30 Nov 2025 01:30:58 INFO  FairLightGCN(
  (user_embedding): Embedding(6041, 64)
  (item_embedding): Embedding(3884, 64)
  (mf_loss): BPRLoss()
  (reg_loss): EmbLoss()
  (rq_model_item): RQVAE(
    (encoder): MLPLayers(
      (mlp_layers): Sequential(
        (0): Dropout(p=0, inplace=False)
        (1): Linear(in_features=192, out_features=64, bias=True)
        (2): Sigmoid()
        (3): Dropout(p=0, inplace=False)
        (4): Linear(in_features=64, out_features=32, bias=True)
        (5): Sigmoid()
        (6): Dropout(p=0, inplace=False)
        (7): Linear(in_features=32, out_features=16, bias=True)
      )
    )
    (rq): ResidualVectorQuantizer(
      (vq_layers): ModuleList(
        (0-2): 3 x VectorQuantizer(
          (embedding): Embedding(8, 16)
        )
      )
    )
    (decoder): MLPLayers(
      (mlp_layers): Sequential(
        (0): Dropout(p=0, inplace=False)
        (1): Linear(in_features=16, out_features=32, bias=True)
        (2): Sigmoid()
        (3): Dropout(p=0, inplace=False)
        (4): Linear(in_features=32, out_features=64, bias=True)
        (5): Sigmoid()
        (6): Dropout(p=0, inplace=False)
        (7): Linear(in_features=64, out_features=192, bias=True)
      )
    )
    (W_gate): Linear(in_features=192, out_features=192, bias=True)
  )
  (rq_model_user): RQVAE(
    (encoder): MLPLayers(
      (mlp_layers): Sequential(
        (0): Dropout(p=0, inplace=False)
        (1): Linear(in_features=256, out_features=64, bias=True)
        (2): Sigmoid()
        (3): Dropout(p=0, inplace=False)
        (4): Linear(in_features=64, out_features=32, bias=True)
        (5): Sigmoid()
        (6): Dropout(p=0, inplace=False)
        (7): Linear(in_features=32, out_features=16, bias=True)
      )
    )
    (rq): ResidualVectorQuantizer(
      (vq_layers): ModuleList(
        (0-2): 3 x VectorQuantizer(
          (embedding): Embedding(8, 16)
        )
      )
    )
    (decoder): MLPLayers(
      (mlp_layers): Sequential(
        (0): Dropout(p=0, inplace=False)
        (1): Linear(in_features=16, out_features=32, bias=True)
        (2): Sigmoid()
        (3): Dropout(p=0, inplace=False)
        (4): Linear(in_features=32, out_features=64, bias=True)
        (5): Sigmoid()
        (6): Dropout(p=0, inplace=False)
        (7): Linear(in_features=64, out_features=256, bias=True)
      )
    )
    (W_gate): Linear(in_features=256, out_features=256, bias=True)
  )
)
Trainable parameters: 807264
Sun 30 Nov 2025 01:30:58 INFO  FLOPs: 0.0
Sun 30 Nov 2025 01:32:06 INFO  epoch 0 training [time: 67.03s, train loss: 952.7328]
Sun 30 Nov 2025 01:33:13 INFO  epoch 1 training [time: 66.31s, train loss: 905.6958]
Sun 30 Nov 2025 01:33:14 INFO  epoch 1 evaluating [time: 1.29s, valid_score: 0.236900]
Sun 30 Nov 2025 01:33:14 INFO  valid result: 
recall@10 : 0.0927    pop_recall@10 : 0.0962    unpop_recall@10 : 0.0059    mrr@10 : 0.2369    pop_mrr@10 : 0.2351    unpop_mrr@10 : 0.0033    ndcg@10 : 0.1152    pop_ndcg@10 : 0.1154    unpop_ndcg@10 : 0.0032    hit@10 : 0.5528    pop_hit@10 : 0.5492    unpop_hit@10 : 0.0119    precision@10 : 0.0868    pop_precision@10 : 0.0855    unpop_precision@10 : 0.0013
Sun 30 Nov 2025 01:33:14 INFO  Saving current: saved/FairLightGCN-Nov-30-2025_01-30-58.pth
Sun 30 Nov 2025 01:34:20 INFO  epoch 2 training [time: 66.29s, train loss: 894.0539]
Sun 30 Nov 2025 01:35:27 INFO  epoch 3 training [time: 66.26s, train loss: 887.5483]
Sun 30 Nov 2025 01:35:28 INFO  epoch 3 evaluating [time: 1.38s, valid_score: 0.223000]
Sun 30 Nov 2025 01:35:28 INFO  valid result: 
recall@10 : 0.0854    pop_recall@10 : 0.0882    unpop_recall@10 : 0.0075    mrr@10 : 0.223    pop_mrr@10 : 0.2198    unpop_mrr@10 : 0.0053    ndcg@10 : 0.1078    pop_ndcg@10 : 0.107    unpop_ndcg@10 : 0.0045    hit@10 : 0.526    pop_hit@10 : 0.5207    unpop_hit@10 : 0.0164    precision@10 : 0.0825    pop_precision@10 : 0.0806    unpop_precision@10 : 0.0019
Sun 30 Nov 2025 01:36:34 INFO  epoch 4 training [time: 66.45s, train loss: 883.0652]
Sun 30 Nov 2025 01:37:41 INFO  epoch 5 training [time: 66.55s, train loss: 879.1218]
Sun 30 Nov 2025 01:37:42 INFO  epoch 5 evaluating [time: 1.15s, valid_score: 0.218700]
Sun 30 Nov 2025 01:37:42 INFO  valid result: 
recall@10 : 0.0822    pop_recall@10 : 0.0841    unpop_recall@10 : 0.0122    mrr@10 : 0.2187    pop_mrr@10 : 0.2138    unpop_mrr@10 : 0.0085    ndcg@10 : 0.1058    pop_ndcg@10 : 0.1037    unpop_ndcg@10 : 0.0072    hit@10 : 0.5071    pop_hit@10 : 0.4992    unpop_hit@10 : 0.0262    precision@10 : 0.0808    pop_precision@10 : 0.0778    unpop_precision@10 : 0.003
Sun 30 Nov 2025 01:38:49 INFO  epoch 6 training [time: 66.59s, train loss: 874.0850]
Sun 30 Nov 2025 01:39:55 INFO  epoch 7 training [time: 66.27s, train loss: 865.4768]
Sun 30 Nov 2025 01:39:56 INFO  epoch 7 evaluating [time: 1.42s, valid_score: 0.163900]
Sun 30 Nov 2025 01:39:56 INFO  valid result: 
recall@10 : 0.0616    pop_recall@10 : 0.0633    unpop_recall@10 : 0.0124    mrr@10 : 0.1639    pop_mrr@10 : 0.1582    unpop_mrr@10 : 0.009    ndcg@10 : 0.0783    pop_ndcg@10 : 0.0762    unpop_ndcg@10 : 0.0074    hit@10 : 0.4031    pop_hit@10 : 0.3935    unpop_hit@10 : 0.0263    precision@10 : 0.0603    pop_precision@10 : 0.0575    unpop_precision@10 : 0.0028
Sun 30 Nov 2025 01:41:03 INFO  epoch 8 training [time: 66.11s, train loss: 848.8621]
Sun 30 Nov 2025 01:42:09 INFO  epoch 9 training [time: 66.53s, train loss: 821.5523]
Sun 30 Nov 2025 01:42:10 INFO  epoch 9 evaluating [time: 1.33s, valid_score: 0.181600]
Sun 30 Nov 2025 01:42:10 INFO  valid result: 
recall@10 : 0.0601    pop_recall@10 : 0.0623    unpop_recall@10 : 0.008    mrr@10 : 0.1816    pop_mrr@10 : 0.1786    unpop_mrr@10 : 0.0053    ndcg@10 : 0.0848    pop_ndcg@10 : 0.0841    unpop_ndcg@10 : 0.0047    hit@10 : 0.4152    pop_hit@10 : 0.4106    unpop_hit@10 : 0.0154    precision@10 : 0.0653    pop_precision@10 : 0.0636    unpop_precision@10 : 0.0017
Sun 30 Nov 2025 01:43:17 INFO  epoch 10 training [time: 66.11s, train loss: 787.8928]
Sun 30 Nov 2025 01:44:23 INFO  epoch 11 training [time: 66.12s, train loss: 755.7238]
Sun 30 Nov 2025 01:44:24 INFO  epoch 11 evaluating [time: 1.41s, valid_score: 0.227800]
Sun 30 Nov 2025 01:44:24 INFO  valid result: 
recall@10 : 0.0764    pop_recall@10 : 0.0799    unpop_recall@10 : 0.0053    mrr@10 : 0.2278    pop_mrr@10 : 0.2262    unpop_mrr@10 : 0.0031    ndcg@10 : 0.1112    pop_ndcg@10 : 0.1115    unpop_ndcg@10 : 0.003    hit@10 : 0.501    pop_hit@10 : 0.4987    unpop_hit@10 : 0.0096    precision@10 : 0.0875    pop_precision@10 : 0.0865    unpop_precision@10 : 0.0011
Sun 30 Nov 2025 01:45:30 INFO  epoch 12 training [time: 65.97s, train loss: 728.2666]
Sun 30 Nov 2025 01:46:36 INFO  epoch 13 training [time: 66.11s, train loss: 703.1937]
Sun 30 Nov 2025 01:46:38 INFO  epoch 13 evaluating [time: 1.46s, valid_score: 0.264700]
Sun 30 Nov 2025 01:46:38 INFO  valid result: 
recall@10 : 0.0934    pop_recall@10 : 0.0983    unpop_recall@10 : 0.003    mrr@10 : 0.2647    pop_mrr@10 : 0.264    unpop_mrr@10 : 0.0018    ndcg@10 : 0.1338    pop_ndcg@10 : 0.1349    unpop_ndcg@10 : 0.0017    hit@10 : 0.5707    pop_hit@10 : 0.5695    unpop_hit@10 : 0.0058    precision@10 : 0.1054    pop_precision@10 : 0.1048    unpop_precision@10 : 0.0006
Sun 30 Nov 2025 01:46:38 INFO  Saving current: saved/FairLightGCN-Nov-30-2025_01-30-58.pth
Sun 30 Nov 2025 01:47:44 INFO  epoch 14 training [time: 66.39s, train loss: 679.8681]
Sun 30 Nov 2025 01:48:50 INFO  epoch 15 training [time: 65.72s, train loss: 657.6892]
Sun 30 Nov 2025 01:48:51 INFO  epoch 15 evaluating [time: 1.32s, valid_score: 0.303000]
Sun 30 Nov 2025 01:48:51 INFO  valid result: 
recall@10 : 0.1158    pop_recall@10 : 0.1217    unpop_recall@10 : 0.0025    mrr@10 : 0.303    pop_mrr@10 : 0.3025    unpop_mrr@10 : 0.0012    ndcg@10 : 0.1591    pop_ndcg@10 : 0.1607    unpop_ndcg@10 : 0.0013    hit@10 : 0.6412    pop_hit@10 : 0.6407    unpop_hit@10 : 0.0045    precision@10 : 0.1242    pop_precision@10 : 0.1237    unpop_precision@10 : 0.0005
Sun 30 Nov 2025 01:48:51 INFO  Saving current: saved/FairLightGCN-Nov-30-2025_01-30-58.pth
Sun 30 Nov 2025 01:49:58 INFO  epoch 16 training [time: 66.44s, train loss: 639.6999]
Sun 30 Nov 2025 01:51:04 INFO  epoch 17 training [time: 65.85s, train loss: 624.5226]
Sun 30 Nov 2025 01:51:05 INFO  epoch 17 evaluating [time: 1.39s, valid_score: 0.332400]
Sun 30 Nov 2025 01:51:05 INFO  valid result: 
recall@10 : 0.131    pop_recall@10 : 0.1376    unpop_recall@10 : 0.002    mrr@10 : 0.3324    pop_mrr@10 : 0.332    unpop_mrr@10 : 0.0011    ndcg@10 : 0.1772    pop_ndcg@10 : 0.1791    unpop_ndcg@10 : 0.0011    hit@10 : 0.6843    pop_hit@10 : 0.6838    unpop_hit@10 : 0.0038    precision@10 : 0.1372    pop_precision@10 : 0.1367    unpop_precision@10 : 0.0004
Sun 30 Nov 2025 01:51:05 INFO  Saving current: saved/FairLightGCN-Nov-30-2025_01-30-58.pth
Sun 30 Nov 2025 01:52:11 INFO  epoch 18 training [time: 66.27s, train loss: 612.3185]
Sun 30 Nov 2025 01:53:18 INFO  epoch 19 training [time: 66.46s, train loss: 602.5039]
Sun 30 Nov 2025 01:53:19 INFO  epoch 19 evaluating [time: 1.32s, valid_score: 0.348500]
Sun 30 Nov 2025 01:53:19 INFO  valid result: 
recall@10 : 0.1395    pop_recall@10 : 0.1463    unpop_recall@10 : 0.0021    mrr@10 : 0.3485    pop_mrr@10 : 0.3481    unpop_mrr@10 : 0.001    ndcg@10 : 0.1875    pop_ndcg@10 : 0.1896    unpop_ndcg@10 : 0.0011    hit@10 : 0.7022    pop_hit@10 : 0.7018    unpop_hit@10 : 0.0038    precision@10 : 0.1446    pop_precision@10 : 0.1442    unpop_precision@10 : 0.0004
Sun 30 Nov 2025 01:53:19 INFO  Saving current: saved/FairLightGCN-Nov-30-2025_01-30-58.pth
Sun 30 Nov 2025 01:54:25 INFO  epoch 20 training [time: 66.19s, train loss: 593.6537]
Sun 30 Nov 2025 01:55:32 INFO  epoch 21 training [time: 66.51s, train loss: 585.8608]
Sun 30 Nov 2025 01:55:33 INFO  epoch 21 evaluating [time: 1.34s, valid_score: 0.357400]
Sun 30 Nov 2025 01:55:33 INFO  valid result: 
recall@10 : 0.1436    pop_recall@10 : 0.1506    unpop_recall@10 : 0.0018    mrr@10 : 0.3574    pop_mrr@10 : 0.3571    unpop_mrr@10 : 0.001    ndcg@10 : 0.1928    pop_ndcg@10 : 0.195    unpop_ndcg@10 : 0.001    hit@10 : 0.7121    pop_hit@10 : 0.7118    unpop_hit@10 : 0.0036    precision@10 : 0.1479    pop_precision@10 : 0.1475    unpop_precision@10 : 0.0004
Sun 30 Nov 2025 01:55:33 INFO  Saving current: saved/FairLightGCN-Nov-30-2025_01-30-58.pth
Sun 30 Nov 2025 01:56:40 INFO  epoch 22 training [time: 66.51s, train loss: 579.6530]
Sun 30 Nov 2025 01:57:46 INFO  epoch 23 training [time: 66.40s, train loss: 573.6158]
Sun 30 Nov 2025 01:57:48 INFO  epoch 23 evaluating [time: 1.39s, valid_score: 0.361600]
Sun 30 Nov 2025 01:57:48 INFO  valid result: 
recall@10 : 0.1464    pop_recall@10 : 0.1533    unpop_recall@10 : 0.0019    mrr@10 : 0.3616    pop_mrr@10 : 0.3613    unpop_mrr@10 : 0.001    ndcg@10 : 0.1964    pop_ndcg@10 : 0.1986    unpop_ndcg@10 : 0.001    hit@10 : 0.7204    pop_hit@10 : 0.72    unpop_hit@10 : 0.0038    precision@10 : 0.1512    pop_precision@10 : 0.1507    unpop_precision@10 : 0.0004
Sun 30 Nov 2025 01:57:48 INFO  Saving current: saved/FairLightGCN-Nov-30-2025_01-30-58.pth
Sun 30 Nov 2025 01:58:54 INFO  epoch 24 training [time: 66.05s, train loss: 568.0032]
Sun 30 Nov 2025 02:00:00 INFO  epoch 25 training [time: 66.22s, train loss: 563.3112]
Sun 30 Nov 2025 02:00:01 INFO  epoch 25 evaluating [time: 1.40s, valid_score: 0.364000]
Sun 30 Nov 2025 02:00:01 INFO  valid result: 
recall@10 : 0.1497    pop_recall@10 : 0.1567    unpop_recall@10 : 0.0021    mrr@10 : 0.364    pop_mrr@10 : 0.3638    unpop_mrr@10 : 0.001    ndcg@10 : 0.1992    pop_ndcg@10 : 0.2014    unpop_ndcg@10 : 0.0011    hit@10 : 0.728    pop_hit@10 : 0.7275    unpop_hit@10 : 0.004    precision@10 : 0.1539    pop_precision@10 : 0.1535    unpop_precision@10 : 0.0004
Sun 30 Nov 2025 02:00:01 INFO  Saving current: saved/FairLightGCN-Nov-30-2025_01-30-58.pth
Sun 30 Nov 2025 02:01:08 INFO  epoch 26 training [time: 66.51s, train loss: 559.4806]
Sun 30 Nov 2025 02:02:14 INFO  epoch 27 training [time: 66.15s, train loss: 554.8768]
Sun 30 Nov 2025 02:02:15 INFO  epoch 27 evaluating [time: 1.36s, valid_score: 0.368900]
Sun 30 Nov 2025 02:02:15 INFO  valid result: 
recall@10 : 0.1519    pop_recall@10 : 0.1588    unpop_recall@10 : 0.0022    mrr@10 : 0.3689    pop_mrr@10 : 0.3686    unpop_mrr@10 : 0.0011    ndcg@10 : 0.2028    pop_ndcg@10 : 0.2049    unpop_ndcg@10 : 0.0011    hit@10 : 0.7315    pop_hit@10 : 0.7308    unpop_hit@10 : 0.004    precision@10 : 0.1563    pop_precision@10 : 0.1559    unpop_precision@10 : 0.0004
Sun 30 Nov 2025 02:02:16 INFO  Saving current: saved/FairLightGCN-Nov-30-2025_01-30-58.pth
Sun 30 Nov 2025 02:03:22 INFO  epoch 28 training [time: 65.99s, train loss: 551.7449]
Sun 30 Nov 2025 02:04:27 INFO  epoch 29 training [time: 65.67s, train loss: 548.3135]
Sun 30 Nov 2025 02:04:28 INFO  epoch 29 evaluating [time: 0.73s, valid_score: 0.370300]
Sun 30 Nov 2025 02:04:28 INFO  valid result: 
recall@10 : 0.1529    pop_recall@10 : 0.1598    unpop_recall@10 : 0.0022    mrr@10 : 0.3703    pop_mrr@10 : 0.3701    unpop_mrr@10 : 0.0009    ndcg@10 : 0.2038    pop_ndcg@10 : 0.206    unpop_ndcg@10 : 0.001    hit@10 : 0.7343    pop_hit@10 : 0.7336    unpop_hit@10 : 0.004    precision@10 : 0.1571    pop_precision@10 : 0.1566    unpop_precision@10 : 0.0004
Sun 30 Nov 2025 02:04:28 INFO  Saving current: saved/FairLightGCN-Nov-30-2025_01-30-58.pth
Sun 30 Nov 2025 02:05:17 INFO  epoch 30 training [time: 48.62s, train loss: 544.9391]
Sun 30 Nov 2025 02:06:04 INFO  epoch 31 training [time: 47.64s, train loss: 542.0753]
Sun 30 Nov 2025 02:06:05 INFO  epoch 31 evaluating [time: 0.53s, valid_score: 0.371100]
Sun 30 Nov 2025 02:06:05 INFO  valid result: 
recall@10 : 0.1542    pop_recall@10 : 0.1611    unpop_recall@10 : 0.0022    mrr@10 : 0.3711    pop_mrr@10 : 0.3709    unpop_mrr@10 : 0.0009    ndcg@10 : 0.2052    pop_ndcg@10 : 0.2074    unpop_ndcg@10 : 0.001    hit@10 : 0.7353    pop_hit@10 : 0.7346    unpop_hit@10 : 0.004    precision@10 : 0.1583    pop_precision@10 : 0.1579    unpop_precision@10 : 0.0004
Sun 30 Nov 2025 02:06:05 INFO  Saving current: saved/FairLightGCN-Nov-30-2025_01-30-58.pth
Sun 30 Nov 2025 02:06:53 INFO  epoch 32 training [time: 48.14s, train loss: 540.3373]
Sun 30 Nov 2025 02:07:42 INFO  epoch 33 training [time: 48.91s, train loss: 537.0791]
Sun 30 Nov 2025 02:07:43 INFO  epoch 33 evaluating [time: 0.64s, valid_score: 0.372900]
Sun 30 Nov 2025 02:07:43 INFO  valid result: 
recall@10 : 0.1553    pop_recall@10 : 0.1623    unpop_recall@10 : 0.0021    mrr@10 : 0.3729    pop_mrr@10 : 0.3727    unpop_mrr@10 : 0.0009    ndcg@10 : 0.2065    pop_ndcg@10 : 0.2087    unpop_ndcg@10 : 0.0011    hit@10 : 0.7379    pop_hit@10 : 0.7373    unpop_hit@10 : 0.0038    precision@10 : 0.1591    pop_precision@10 : 0.1587    unpop_precision@10 : 0.0004
Sun 30 Nov 2025 02:07:43 INFO  Saving current: saved/FairLightGCN-Nov-30-2025_01-30-58.pth
Sun 30 Nov 2025 02:08:31 INFO  epoch 34 training [time: 48.64s, train loss: 535.0281]
Sun 30 Nov 2025 02:09:20 INFO  epoch 35 training [time: 48.54s, train loss: 532.9568]
Sun 30 Nov 2025 02:09:21 INFO  epoch 35 evaluating [time: 0.61s, valid_score: 0.374600]
Sun 30 Nov 2025 02:09:21 INFO  valid result: 
recall@10 : 0.1559    pop_recall@10 : 0.163    unpop_recall@10 : 0.002    mrr@10 : 0.3746    pop_mrr@10 : 0.3743    unpop_mrr@10 : 0.001    ndcg@10 : 0.2074    pop_ndcg@10 : 0.2097    unpop_ndcg@10 : 0.001    hit@10 : 0.7406    pop_hit@10 : 0.7399    unpop_hit@10 : 0.0035    precision@10 : 0.1599    pop_precision@10 : 0.1595    unpop_precision@10 : 0.0004
Sun 30 Nov 2025 02:09:21 INFO  Saving current: saved/FairLightGCN-Nov-30-2025_01-30-58.pth
Sun 30 Nov 2025 02:10:10 INFO  epoch 36 training [time: 48.86s, train loss: 530.2182]
Sun 30 Nov 2025 02:10:59 INFO  epoch 37 training [time: 49.19s, train loss: 528.2170]
Sun 30 Nov 2025 02:10:59 INFO  epoch 37 evaluating [time: 0.60s, valid_score: 0.375100]
Sun 30 Nov 2025 02:10:59 INFO  valid result: 
recall@10 : 0.1567    pop_recall@10 : 0.1637    unpop_recall@10 : 0.0022    mrr@10 : 0.3751    pop_mrr@10 : 0.3748    unpop_mrr@10 : 0.0011    ndcg@10 : 0.2082    pop_ndcg@10 : 0.2104    unpop_ndcg@10 : 0.0011    hit@10 : 0.7416    pop_hit@10 : 0.7407    unpop_hit@10 : 0.004    precision@10 : 0.1605    pop_precision@10 : 0.1601    unpop_precision@10 : 0.0004
Sun 30 Nov 2025 02:10:59 INFO  Saving current: saved/FairLightGCN-Nov-30-2025_01-30-58.pth
Sun 30 Nov 2025 02:11:49 INFO  epoch 38 training [time: 49.24s, train loss: 527.0454]
Sun 30 Nov 2025 02:12:38 INFO  epoch 39 training [time: 49.43s, train loss: 524.6209]
Sun 30 Nov 2025 02:12:39 INFO  epoch 39 evaluating [time: 0.48s, valid_score: 0.375900]
Sun 30 Nov 2025 02:12:39 INFO  valid result: 
recall@10 : 0.157    pop_recall@10 : 0.1641    unpop_recall@10 : 0.0022    mrr@10 : 0.3759    pop_mrr@10 : 0.3756    unpop_mrr@10 : 0.0011    ndcg@10 : 0.2087    pop_ndcg@10 : 0.2109    unpop_ndcg@10 : 0.0011    hit@10 : 0.7424    pop_hit@10 : 0.7416    unpop_hit@10 : 0.0043    precision@10 : 0.1608    pop_precision@10 : 0.1603    unpop_precision@10 : 0.0005
Sun 30 Nov 2025 02:12:39 INFO  Saving current: saved/FairLightGCN-Nov-30-2025_01-30-58.pth
Sun 30 Nov 2025 02:13:27 INFO  epoch 40 training [time: 48.13s, train loss: 523.0815]
Sun 30 Nov 2025 02:14:16 INFO  epoch 41 training [time: 49.57s, train loss: 521.4592]
Sun 30 Nov 2025 02:14:17 INFO  epoch 41 evaluating [time: 0.60s, valid_score: 0.377600]
Sun 30 Nov 2025 02:14:17 INFO  valid result: 
recall@10 : 0.1579    pop_recall@10 : 0.1649    unpop_recall@10 : 0.0022    mrr@10 : 0.3776    pop_mrr@10 : 0.3773    unpop_mrr@10 : 0.0011    ndcg@10 : 0.21    pop_ndcg@10 : 0.2122    unpop_ndcg@10 : 0.0011    hit@10 : 0.745    pop_hit@10 : 0.7442    unpop_hit@10 : 0.0043    precision@10 : 0.1619    pop_precision@10 : 0.1614    unpop_precision@10 : 0.0005
Sun 30 Nov 2025 02:14:17 INFO  Saving current: saved/FairLightGCN-Nov-30-2025_01-30-58.pth
Sun 30 Nov 2025 02:15:07 INFO  epoch 42 training [time: 49.77s, train loss: 519.7880]
Sun 30 Nov 2025 02:15:57 INFO  epoch 43 training [time: 49.60s, train loss: 518.0589]
Sun 30 Nov 2025 02:15:57 INFO  epoch 43 evaluating [time: 0.59s, valid_score: 0.377000]
Sun 30 Nov 2025 02:15:57 INFO  valid result: 
recall@10 : 0.1571    pop_recall@10 : 0.1642    unpop_recall@10 : 0.0024    mrr@10 : 0.377    pop_mrr@10 : 0.3766    unpop_mrr@10 : 0.0011    ndcg@10 : 0.2092    pop_ndcg@10 : 0.2114    unpop_ndcg@10 : 0.0012    hit@10 : 0.7432    pop_hit@10 : 0.7424    unpop_hit@10 : 0.0045    precision@10 : 0.1611    pop_precision@10 : 0.1606    unpop_precision@10 : 0.0005
Sun 30 Nov 2025 02:16:48 INFO  epoch 44 training [time: 50.43s, train loss: 516.8396]
Sun 30 Nov 2025 02:17:38 INFO  epoch 45 training [time: 49.93s, train loss: 515.1800]
Sun 30 Nov 2025 02:17:38 INFO  epoch 45 evaluating [time: 0.57s, valid_score: 0.376900]
Sun 30 Nov 2025 02:17:38 INFO  valid result: 
recall@10 : 0.1578    pop_recall@10 : 0.1649    unpop_recall@10 : 0.0024    mrr@10 : 0.3769    pop_mrr@10 : 0.3765    unpop_mrr@10 : 0.0011    ndcg@10 : 0.2096    pop_ndcg@10 : 0.2118    unpop_ndcg@10 : 0.0012    hit@10 : 0.7444    pop_hit@10 : 0.7435    unpop_hit@10 : 0.0045    precision@10 : 0.1618    pop_precision@10 : 0.1613    unpop_precision@10 : 0.0005
Sun 30 Nov 2025 02:18:27 INFO  epoch 46 training [time: 48.52s, train loss: 513.9153]
Sun 30 Nov 2025 02:19:16 INFO  epoch 47 training [time: 49.33s, train loss: 512.7819]
Sun 30 Nov 2025 02:19:17 INFO  epoch 47 evaluating [time: 0.47s, valid_score: 0.378000]
Sun 30 Nov 2025 02:19:17 INFO  valid result: 
recall@10 : 0.1584    pop_recall@10 : 0.1654    unpop_recall@10 : 0.0025    mrr@10 : 0.378    pop_mrr@10 : 0.3776    unpop_mrr@10 : 0.0012    ndcg@10 : 0.2105    pop_ndcg@10 : 0.2126    unpop_ndcg@10 : 0.0012    hit@10 : 0.7445    pop_hit@10 : 0.7435    unpop_hit@10 : 0.0048    precision@10 : 0.1625    pop_precision@10 : 0.162    unpop_precision@10 : 0.0005
Sun 30 Nov 2025 02:19:17 INFO  Saving current: saved/FairLightGCN-Nov-30-2025_01-30-58.pth
Sun 30 Nov 2025 02:20:06 INFO  epoch 48 training [time: 49.35s, train loss: 511.7667]
Sun 30 Nov 2025 02:20:55 INFO  epoch 49 training [time: 49.21s, train loss: 509.9959]
Sun 30 Nov 2025 02:20:56 INFO  epoch 49 evaluating [time: 0.48s, valid_score: 0.378400]
Sun 30 Nov 2025 02:20:56 INFO  valid result: 
recall@10 : 0.1583    pop_recall@10 : 0.1653    unpop_recall@10 : 0.0026    mrr@10 : 0.3784    pop_mrr@10 : 0.378    unpop_mrr@10 : 0.0012    ndcg@10 : 0.2103    pop_ndcg@10 : 0.2124    unpop_ndcg@10 : 0.0013    hit@10 : 0.7452    pop_hit@10 : 0.7442    unpop_hit@10 : 0.005    precision@10 : 0.1623    pop_precision@10 : 0.1617    unpop_precision@10 : 0.0005
Sun 30 Nov 2025 02:20:56 INFO  Saving current: saved/FairLightGCN-Nov-30-2025_01-30-58.pth
Sun 30 Nov 2025 02:21:45 INFO  epoch 50 training [time: 49.11s, train loss: 508.4175]
Sun 30 Nov 2025 02:22:35 INFO  epoch 51 training [time: 50.43s, train loss: 508.0964]
Sun 30 Nov 2025 02:22:36 INFO  epoch 51 evaluating [time: 0.58s, valid_score: 0.377600]
Sun 30 Nov 2025 02:22:36 INFO  valid result: 
recall@10 : 0.1583    pop_recall@10 : 0.1654    unpop_recall@10 : 0.0026    mrr@10 : 0.3776    pop_mrr@10 : 0.3773    unpop_mrr@10 : 0.0011    ndcg@10 : 0.2108    pop_ndcg@10 : 0.2129    unpop_ndcg@10 : 0.0012    hit@10 : 0.7444    pop_hit@10 : 0.7435    unpop_hit@10 : 0.0046    precision@10 : 0.1629    pop_precision@10 : 0.1624    unpop_precision@10 : 0.0005
Sun 30 Nov 2025 02:23:26 INFO  epoch 52 training [time: 49.84s, train loss: 506.7644]
Sun 30 Nov 2025 02:24:15 INFO  epoch 53 training [time: 49.36s, train loss: 505.9093]
Sun 30 Nov 2025 02:24:16 INFO  epoch 53 evaluating [time: 0.49s, valid_score: 0.377700]
Sun 30 Nov 2025 02:24:16 INFO  valid result: 
recall@10 : 0.1584    pop_recall@10 : 0.1655    unpop_recall@10 : 0.0026    mrr@10 : 0.3777    pop_mrr@10 : 0.3773    unpop_mrr@10 : 0.0013    ndcg@10 : 0.2105    pop_ndcg@10 : 0.2126    unpop_ndcg@10 : 0.0013    hit@10 : 0.7442    pop_hit@10 : 0.7434    unpop_hit@10 : 0.0048    precision@10 : 0.1625    pop_precision@10 : 0.162    unpop_precision@10 : 0.0005
Sun 30 Nov 2025 02:25:06 INFO  epoch 54 training [time: 49.99s, train loss: 504.7394]
Sun 30 Nov 2025 02:25:55 INFO  epoch 55 training [time: 49.02s, train loss: 504.2652]
Sun 30 Nov 2025 02:25:55 INFO  epoch 55 evaluating [time: 0.54s, valid_score: 0.379400]
Sun 30 Nov 2025 02:25:55 INFO  valid result: 
recall@10 : 0.1584    pop_recall@10 : 0.1656    unpop_recall@10 : 0.0024    mrr@10 : 0.3794    pop_mrr@10 : 0.3789    unpop_mrr@10 : 0.0013    ndcg@10 : 0.2107    pop_ndcg@10 : 0.2128    unpop_ndcg@10 : 0.0013    hit@10 : 0.7445    pop_hit@10 : 0.7437    unpop_hit@10 : 0.0046    precision@10 : 0.1623    pop_precision@10 : 0.1618    unpop_precision@10 : 0.0005
Sun 30 Nov 2025 02:25:55 INFO  Saving current: saved/FairLightGCN-Nov-30-2025_01-30-58.pth
Sun 30 Nov 2025 02:26:45 INFO  epoch 56 training [time: 50.12s, train loss: 502.9083]
Sun 30 Nov 2025 02:27:35 INFO  epoch 57 training [time: 49.87s, train loss: 501.7736]
Sun 30 Nov 2025 02:27:36 INFO  epoch 57 evaluating [time: 0.66s, valid_score: 0.379200]
Sun 30 Nov 2025 02:27:36 INFO  valid result: 
recall@10 : 0.1591    pop_recall@10 : 0.1663    unpop_recall@10 : 0.0024    mrr@10 : 0.3792    pop_mrr@10 : 0.3787    unpop_mrr@10 : 0.0013    ndcg@10 : 0.2111    pop_ndcg@10 : 0.2132    unpop_ndcg@10 : 0.0013    hit@10 : 0.7459    pop_hit@10 : 0.745    unpop_hit@10 : 0.0046    precision@10 : 0.1631    pop_precision@10 : 0.1626    unpop_precision@10 : 0.0005
Sun 30 Nov 2025 02:28:26 INFO  epoch 58 training [time: 49.61s, train loss: 500.5860]
Sun 30 Nov 2025 02:29:15 INFO  epoch 59 training [time: 49.86s, train loss: 499.9614]
Sun 30 Nov 2025 02:29:16 INFO  epoch 59 evaluating [time: 0.63s, valid_score: 0.379000]
Sun 30 Nov 2025 02:29:16 INFO  valid result: 
recall@10 : 0.159    pop_recall@10 : 0.1662    unpop_recall@10 : 0.0026    mrr@10 : 0.379    pop_mrr@10 : 0.3784    unpop_mrr@10 : 0.0014    ndcg@10 : 0.2111    pop_ndcg@10 : 0.2132    unpop_ndcg@10 : 0.0013    hit@10 : 0.7452    pop_hit@10 : 0.7442    unpop_hit@10 : 0.0048    precision@10 : 0.163    pop_precision@10 : 0.1625    unpop_precision@10 : 0.0005
Sun 30 Nov 2025 02:30:06 INFO  epoch 60 training [time: 50.36s, train loss: 499.3781]
Sun 30 Nov 2025 02:30:56 INFO  epoch 61 training [time: 49.88s, train loss: 498.6569]
Sun 30 Nov 2025 02:30:57 INFO  epoch 61 evaluating [time: 0.48s, valid_score: 0.379800]
Sun 30 Nov 2025 02:30:57 INFO  valid result: 
recall@10 : 0.1587    pop_recall@10 : 0.1659    unpop_recall@10 : 0.0025    mrr@10 : 0.3798    pop_mrr@10 : 0.3793    unpop_mrr@10 : 0.0014    ndcg@10 : 0.2114    pop_ndcg@10 : 0.2134    unpop_ndcg@10 : 0.0013    hit@10 : 0.7447    pop_hit@10 : 0.7439    unpop_hit@10 : 0.0046    precision@10 : 0.1634    pop_precision@10 : 0.1629    unpop_precision@10 : 0.0005
Sun 30 Nov 2025 02:30:57 INFO  Saving current: saved/FairLightGCN-Nov-30-2025_01-30-58.pth
Sun 30 Nov 2025 02:31:46 INFO  epoch 62 training [time: 49.05s, train loss: 497.5690]
Sun 30 Nov 2025 02:32:35 INFO  epoch 63 training [time: 49.51s, train loss: 496.8192]
Sun 30 Nov 2025 02:32:36 INFO  epoch 63 evaluating [time: 0.49s, valid_score: 0.379700]
Sun 30 Nov 2025 02:32:36 INFO  valid result: 
recall@10 : 0.1593    pop_recall@10 : 0.1665    unpop_recall@10 : 0.0026    mrr@10 : 0.3797    pop_mrr@10 : 0.3792    unpop_mrr@10 : 0.0014    ndcg@10 : 0.2117    pop_ndcg@10 : 0.2137    unpop_ndcg@10 : 0.0013    hit@10 : 0.7455    pop_hit@10 : 0.7445    unpop_hit@10 : 0.0048    precision@10 : 0.1636    pop_precision@10 : 0.1631    unpop_precision@10 : 0.0005
Sun 30 Nov 2025 02:33:25 INFO  epoch 64 training [time: 48.98s, train loss: 495.8625]
Sun 30 Nov 2025 02:34:15 INFO  epoch 65 training [time: 50.33s, train loss: 495.1397]
Sun 30 Nov 2025 02:34:16 INFO  epoch 65 evaluating [time: 0.58s, valid_score: 0.380400]
Sun 30 Nov 2025 02:34:16 INFO  valid result: 
recall@10 : 0.1594    pop_recall@10 : 0.1665    unpop_recall@10 : 0.0026    mrr@10 : 0.3804    pop_mrr@10 : 0.3798    unpop_mrr@10 : 0.0014    ndcg@10 : 0.2115    pop_ndcg@10 : 0.2135    unpop_ndcg@10 : 0.0013    hit@10 : 0.7459    pop_hit@10 : 0.745    unpop_hit@10 : 0.0046    precision@10 : 0.1629    pop_precision@10 : 0.1624    unpop_precision@10 : 0.0005
Sun 30 Nov 2025 02:34:16 INFO  Saving current: saved/FairLightGCN-Nov-30-2025_01-30-58.pth
Sun 30 Nov 2025 02:35:06 INFO  epoch 66 training [time: 49.60s, train loss: 494.8926]
Sun 30 Nov 2025 02:35:55 INFO  epoch 67 training [time: 49.65s, train loss: 493.5901]
Sun 30 Nov 2025 02:35:56 INFO  epoch 67 evaluating [time: 0.48s, valid_score: 0.380200]
Sun 30 Nov 2025 02:35:56 INFO  valid result: 
recall@10 : 0.1591    pop_recall@10 : 0.1662    unpop_recall@10 : 0.0027    mrr@10 : 0.3802    pop_mrr@10 : 0.3796    unpop_mrr@10 : 0.0014    ndcg@10 : 0.2111    pop_ndcg@10 : 0.2131    unpop_ndcg@10 : 0.0014    hit@10 : 0.7444    pop_hit@10 : 0.7435    unpop_hit@10 : 0.0048    precision@10 : 0.1625    pop_precision@10 : 0.1619    unpop_precision@10 : 0.0005
Sun 30 Nov 2025 02:36:45 INFO  epoch 68 training [time: 49.66s, train loss: 492.9349]
Sun 30 Nov 2025 02:37:36 INFO  epoch 69 training [time: 50.17s, train loss: 491.9013]
Sun 30 Nov 2025 02:37:36 INFO  epoch 69 evaluating [time: 0.57s, valid_score: 0.379900]
Sun 30 Nov 2025 02:37:36 INFO  valid result: 
recall@10 : 0.1588    pop_recall@10 : 0.1659    unpop_recall@10 : 0.0027    mrr@10 : 0.3799    pop_mrr@10 : 0.3794    unpop_mrr@10 : 0.0014    ndcg@10 : 0.2112    pop_ndcg@10 : 0.2131    unpop_ndcg@10 : 0.0014    hit@10 : 0.7442    pop_hit@10 : 0.7434    unpop_hit@10 : 0.0048    precision@10 : 0.1626    pop_precision@10 : 0.162    unpop_precision@10 : 0.0005
Sun 30 Nov 2025 02:38:26 INFO  epoch 70 training [time: 50.01s, train loss: 491.9789]
Sun 30 Nov 2025 02:39:15 INFO  epoch 71 training [time: 49.13s, train loss: 491.4666]
Sun 30 Nov 2025 02:39:16 INFO  epoch 71 evaluating [time: 0.48s, valid_score: 0.381000]
Sun 30 Nov 2025 02:39:16 INFO  valid result: 
recall@10 : 0.1585    pop_recall@10 : 0.1656    unpop_recall@10 : 0.0027    mrr@10 : 0.381    pop_mrr@10 : 0.3805    unpop_mrr@10 : 0.0014    ndcg@10 : 0.2113    pop_ndcg@10 : 0.2132    unpop_ndcg@10 : 0.0014    hit@10 : 0.7435    pop_hit@10 : 0.7427    unpop_hit@10 : 0.0048    precision@10 : 0.1626    pop_precision@10 : 0.162    unpop_precision@10 : 0.0005
Sun 30 Nov 2025 02:39:16 INFO  Saving current: saved/FairLightGCN-Nov-30-2025_01-30-58.pth
Sun 30 Nov 2025 02:40:06 INFO  epoch 72 training [time: 50.47s, train loss: 490.2912]
Sun 30 Nov 2025 02:40:56 INFO  epoch 73 training [time: 49.94s, train loss: 490.1242]
Sun 30 Nov 2025 02:40:57 INFO  epoch 73 evaluating [time: 0.59s, valid_score: 0.380900]
Sun 30 Nov 2025 02:40:57 INFO  valid result: 
recall@10 : 0.1589    pop_recall@10 : 0.166    unpop_recall@10 : 0.0026    mrr@10 : 0.3809    pop_mrr@10 : 0.3803    unpop_mrr@10 : 0.0014    ndcg@10 : 0.2112    pop_ndcg@10 : 0.2132    unpop_ndcg@10 : 0.0013    hit@10 : 0.7435    pop_hit@10 : 0.7427    unpop_hit@10 : 0.0048    precision@10 : 0.1624    pop_precision@10 : 0.1619    unpop_precision@10 : 0.0005
Sun 30 Nov 2025 02:41:47 INFO  epoch 74 training [time: 50.03s, train loss: 489.2082]
Sun 30 Nov 2025 02:42:37 INFO  epoch 75 training [time: 49.69s, train loss: 488.5718]
Sun 30 Nov 2025 02:42:37 INFO  epoch 75 evaluating [time: 0.49s, valid_score: 0.380200]
Sun 30 Nov 2025 02:42:37 INFO  valid result: 
recall@10 : 0.1586    pop_recall@10 : 0.1658    unpop_recall@10 : 0.0026    mrr@10 : 0.3802    pop_mrr@10 : 0.3797    unpop_mrr@10 : 0.0014    ndcg@10 : 0.2112    pop_ndcg@10 : 0.2133    unpop_ndcg@10 : 0.0013    hit@10 : 0.7439    pop_hit@10 : 0.743    unpop_hit@10 : 0.0046    precision@10 : 0.1627    pop_precision@10 : 0.1622    unpop_precision@10 : 0.0005
Sun 30 Nov 2025 02:43:26 INFO  epoch 76 training [time: 48.72s, train loss: 487.6535]
Sun 30 Nov 2025 02:44:15 INFO  epoch 77 training [time: 49.60s, train loss: 487.4786]
Sun 30 Nov 2025 02:44:16 INFO  epoch 77 evaluating [time: 0.48s, valid_score: 0.379800]
Sun 30 Nov 2025 02:44:16 INFO  valid result: 
recall@10 : 0.1587    pop_recall@10 : 0.1658    unpop_recall@10 : 0.0027    mrr@10 : 0.3798    pop_mrr@10 : 0.3793    unpop_mrr@10 : 0.0014    ndcg@10 : 0.2111    pop_ndcg@10 : 0.213    unpop_ndcg@10 : 0.0014    hit@10 : 0.7429    pop_hit@10 : 0.7419    unpop_hit@10 : 0.005    precision@10 : 0.1627    pop_precision@10 : 0.1621    unpop_precision@10 : 0.0005
Sun 30 Nov 2025 02:45:06 INFO  epoch 78 training [time: 50.00s, train loss: 487.1715]
Sun 30 Nov 2025 02:45:55 INFO  epoch 79 training [time: 49.12s, train loss: 486.7853]
Sun 30 Nov 2025 02:45:56 INFO  epoch 79 evaluating [time: 0.58s, valid_score: 0.379900]
Sun 30 Nov 2025 02:45:56 INFO  valid result: 
recall@10 : 0.1582    pop_recall@10 : 0.1655    unpop_recall@10 : 0.0024    mrr@10 : 0.3799    pop_mrr@10 : 0.3793    unpop_mrr@10 : 0.0014    ndcg@10 : 0.2108    pop_ndcg@10 : 0.2128    unpop_ndcg@10 : 0.0013    hit@10 : 0.744    pop_hit@10 : 0.7432    unpop_hit@10 : 0.0046    precision@10 : 0.1624    pop_precision@10 : 0.1619    unpop_precision@10 : 0.0005
Sun 30 Nov 2025 02:46:44 INFO  epoch 80 training [time: 48.80s, train loss: 485.4896]
Sun 30 Nov 2025 02:47:34 INFO  epoch 81 training [time: 49.54s, train loss: 485.5924]
Sun 30 Nov 2025 02:47:34 INFO  epoch 81 evaluating [time: 0.48s, valid_score: 0.381200]
Sun 30 Nov 2025 02:47:34 INFO  valid result: 
recall@10 : 0.1587    pop_recall@10 : 0.1659    unpop_recall@10 : 0.0027    mrr@10 : 0.3812    pop_mrr@10 : 0.3806    unpop_mrr@10 : 0.0014    ndcg@10 : 0.2114    pop_ndcg@10 : 0.2134    unpop_ndcg@10 : 0.0013    hit@10 : 0.7445    pop_hit@10 : 0.7435    unpop_hit@10 : 0.0048    precision@10 : 0.1628    pop_precision@10 : 0.1623    unpop_precision@10 : 0.0005
Sun 30 Nov 2025 02:47:34 INFO  Saving current: saved/FairLightGCN-Nov-30-2025_01-30-58.pth
Sun 30 Nov 2025 02:48:24 INFO  epoch 82 training [time: 49.28s, train loss: 484.7173]
Sun 30 Nov 2025 02:49:13 INFO  epoch 83 training [time: 49.08s, train loss: 484.4838]
Sun 30 Nov 2025 02:49:13 INFO  epoch 83 evaluating [time: 0.48s, valid_score: 0.380300]
Sun 30 Nov 2025 02:49:13 INFO  valid result: 
recall@10 : 0.1589    pop_recall@10 : 0.1662    unpop_recall@10 : 0.0025    mrr@10 : 0.3803    pop_mrr@10 : 0.3798    unpop_mrr@10 : 0.0014    ndcg@10 : 0.2113    pop_ndcg@10 : 0.2133    unpop_ndcg@10 : 0.0013    hit@10 : 0.7435    pop_hit@10 : 0.7427    unpop_hit@10 : 0.0046    precision@10 : 0.1628    pop_precision@10 : 0.1623    unpop_precision@10 : 0.0005
Sun 30 Nov 2025 02:50:03 INFO  epoch 84 training [time: 49.30s, train loss: 484.0902]
Sun 30 Nov 2025 02:50:52 INFO  epoch 85 training [time: 49.22s, train loss: 483.4687]
Sun 30 Nov 2025 02:50:52 INFO  epoch 85 evaluating [time: 0.53s, valid_score: 0.379900]
Sun 30 Nov 2025 02:50:52 INFO  valid result: 
recall@10 : 0.1588    pop_recall@10 : 0.1661    unpop_recall@10 : 0.0025    mrr@10 : 0.3799    pop_mrr@10 : 0.3793    unpop_mrr@10 : 0.0014    ndcg@10 : 0.211    pop_ndcg@10 : 0.213    unpop_ndcg@10 : 0.0013    hit@10 : 0.7429    pop_hit@10 : 0.7421    unpop_hit@10 : 0.0046    precision@10 : 0.1625    pop_precision@10 : 0.162    unpop_precision@10 : 0.0005
Sun 30 Nov 2025 02:51:42 INFO  epoch 86 training [time: 49.75s, train loss: 483.0345]
Sun 30 Nov 2025 02:52:31 INFO  epoch 87 training [time: 48.97s, train loss: 481.7458]
Sun 30 Nov 2025 02:52:32 INFO  epoch 87 evaluating [time: 0.57s, valid_score: 0.380700]
Sun 30 Nov 2025 02:52:32 INFO  valid result: 
recall@10 : 0.1589    pop_recall@10 : 0.1662    unpop_recall@10 : 0.0025    mrr@10 : 0.3807    pop_mrr@10 : 0.3802    unpop_mrr@10 : 0.0014    ndcg@10 : 0.2114    pop_ndcg@10 : 0.2134    unpop_ndcg@10 : 0.0013    hit@10 : 0.744    pop_hit@10 : 0.7432    unpop_hit@10 : 0.0046    precision@10 : 0.1628    pop_precision@10 : 0.1623    unpop_precision@10 : 0.0005
Sun 30 Nov 2025 02:53:21 INFO  epoch 88 training [time: 49.53s, train loss: 481.8824]
Sun 30 Nov 2025 02:54:11 INFO  epoch 89 training [time: 49.33s, train loss: 481.2303]
Sun 30 Nov 2025 02:54:11 INFO  epoch 89 evaluating [time: 0.48s, valid_score: 0.381300]
Sun 30 Nov 2025 02:54:11 INFO  valid result: 
recall@10 : 0.1585    pop_recall@10 : 0.1658    unpop_recall@10 : 0.0027    mrr@10 : 0.3813    pop_mrr@10 : 0.3807    unpop_mrr@10 : 0.0014    ndcg@10 : 0.2109    pop_ndcg@10 : 0.2129    unpop_ndcg@10 : 0.0014    hit@10 : 0.7424    pop_hit@10 : 0.7414    unpop_hit@10 : 0.0048    precision@10 : 0.1621    pop_precision@10 : 0.1615    unpop_precision@10 : 0.0005
Sun 30 Nov 2025 02:54:11 INFO  Saving current: saved/FairLightGCN-Nov-30-2025_01-30-58.pth
Sun 30 Nov 2025 02:55:00 INFO  epoch 90 training [time: 48.78s, train loss: 480.8353]
Sun 30 Nov 2025 02:55:50 INFO  epoch 91 training [time: 50.00s, train loss: 480.1878]
Sun 30 Nov 2025 02:55:51 INFO  epoch 91 evaluating [time: 0.59s, valid_score: 0.379900]
Sun 30 Nov 2025 02:55:51 INFO  valid result: 
recall@10 : 0.1592    pop_recall@10 : 0.1665    unpop_recall@10 : 0.0027    mrr@10 : 0.3799    pop_mrr@10 : 0.3793    unpop_mrr@10 : 0.0014    ndcg@10 : 0.2114    pop_ndcg@10 : 0.2133    unpop_ndcg@10 : 0.0014    hit@10 : 0.7444    pop_hit@10 : 0.7435    unpop_hit@10 : 0.0048    precision@10 : 0.163    pop_precision@10 : 0.1625    unpop_precision@10 : 0.0005
Sun 30 Nov 2025 02:56:40 INFO  epoch 92 training [time: 49.85s, train loss: 479.4190]
Sun 30 Nov 2025 02:57:30 INFO  epoch 93 training [time: 49.40s, train loss: 479.5233]
Sun 30 Nov 2025 02:57:30 INFO  epoch 93 evaluating [time: 0.57s, valid_score: 0.380900]
Sun 30 Nov 2025 02:57:30 INFO  valid result: 
recall@10 : 0.1591    pop_recall@10 : 0.1664    unpop_recall@10 : 0.0025    mrr@10 : 0.3809    pop_mrr@10 : 0.3803    unpop_mrr@10 : 0.0014    ndcg@10 : 0.2114    pop_ndcg@10 : 0.2134    unpop_ndcg@10 : 0.0013    hit@10 : 0.7427    pop_hit@10 : 0.7419    unpop_hit@10 : 0.0048    precision@10 : 0.1629    pop_precision@10 : 0.1624    unpop_precision@10 : 0.0005
Sun 30 Nov 2025 02:58:20 INFO  epoch 94 training [time: 49.22s, train loss: 479.3482]
Sun 30 Nov 2025 02:59:10 INFO  epoch 95 training [time: 50.14s, train loss: 479.0416]
Sun 30 Nov 2025 02:59:10 INFO  epoch 95 evaluating [time: 0.49s, valid_score: 0.380600]
Sun 30 Nov 2025 02:59:10 INFO  valid result: 
recall@10 : 0.1586    pop_recall@10 : 0.1659    unpop_recall@10 : 0.0027    mrr@10 : 0.3806    pop_mrr@10 : 0.38    unpop_mrr@10 : 0.0014    ndcg@10 : 0.2113    pop_ndcg@10 : 0.2132    unpop_ndcg@10 : 0.0014    hit@10 : 0.7427    pop_hit@10 : 0.7417    unpop_hit@10 : 0.005    precision@10 : 0.1631    pop_precision@10 : 0.1625    unpop_precision@10 : 0.0006
Sun 30 Nov 2025 03:00:00 INFO  epoch 96 training [time: 49.76s, train loss: 478.6079]
Sun 30 Nov 2025 03:00:49 INFO  epoch 97 training [time: 49.39s, train loss: 477.8331]
Sun 30 Nov 2025 03:00:50 INFO  epoch 97 evaluating [time: 0.51s, valid_score: 0.379700]
Sun 30 Nov 2025 03:00:50 INFO  valid result: 
recall@10 : 0.1585    pop_recall@10 : 0.1657    unpop_recall@10 : 0.0027    mrr@10 : 0.3797    pop_mrr@10 : 0.3791    unpop_mrr@10 : 0.0014    ndcg@10 : 0.2108    pop_ndcg@10 : 0.2127    unpop_ndcg@10 : 0.0014    hit@10 : 0.7432    pop_hit@10 : 0.7422    unpop_hit@10 : 0.005    precision@10 : 0.1626    pop_precision@10 : 0.162    unpop_precision@10 : 0.0005
Sun 30 Nov 2025 03:01:40 INFO  epoch 98 training [time: 49.87s, train loss: 477.7176]
Sun 30 Nov 2025 03:02:30 INFO  epoch 99 training [time: 49.84s, train loss: 477.3232]
Sun 30 Nov 2025 03:02:30 INFO  epoch 99 evaluating [time: 0.58s, valid_score: 0.379600]
Sun 30 Nov 2025 03:02:30 INFO  valid result: 
recall@10 : 0.1584    pop_recall@10 : 0.1656    unpop_recall@10 : 0.0027    mrr@10 : 0.3796    pop_mrr@10 : 0.379    unpop_mrr@10 : 0.0014    ndcg@10 : 0.2108    pop_ndcg@10 : 0.2128    unpop_ndcg@10 : 0.0014    hit@10 : 0.7439    pop_hit@10 : 0.743    unpop_hit@10 : 0.005    precision@10 : 0.1627    pop_precision@10 : 0.1622    unpop_precision@10 : 0.0005
Sun 30 Nov 2025 03:02:30 INFO  Loading model structure and parameters from saved/FairLightGCN-Nov-30-2025_01-30-58.pth
Sun 30 Nov 2025 03:02:31 INFO  count    1632.000000
mean       37.009804
std        49.612229
min         1.000000
25%         3.000000
50%        15.000000
75%        52.250000
max       349.000000
dtype: float64
Sun 30 Nov 2025 03:02:32 INFO  The running environment of this training is as follows:
+-------------+-----------------+
| Environment |      Usage      |
+=============+=================+
| CPU         |     15.40 %     |
+-------------+-----------------+
| GPU         | 0.29 G/47.53 G  |
+-------------+-----------------+
| Memory      | 2.00 G/251.48 G |
+-------------+-----------------+
Sun 30 Nov 2025 03:02:32 INFO  best valid : OrderedDict([('recall@10', 0.1585), ('pop_recall@10', 0.1658), ('unpop_recall@10', 0.0027), ('mrr@10', 0.3813), ('pop_mrr@10', 0.3807), ('unpop_mrr@10', 0.0014), ('ndcg@10', 0.2109), ('pop_ndcg@10', 0.2129), ('unpop_ndcg@10', 0.0014), ('hit@10', 0.7424), ('pop_hit@10', 0.7414), ('unpop_hit@10', 0.0048), ('precision@10', 0.1621), ('pop_precision@10', 0.1615), ('unpop_precision@10', 0.0005)])
Sun 30 Nov 2025 03:02:32 INFO  test result: OrderedDict([('recall@10', 0.17792024834437087), ('pop_recall@10', 0.18671718543046356), ('unpop_recall@10', 0.0019625662251655626), ('mrr@10', 0.4624225), ('pop_mrr@10', 0.4622951158940397), ('unpop_mrr@10', 0.0007231125827814569), ('ndcg@10', 0.26298837748344367), ('pop_ndcg@10', 0.2657538576158941), ('unpop_ndcg@10', 0.000834023178807947), ('hit@10', 0.7730132450331125), ('pop_hit@10', 0.7723509933774835), ('unpop_hit@10', 0.003973509933774834), ('precision@10', 0.199817880794702), ('pop_precision@10', 0.1994039735099338), ('unpop_precision@10', 0.0004139072847682119)])
