Mon 24 Nov 2025 02:20:18 INFO  ['run_recbole.py', '--model', 'FairLightGCN', '--dataset', 'ml-1m', '--gpu_ids', '2']
Mon 24 Nov 2025 02:20:18 INFO  
General Hyper Parameters:
gpu_id = 0
use_gpu = True
seed = 2020
state = INFO
reproducibility = True
data_path = dataset/ml-1m
checkpoint_dir = saved
show_progress = True
save_dataset = False
dataset_save_path = None
save_dataloaders = False
dataloaders_save_path = None
log_wandb = False

Training Hyper Parameters:
epochs = 100
train_batch_size = 1024
learner = adam
learning_rate = 0.001
train_neg_sample_args = {'distribution': 'uniform', 'sample_num': 1, 'alpha': 1.0, 'dynamic': False, 'candidate_num': 0}
eval_step = 2
stopping_step = 10
clip_grad_norm = None
weight_decay = 0.0
loss_decimal_place = 4

Evaluation Hyper Parameters:
eval_args = {'split': {'RS': [0.8, 0.1, 0.1]}, 'order': 'RO', 'group_by': 'user', 'mode': {'valid': 'full', 'test': 'full'}}
repeatable = False
metrics = ['Recall', 'MRR', 'NDCG', 'Hit', 'Precision']
topk = [10]
valid_metric = MRR@10
valid_metric_bigger = True
eval_batch_size = 102400
metric_decimal_place = 4

Dataset Hyper Parameters:
train_batch_size = 1024
eval_batch_size = 102400
field_separator = 	
seq_separator =  
USER_ID_FIELD = user_id
ITEM_ID_FIELD = item_id
RATING_FIELD = rating
TIME_FIELD = timestamp
seq_len = None
LABEL_FIELD = label
threshold = None
NEG_PREFIX = neg_
load_col = {'inter': ['user_id', 'item_id', 'rating', 'timestamp']}
unload_col = None
unused_col = None
additional_feat_suffix = None
rm_dup_inter = None
val_interval = None
filter_inter_by_user_or_item = True
user_inter_num_interval = None
item_inter_num_interval = None
alias_of_user_id = None
alias_of_item_id = None
alias_of_entity_id = None
alias_of_relation_id = None
preload_weight = None
normalize_field = None
normalize_all = True
ITEM_LIST_LENGTH_FIELD = item_length
LIST_SUFFIX = _list
MAX_ITEM_LIST_LENGTH = 50
POSITION_FIELD = position_id
HEAD_ENTITY_ID_FIELD = head_id
TAIL_ENTITY_ID_FIELD = tail_id
RELATION_ID_FIELD = relation_id
ENTITY_ID_FIELD = entity_id
kg_reverse_r = False
entity_kg_num_interval = None
relation_kg_num_interval = None
benchmark_filename = None
save_single_user = True
save_base_path = output
attr = {'user': {'need_inter_num': True, 'need_inter_hour': True, 'need_rating': True, 'need_item_genre': True, 'need_item_year': True, 'need_zipcode_to_region': True}, 'item': {'need_inter_num': True, 'need_inter_hour': True, 'need_rating': True, 'need_age': True, 'need_gender': True, 'need_occupation': True, 'need_region': True}, 'interaction': {'timestamp_unit': 's'}}
to_bin = {'user': {'mean_rating': {'n_bins': 5}, 'interaction_nums': {'n_bins': 5}}, 'item': {'mean_rating': {'n_bins': 5}, 'interaction_nums': {'n_bins': 5}}}

Other Hyper Parameters: 
worker = 0
wandb_project = recbole
shuffle = True
require_pow = False
enable_amp = False
enable_scaler = False
transform = None
export_topk_recs = True
export_topk_dir = None
export_topk_filename = None
export_topk_item_separator = None
export_topk_separate_columns = None
embedding_size = 64
n_layers = 2
reg_weight = 1e-05
numerical_features = []
discretization = None
MODEL_TYPE = ModelType.GENERAL
MODEL_INPUT_TYPE = InputType.PAIRWISE
eval_type = EvaluatorType.RANKING
single_spec = True
local_rank = 0
device = cuda
valid_neg_sample_args = {'distribution': 'uniform', 'sample_num': 'none'}
test_neg_sample_args = {'distribution': 'uniform', 'sample_num': 'none'}


Mon 24 Nov 2025 02:20:21 INFO  ml-1m
The number of users: 6041
Average actions of users: 165.5975165562914
The number of items: 3707
Average actions of items: 269.88909875876953
The number of inters: 1000209
The sparsity of the dataset: 95.53358229599758%
Remain Fields: ['user_id', 'item_id', 'rating', 'timestamp']
Mon 24 Nov 2025 02:20:24 INFO  [Training]: train_batch_size = [1024] train_neg_sample_args: [{'distribution': 'uniform', 'sample_num': 1, 'alpha': 1.0, 'dynamic': False, 'candidate_num': 0}]
Mon 24 Nov 2025 02:20:24 INFO  [Evaluation]: eval_batch_size = [102400] eval_args: [{'split': {'RS': [0.8, 0.1, 0.1]}, 'order': 'RO', 'group_by': 'user', 'mode': {'valid': 'full', 'test': 'full'}}]
Mon 24 Nov 2025 02:20:43 INFO  FairLightGCN(
  (user_embedding): Embedding(6041, 64)
  (item_embedding): Embedding(3707, 64)
  (mf_loss): BPRLoss()
  (reg_loss): EmbLoss()
)
Trainable parameters: 623872
Mon 24 Nov 2025 02:20:43 INFO  FLOPs: 0.0
Mon 24 Nov 2025 02:21:25 INFO  epoch 0 training [time: 42.19s, train loss: 953.5179]
Mon 24 Nov 2025 02:22:08 INFO  epoch 1 training [time: 42.32s, train loss: 903.6584]
Mon 24 Nov 2025 02:22:08 INFO  epoch 1 evaluating [time: 0.40s, valid_score: 0.220600]
Mon 24 Nov 2025 02:22:08 INFO  valid result: 
recall@10 : 0.0853    mrr@10 : 0.2206    ndcg@10 : 0.1056    hit@10 : 0.5174    precision@10 : 0.0789
Mon 24 Nov 2025 02:22:08 INFO  Saving current: saved/FairLightGCN-Nov-24-2025_02-20-43.pth
Mon 24 Nov 2025 02:22:50 INFO  epoch 2 training [time: 41.94s, train loss: 889.5076]
Mon 24 Nov 2025 02:23:31 INFO  epoch 3 training [time: 41.32s, train loss: 881.5902]
Mon 24 Nov 2025 02:23:32 INFO  epoch 3 evaluating [time: 0.37s, valid_score: 0.206700]
Mon 24 Nov 2025 02:23:32 INFO  valid result: 
recall@10 : 0.0764    mrr@10 : 0.2067    ndcg@10 : 0.0985    hit@10 : 0.4917    precision@10 : 0.0756
Mon 24 Nov 2025 02:24:14 INFO  epoch 4 training [time: 42.49s, train loss: 875.9005]
Mon 24 Nov 2025 02:24:57 INFO  epoch 5 training [time: 42.54s, train loss: 870.5292]
Mon 24 Nov 2025 02:24:57 INFO  epoch 5 evaluating [time: 0.38s, valid_score: 0.228000]
Mon 24 Nov 2025 02:24:57 INFO  valid result: 
recall@10 : 0.0814    mrr@10 : 0.228    ndcg@10 : 0.1093    hit@10 : 0.5131    precision@10 : 0.0836
Mon 24 Nov 2025 02:24:57 INFO  Saving current: saved/FairLightGCN-Nov-24-2025_02-20-43.pth
Mon 24 Nov 2025 02:25:40 INFO  epoch 6 training [time: 42.45s, train loss: 863.5686]
Mon 24 Nov 2025 02:26:22 INFO  epoch 7 training [time: 42.41s, train loss: 851.8732]
Mon 24 Nov 2025 02:26:23 INFO  epoch 7 evaluating [time: 0.38s, valid_score: 0.249700]
Mon 24 Nov 2025 02:26:23 INFO  valid result: 
recall@10 : 0.0881    mrr@10 : 0.2497    ndcg@10 : 0.1213    hit@10 : 0.5397    precision@10 : 0.0922
Mon 24 Nov 2025 02:26:23 INFO  Saving current: saved/FairLightGCN-Nov-24-2025_02-20-43.pth
Mon 24 Nov 2025 02:27:05 INFO  epoch 8 training [time: 42.36s, train loss: 830.2439]
Mon 24 Nov 2025 02:27:48 INFO  epoch 9 training [time: 42.51s, train loss: 791.0445]
Mon 24 Nov 2025 02:27:48 INFO  epoch 9 evaluating [time: 0.37s, valid_score: 0.338300]
Mon 24 Nov 2025 02:27:48 INFO  valid result: 
recall@10 : 0.1312    mrr@10 : 0.3383    ndcg@10 : 0.1811    hit@10 : 0.6793    precision@10 : 0.1411
Mon 24 Nov 2025 02:27:48 INFO  Saving current: saved/FairLightGCN-Nov-24-2025_02-20-43.pth
Mon 24 Nov 2025 02:28:31 INFO  epoch 10 training [time: 42.46s, train loss: 706.2146]
Mon 24 Nov 2025 02:29:13 INFO  epoch 11 training [time: 42.39s, train loss: 653.5196]
Mon 24 Nov 2025 02:29:13 INFO  epoch 11 evaluating [time: 0.37s, valid_score: 0.400100]
Mon 24 Nov 2025 02:29:13 INFO  valid result: 
recall@10 : 0.1588    mrr@10 : 0.4001    ndcg@10 : 0.2198    hit@10 : 0.7485    precision@10 : 0.1684
Mon 24 Nov 2025 02:29:13 INFO  Saving current: saved/FairLightGCN-Nov-24-2025_02-20-43.pth
Mon 24 Nov 2025 02:29:55 INFO  epoch 12 training [time: 41.42s, train loss: 626.3563]
Mon 24 Nov 2025 02:30:37 INFO  epoch 13 training [time: 42.51s, train loss: 608.0473]
Mon 24 Nov 2025 02:30:38 INFO  epoch 13 evaluating [time: 0.38s, valid_score: 0.404900]
Mon 24 Nov 2025 02:30:38 INFO  valid result: 
recall@10 : 0.1667    mrr@10 : 0.4049    ndcg@10 : 0.2262    hit@10 : 0.7604    precision@10 : 0.1739
Mon 24 Nov 2025 02:30:38 INFO  Saving current: saved/FairLightGCN-Nov-24-2025_02-20-43.pth
Mon 24 Nov 2025 02:31:20 INFO  epoch 14 training [time: 42.48s, train loss: 594.3201]
Mon 24 Nov 2025 02:31:58 INFO  epoch 15 training [time: 37.37s, train loss: 582.9641]
Mon 24 Nov 2025 02:31:58 INFO  epoch 15 evaluating [time: 0.20s, valid_score: 0.406400]
Mon 24 Nov 2025 02:31:58 INFO  valid result: 
recall@10 : 0.17    mrr@10 : 0.4064    ndcg@10 : 0.2287    hit@10 : 0.7641    precision@10 : 0.1755
Mon 24 Nov 2025 02:31:58 INFO  Saving current: saved/FairLightGCN-Nov-24-2025_02-20-43.pth
Mon 24 Nov 2025 02:32:39 INFO  epoch 16 training [time: 41.33s, train loss: 573.4885]
Mon 24 Nov 2025 02:33:22 INFO  epoch 17 training [time: 42.41s, train loss: 565.9131]
Mon 24 Nov 2025 02:33:22 INFO  epoch 17 evaluating [time: 0.37s, valid_score: 0.410000]
Mon 24 Nov 2025 02:33:22 INFO  valid result: 
recall@10 : 0.1716    mrr@10 : 0.41    ndcg@10 : 0.2306    hit@10 : 0.7677    precision@10 : 0.1769
Mon 24 Nov 2025 02:33:22 INFO  Saving current: saved/FairLightGCN-Nov-24-2025_02-20-43.pth
Mon 24 Nov 2025 02:34:04 INFO  epoch 18 training [time: 41.98s, train loss: 559.8565]
Mon 24 Nov 2025 02:34:47 INFO  epoch 19 training [time: 42.39s, train loss: 554.0660]
Mon 24 Nov 2025 02:34:47 INFO  epoch 19 evaluating [time: 0.36s, valid_score: 0.410300]
Mon 24 Nov 2025 02:34:47 INFO  valid result: 
recall@10 : 0.1725    mrr@10 : 0.4103    ndcg@10 : 0.2313    hit@10 : 0.7702    precision@10 : 0.1774
Mon 24 Nov 2025 02:34:47 INFO  Saving current: saved/FairLightGCN-Nov-24-2025_02-20-43.pth
Mon 24 Nov 2025 02:35:29 INFO  epoch 20 training [time: 41.97s, train loss: 548.7306]
Mon 24 Nov 2025 02:36:11 INFO  epoch 21 training [time: 41.67s, train loss: 543.7261]
Mon 24 Nov 2025 02:36:11 INFO  epoch 21 evaluating [time: 0.20s, valid_score: 0.410300]
Mon 24 Nov 2025 02:36:11 INFO  valid result: 
recall@10 : 0.1724    mrr@10 : 0.4103    ndcg@10 : 0.2315    hit@10 : 0.7694    precision@10 : 0.1775
Mon 24 Nov 2025 02:36:11 INFO  Saving current: saved/FairLightGCN-Nov-24-2025_02-20-43.pth
Mon 24 Nov 2025 02:36:53 INFO  epoch 22 training [time: 41.68s, train loss: 539.8707]
Mon 24 Nov 2025 02:37:35 INFO  epoch 23 training [time: 42.55s, train loss: 535.3514]
Mon 24 Nov 2025 02:37:36 INFO  epoch 23 evaluating [time: 0.37s, valid_score: 0.410800]
Mon 24 Nov 2025 02:37:36 INFO  valid result: 
recall@10 : 0.1725    mrr@10 : 0.4108    ndcg@10 : 0.2315    hit@10 : 0.7687    precision@10 : 0.1772
Mon 24 Nov 2025 02:37:36 INFO  Saving current: saved/FairLightGCN-Nov-24-2025_02-20-43.pth
Mon 24 Nov 2025 02:38:18 INFO  epoch 24 training [time: 42.63s, train loss: 532.2576]
Mon 24 Nov 2025 02:39:01 INFO  epoch 25 training [time: 42.45s, train loss: 528.6033]
Mon 24 Nov 2025 02:39:01 INFO  epoch 25 evaluating [time: 0.38s, valid_score: 0.411600]
Mon 24 Nov 2025 02:39:01 INFO  valid result: 
recall@10 : 0.1737    mrr@10 : 0.4116    ndcg@10 : 0.2323    hit@10 : 0.771    precision@10 : 0.1777
Mon 24 Nov 2025 02:39:01 INFO  Saving current: saved/FairLightGCN-Nov-24-2025_02-20-43.pth
Mon 24 Nov 2025 02:39:44 INFO  epoch 26 training [time: 42.50s, train loss: 525.9427]
Mon 24 Nov 2025 02:40:26 INFO  epoch 27 training [time: 42.44s, train loss: 522.9836]
Mon 24 Nov 2025 02:40:26 INFO  epoch 27 evaluating [time: 0.38s, valid_score: 0.410800]
Mon 24 Nov 2025 02:40:26 INFO  valid result: 
recall@10 : 0.1743    mrr@10 : 0.4108    ndcg@10 : 0.2322    hit@10 : 0.7725    precision@10 : 0.178
Mon 24 Nov 2025 02:41:09 INFO  epoch 28 training [time: 42.21s, train loss: 520.1042]
Mon 24 Nov 2025 02:41:51 INFO  epoch 29 training [time: 42.37s, train loss: 518.2752]
Mon 24 Nov 2025 02:41:51 INFO  epoch 29 evaluating [time: 0.38s, valid_score: 0.409600]
Mon 24 Nov 2025 02:41:51 INFO  valid result: 
recall@10 : 0.1747    mrr@10 : 0.4096    ndcg@10 : 0.2319    hit@10 : 0.774    precision@10 : 0.1778
Mon 24 Nov 2025 02:42:34 INFO  epoch 30 training [time: 42.51s, train loss: 515.8418]
Mon 24 Nov 2025 02:43:15 INFO  epoch 31 training [time: 40.95s, train loss: 513.9032]
Mon 24 Nov 2025 02:43:15 INFO  epoch 31 evaluating [time: 0.23s, valid_score: 0.407800]
Mon 24 Nov 2025 02:43:15 INFO  valid result: 
recall@10 : 0.1746    mrr@10 : 0.4078    ndcg@10 : 0.2317    hit@10 : 0.7709    precision@10 : 0.1779
Mon 24 Nov 2025 02:43:58 INFO  epoch 32 training [time: 42.45s, train loss: 511.9279]
Mon 24 Nov 2025 02:44:40 INFO  epoch 33 training [time: 42.52s, train loss: 509.3801]
Mon 24 Nov 2025 02:44:41 INFO  epoch 33 evaluating [time: 0.39s, valid_score: 0.407200]
Mon 24 Nov 2025 02:44:41 INFO  valid result: 
recall@10 : 0.1747    mrr@10 : 0.4072    ndcg@10 : 0.2315    hit@10 : 0.7712    precision@10 : 0.1777
Mon 24 Nov 2025 02:45:23 INFO  epoch 34 training [time: 42.59s, train loss: 507.8971]
Mon 24 Nov 2025 02:46:06 INFO  epoch 35 training [time: 42.59s, train loss: 506.0100]
Mon 24 Nov 2025 02:46:06 INFO  epoch 35 evaluating [time: 0.38s, valid_score: 0.406600]
Mon 24 Nov 2025 02:46:06 INFO  valid result: 
recall@10 : 0.1747    mrr@10 : 0.4066    ndcg@10 : 0.2312    hit@10 : 0.773    precision@10 : 0.1775
Mon 24 Nov 2025 02:46:48 INFO  epoch 36 training [time: 42.41s, train loss: 504.3070]
Mon 24 Nov 2025 02:47:29 INFO  epoch 37 training [time: 40.19s, train loss: 502.4043]
Mon 24 Nov 2025 02:47:29 INFO  epoch 37 evaluating [time: 0.21s, valid_score: 0.406800]
Mon 24 Nov 2025 02:47:29 INFO  valid result: 
recall@10 : 0.175    mrr@10 : 0.4068    ndcg@10 : 0.2313    hit@10 : 0.7743    precision@10 : 0.1777
Mon 24 Nov 2025 02:48:09 INFO  epoch 38 training [time: 40.44s, train loss: 500.4025]
Mon 24 Nov 2025 02:48:51 INFO  epoch 39 training [time: 41.43s, train loss: 499.5250]
Mon 24 Nov 2025 02:48:51 INFO  epoch 39 evaluating [time: 0.37s, valid_score: 0.404600]
Mon 24 Nov 2025 02:48:51 INFO  valid result: 
recall@10 : 0.175    mrr@10 : 0.4046    ndcg@10 : 0.2306    hit@10 : 0.7753    precision@10 : 0.1775
Mon 24 Nov 2025 02:49:34 INFO  epoch 40 training [time: 42.42s, train loss: 498.1908]
Mon 24 Nov 2025 02:50:16 INFO  epoch 41 training [time: 42.46s, train loss: 497.1328]
Mon 24 Nov 2025 02:50:16 INFO  epoch 41 evaluating [time: 0.37s, valid_score: 0.404600]
Mon 24 Nov 2025 02:50:16 INFO  valid result: 
recall@10 : 0.1754    mrr@10 : 0.4046    ndcg@10 : 0.2306    hit@10 : 0.776    precision@10 : 0.1776
Mon 24 Nov 2025 02:50:59 INFO  epoch 42 training [time: 42.51s, train loss: 495.8381]
Mon 24 Nov 2025 02:51:41 INFO  epoch 43 training [time: 41.87s, train loss: 494.7893]
Mon 24 Nov 2025 02:51:41 INFO  epoch 43 evaluating [time: 0.38s, valid_score: 0.405000]
Mon 24 Nov 2025 02:51:41 INFO  valid result: 
recall@10 : 0.1753    mrr@10 : 0.405    ndcg@10 : 0.2308    hit@10 : 0.7757    precision@10 : 0.1776
Mon 24 Nov 2025 02:52:24 INFO  epoch 44 training [time: 42.44s, train loss: 493.0823]
Mon 24 Nov 2025 02:53:06 INFO  epoch 45 training [time: 42.42s, train loss: 491.2036]
Mon 24 Nov 2025 02:53:06 INFO  epoch 45 evaluating [time: 0.38s, valid_score: 0.404000]
Mon 24 Nov 2025 02:53:06 INFO  valid result: 
recall@10 : 0.176    mrr@10 : 0.404    ndcg@10 : 0.231    hit@10 : 0.7757    precision@10 : 0.1779
Mon 24 Nov 2025 02:53:48 INFO  epoch 46 training [time: 42.12s, train loss: 491.0742]
Mon 24 Nov 2025 02:54:30 INFO  epoch 47 training [time: 41.13s, train loss: 490.1052]
Mon 24 Nov 2025 02:54:30 INFO  epoch 47 evaluating [time: 0.30s, valid_score: 0.404800]
Mon 24 Nov 2025 02:54:30 INFO  valid result: 
recall@10 : 0.1757    mrr@10 : 0.4048    ndcg@10 : 0.2308    hit@10 : 0.7747    precision@10 : 0.1776
Mon 24 Nov 2025 02:54:30 INFO  Finished training, best eval result in epoch 25
Mon 24 Nov 2025 02:54:30 INFO  Loading model structure and parameters from saved/FairLightGCN-Nov-24-2025_02-20-43.pth
Mon 24 Nov 2025 02:54:30 INFO  count    1332.000000
mean       45.345345
std        83.931321
min         1.000000
25%         2.000000
50%        11.000000
75%        49.250000
max       726.000000
dtype: float64
Mon 24 Nov 2025 02:54:31 INFO  The running environment of this training is as follows:
+-------------+-----------------+
| Environment |      Usage      |
+=============+=================+
| CPU         |     3.20 %      |
+-------------+-----------------+
| GPU         | 0.29 G/47.53 G  |
+-------------+-----------------+
| Memory      | 1.87 G/251.48 G |
+-------------+-----------------+
Mon 24 Nov 2025 02:54:31 INFO  best valid : OrderedDict([('recall@10', 0.1737), ('mrr@10', 0.4116), ('ndcg@10', 0.2323), ('hit@10', 0.771), ('precision@10', 0.1777)])
Mon 24 Nov 2025 02:54:31 INFO  test result: OrderedDict([('recall@10', 0.19584314569536426), ('mrr@10', 0.4935296688741722), ('ndcg@10', 0.29289562913907286), ('hit@10', 0.7958609271523179), ('precision@10', 0.22372516556291394)])
