Mon 24 Nov 2025 02:20:30 INFO  ['run_recbole.py', '--model', 'FairLightGCN', '--dataset', 'ml-1m', '--gpu_ids', '3']
Mon 24 Nov 2025 02:20:30 INFO  
General Hyper Parameters:
gpu_id = 0
use_gpu = True
seed = 2020
state = INFO
reproducibility = True
data_path = dataset/ml-1m
checkpoint_dir = saved
show_progress = True
save_dataset = False
dataset_save_path = None
save_dataloaders = False
dataloaders_save_path = None
log_wandb = False

Training Hyper Parameters:
epochs = 100
train_batch_size = 1024
learner = adam
learning_rate = 0.001
train_neg_sample_args = {'distribution': 'uniform', 'sample_num': 1, 'alpha': 1.0, 'dynamic': False, 'candidate_num': 0}
eval_step = 2
stopping_step = 10
clip_grad_norm = None
weight_decay = 0.0
loss_decimal_place = 4

Evaluation Hyper Parameters:
eval_args = {'split': {'RS': [0.8, 0.1, 0.1]}, 'order': 'RO', 'group_by': 'user', 'mode': {'valid': 'full', 'test': 'full'}}
repeatable = False
metrics = ['Recall', 'MRR', 'NDCG', 'Hit', 'Precision']
topk = [10]
valid_metric = MRR@10
valid_metric_bigger = True
eval_batch_size = 102400
metric_decimal_place = 4

Dataset Hyper Parameters:
train_batch_size = 1024
eval_batch_size = 102400
field_separator = 	
seq_separator =  
USER_ID_FIELD = user_id
ITEM_ID_FIELD = item_id
RATING_FIELD = rating
TIME_FIELD = timestamp
seq_len = None
LABEL_FIELD = label
threshold = None
NEG_PREFIX = neg_
load_col = {'inter': ['user_id', 'item_id', 'rating', 'timestamp']}
unload_col = None
unused_col = None
additional_feat_suffix = None
rm_dup_inter = None
val_interval = None
filter_inter_by_user_or_item = True
user_inter_num_interval = None
item_inter_num_interval = None
alias_of_user_id = None
alias_of_item_id = None
alias_of_entity_id = None
alias_of_relation_id = None
preload_weight = None
normalize_field = None
normalize_all = True
ITEM_LIST_LENGTH_FIELD = item_length
LIST_SUFFIX = _list
MAX_ITEM_LIST_LENGTH = 50
POSITION_FIELD = position_id
HEAD_ENTITY_ID_FIELD = head_id
TAIL_ENTITY_ID_FIELD = tail_id
RELATION_ID_FIELD = relation_id
ENTITY_ID_FIELD = entity_id
kg_reverse_r = False
entity_kg_num_interval = None
relation_kg_num_interval = None
benchmark_filename = None
save_single_user = True
save_base_path = output
attr = {'user': {'need_inter_num': True, 'need_inter_hour': True, 'need_rating': True, 'need_item_genre': True, 'need_item_year': True, 'need_zipcode_to_region': True}, 'item': {'need_inter_num': True, 'need_inter_hour': True, 'need_rating': True, 'need_age': True, 'need_gender': True, 'need_occupation': True, 'need_region': True}, 'interaction': {'timestamp_unit': 's'}}
to_bin = {'user': {'mean_rating': {'n_bins': 5}, 'interaction_nums': {'n_bins': 5}}, 'item': {'mean_rating': {'n_bins': 5}, 'interaction_nums': {'n_bins': 5}}}

Other Hyper Parameters: 
worker = 0
wandb_project = recbole
shuffle = True
require_pow = False
enable_amp = False
enable_scaler = False
transform = None
export_topk_recs = True
export_topk_dir = None
export_topk_filename = None
export_topk_item_separator = None
export_topk_separate_columns = None
embedding_size = 64
n_layers = 2
reg_weight = 1e-05
numerical_features = []
discretization = None
MODEL_TYPE = ModelType.GENERAL
MODEL_INPUT_TYPE = InputType.PAIRWISE
eval_type = EvaluatorType.RANKING
single_spec = True
local_rank = 0
device = cuda
valid_neg_sample_args = {'distribution': 'uniform', 'sample_num': 'none'}
test_neg_sample_args = {'distribution': 'uniform', 'sample_num': 'none'}


Mon 24 Nov 2025 02:20:32 INFO  ml-1m
The number of users: 6041
Average actions of users: 165.5975165562914
The number of items: 3707
Average actions of items: 269.88909875876953
The number of inters: 1000209
The sparsity of the dataset: 95.53358229599758%
Remain Fields: ['user_id', 'item_id', 'rating', 'timestamp']
Mon 24 Nov 2025 02:20:36 INFO  [Training]: train_batch_size = [1024] train_neg_sample_args: [{'distribution': 'uniform', 'sample_num': 1, 'alpha': 1.0, 'dynamic': False, 'candidate_num': 0}]
Mon 24 Nov 2025 02:20:36 INFO  [Evaluation]: eval_batch_size = [102400] eval_args: [{'split': {'RS': [0.8, 0.1, 0.1]}, 'order': 'RO', 'group_by': 'user', 'mode': {'valid': 'full', 'test': 'full'}}]
Mon 24 Nov 2025 02:20:54 INFO  FairLightGCN(
  (user_embedding): Embedding(6041, 64)
  (item_embedding): Embedding(3707, 64)
  (mf_loss): BPRLoss()
  (reg_loss): EmbLoss()
)
Trainable parameters: 623872
Mon 24 Nov 2025 02:20:55 INFO  FLOPs: 0.0
Mon 24 Nov 2025 02:21:38 INFO  epoch 0 training [time: 42.47s, train loss: 952.1633]
Mon 24 Nov 2025 02:22:20 INFO  epoch 1 training [time: 42.21s, train loss: 902.1472]
Mon 24 Nov 2025 02:22:20 INFO  epoch 1 evaluating [time: 0.40s, valid_score: 0.214100]
Mon 24 Nov 2025 02:22:20 INFO  valid result: 
recall@10 : 0.0832    mrr@10 : 0.2141    ndcg@10 : 0.1025    hit@10 : 0.5053    precision@10 : 0.0767
Mon 24 Nov 2025 02:22:20 INFO  Saving current: saved/FairLightGCN-Nov-24-2025_02-20-55.pth
Mon 24 Nov 2025 02:23:02 INFO  epoch 2 training [time: 41.50s, train loss: 887.9547]
Mon 24 Nov 2025 02:23:44 INFO  epoch 3 training [time: 42.14s, train loss: 880.0649]
Mon 24 Nov 2025 02:23:44 INFO  epoch 3 evaluating [time: 0.46s, valid_score: 0.199100]
Mon 24 Nov 2025 02:23:44 INFO  valid result: 
recall@10 : 0.0734    mrr@10 : 0.1991    ndcg@10 : 0.0943    hit@10 : 0.4815    precision@10 : 0.0723
Mon 24 Nov 2025 02:24:28 INFO  epoch 4 training [time: 43.23s, train loss: 874.3972]
Mon 24 Nov 2025 02:25:10 INFO  epoch 5 training [time: 42.33s, train loss: 869.1369]
Mon 24 Nov 2025 02:25:10 INFO  epoch 5 evaluating [time: 0.45s, valid_score: 0.226000]
Mon 24 Nov 2025 02:25:10 INFO  valid result: 
recall@10 : 0.08    mrr@10 : 0.226    ndcg@10 : 0.1083    hit@10 : 0.5116    precision@10 : 0.0831
Mon 24 Nov 2025 02:25:11 INFO  Saving current: saved/FairLightGCN-Nov-24-2025_02-20-55.pth
Mon 24 Nov 2025 02:25:53 INFO  epoch 6 training [time: 42.65s, train loss: 862.4016]
Mon 24 Nov 2025 02:26:36 INFO  epoch 7 training [time: 42.47s, train loss: 850.6295]
Mon 24 Nov 2025 02:26:36 INFO  epoch 7 evaluating [time: 0.40s, valid_score: 0.267800]
Mon 24 Nov 2025 02:26:36 INFO  valid result: 
recall@10 : 0.0962    mrr@10 : 0.2678    ndcg@10 : 0.1321    hit@10 : 0.5679    precision@10 : 0.1005
Mon 24 Nov 2025 02:26:36 INFO  Saving current: saved/FairLightGCN-Nov-24-2025_02-20-55.pth
Mon 24 Nov 2025 02:27:19 INFO  epoch 8 training [time: 42.89s, train loss: 826.3874]
Mon 24 Nov 2025 02:28:02 INFO  epoch 9 training [time: 42.92s, train loss: 739.2704]
Mon 24 Nov 2025 02:28:02 INFO  epoch 9 evaluating [time: 0.38s, valid_score: 0.372600]
Mon 24 Nov 2025 02:28:02 INFO  valid result: 
recall@10 : 0.1372    mrr@10 : 0.3726    ndcg@10 : 0.1967    hit@10 : 0.7036    precision@10 : 0.1505
Mon 24 Nov 2025 02:28:03 INFO  Saving current: saved/FairLightGCN-Nov-24-2025_02-20-55.pth
Mon 24 Nov 2025 02:28:46 INFO  epoch 10 training [time: 42.90s, train loss: 661.9061]
Mon 24 Nov 2025 02:29:28 INFO  epoch 11 training [time: 42.66s, train loss: 629.3351]
Mon 24 Nov 2025 02:29:28 INFO  epoch 11 evaluating [time: 0.32s, valid_score: 0.393000]
Mon 24 Nov 2025 02:29:28 INFO  valid result: 
recall@10 : 0.1551    mrr@10 : 0.393    ndcg@10 : 0.215    hit@10 : 0.7421    precision@10 : 0.1653
Mon 24 Nov 2025 02:29:29 INFO  Saving current: saved/FairLightGCN-Nov-24-2025_02-20-55.pth
Mon 24 Nov 2025 02:30:11 INFO  epoch 12 training [time: 42.81s, train loss: 608.0366]
Mon 24 Nov 2025 02:30:54 INFO  epoch 13 training [time: 42.85s, train loss: 592.5938]
Mon 24 Nov 2025 02:30:55 INFO  epoch 13 evaluating [time: 0.37s, valid_score: 0.401900]
Mon 24 Nov 2025 02:30:55 INFO  valid result: 
recall@10 : 0.163    mrr@10 : 0.4019    ndcg@10 : 0.2235    hit@10 : 0.7535    precision@10 : 0.1717
Mon 24 Nov 2025 02:30:55 INFO  Saving current: saved/FairLightGCN-Nov-24-2025_02-20-55.pth
Mon 24 Nov 2025 02:31:38 INFO  epoch 14 training [time: 42.97s, train loss: 580.5682]
Mon 24 Nov 2025 02:32:20 INFO  epoch 15 training [time: 42.07s, train loss: 570.3931]
Mon 24 Nov 2025 02:32:20 INFO  epoch 15 evaluating [time: 0.40s, valid_score: 0.407400]
Mon 24 Nov 2025 02:32:20 INFO  valid result: 
recall@10 : 0.1689    mrr@10 : 0.4074    ndcg@10 : 0.2283    hit@10 : 0.7623    precision@10 : 0.175
Mon 24 Nov 2025 02:32:20 INFO  Saving current: saved/FairLightGCN-Nov-24-2025_02-20-55.pth
Mon 24 Nov 2025 02:33:03 INFO  epoch 16 training [time: 42.90s, train loss: 561.8179]
Mon 24 Nov 2025 02:33:46 INFO  epoch 17 training [time: 42.73s, train loss: 554.9508]
Mon 24 Nov 2025 02:33:46 INFO  epoch 17 evaluating [time: 0.30s, valid_score: 0.410800]
Mon 24 Nov 2025 02:33:46 INFO  valid result: 
recall@10 : 0.1711    mrr@10 : 0.4108    ndcg@10 : 0.2309    hit@10 : 0.7654    precision@10 : 0.1767
Mon 24 Nov 2025 02:33:46 INFO  Saving current: saved/FairLightGCN-Nov-24-2025_02-20-55.pth
Mon 24 Nov 2025 02:34:29 INFO  epoch 18 training [time: 42.79s, train loss: 549.3801]
Mon 24 Nov 2025 02:35:12 INFO  epoch 19 training [time: 42.79s, train loss: 544.0193]
Mon 24 Nov 2025 02:35:12 INFO  epoch 19 evaluating [time: 0.39s, valid_score: 0.413200]
Mon 24 Nov 2025 02:35:12 INFO  valid result: 
recall@10 : 0.173    mrr@10 : 0.4132    ndcg@10 : 0.2327    hit@10 : 0.7707    precision@10 : 0.1783
Mon 24 Nov 2025 02:35:12 INFO  Saving current: saved/FairLightGCN-Nov-24-2025_02-20-55.pth
Mon 24 Nov 2025 02:35:55 INFO  epoch 20 training [time: 42.84s, train loss: 538.9806]
Mon 24 Nov 2025 02:36:38 INFO  epoch 21 training [time: 42.83s, train loss: 534.2639]
Mon 24 Nov 2025 02:36:38 INFO  epoch 21 evaluating [time: 0.39s, valid_score: 0.412900]
Mon 24 Nov 2025 02:36:38 INFO  valid result: 
recall@10 : 0.1732    mrr@10 : 0.4129    ndcg@10 : 0.2331    hit@10 : 0.7715    precision@10 : 0.1787
Mon 24 Nov 2025 02:37:21 INFO  epoch 22 training [time: 43.02s, train loss: 530.6652]
Mon 24 Nov 2025 02:38:04 INFO  epoch 23 training [time: 42.92s, train loss: 526.3331]
Mon 24 Nov 2025 02:38:05 INFO  epoch 23 evaluating [time: 0.45s, valid_score: 0.413600]
Mon 24 Nov 2025 02:38:05 INFO  valid result: 
recall@10 : 0.1742    mrr@10 : 0.4136    ndcg@10 : 0.2337    hit@10 : 0.7735    precision@10 : 0.1792
Mon 24 Nov 2025 02:38:05 INFO  Saving current: saved/FairLightGCN-Nov-24-2025_02-20-55.pth
Mon 24 Nov 2025 02:38:48 INFO  epoch 24 training [time: 42.93s, train loss: 523.4257]
Mon 24 Nov 2025 02:39:31 INFO  epoch 25 training [time: 42.92s, train loss: 520.0043]
Mon 24 Nov 2025 02:39:31 INFO  epoch 25 evaluating [time: 0.38s, valid_score: 0.415000]
Mon 24 Nov 2025 02:39:31 INFO  valid result: 
recall@10 : 0.1745    mrr@10 : 0.415    ndcg@10 : 0.234    hit@10 : 0.7763    precision@10 : 0.1795
Mon 24 Nov 2025 02:39:31 INFO  Saving current: saved/FairLightGCN-Nov-24-2025_02-20-55.pth
Mon 24 Nov 2025 02:40:14 INFO  epoch 26 training [time: 42.89s, train loss: 517.4602]
Mon 24 Nov 2025 02:40:57 INFO  epoch 27 training [time: 42.55s, train loss: 514.6652]
Mon 24 Nov 2025 02:40:57 INFO  epoch 27 evaluating [time: 0.37s, valid_score: 0.416600]
Mon 24 Nov 2025 02:40:57 INFO  valid result: 
recall@10 : 0.1743    mrr@10 : 0.4166    ndcg@10 : 0.2342    hit@10 : 0.7757    precision@10 : 0.1792
Mon 24 Nov 2025 02:40:57 INFO  Saving current: saved/FairLightGCN-Nov-24-2025_02-20-55.pth
Mon 24 Nov 2025 02:41:40 INFO  epoch 28 training [time: 42.83s, train loss: 511.9442]
Mon 24 Nov 2025 02:42:23 INFO  epoch 29 training [time: 42.69s, train loss: 510.2185]
Mon 24 Nov 2025 02:42:23 INFO  epoch 29 evaluating [time: 0.37s, valid_score: 0.415900]
Mon 24 Nov 2025 02:42:23 INFO  valid result: 
recall@10 : 0.1752    mrr@10 : 0.4159    ndcg@10 : 0.2343    hit@10 : 0.7785    precision@10 : 0.1794
Mon 24 Nov 2025 02:43:06 INFO  epoch 30 training [time: 42.87s, train loss: 507.8708]
Mon 24 Nov 2025 02:43:49 INFO  epoch 31 training [time: 42.74s, train loss: 506.0812]
Mon 24 Nov 2025 02:43:49 INFO  epoch 31 evaluating [time: 0.37s, valid_score: 0.414200]
Mon 24 Nov 2025 02:43:49 INFO  valid result: 
recall@10 : 0.1757    mrr@10 : 0.4142    ndcg@10 : 0.2344    hit@10 : 0.7788    precision@10 : 0.1798
Mon 24 Nov 2025 02:44:32 INFO  epoch 32 training [time: 42.86s, train loss: 504.1687]
Mon 24 Nov 2025 02:45:15 INFO  epoch 33 training [time: 42.84s, train loss: 501.7176]
Mon 24 Nov 2025 02:45:15 INFO  epoch 33 evaluating [time: 0.37s, valid_score: 0.413700]
Mon 24 Nov 2025 02:45:15 INFO  valid result: 
recall@10 : 0.1763    mrr@10 : 0.4137    ndcg@10 : 0.2345    hit@10 : 0.7795    precision@10 : 0.1799
Mon 24 Nov 2025 02:45:58 INFO  epoch 34 training [time: 42.88s, train loss: 500.2875]
Mon 24 Nov 2025 02:46:41 INFO  epoch 35 training [time: 43.02s, train loss: 498.4129]
Mon 24 Nov 2025 02:46:41 INFO  epoch 35 evaluating [time: 0.42s, valid_score: 0.413100]
Mon 24 Nov 2025 02:46:41 INFO  valid result: 
recall@10 : 0.1757    mrr@10 : 0.4131    ndcg@10 : 0.2339    hit@10 : 0.7775    precision@10 : 0.1792
Mon 24 Nov 2025 02:47:22 INFO  epoch 36 training [time: 40.66s, train loss: 496.7488]
Mon 24 Nov 2025 02:48:00 INFO  epoch 37 training [time: 37.99s, train loss: 495.0543]
Mon 24 Nov 2025 02:48:00 INFO  epoch 37 evaluating [time: 0.20s, valid_score: 0.412100]
Mon 24 Nov 2025 02:48:00 INFO  valid result: 
recall@10 : 0.1764    mrr@10 : 0.4121    ndcg@10 : 0.2339    hit@10 : 0.7778    precision@10 : 0.1793
Mon 24 Nov 2025 02:48:34 INFO  epoch 38 training [time: 33.82s, train loss: 493.0431]
Mon 24 Nov 2025 02:49:16 INFO  epoch 39 training [time: 41.73s, train loss: 492.2470]
Mon 24 Nov 2025 02:49:16 INFO  epoch 39 evaluating [time: 0.37s, valid_score: 0.411200]
Mon 24 Nov 2025 02:49:16 INFO  valid result: 
recall@10 : 0.1766    mrr@10 : 0.4112    ndcg@10 : 0.2337    hit@10 : 0.7788    precision@10 : 0.1793
Mon 24 Nov 2025 02:49:59 INFO  epoch 40 training [time: 42.92s, train loss: 491.0383]
Mon 24 Nov 2025 02:50:42 INFO  epoch 41 training [time: 42.94s, train loss: 490.0435]
Mon 24 Nov 2025 02:50:42 INFO  epoch 41 evaluating [time: 0.38s, valid_score: 0.410900]
Mon 24 Nov 2025 02:50:42 INFO  valid result: 
recall@10 : 0.1771    mrr@10 : 0.4109    ndcg@10 : 0.2339    hit@10 : 0.7803    precision@10 : 0.1796
Mon 24 Nov 2025 02:51:25 INFO  epoch 42 training [time: 42.55s, train loss: 488.8138]
Mon 24 Nov 2025 02:52:08 INFO  epoch 43 training [time: 42.58s, train loss: 487.7983]
Mon 24 Nov 2025 02:52:08 INFO  epoch 43 evaluating [time: 0.38s, valid_score: 0.411200]
Mon 24 Nov 2025 02:52:08 INFO  valid result: 
recall@10 : 0.1772    mrr@10 : 0.4112    ndcg@10 : 0.2342    hit@10 : 0.78    precision@10 : 0.1799
Mon 24 Nov 2025 02:52:51 INFO  epoch 44 training [time: 42.87s, train loss: 486.0370]
Mon 24 Nov 2025 02:53:34 INFO  epoch 45 training [time: 42.98s, train loss: 484.2759]
Mon 24 Nov 2025 02:53:34 INFO  epoch 45 evaluating [time: 0.38s, valid_score: 0.411000]
Mon 24 Nov 2025 02:53:34 INFO  valid result: 
recall@10 : 0.1775    mrr@10 : 0.411    ndcg@10 : 0.2342    hit@10 : 0.7818    precision@10 : 0.18
Mon 24 Nov 2025 02:54:09 INFO  epoch 46 training [time: 34.74s, train loss: 484.1435]
Mon 24 Nov 2025 02:54:43 INFO  epoch 47 training [time: 33.85s, train loss: 483.2561]
Mon 24 Nov 2025 02:54:43 INFO  epoch 47 evaluating [time: 0.21s, valid_score: 0.411200]
Mon 24 Nov 2025 02:54:43 INFO  valid result: 
recall@10 : 0.1776    mrr@10 : 0.4112    ndcg@10 : 0.2344    hit@10 : 0.7786    precision@10 : 0.1802
Mon 24 Nov 2025 02:55:22 INFO  epoch 48 training [time: 39.07s, train loss: 481.6522]
Mon 24 Nov 2025 02:56:02 INFO  epoch 49 training [time: 39.92s, train loss: 481.4230]
Mon 24 Nov 2025 02:56:02 INFO  epoch 49 evaluating [time: 0.37s, valid_score: 0.410500]
Mon 24 Nov 2025 02:56:02 INFO  valid result: 
recall@10 : 0.1774    mrr@10 : 0.4105    ndcg@10 : 0.2339    hit@10 : 0.78    precision@10 : 0.1797
Mon 24 Nov 2025 02:56:02 INFO  Finished training, best eval result in epoch 27
Mon 24 Nov 2025 02:56:02 INFO  Loading model structure and parameters from saved/FairLightGCN-Nov-24-2025_02-20-55.pth
Mon 24 Nov 2025 02:56:03 INFO  count    1309.000000
mean       46.142093
std        93.830658
min         1.000000
25%         2.000000
50%         9.000000
75%        43.000000
max       873.000000
dtype: float64
Mon 24 Nov 2025 02:56:04 INFO  The running environment of this training is as follows:
+-------------+-----------------+
| Environment |      Usage      |
+=============+=================+
| CPU         |     1.00 %      |
+-------------+-----------------+
| GPU         | 0.29 G/47.53 G  |
+-------------+-----------------+
| Memory      | 1.88 G/251.48 G |
+-------------+-----------------+
Mon 24 Nov 2025 02:56:04 INFO  best valid : OrderedDict([('recall@10', 0.1743), ('mrr@10', 0.4166), ('ndcg@10', 0.2342), ('hit@10', 0.7757), ('precision@10', 0.1792)])
Mon 24 Nov 2025 02:56:04 INFO  test result: OrderedDict([('recall@10', 0.1966783940397351), ('mrr@10', 0.49718228476821197), ('ndcg@10', 0.2962841390728477), ('hit@10', 0.7955298013245033), ('precision@10', 0.22635761589403974)])
