Mon 24 Nov 2025 00:44:25 INFO  ['run_recbole.py', '--model', 'FairLightGCN', '--dataset', 'ml-1m', '--gpu_ids', '3']
Mon 24 Nov 2025 00:44:25 INFO  
General Hyper Parameters:
gpu_id = 0
use_gpu = True
seed = 2020
state = INFO
reproducibility = True
data_path = dataset/ml-1m
checkpoint_dir = saved
show_progress = True
save_dataset = False
dataset_save_path = None
save_dataloaders = False
dataloaders_save_path = None
log_wandb = False

Training Hyper Parameters:
epochs = 100
train_batch_size = 1024
learner = adam
learning_rate = 0.001
train_neg_sample_args = {'distribution': 'uniform', 'sample_num': 1, 'alpha': 1.0, 'dynamic': False, 'candidate_num': 0}
eval_step = 2
stopping_step = 10
clip_grad_norm = None
weight_decay = 0.0
loss_decimal_place = 4

Evaluation Hyper Parameters:
eval_args = {'split': {'RS': [0.8, 0.1, 0.1]}, 'order': 'RO', 'group_by': 'user', 'mode': {'valid': 'full', 'test': 'full'}}
repeatable = False
metrics = ['Recall', 'MRR', 'NDCG', 'Hit', 'Precision']
topk = [10]
valid_metric = MRR@10
valid_metric_bigger = True
eval_batch_size = 102400
metric_decimal_place = 4

Dataset Hyper Parameters:
train_batch_size = 1024
eval_batch_size = 102400
field_separator = 	
seq_separator =  
USER_ID_FIELD = user_id
ITEM_ID_FIELD = item_id
RATING_FIELD = rating
TIME_FIELD = timestamp
seq_len = None
LABEL_FIELD = label
threshold = None
NEG_PREFIX = neg_
load_col = {'inter': ['user_id', 'item_id', 'rating', 'timestamp']}
unload_col = None
unused_col = None
additional_feat_suffix = None
rm_dup_inter = None
val_interval = None
filter_inter_by_user_or_item = True
user_inter_num_interval = None
item_inter_num_interval = None
alias_of_user_id = None
alias_of_item_id = None
alias_of_entity_id = None
alias_of_relation_id = None
preload_weight = None
normalize_field = None
normalize_all = True
ITEM_LIST_LENGTH_FIELD = item_length
LIST_SUFFIX = _list
MAX_ITEM_LIST_LENGTH = 50
POSITION_FIELD = position_id
HEAD_ENTITY_ID_FIELD = head_id
TAIL_ENTITY_ID_FIELD = tail_id
RELATION_ID_FIELD = relation_id
ENTITY_ID_FIELD = entity_id
kg_reverse_r = False
entity_kg_num_interval = None
relation_kg_num_interval = None
benchmark_filename = None
save_single_user = True
save_base_path = output
attr = {'user': {'need_inter_num': True, 'need_inter_hour': True, 'need_rating': True, 'need_item_genre': True, 'need_item_year': True, 'need_zipcode_to_region': True}, 'item': {'need_inter_num': True, 'need_inter_hour': True, 'need_rating': True, 'need_age': True, 'need_gender': True, 'need_occupation': True, 'need_region': True}, 'interaction': {'timestamp_unit': 's'}}
to_bin = {'user': {'mean_rating': {'n_bins': 5}, 'interaction_nums': {'n_bins': 5}}, 'item': {'mean_rating': {'n_bins': 5}, 'interaction_nums': {'n_bins': 5}}}

Other Hyper Parameters: 
worker = 0
wandb_project = recbole
shuffle = True
require_pow = False
enable_amp = False
enable_scaler = False
transform = None
export_topk_recs = True
export_topk_dir = None
export_topk_filename = None
export_topk_item_separator = None
export_topk_separate_columns = None
embedding_size = 64
n_layers = 2
reg_weight = 1e-05
numerical_features = []
discretization = None
MODEL_TYPE = ModelType.GENERAL
MODEL_INPUT_TYPE = InputType.PAIRWISE
eval_type = EvaluatorType.RANKING
single_spec = True
local_rank = 0
device = cuda
valid_neg_sample_args = {'distribution': 'uniform', 'sample_num': 'none'}
test_neg_sample_args = {'distribution': 'uniform', 'sample_num': 'none'}


Mon 24 Nov 2025 00:44:28 INFO  ml-1m
The number of users: 6041
Average actions of users: 165.5975165562914
The number of items: 3707
Average actions of items: 269.88909875876953
The number of inters: 1000209
The sparsity of the dataset: 95.53358229599758%
Remain Fields: ['user_id', 'item_id', 'rating', 'timestamp']
Mon 24 Nov 2025 00:44:30 INFO  [Training]: train_batch_size = [1024] train_neg_sample_args: [{'distribution': 'uniform', 'sample_num': 1, 'alpha': 1.0, 'dynamic': False, 'candidate_num': 0}]
Mon 24 Nov 2025 00:44:30 INFO  [Evaluation]: eval_batch_size = [102400] eval_args: [{'split': {'RS': [0.8, 0.1, 0.1]}, 'order': 'RO', 'group_by': 'user', 'mode': {'valid': 'full', 'test': 'full'}}]
Mon 24 Nov 2025 00:44:48 INFO  FairLightGCN(
  (user_embedding): Embedding(6041, 64)
  (item_embedding): Embedding(3707, 64)
  (mf_loss): BPRLoss()
  (reg_loss): EmbLoss()
)
Trainable parameters: 623872
Mon 24 Nov 2025 00:44:48 INFO  FLOPs: 0.0
Mon 24 Nov 2025 00:45:30 INFO  epoch 0 training [time: 41.95s, train loss: 954.0902]
Mon 24 Nov 2025 00:46:11 INFO  epoch 1 training [time: 40.90s, train loss: 906.3659]
Mon 24 Nov 2025 00:46:11 INFO  epoch 1 evaluating [time: 0.35s, valid_score: 0.236100]
Mon 24 Nov 2025 00:46:11 INFO  valid result: 
recall@10 : 0.0938    mrr@10 : 0.2361    ndcg@10 : 0.1165    hit@10 : 0.5589    precision@10 : 0.0886
Mon 24 Nov 2025 00:46:11 INFO  Saving current: saved/FairLightGCN-Nov-24-2025_00-44-48.pth
Mon 24 Nov 2025 00:46:53 INFO  epoch 2 training [time: 41.36s, train loss: 893.8381]
Mon 24 Nov 2025 00:47:34 INFO  epoch 3 training [time: 41.35s, train loss: 886.8345]
Mon 24 Nov 2025 00:47:34 INFO  epoch 3 evaluating [time: 0.31s, valid_score: 0.218100]
Mon 24 Nov 2025 00:47:34 INFO  valid result: 
recall@10 : 0.0837    mrr@10 : 0.2181    ndcg@10 : 0.1067    hit@10 : 0.5253    precision@10 : 0.0832
Mon 24 Nov 2025 00:48:17 INFO  epoch 4 training [time: 42.55s, train loss: 881.8814]
Mon 24 Nov 2025 00:48:59 INFO  epoch 5 training [time: 42.46s, train loss: 877.3412]
Mon 24 Nov 2025 00:49:00 INFO  epoch 5 evaluating [time: 0.39s, valid_score: 0.215200]
Mon 24 Nov 2025 00:49:00 INFO  valid result: 
recall@10 : 0.0789    mrr@10 : 0.2152    ndcg@10 : 0.1036    hit@10 : 0.5    precision@10 : 0.0795
Mon 24 Nov 2025 00:49:42 INFO  epoch 6 training [time: 42.65s, train loss: 871.4608]
Mon 24 Nov 2025 00:50:25 INFO  epoch 7 training [time: 42.95s, train loss: 861.5319]
Mon 24 Nov 2025 00:50:26 INFO  epoch 7 evaluating [time: 0.38s, valid_score: 0.181600]
Mon 24 Nov 2025 00:50:26 INFO  valid result: 
recall@10 : 0.0645    mrr@10 : 0.1816    ndcg@10 : 0.0853    hit@10 : 0.4242    precision@10 : 0.0646
Mon 24 Nov 2025 00:51:09 INFO  epoch 8 training [time: 43.10s, train loss: 843.3480]
Mon 24 Nov 2025 00:51:52 INFO  epoch 9 training [time: 43.05s, train loss: 814.5379]
Mon 24 Nov 2025 00:51:52 INFO  epoch 9 evaluating [time: 0.37s, valid_score: 0.203000]
Mon 24 Nov 2025 00:51:52 INFO  valid result: 
recall@10 : 0.07    mrr@10 : 0.203    ndcg@10 : 0.0978    hit@10 : 0.4594    precision@10 : 0.0757
Mon 24 Nov 2025 00:52:35 INFO  epoch 10 training [time: 42.48s, train loss: 780.0113]
Mon 24 Nov 2025 00:53:17 INFO  epoch 11 training [time: 42.60s, train loss: 747.5341]
Mon 24 Nov 2025 00:53:18 INFO  epoch 11 evaluating [time: 0.39s, valid_score: 0.250900]
Mon 24 Nov 2025 00:53:18 INFO  valid result: 
recall@10 : 0.0851    mrr@10 : 0.2509    ndcg@10 : 0.1239    hit@10 : 0.5331    precision@10 : 0.097
Mon 24 Nov 2025 00:53:18 INFO  Saving current: saved/FairLightGCN-Nov-24-2025_00-44-48.pth
Mon 24 Nov 2025 00:54:01 INFO  epoch 12 training [time: 43.09s, train loss: 718.4148]
Mon 24 Nov 2025 00:54:44 INFO  epoch 13 training [time: 43.05s, train loss: 690.2102]
Mon 24 Nov 2025 00:54:44 INFO  epoch 13 evaluating [time: 0.39s, valid_score: 0.299900]
Mon 24 Nov 2025 00:54:44 INFO  valid result: 
recall@10 : 0.111    mrr@10 : 0.2999    ndcg@10 : 0.1556    hit@10 : 0.6275    precision@10 : 0.1216
Mon 24 Nov 2025 00:54:44 INFO  Saving current: saved/FairLightGCN-Nov-24-2025_00-44-48.pth
Mon 24 Nov 2025 00:55:25 INFO  epoch 14 training [time: 41.00s, train loss: 663.9435]
Mon 24 Nov 2025 00:55:59 INFO  epoch 15 training [time: 33.76s, train loss: 642.7331]
Mon 24 Nov 2025 00:55:59 INFO  epoch 15 evaluating [time: 0.20s, valid_score: 0.341700]
Mon 24 Nov 2025 00:55:59 INFO  valid result: 
recall@10 : 0.1346    mrr@10 : 0.3417    ndcg@10 : 0.1819    hit@10 : 0.6907    precision@10 : 0.1407
Mon 24 Nov 2025 00:56:00 INFO  Saving current: saved/FairLightGCN-Nov-24-2025_00-44-48.pth
Mon 24 Nov 2025 00:56:42 INFO  epoch 16 training [time: 42.83s, train loss: 625.8885]
Mon 24 Nov 2025 00:57:25 INFO  epoch 17 training [time: 42.93s, train loss: 612.9870]
Mon 24 Nov 2025 00:57:26 INFO  epoch 17 evaluating [time: 0.36s, valid_score: 0.359000]
Mon 24 Nov 2025 00:57:26 INFO  valid result: 
recall@10 : 0.1438    mrr@10 : 0.359    ndcg@10 : 0.1939    hit@10 : 0.7121    precision@10 : 0.1495
Mon 24 Nov 2025 00:57:26 INFO  Saving current: saved/FairLightGCN-Nov-24-2025_00-44-48.pth
Mon 24 Nov 2025 00:58:09 INFO  epoch 18 training [time: 42.87s, train loss: 602.7150]
Mon 24 Nov 2025 00:58:51 INFO  epoch 19 training [time: 42.78s, train loss: 594.0114]
Mon 24 Nov 2025 00:58:52 INFO  epoch 19 evaluating [time: 0.36s, valid_score: 0.369300]
Mon 24 Nov 2025 00:58:52 INFO  valid result: 
recall@10 : 0.1495    mrr@10 : 0.3693    ndcg@10 : 0.2001    hit@10 : 0.7242    precision@10 : 0.1539
Mon 24 Nov 2025 00:58:52 INFO  Saving current: saved/FairLightGCN-Nov-24-2025_00-44-48.pth
Mon 24 Nov 2025 00:59:35 INFO  epoch 20 training [time: 42.99s, train loss: 586.2626]
Mon 24 Nov 2025 01:00:18 INFO  epoch 21 training [time: 43.01s, train loss: 579.2925]
Mon 24 Nov 2025 01:00:18 INFO  epoch 21 evaluating [time: 0.37s, valid_score: 0.374500]
Mon 24 Nov 2025 01:00:18 INFO  valid result: 
recall@10 : 0.1528    mrr@10 : 0.3745    ndcg@10 : 0.2044    hit@10 : 0.7326    precision@10 : 0.1573
Mon 24 Nov 2025 01:00:18 INFO  Saving current: saved/FairLightGCN-Nov-24-2025_00-44-48.pth
Mon 24 Nov 2025 01:01:01 INFO  epoch 22 training [time: 42.96s, train loss: 573.4063]
Mon 24 Nov 2025 01:01:43 INFO  epoch 23 training [time: 41.89s, train loss: 567.7433]
Mon 24 Nov 2025 01:01:44 INFO  epoch 23 evaluating [time: 0.30s, valid_score: 0.375500]
Mon 24 Nov 2025 01:01:44 INFO  valid result: 
recall@10 : 0.1551    mrr@10 : 0.3755    ndcg@10 : 0.2065    hit@10 : 0.7381    precision@10 : 0.1596
Mon 24 Nov 2025 01:01:44 INFO  Saving current: saved/FairLightGCN-Nov-24-2025_00-44-48.pth
Mon 24 Nov 2025 01:02:25 INFO  epoch 24 training [time: 41.77s, train loss: 563.2978]
Mon 24 Nov 2025 01:03:07 INFO  epoch 25 training [time: 41.79s, train loss: 558.5470]
Mon 24 Nov 2025 01:03:08 INFO  epoch 25 evaluating [time: 0.30s, valid_score: 0.378500]
Mon 24 Nov 2025 01:03:08 INFO  valid result: 
recall@10 : 0.158    mrr@10 : 0.3785    ndcg@10 : 0.2089    hit@10 : 0.7442    precision@10 : 0.1608
Mon 24 Nov 2025 01:03:08 INFO  Saving current: saved/FairLightGCN-Nov-24-2025_00-44-48.pth
Mon 24 Nov 2025 01:03:50 INFO  epoch 26 training [time: 42.73s, train loss: 555.0389]
Mon 24 Nov 2025 01:04:33 INFO  epoch 27 training [time: 42.49s, train loss: 551.3173]
Mon 24 Nov 2025 01:04:33 INFO  epoch 27 evaluating [time: 0.38s, valid_score: 0.380000]
Mon 24 Nov 2025 01:04:33 INFO  valid result: 
recall@10 : 0.1591    mrr@10 : 0.38    ndcg@10 : 0.2105    hit@10 : 0.746    precision@10 : 0.1622
Mon 24 Nov 2025 01:04:33 INFO  Saving current: saved/FairLightGCN-Nov-24-2025_00-44-48.pth
Mon 24 Nov 2025 01:05:17 INFO  epoch 28 training [time: 43.15s, train loss: 547.5759]
Mon 24 Nov 2025 01:06:00 INFO  epoch 29 training [time: 43.07s, train loss: 545.1112]
Mon 24 Nov 2025 01:06:00 INFO  epoch 29 evaluating [time: 0.37s, valid_score: 0.380800]
Mon 24 Nov 2025 01:06:00 INFO  valid result: 
recall@10 : 0.1607    mrr@10 : 0.3808    ndcg@10 : 0.2121    hit@10 : 0.7482    precision@10 : 0.1638
Mon 24 Nov 2025 01:06:00 INFO  Saving current: saved/FairLightGCN-Nov-24-2025_00-44-48.pth
Mon 24 Nov 2025 01:06:43 INFO  epoch 30 training [time: 42.94s, train loss: 542.0671]
Mon 24 Nov 2025 01:07:26 INFO  epoch 31 training [time: 42.74s, train loss: 539.6613]
Mon 24 Nov 2025 01:07:26 INFO  epoch 31 evaluating [time: 0.35s, valid_score: 0.381900]
Mon 24 Nov 2025 01:07:26 INFO  valid result: 
recall@10 : 0.161    mrr@10 : 0.3819    ndcg@10 : 0.2125    hit@10 : 0.7485    precision@10 : 0.164
Mon 24 Nov 2025 01:07:26 INFO  Saving current: saved/FairLightGCN-Nov-24-2025_00-44-48.pth
Mon 24 Nov 2025 01:08:08 INFO  epoch 32 training [time: 41.82s, train loss: 537.1135]
Mon 24 Nov 2025 01:08:50 INFO  epoch 33 training [time: 42.47s, train loss: 534.3009]
Mon 24 Nov 2025 01:08:51 INFO  epoch 33 evaluating [time: 0.36s, valid_score: 0.380800]
Mon 24 Nov 2025 01:08:51 INFO  valid result: 
recall@10 : 0.1619    mrr@10 : 0.3808    ndcg@10 : 0.2128    hit@10 : 0.751    precision@10 : 0.1644
Mon 24 Nov 2025 01:09:34 INFO  epoch 34 training [time: 42.92s, train loss: 532.3591]
Mon 24 Nov 2025 01:10:17 INFO  epoch 35 training [time: 42.91s, train loss: 530.1580]
Mon 24 Nov 2025 01:10:17 INFO  epoch 35 evaluating [time: 0.37s, valid_score: 0.381200]
Mon 24 Nov 2025 01:10:17 INFO  valid result: 
recall@10 : 0.1626    mrr@10 : 0.3812    ndcg@10 : 0.2134    hit@10 : 0.7528    precision@10 : 0.1649
Mon 24 Nov 2025 01:10:59 INFO  epoch 36 training [time: 42.14s, train loss: 528.0019]
Mon 24 Nov 2025 01:11:41 INFO  epoch 37 training [time: 41.74s, train loss: 525.8230]
Mon 24 Nov 2025 01:11:41 INFO  epoch 37 evaluating [time: 0.30s, valid_score: 0.382400]
Mon 24 Nov 2025 01:11:41 INFO  valid result: 
recall@10 : 0.1625    mrr@10 : 0.3824    ndcg@10 : 0.2137    hit@10 : 0.752    precision@10 : 0.165
Mon 24 Nov 2025 01:11:41 INFO  Saving current: saved/FairLightGCN-Nov-24-2025_00-44-48.pth
Mon 24 Nov 2025 01:12:23 INFO  epoch 38 training [time: 41.60s, train loss: 523.5634]
Mon 24 Nov 2025 01:13:05 INFO  epoch 39 training [time: 41.77s, train loss: 522.5516]
Mon 24 Nov 2025 01:13:05 INFO  epoch 39 evaluating [time: 0.31s, valid_score: 0.382200]
Mon 24 Nov 2025 01:13:05 INFO  valid result: 
recall@10 : 0.1624    mrr@10 : 0.3822    ndcg@10 : 0.2137    hit@10 : 0.7517    precision@10 : 0.1647
Mon 24 Nov 2025 01:13:47 INFO  epoch 40 training [time: 41.73s, train loss: 520.7566]
Mon 24 Nov 2025 01:14:28 INFO  epoch 41 training [time: 41.73s, train loss: 519.4320]
Mon 24 Nov 2025 01:14:29 INFO  epoch 41 evaluating [time: 0.31s, valid_score: 0.384400]
Mon 24 Nov 2025 01:14:29 INFO  valid result: 
recall@10 : 0.1634    mrr@10 : 0.3844    ndcg@10 : 0.2145    hit@10 : 0.7543    precision@10 : 0.1653
Mon 24 Nov 2025 01:14:29 INFO  Saving current: saved/FairLightGCN-Nov-24-2025_00-44-48.pth
Mon 24 Nov 2025 01:15:09 INFO  epoch 42 training [time: 40.24s, train loss: 517.9552]
Mon 24 Nov 2025 01:15:51 INFO  epoch 43 training [time: 41.70s, train loss: 516.5746]
Mon 24 Nov 2025 01:15:51 INFO  epoch 43 evaluating [time: 0.30s, valid_score: 0.384800]
Mon 24 Nov 2025 01:15:51 INFO  valid result: 
recall@10 : 0.1631    mrr@10 : 0.3848    ndcg@10 : 0.2147    hit@10 : 0.7535    precision@10 : 0.1652
Mon 24 Nov 2025 01:15:51 INFO  Saving current: saved/FairLightGCN-Nov-24-2025_00-44-48.pth
Mon 24 Nov 2025 01:16:33 INFO  epoch 44 training [time: 41.67s, train loss: 514.8300]
Mon 24 Nov 2025 01:17:15 INFO  epoch 45 training [time: 41.69s, train loss: 512.8041]
Mon 24 Nov 2025 01:17:15 INFO  epoch 45 evaluating [time: 0.30s, valid_score: 0.386900]
Mon 24 Nov 2025 01:17:15 INFO  valid result: 
recall@10 : 0.1641    mrr@10 : 0.3869    ndcg@10 : 0.2156    hit@10 : 0.7551    precision@10 : 0.1657
Mon 24 Nov 2025 01:17:15 INFO  Saving current: saved/FairLightGCN-Nov-24-2025_00-44-48.pth
Mon 24 Nov 2025 01:17:57 INFO  epoch 46 training [time: 41.60s, train loss: 512.4267]
Mon 24 Nov 2025 01:18:38 INFO  epoch 47 training [time: 41.71s, train loss: 511.1900]
Mon 24 Nov 2025 01:18:39 INFO  epoch 47 evaluating [time: 0.30s, valid_score: 0.386400]
Mon 24 Nov 2025 01:18:39 INFO  valid result: 
recall@10 : 0.1637    mrr@10 : 0.3864    ndcg@10 : 0.215    hit@10 : 0.7565    precision@10 : 0.1652
Mon 24 Nov 2025 01:19:20 INFO  epoch 48 training [time: 41.67s, train loss: 509.4749]
Mon 24 Nov 2025 01:20:02 INFO  epoch 49 training [time: 41.68s, train loss: 508.9070]
Mon 24 Nov 2025 01:20:02 INFO  epoch 49 evaluating [time: 0.30s, valid_score: 0.386000]
Mon 24 Nov 2025 01:20:02 INFO  valid result: 
recall@10 : 0.1635    mrr@10 : 0.386    ndcg@10 : 0.2148    hit@10 : 0.7548    precision@10 : 0.1649
Mon 24 Nov 2025 01:20:44 INFO  epoch 50 training [time: 41.66s, train loss: 508.0093]
Mon 24 Nov 2025 01:21:26 INFO  epoch 51 training [time: 41.69s, train loss: 506.4753]
Mon 24 Nov 2025 01:21:26 INFO  epoch 51 evaluating [time: 0.30s, valid_score: 0.387500]
Mon 24 Nov 2025 01:21:26 INFO  valid result: 
recall@10 : 0.1637    mrr@10 : 0.3875    ndcg@10 : 0.2153    hit@10 : 0.755    precision@10 : 0.1651
Mon 24 Nov 2025 01:21:26 INFO  Saving current: saved/FairLightGCN-Nov-24-2025_00-44-48.pth
Mon 24 Nov 2025 01:22:08 INFO  epoch 52 training [time: 41.67s, train loss: 505.7289]
Mon 24 Nov 2025 01:22:49 INFO  epoch 53 training [time: 41.68s, train loss: 503.6497]
Mon 24 Nov 2025 01:22:50 INFO  epoch 53 evaluating [time: 0.30s, valid_score: 0.387600]
Mon 24 Nov 2025 01:22:50 INFO  valid result: 
recall@10 : 0.1641    mrr@10 : 0.3876    ndcg@10 : 0.2156    hit@10 : 0.756    precision@10 : 0.1654
Mon 24 Nov 2025 01:22:50 INFO  Saving current: saved/FairLightGCN-Nov-24-2025_00-44-48.pth
Mon 24 Nov 2025 01:23:31 INFO  epoch 54 training [time: 41.61s, train loss: 503.2353]
Mon 24 Nov 2025 01:24:13 INFO  epoch 55 training [time: 41.74s, train loss: 502.6960]
Mon 24 Nov 2025 01:24:13 INFO  epoch 55 evaluating [time: 0.31s, valid_score: 0.388200]
Mon 24 Nov 2025 01:24:13 INFO  valid result: 
recall@10 : 0.1636    mrr@10 : 0.3882    ndcg@10 : 0.2156    hit@10 : 0.756    precision@10 : 0.1653
Mon 24 Nov 2025 01:24:14 INFO  Saving current: saved/FairLightGCN-Nov-24-2025_00-44-48.pth
Mon 24 Nov 2025 01:24:55 INFO  epoch 56 training [time: 41.66s, train loss: 501.4199]
Mon 24 Nov 2025 01:25:37 INFO  epoch 57 training [time: 41.78s, train loss: 500.6327]
Mon 24 Nov 2025 01:25:37 INFO  epoch 57 evaluating [time: 0.30s, valid_score: 0.387600]
Mon 24 Nov 2025 01:25:37 INFO  valid result: 
recall@10 : 0.1634    mrr@10 : 0.3876    ndcg@10 : 0.2154    hit@10 : 0.7563    precision@10 : 0.1652
Mon 24 Nov 2025 01:26:19 INFO  epoch 58 training [time: 41.73s, train loss: 499.6623]
Mon 24 Nov 2025 01:27:01 INFO  epoch 59 training [time: 41.79s, train loss: 498.6790]
Mon 24 Nov 2025 01:27:01 INFO  epoch 59 evaluating [time: 0.30s, valid_score: 0.388800]
Mon 24 Nov 2025 01:27:01 INFO  valid result: 
recall@10 : 0.1645    mrr@10 : 0.3888    ndcg@10 : 0.2162    hit@10 : 0.7584    precision@10 : 0.1659
Mon 24 Nov 2025 01:27:01 INFO  Saving current: saved/FairLightGCN-Nov-24-2025_00-44-48.pth
Mon 24 Nov 2025 01:27:43 INFO  epoch 60 training [time: 41.75s, train loss: 498.1326]
Mon 24 Nov 2025 01:28:25 INFO  epoch 61 training [time: 41.77s, train loss: 496.8984]
Mon 24 Nov 2025 01:28:25 INFO  epoch 61 evaluating [time: 0.30s, valid_score: 0.389100]
Mon 24 Nov 2025 01:28:25 INFO  valid result: 
recall@10 : 0.164    mrr@10 : 0.3891    ndcg@10 : 0.216    hit@10 : 0.757    precision@10 : 0.1657
Mon 24 Nov 2025 01:28:25 INFO  Saving current: saved/FairLightGCN-Nov-24-2025_00-44-48.pth
Mon 24 Nov 2025 01:29:07 INFO  epoch 62 training [time: 41.72s, train loss: 496.0023]
Mon 24 Nov 2025 01:29:49 INFO  epoch 63 training [time: 41.74s, train loss: 496.0065]
Mon 24 Nov 2025 01:29:49 INFO  epoch 63 evaluating [time: 0.30s, valid_score: 0.389600]
Mon 24 Nov 2025 01:29:49 INFO  valid result: 
recall@10 : 0.1643    mrr@10 : 0.3896    ndcg@10 : 0.2164    hit@10 : 0.7596    precision@10 : 0.166
Mon 24 Nov 2025 01:29:49 INFO  Saving current: saved/FairLightGCN-Nov-24-2025_00-44-48.pth
Mon 24 Nov 2025 01:30:31 INFO  epoch 64 training [time: 41.70s, train loss: 495.0972]
Mon 24 Nov 2025 01:31:13 INFO  epoch 65 training [time: 41.76s, train loss: 494.3285]
Mon 24 Nov 2025 01:31:13 INFO  epoch 65 evaluating [time: 0.31s, valid_score: 0.389300]
Mon 24 Nov 2025 01:31:13 INFO  valid result: 
recall@10 : 0.1645    mrr@10 : 0.3893    ndcg@10 : 0.2164    hit@10 : 0.7598    precision@10 : 0.1662
Mon 24 Nov 2025 01:31:55 INFO  epoch 66 training [time: 41.93s, train loss: 493.4568]
Mon 24 Nov 2025 01:32:37 INFO  epoch 67 training [time: 41.74s, train loss: 492.8140]
Mon 24 Nov 2025 01:32:37 INFO  epoch 67 evaluating [time: 0.30s, valid_score: 0.389900]
Mon 24 Nov 2025 01:32:37 INFO  valid result: 
recall@10 : 0.1639    mrr@10 : 0.3899    ndcg@10 : 0.216    hit@10 : 0.7588    precision@10 : 0.1655
Mon 24 Nov 2025 01:32:37 INFO  Saving current: saved/FairLightGCN-Nov-24-2025_00-44-48.pth
Mon 24 Nov 2025 01:33:19 INFO  epoch 68 training [time: 41.67s, train loss: 492.4991]
Mon 24 Nov 2025 01:34:00 INFO  epoch 69 training [time: 41.77s, train loss: 491.7083]
Mon 24 Nov 2025 01:34:01 INFO  epoch 69 evaluating [time: 0.30s, valid_score: 0.389400]
Mon 24 Nov 2025 01:34:01 INFO  valid result: 
recall@10 : 0.1638    mrr@10 : 0.3894    ndcg@10 : 0.2161    hit@10 : 0.7578    precision@10 : 0.1659
Mon 24 Nov 2025 01:34:43 INFO  epoch 70 training [time: 42.42s, train loss: 491.0057]
Mon 24 Nov 2025 01:35:26 INFO  epoch 71 training [time: 42.93s, train loss: 490.1268]
Mon 24 Nov 2025 01:35:26 INFO  epoch 71 evaluating [time: 0.37s, valid_score: 0.389700]
Mon 24 Nov 2025 01:35:26 INFO  valid result: 
recall@10 : 0.1635    mrr@10 : 0.3897    ndcg@10 : 0.2159    hit@10 : 0.7586    precision@10 : 0.1656
Mon 24 Nov 2025 01:36:09 INFO  epoch 72 training [time: 42.94s, train loss: 489.6906]
Mon 24 Nov 2025 01:36:48 INFO  epoch 73 training [time: 38.64s, train loss: 489.0696]
Mon 24 Nov 2025 01:36:48 INFO  epoch 73 evaluating [time: 0.20s, valid_score: 0.388400]
Mon 24 Nov 2025 01:36:48 INFO  valid result: 
recall@10 : 0.1632    mrr@10 : 0.3884    ndcg@10 : 0.2156    hit@10 : 0.7563    precision@10 : 0.1655
Mon 24 Nov 2025 01:37:22 INFO  epoch 74 training [time: 33.79s, train loss: 488.1454]
Mon 24 Nov 2025 01:37:56 INFO  epoch 75 training [time: 33.86s, train loss: 487.7316]
Mon 24 Nov 2025 01:37:56 INFO  epoch 75 evaluating [time: 0.20s, valid_score: 0.388700]
Mon 24 Nov 2025 01:37:56 INFO  valid result: 
recall@10 : 0.1638    mrr@10 : 0.3887    ndcg@10 : 0.2156    hit@10 : 0.7578    precision@10 : 0.1655
Mon 24 Nov 2025 01:38:36 INFO  epoch 76 training [time: 39.69s, train loss: 487.7793]
Mon 24 Nov 2025 01:39:19 INFO  epoch 77 training [time: 42.97s, train loss: 486.7644]
Mon 24 Nov 2025 01:39:19 INFO  epoch 77 evaluating [time: 0.37s, valid_score: 0.388800]
Mon 24 Nov 2025 01:39:19 INFO  valid result: 
recall@10 : 0.1632    mrr@10 : 0.3888    ndcg@10 : 0.2153    hit@10 : 0.7558    precision@10 : 0.165
Mon 24 Nov 2025 01:40:02 INFO  epoch 78 training [time: 42.75s, train loss: 486.5293]
Mon 24 Nov 2025 01:40:45 INFO  epoch 79 training [time: 42.93s, train loss: 485.3026]
Mon 24 Nov 2025 01:40:45 INFO  epoch 79 evaluating [time: 0.37s, valid_score: 0.388800]
Mon 24 Nov 2025 01:40:45 INFO  valid result: 
recall@10 : 0.1631    mrr@10 : 0.3888    ndcg@10 : 0.2152    hit@10 : 0.7558    precision@10 : 0.1649
Mon 24 Nov 2025 01:41:28 INFO  epoch 80 training [time: 42.87s, train loss: 485.3683]
Mon 24 Nov 2025 01:42:11 INFO  epoch 81 training [time: 42.94s, train loss: 484.5651]
Mon 24 Nov 2025 01:42:11 INFO  epoch 81 evaluating [time: 0.37s, valid_score: 0.389700]
Mon 24 Nov 2025 01:42:11 INFO  valid result: 
recall@10 : 0.163    mrr@10 : 0.3897    ndcg@10 : 0.2151    hit@10 : 0.756    precision@10 : 0.1646
Mon 24 Nov 2025 01:42:54 INFO  epoch 82 training [time: 42.91s, train loss: 484.1896]
Mon 24 Nov 2025 01:43:37 INFO  epoch 83 training [time: 42.94s, train loss: 483.1402]
Mon 24 Nov 2025 01:43:38 INFO  epoch 83 evaluating [time: 0.37s, valid_score: 0.389800]
Mon 24 Nov 2025 01:43:38 INFO  valid result: 
recall@10 : 0.163    mrr@10 : 0.3898    ndcg@10 : 0.2152    hit@10 : 0.7551    precision@10 : 0.1647
Mon 24 Nov 2025 01:44:20 INFO  epoch 84 training [time: 42.93s, train loss: 483.2230]
Mon 24 Nov 2025 01:45:03 INFO  epoch 85 training [time: 42.95s, train loss: 482.6233]
Mon 24 Nov 2025 01:45:04 INFO  epoch 85 evaluating [time: 0.38s, valid_score: 0.390500]
Mon 24 Nov 2025 01:45:04 INFO  valid result: 
recall@10 : 0.1628    mrr@10 : 0.3905    ndcg@10 : 0.2151    hit@10 : 0.7525    precision@10 : 0.1644
Mon 24 Nov 2025 01:45:04 INFO  Saving current: saved/FairLightGCN-Nov-24-2025_00-44-48.pth
Mon 24 Nov 2025 01:45:47 INFO  epoch 86 training [time: 42.96s, train loss: 482.1280]
Mon 24 Nov 2025 01:46:30 INFO  epoch 87 training [time: 42.98s, train loss: 481.4944]
Mon 24 Nov 2025 01:46:30 INFO  epoch 87 evaluating [time: 0.38s, valid_score: 0.390400]
Mon 24 Nov 2025 01:46:30 INFO  valid result: 
recall@10 : 0.1624    mrr@10 : 0.3904    ndcg@10 : 0.2151    hit@10 : 0.7535    precision@10 : 0.1645
Mon 24 Nov 2025 01:47:13 INFO  epoch 88 training [time: 42.76s, train loss: 481.6995]
Mon 24 Nov 2025 01:47:55 INFO  epoch 89 training [time: 41.79s, train loss: 479.9511]
Mon 24 Nov 2025 01:47:55 INFO  epoch 89 evaluating [time: 0.30s, valid_score: 0.391600]
Mon 24 Nov 2025 01:47:55 INFO  valid result: 
recall@10 : 0.1626    mrr@10 : 0.3916    ndcg@10 : 0.2154    hit@10 : 0.7535    precision@10 : 0.1644
Mon 24 Nov 2025 01:47:55 INFO  Saving current: saved/FairLightGCN-Nov-24-2025_00-44-48.pth
Mon 24 Nov 2025 01:48:37 INFO  epoch 90 training [time: 41.78s, train loss: 480.2184]
Mon 24 Nov 2025 01:49:20 INFO  epoch 91 training [time: 42.68s, train loss: 479.8634]
Mon 24 Nov 2025 01:49:20 INFO  epoch 91 evaluating [time: 0.37s, valid_score: 0.389900]
Mon 24 Nov 2025 01:49:20 INFO  valid result: 
recall@10 : 0.1622    mrr@10 : 0.3899    ndcg@10 : 0.2144    hit@10 : 0.7536    precision@10 : 0.1635
Mon 24 Nov 2025 01:50:03 INFO  epoch 92 training [time: 42.67s, train loss: 479.2842]
Mon 24 Nov 2025 01:50:46 INFO  epoch 93 training [time: 43.01s, train loss: 479.3970]
Mon 24 Nov 2025 01:50:46 INFO  epoch 93 evaluating [time: 0.37s, valid_score: 0.390000]
Mon 24 Nov 2025 01:50:46 INFO  valid result: 
recall@10 : 0.162    mrr@10 : 0.39    ndcg@10 : 0.2146    hit@10 : 0.7538    precision@10 : 0.1636
Mon 24 Nov 2025 01:51:29 INFO  epoch 94 training [time: 42.92s, train loss: 478.4096]
Mon 24 Nov 2025 01:52:12 INFO  epoch 95 training [time: 42.78s, train loss: 478.1097]
Mon 24 Nov 2025 01:52:12 INFO  epoch 95 evaluating [time: 0.38s, valid_score: 0.390000]
Mon 24 Nov 2025 01:52:12 INFO  valid result: 
recall@10 : 0.1617    mrr@10 : 0.39    ndcg@10 : 0.2143    hit@10 : 0.7531    precision@10 : 0.1635
Mon 24 Nov 2025 01:52:55 INFO  epoch 96 training [time: 42.67s, train loss: 477.9020]
Mon 24 Nov 2025 01:53:38 INFO  epoch 97 training [time: 42.79s, train loss: 476.9508]
Mon 24 Nov 2025 01:53:38 INFO  epoch 97 evaluating [time: 0.37s, valid_score: 0.389500]
Mon 24 Nov 2025 01:53:38 INFO  valid result: 
recall@10 : 0.1619    mrr@10 : 0.3895    ndcg@10 : 0.2144    hit@10 : 0.7543    precision@10 : 0.1638
Mon 24 Nov 2025 01:54:21 INFO  epoch 98 training [time: 42.73s, train loss: 476.5481]
Mon 24 Nov 2025 01:55:04 INFO  epoch 99 training [time: 42.81s, train loss: 476.8950]
Mon 24 Nov 2025 01:55:04 INFO  epoch 99 evaluating [time: 0.37s, valid_score: 0.389300]
Mon 24 Nov 2025 01:55:04 INFO  valid result: 
recall@10 : 0.1618    mrr@10 : 0.3893    ndcg@10 : 0.2142    hit@10 : 0.7536    precision@10 : 0.1637
Mon 24 Nov 2025 01:55:04 INFO  Loading model structure and parameters from saved/FairLightGCN-Nov-24-2025_00-44-48.pth
Mon 24 Nov 2025 01:55:04 INFO  count    1633.000000
mean       36.987140
std        52.742314
min         1.000000
25%         3.000000
50%        14.000000
75%        50.000000
max       366.000000
dtype: float64
Mon 24 Nov 2025 01:55:05 INFO  The running environment of this training is as follows:
+-------------+-----------------+
| Environment |      Usage      |
+=============+=================+
| CPU         |     0.50 %      |
+-------------+-----------------+
| GPU         | 0.29 G/47.53 G  |
+-------------+-----------------+
| Memory      | 1.87 G/251.48 G |
+-------------+-----------------+
Mon 24 Nov 2025 01:55:05 INFO  best valid : OrderedDict([('recall@10', 0.1626), ('mrr@10', 0.3916), ('ndcg@10', 0.2154), ('hit@10', 0.7535), ('precision@10', 0.1644)])
Mon 24 Nov 2025 01:55:05 INFO  test result: OrderedDict([('recall@10', 0.18297658940397352), ('mrr@10', 0.4693284105960265), ('ndcg@10', 0.26896274834437084), ('hit@10', 0.7827814569536424), ('precision@10', 0.20440397350993375)])
