# LightGCN在ml-1m数据集 且batch_size=1024下的baseline
Sun 23 Nov 2025 22:09:14 INFO  ['run_recbole.py', '--dataset', 'ml-1m', '--model', 'LightGCN', '--gpu_ids', '1']
Sun 23 Nov 2025 22:09:14 INFO  
General Hyper Parameters:
gpu_id = 0
use_gpu = True
seed = 2020
state = INFO
reproducibility = True
data_path = dataset/ml-1m
checkpoint_dir = saved
show_progress = True
save_dataset = False
dataset_save_path = None
save_dataloaders = False
dataloaders_save_path = None
log_wandb = False

Training Hyper Parameters:
epochs = 100
train_batch_size = 1024
learner = adam
learning_rate = 0.001
train_neg_sample_args = {'distribution': 'uniform', 'sample_num': 1, 'alpha': 1.0, 'dynamic': False, 'candidate_num': 0}
eval_step = 2
stopping_step = 10
clip_grad_norm = None
weight_decay = 0.0
loss_decimal_place = 4

Evaluation Hyper Parameters:
eval_args = {'split': {'RS': [0.8, 0.1, 0.1]}, 'order': 'RO', 'group_by': 'user', 'mode': {'valid': 'full', 'test': 'full'}}
repeatable = False
metrics = ['Recall', 'MRR', 'NDCG', 'Hit', 'Precision']
topk = [10]
valid_metric = MRR@10
valid_metric_bigger = True
eval_batch_size = 102400
metric_decimal_place = 4

Dataset Hyper Parameters:
train_batch_size = 1024
eval_batch_size = 102400
field_separator = 	
seq_separator =  
USER_ID_FIELD = user_id
ITEM_ID_FIELD = item_id
RATING_FIELD = rating
TIME_FIELD = timestamp
seq_len = None
LABEL_FIELD = label
threshold = None
NEG_PREFIX = neg_
load_col = {'inter': ['user_id', 'item_id', 'rating', 'timestamp']}
unload_col = None
unused_col = None
additional_feat_suffix = None
rm_dup_inter = None
val_interval = None
filter_inter_by_user_or_item = True
user_inter_num_interval = None
item_inter_num_interval = None
alias_of_user_id = None
alias_of_item_id = None
alias_of_entity_id = None
alias_of_relation_id = None
preload_weight = None
normalize_field = None
normalize_all = True
ITEM_LIST_LENGTH_FIELD = item_length
LIST_SUFFIX = _list
MAX_ITEM_LIST_LENGTH = 50
POSITION_FIELD = position_id
HEAD_ENTITY_ID_FIELD = head_id
TAIL_ENTITY_ID_FIELD = tail_id
RELATION_ID_FIELD = relation_id
ENTITY_ID_FIELD = entity_id
kg_reverse_r = False
entity_kg_num_interval = None
relation_kg_num_interval = None
benchmark_filename = None
save_single_user = True
save_base_path = output
attr = {'user': {'need_inter_num': True, 'need_inter_hour': True, 'need_rating': True, 'need_item_genre': True, 'need_item_year': True, 'need_zipcode_to_region': True}, 'item': {'need_inter_num': True, 'need_inter_hour': True, 'need_rating': True, 'need_age': True, 'need_gender': True, 'need_occupation': True, 'need_region': True}, 'interaction': {'timestamp_unit': 's'}}
to_bin = {'user': {'mean_rating': {'n_bins': 5}, 'interaction_nums': {'n_bins': 5}}, 'item': {'mean_rating': {'n_bins': 5}, 'interaction_nums': {'n_bins': 5}}}

Other Hyper Parameters: 
worker = 0
wandb_project = recbole
shuffle = True
require_pow = False
enable_amp = False
enable_scaler = False
transform = None
export_topk_recs = True
export_topk_dir = None
export_topk_filename = None
export_topk_item_separator = None
export_topk_separate_columns = None
embedding_size = 64
n_layers = 2
reg_weight = 1e-05
numerical_features = []
discretization = None
MODEL_TYPE = ModelType.GENERAL
MODEL_INPUT_TYPE = InputType.PAIRWISE
eval_type = EvaluatorType.RANKING
single_spec = True
local_rank = 0
device = cuda
valid_neg_sample_args = {'distribution': 'uniform', 'sample_num': 'none'}
test_neg_sample_args = {'distribution': 'uniform', 'sample_num': 'none'}


Sun 23 Nov 2025 22:09:17 INFO  ml-1m
The number of users: 6041
Average actions of users: 165.5975165562914
The number of items: 3707
Average actions of items: 269.88909875876953
The number of inters: 1000209
The sparsity of the dataset: 95.53358229599758%
Remain Fields: ['user_id', 'item_id', 'rating', 'timestamp']
Sun 23 Nov 2025 22:09:21 INFO  [Training]: train_batch_size = [1024] train_neg_sample_args: [{'distribution': 'uniform', 'sample_num': 1, 'alpha': 1.0, 'dynamic': False, 'candidate_num': 0}]
Sun 23 Nov 2025 22:09:21 INFO  [Evaluation]: eval_batch_size = [102400] eval_args: [{'split': {'RS': [0.8, 0.1, 0.1]}, 'order': 'RO', 'group_by': 'user', 'mode': {'valid': 'full', 'test': 'full'}}]
Sun 23 Nov 2025 22:09:40 INFO  LightGCN(
  (user_embedding): Embedding(6041, 64)
  (item_embedding): Embedding(3707, 64)
  (mf_loss): BPRLoss()
  (reg_loss): EmbLoss()
)
Trainable parameters: 623872
Sun 23 Nov 2025 22:09:40 INFO  FLOPs: 0.0
Sun 23 Nov 2025 22:09:56 INFO  epoch 0 training [time: 15.64s, train loss: 323.6914]
Sun 23 Nov 2025 22:10:11 INFO  epoch 1 training [time: 14.83s, train loss: 276.3900]
Sun 23 Nov 2025 22:10:12 INFO  epoch 1 evaluating [time: 0.53s, valid_score: 0.219700]
Sun 23 Nov 2025 22:10:12 INFO  valid result: 
recall@10 : 0.0678    mrr@10 : 0.2197    ndcg@10 : 0.1065    hit@10 : 0.4858    precision@10 : 0.087
Sun 23 Nov 2025 22:10:12 INFO  Saving current: saved/LightGCN-Nov-23-2025_22-09-40.pth
Sun 23 Nov 2025 22:10:26 INFO  epoch 2 training [time: 14.37s, train loss: 271.8450]
Sun 23 Nov 2025 22:10:41 INFO  epoch 3 training [time: 14.66s, train loss: 263.8144]
Sun 23 Nov 2025 22:10:41 INFO  epoch 3 evaluating [time: 0.37s, valid_score: 0.231400]
Sun 23 Nov 2025 22:10:41 INFO  valid result: 
recall@10 : 0.0714    mrr@10 : 0.2314    ndcg@10 : 0.1126    hit@10 : 0.5026    precision@10 : 0.0916
Sun 23 Nov 2025 22:10:41 INFO  Saving current: saved/LightGCN-Nov-23-2025_22-09-40.pth
Sun 23 Nov 2025 22:10:55 INFO  epoch 4 training [time: 14.23s, train loss: 247.8063]
Sun 23 Nov 2025 22:11:10 INFO  epoch 5 training [time: 14.59s, train loss: 231.7706]
Sun 23 Nov 2025 22:11:10 INFO  epoch 5 evaluating [time: 0.41s, valid_score: 0.275000]
Sun 23 Nov 2025 22:11:10 INFO  valid result: 
recall@10 : 0.0863    mrr@10 : 0.275    ndcg@10 : 0.1343    hit@10 : 0.5593    precision@10 : 0.1072
Sun 23 Nov 2025 22:11:11 INFO  Saving current: saved/LightGCN-Nov-23-2025_22-09-40.pth
Sun 23 Nov 2025 22:11:25 INFO  epoch 6 training [time: 14.58s, train loss: 220.1003]
Sun 23 Nov 2025 22:11:40 INFO  epoch 7 training [time: 14.68s, train loss: 211.2970]
Sun 23 Nov 2025 22:11:40 INFO  epoch 7 evaluating [time: 0.37s, valid_score: 0.303600]
Sun 23 Nov 2025 22:11:40 INFO  valid result: 
recall@10 : 0.0986    mrr@10 : 0.3036    ndcg@10 : 0.1511    hit@10 : 0.5955    precision@10 : 0.1191
Sun 23 Nov 2025 22:11:40 INFO  Saving current: saved/LightGCN-Nov-23-2025_22-09-40.pth
Sun 23 Nov 2025 22:11:55 INFO  epoch 8 training [time: 14.78s, train loss: 204.4359]
Sun 23 Nov 2025 22:12:10 INFO  epoch 9 training [time: 15.17s, train loss: 199.1481]
Sun 23 Nov 2025 22:12:11 INFO  epoch 9 evaluating [time: 0.32s, valid_score: 0.310500]
Sun 23 Nov 2025 22:12:11 INFO  valid result: 
recall@10 : 0.1024    mrr@10 : 0.3105    ndcg@10 : 0.1569    hit@10 : 0.6101    precision@10 : 0.1246
Sun 23 Nov 2025 22:12:11 INFO  Saving current: saved/LightGCN-Nov-23-2025_22-09-40.pth
Sun 23 Nov 2025 22:12:25 INFO  epoch 10 training [time: 14.32s, train loss: 194.3361]
Sun 23 Nov 2025 22:12:39 INFO  epoch 11 training [time: 14.26s, train loss: 190.0974]
Sun 23 Nov 2025 22:12:40 INFO  epoch 11 evaluating [time: 0.38s, valid_score: 0.322100]
Sun 23 Nov 2025 22:12:40 INFO  valid result: 
recall@10 : 0.1085    mrr@10 : 0.3221    ndcg@10 : 0.165    hit@10 : 0.6267    precision@10 : 0.1312
Sun 23 Nov 2025 22:12:40 INFO  Saving current: saved/LightGCN-Nov-23-2025_22-09-40.pth
Sun 23 Nov 2025 22:12:52 INFO  epoch 12 training [time: 12.61s, train loss: 185.5731]
Sun 23 Nov 2025 22:13:07 INFO  epoch 13 training [time: 14.70s, train loss: 181.9693]
Sun 23 Nov 2025 22:13:07 INFO  epoch 13 evaluating [time: 0.37s, valid_score: 0.334000]
Sun 23 Nov 2025 22:13:07 INFO  valid result: 
recall@10 : 0.1132    mrr@10 : 0.334    ndcg@10 : 0.1717    hit@10 : 0.6444    precision@10 : 0.1362
Sun 23 Nov 2025 22:13:08 INFO  Saving current: saved/LightGCN-Nov-23-2025_22-09-40.pth
Sun 23 Nov 2025 22:13:22 INFO  epoch 14 training [time: 14.77s, train loss: 178.7640]
Sun 23 Nov 2025 22:13:38 INFO  epoch 15 training [time: 15.15s, train loss: 175.4849]
Sun 23 Nov 2025 22:13:38 INFO  epoch 15 evaluating [time: 0.38s, valid_score: 0.336200]
Sun 23 Nov 2025 22:13:38 INFO  valid result: 
recall@10 : 0.1176    mrr@10 : 0.3362    ndcg@10 : 0.1757    hit@10 : 0.6558    precision@10 : 0.1399
Sun 23 Nov 2025 22:13:38 INFO  Saving current: saved/LightGCN-Nov-23-2025_22-09-40.pth
Sun 23 Nov 2025 22:13:53 INFO  epoch 16 training [time: 15.18s, train loss: 172.6903]
Sun 23 Nov 2025 22:14:10 INFO  epoch 17 training [time: 16.27s, train loss: 170.7279]
Sun 23 Nov 2025 22:14:10 INFO  epoch 17 evaluating [time: 0.37s, valid_score: 0.343600]
Sun 23 Nov 2025 22:14:10 INFO  valid result: 
recall@10 : 0.1216    mrr@10 : 0.3436    ndcg@10 : 0.1802    hit@10 : 0.6656    precision@10 : 0.1432
Sun 23 Nov 2025 22:14:10 INFO  Saving current: saved/LightGCN-Nov-23-2025_22-09-40.pth
Sun 23 Nov 2025 22:14:26 INFO  epoch 18 training [time: 16.27s, train loss: 169.0350]
Sun 23 Nov 2025 22:14:43 INFO  epoch 19 training [time: 16.36s, train loss: 167.1582]
Sun 23 Nov 2025 22:14:43 INFO  epoch 19 evaluating [time: 0.37s, valid_score: 0.348900]
Sun 23 Nov 2025 22:14:43 INFO  valid result: 
recall@10 : 0.1238    mrr@10 : 0.3489    ndcg@10 : 0.183    hit@10 : 0.67    precision@10 : 0.1451
Sun 23 Nov 2025 22:14:43 INFO  Saving current: saved/LightGCN-Nov-23-2025_22-09-40.pth
Sun 23 Nov 2025 22:14:59 INFO  epoch 20 training [time: 16.32s, train loss: 164.6605]
Sun 23 Nov 2025 22:15:16 INFO  epoch 21 training [time: 16.31s, train loss: 162.5392]
Sun 23 Nov 2025 22:15:16 INFO  epoch 21 evaluating [time: 0.36s, valid_score: 0.355400]
Sun 23 Nov 2025 22:15:16 INFO  valid result: 
recall@10 : 0.1266    mrr@10 : 0.3554    ndcg@10 : 0.1869    hit@10 : 0.6811    precision@10 : 0.148
Sun 23 Nov 2025 22:15:16 INFO  Saving current: saved/LightGCN-Nov-23-2025_22-09-40.pth
Sun 23 Nov 2025 22:15:33 INFO  epoch 22 training [time: 16.28s, train loss: 160.8646]
Sun 23 Nov 2025 22:15:49 INFO  epoch 23 training [time: 16.33s, train loss: 158.7325]
Sun 23 Nov 2025 22:15:49 INFO  epoch 23 evaluating [time: 0.36s, valid_score: 0.355300]
Sun 23 Nov 2025 22:15:49 INFO  valid result: 
recall@10 : 0.1297    mrr@10 : 0.3553    ndcg@10 : 0.1887    hit@10 : 0.6868    precision@10 : 0.1498
Sun 23 Nov 2025 22:16:06 INFO  epoch 24 training [time: 16.29s, train loss: 157.8678]
Sun 23 Nov 2025 22:16:22 INFO  epoch 25 training [time: 16.27s, train loss: 155.3410]
Sun 23 Nov 2025 22:16:22 INFO  epoch 25 evaluating [time: 0.37s, valid_score: 0.358700]
Sun 23 Nov 2025 22:16:22 INFO  valid result: 
recall@10 : 0.133    mrr@10 : 0.3587    ndcg@10 : 0.1918    hit@10 : 0.6995    precision@10 : 0.1522
Sun 23 Nov 2025 22:16:22 INFO  Saving current: saved/LightGCN-Nov-23-2025_22-09-40.pth
Sun 23 Nov 2025 22:16:39 INFO  epoch 26 training [time: 16.27s, train loss: 154.1443]
Sun 23 Nov 2025 22:16:55 INFO  epoch 27 training [time: 16.28s, train loss: 152.7631]
Sun 23 Nov 2025 22:16:55 INFO  epoch 27 evaluating [time: 0.36s, valid_score: 0.359800]
Sun 23 Nov 2025 22:16:55 INFO  valid result: 
recall@10 : 0.1339    mrr@10 : 0.3598    ndcg@10 : 0.1931    hit@10 : 0.6983    precision@10 : 0.1532
Sun 23 Nov 2025 22:16:55 INFO  Saving current: saved/LightGCN-Nov-23-2025_22-09-40.pth
Sun 23 Nov 2025 22:17:12 INFO  epoch 28 training [time: 16.30s, train loss: 151.6898]
Sun 23 Nov 2025 22:17:28 INFO  epoch 29 training [time: 16.32s, train loss: 150.6314]
Sun 23 Nov 2025 22:17:28 INFO  epoch 29 evaluating [time: 0.36s, valid_score: 0.359700]
Sun 23 Nov 2025 22:17:28 INFO  valid result: 
recall@10 : 0.1357    mrr@10 : 0.3597    ndcg@10 : 0.1946    hit@10 : 0.7015    precision@10 : 0.1543
Sun 23 Nov 2025 22:17:45 INFO  epoch 30 training [time: 16.33s, train loss: 149.1524]
Sun 23 Nov 2025 22:18:01 INFO  epoch 31 training [time: 16.30s, train loss: 148.4204]
Sun 23 Nov 2025 22:18:01 INFO  epoch 31 evaluating [time: 0.36s, valid_score: 0.364000]
Sun 23 Nov 2025 22:18:01 INFO  valid result: 
recall@10 : 0.1374    mrr@10 : 0.364    ndcg@10 : 0.1964    hit@10 : 0.7048    precision@10 : 0.1553
Sun 23 Nov 2025 22:18:01 INFO  Saving current: saved/LightGCN-Nov-23-2025_22-09-40.pth
Sun 23 Nov 2025 22:18:18 INFO  epoch 32 training [time: 16.30s, train loss: 147.1523]
Sun 23 Nov 2025 22:18:34 INFO  epoch 33 training [time: 16.33s, train loss: 146.1187]
Sun 23 Nov 2025 22:18:34 INFO  epoch 33 evaluating [time: 0.37s, valid_score: 0.366000]
Sun 23 Nov 2025 22:18:34 INFO  valid result: 
recall@10 : 0.1384    mrr@10 : 0.366    ndcg@10 : 0.1976    hit@10 : 0.7093    precision@10 : 0.1555
Sun 23 Nov 2025 22:18:35 INFO  Saving current: saved/LightGCN-Nov-23-2025_22-09-40.pth
Sun 23 Nov 2025 22:18:48 INFO  epoch 34 training [time: 13.28s, train loss: 145.0080]
Sun 23 Nov 2025 22:18:59 INFO  epoch 35 training [time: 11.03s, train loss: 143.6865]
Sun 23 Nov 2025 22:18:59 INFO  epoch 35 evaluating [time: 0.20s, valid_score: 0.368600]
Sun 23 Nov 2025 22:18:59 INFO  valid result: 
recall@10 : 0.139    mrr@10 : 0.3686    ndcg@10 : 0.1985    hit@10 : 0.7094    precision@10 : 0.1564
Sun 23 Nov 2025 22:18:59 INFO  Saving current: saved/LightGCN-Nov-23-2025_22-09-40.pth
Sun 23 Nov 2025 22:19:10 INFO  epoch 36 training [time: 11.08s, train loss: 142.9120]
Sun 23 Nov 2025 22:19:21 INFO  epoch 37 training [time: 11.07s, train loss: 142.1678]
Sun 23 Nov 2025 22:19:22 INFO  epoch 37 evaluating [time: 0.20s, valid_score: 0.366500]
Sun 23 Nov 2025 22:19:22 INFO  valid result: 
recall@10 : 0.1402    mrr@10 : 0.3665    ndcg@10 : 0.1988    hit@10 : 0.7121    precision@10 : 0.1575
Sun 23 Nov 2025 22:19:33 INFO  epoch 38 training [time: 11.08s, train loss: 140.8562]
Sun 23 Nov 2025 22:19:44 INFO  epoch 39 training [time: 11.09s, train loss: 140.2894]
Sun 23 Nov 2025 22:19:44 INFO  epoch 39 evaluating [time: 0.20s, valid_score: 0.369400]
Sun 23 Nov 2025 22:19:44 INFO  valid result: 
recall@10 : 0.1415    mrr@10 : 0.3694    ndcg@10 : 0.1999    hit@10 : 0.7154    precision@10 : 0.1577
Sun 23 Nov 2025 22:19:44 INFO  Saving current: saved/LightGCN-Nov-23-2025_22-09-40.pth
Sun 23 Nov 2025 22:20:00 INFO  epoch 40 training [time: 16.18s, train loss: 139.8321]
Sun 23 Nov 2025 22:20:17 INFO  epoch 41 training [time: 16.44s, train loss: 138.7573]
Sun 23 Nov 2025 22:20:17 INFO  epoch 41 evaluating [time: 0.37s, valid_score: 0.369100]
Sun 23 Nov 2025 22:20:17 INFO  valid result: 
recall@10 : 0.1422    mrr@10 : 0.3691    ndcg@10 : 0.2003    hit@10 : 0.7182    precision@10 : 0.158
Sun 23 Nov 2025 22:20:33 INFO  epoch 42 training [time: 16.42s, train loss: 138.1636]
Sun 23 Nov 2025 22:20:49 INFO  epoch 43 training [time: 15.38s, train loss: 137.4604]
Sun 23 Nov 2025 22:20:49 INFO  epoch 43 evaluating [time: 0.36s, valid_score: 0.370200]
Sun 23 Nov 2025 22:20:49 INFO  valid result: 
recall@10 : 0.1414    mrr@10 : 0.3702    ndcg@10 : 0.2003    hit@10 : 0.7152    precision@10 : 0.157
Sun 23 Nov 2025 22:20:49 INFO  Saving current: saved/LightGCN-Nov-23-2025_22-09-40.pth
Sun 23 Nov 2025 22:21:04 INFO  epoch 44 training [time: 15.21s, train loss: 136.0693]
Sun 23 Nov 2025 22:21:21 INFO  epoch 45 training [time: 16.37s, train loss: 135.0373]
Sun 23 Nov 2025 22:21:21 INFO  epoch 45 evaluating [time: 0.29s, valid_score: 0.369500]
Sun 23 Nov 2025 22:21:21 INFO  valid result: 
recall@10 : 0.1431    mrr@10 : 0.3695    ndcg@10 : 0.2016    hit@10 : 0.72    precision@10 : 0.1591
Sun 23 Nov 2025 22:21:38 INFO  epoch 46 training [time: 16.42s, train loss: 134.3025]
Sun 23 Nov 2025 22:21:54 INFO  epoch 47 training [time: 16.43s, train loss: 133.8197]
Sun 23 Nov 2025 22:21:54 INFO  epoch 47 evaluating [time: 0.36s, valid_score: 0.373900]
Sun 23 Nov 2025 22:21:54 INFO  valid result: 
recall@10 : 0.1433    mrr@10 : 0.3739    ndcg@10 : 0.2022    hit@10 : 0.7235    precision@10 : 0.1585
Sun 23 Nov 2025 22:21:55 INFO  Saving current: saved/LightGCN-Nov-23-2025_22-09-40.pth
Sun 23 Nov 2025 22:22:10 INFO  epoch 48 training [time: 15.32s, train loss: 132.4255]
Sun 23 Nov 2025 22:22:26 INFO  epoch 49 training [time: 16.10s, train loss: 132.4349]
Sun 23 Nov 2025 22:22:26 INFO  epoch 49 evaluating [time: 0.34s, valid_score: 0.373200]
Sun 23 Nov 2025 22:22:26 INFO  valid result: 
recall@10 : 0.1432    mrr@10 : 0.3732    ndcg@10 : 0.202    hit@10 : 0.7199    precision@10 : 0.1584
Sun 23 Nov 2025 22:22:43 INFO  epoch 50 training [time: 16.44s, train loss: 131.6079]
Sun 23 Nov 2025 22:22:59 INFO  epoch 51 training [time: 16.50s, train loss: 130.6456]
Sun 23 Nov 2025 22:23:00 INFO  epoch 51 evaluating [time: 0.37s, valid_score: 0.374200]
Sun 23 Nov 2025 22:23:00 INFO  valid result: 
recall@10 : 0.1451    mrr@10 : 0.3742    ndcg@10 : 0.2041    hit@10 : 0.721    precision@10 : 0.1605
Sun 23 Nov 2025 22:23:00 INFO  Saving current: saved/LightGCN-Nov-23-2025_22-09-40.pth
Sun 23 Nov 2025 22:23:16 INFO  epoch 52 training [time: 16.24s, train loss: 129.8358]
Sun 23 Nov 2025 22:23:32 INFO  epoch 53 training [time: 16.21s, train loss: 128.5294]
Sun 23 Nov 2025 22:23:33 INFO  epoch 53 evaluating [time: 0.37s, valid_score: 0.376600]
Sun 23 Nov 2025 22:23:33 INFO  valid result: 
recall@10 : 0.1461    mrr@10 : 0.3766    ndcg@10 : 0.2054    hit@10 : 0.7262    precision@10 : 0.161
Sun 23 Nov 2025 22:23:33 INFO  Saving current: saved/LightGCN-Nov-23-2025_22-09-40.pth
Sun 23 Nov 2025 22:23:49 INFO  epoch 54 training [time: 16.25s, train loss: 127.6537]
Sun 23 Nov 2025 22:24:05 INFO  epoch 55 training [time: 16.27s, train loss: 127.1277]
Sun 23 Nov 2025 22:24:06 INFO  epoch 55 evaluating [time: 0.37s, valid_score: 0.377600]
Sun 23 Nov 2025 22:24:06 INFO  valid result: 
recall@10 : 0.1472    mrr@10 : 0.3776    ndcg@10 : 0.206    hit@10 : 0.7273    precision@10 : 0.1611
Sun 23 Nov 2025 22:24:06 INFO  Saving current: saved/LightGCN-Nov-23-2025_22-09-40.pth
Sun 23 Nov 2025 22:24:22 INFO  epoch 56 training [time: 16.36s, train loss: 126.0470]
Sun 23 Nov 2025 22:24:38 INFO  epoch 57 training [time: 16.27s, train loss: 125.3153]
Sun 23 Nov 2025 22:24:39 INFO  epoch 57 evaluating [time: 0.36s, valid_score: 0.378200]
Sun 23 Nov 2025 22:24:39 INFO  valid result: 
recall@10 : 0.1479    mrr@10 : 0.3782    ndcg@10 : 0.2068    hit@10 : 0.7281    precision@10 : 0.1618
Sun 23 Nov 2025 22:24:39 INFO  Saving current: saved/LightGCN-Nov-23-2025_22-09-40.pth
Sun 23 Nov 2025 22:24:55 INFO  epoch 58 training [time: 16.28s, train loss: 124.7131]
Sun 23 Nov 2025 22:25:11 INFO  epoch 59 training [time: 16.25s, train loss: 123.8763]
Sun 23 Nov 2025 22:25:12 INFO  epoch 59 evaluating [time: 0.39s, valid_score: 0.380100]
Sun 23 Nov 2025 22:25:12 INFO  valid result: 
recall@10 : 0.1482    mrr@10 : 0.3801    ndcg@10 : 0.2077    hit@10 : 0.7268    precision@10 : 0.1625
Sun 23 Nov 2025 22:25:12 INFO  Saving current: saved/LightGCN-Nov-23-2025_22-09-40.pth
Sun 23 Nov 2025 22:25:28 INFO  epoch 60 training [time: 16.31s, train loss: 123.1293]
Sun 23 Nov 2025 22:25:45 INFO  epoch 61 training [time: 16.30s, train loss: 121.9235]
Sun 23 Nov 2025 22:25:45 INFO  epoch 61 evaluating [time: 0.36s, valid_score: 0.379000]
Sun 23 Nov 2025 22:25:45 INFO  valid result: 
recall@10 : 0.1495    mrr@10 : 0.379    ndcg@10 : 0.2079    hit@10 : 0.7276    precision@10 : 0.1627
Sun 23 Nov 2025 22:26:01 INFO  epoch 62 training [time: 16.29s, train loss: 121.3064]
Sun 23 Nov 2025 22:26:17 INFO  epoch 63 training [time: 16.21s, train loss: 120.9841]
Sun 23 Nov 2025 22:26:18 INFO  epoch 63 evaluating [time: 0.36s, valid_score: 0.381700]
Sun 23 Nov 2025 22:26:18 INFO  valid result: 
recall@10 : 0.1502    mrr@10 : 0.3817    ndcg@10 : 0.2096    hit@10 : 0.7318    precision@10 : 0.1633
Sun 23 Nov 2025 22:26:18 INFO  Saving current: saved/LightGCN-Nov-23-2025_22-09-40.pth
Sun 23 Nov 2025 22:26:34 INFO  epoch 64 training [time: 16.33s, train loss: 120.2177]
Sun 23 Nov 2025 22:26:51 INFO  epoch 65 training [time: 16.35s, train loss: 119.2505]
Sun 23 Nov 2025 22:26:51 INFO  epoch 65 evaluating [time: 0.37s, valid_score: 0.382900]
Sun 23 Nov 2025 22:26:51 INFO  valid result: 
recall@10 : 0.1511    mrr@10 : 0.3829    ndcg@10 : 0.2102    hit@10 : 0.7336    precision@10 : 0.164
Sun 23 Nov 2025 22:26:51 INFO  Saving current: saved/LightGCN-Nov-23-2025_22-09-40.pth
Sun 23 Nov 2025 22:27:07 INFO  epoch 66 training [time: 16.40s, train loss: 118.4096]
Sun 23 Nov 2025 22:27:24 INFO  epoch 67 training [time: 16.18s, train loss: 117.6431]
Sun 23 Nov 2025 22:27:24 INFO  epoch 67 evaluating [time: 0.30s, valid_score: 0.385500]
Sun 23 Nov 2025 22:27:24 INFO  valid result: 
recall@10 : 0.1517    mrr@10 : 0.3855    ndcg@10 : 0.2108    hit@10 : 0.7353    precision@10 : 0.1639
Sun 23 Nov 2025 22:27:24 INFO  Saving current: saved/LightGCN-Nov-23-2025_22-09-40.pth
Sun 23 Nov 2025 22:27:40 INFO  epoch 68 training [time: 16.22s, train loss: 117.0030]
Sun 23 Nov 2025 22:27:57 INFO  epoch 69 training [time: 16.33s, train loss: 116.1047]
Sun 23 Nov 2025 22:27:57 INFO  epoch 69 evaluating [time: 0.38s, valid_score: 0.386300]
Sun 23 Nov 2025 22:27:57 INFO  valid result: 
recall@10 : 0.1517    mrr@10 : 0.3863    ndcg@10 : 0.2114    hit@10 : 0.7334    precision@10 : 0.1643
Sun 23 Nov 2025 22:27:57 INFO  Saving current: saved/LightGCN-Nov-23-2025_22-09-40.pth
Sun 23 Nov 2025 22:28:13 INFO  epoch 70 training [time: 16.26s, train loss: 115.6804]
Sun 23 Nov 2025 22:28:29 INFO  epoch 71 training [time: 16.14s, train loss: 114.1548]
Sun 23 Nov 2025 22:28:30 INFO  epoch 71 evaluating [time: 0.29s, valid_score: 0.386700]
Sun 23 Nov 2025 22:28:30 INFO  valid result: 
recall@10 : 0.1526    mrr@10 : 0.3867    ndcg@10 : 0.2118    hit@10 : 0.7354    precision@10 : 0.1644
Sun 23 Nov 2025 22:28:30 INFO  Saving current: saved/LightGCN-Nov-23-2025_22-09-40.pth
Sun 23 Nov 2025 22:28:46 INFO  epoch 72 training [time: 16.28s, train loss: 114.0614]
Sun 23 Nov 2025 22:29:02 INFO  epoch 73 training [time: 16.38s, train loss: 113.3331]
Sun 23 Nov 2025 22:29:03 INFO  epoch 73 evaluating [time: 0.37s, valid_score: 0.384800]
Sun 23 Nov 2025 22:29:03 INFO  valid result: 
recall@10 : 0.1528    mrr@10 : 0.3848    ndcg@10 : 0.2113    hit@10 : 0.7376    precision@10 : 0.1649
Sun 23 Nov 2025 22:29:19 INFO  epoch 74 training [time: 16.38s, train loss: 111.8507]
Sun 23 Nov 2025 22:29:36 INFO  epoch 75 training [time: 16.31s, train loss: 111.3770]
Sun 23 Nov 2025 22:29:36 INFO  epoch 75 evaluating [time: 0.36s, valid_score: 0.384800]
Sun 23 Nov 2025 22:29:36 INFO  valid result: 
recall@10 : 0.1537    mrr@10 : 0.3848    ndcg@10 : 0.212    hit@10 : 0.7376    precision@10 : 0.1652
Sun 23 Nov 2025 22:29:52 INFO  epoch 76 training [time: 16.41s, train loss: 110.9273]
Sun 23 Nov 2025 22:30:09 INFO  epoch 77 training [time: 16.33s, train loss: 110.4120]
Sun 23 Nov 2025 22:30:09 INFO  epoch 77 evaluating [time: 0.37s, valid_score: 0.384900]
Sun 23 Nov 2025 22:30:09 INFO  valid result: 
recall@10 : 0.1551    mrr@10 : 0.3849    ndcg@10 : 0.213    hit@10 : 0.7401    precision@10 : 0.166
Sun 23 Nov 2025 22:30:25 INFO  epoch 78 training [time: 16.35s, train loss: 109.5838]
Sun 23 Nov 2025 22:30:42 INFO  epoch 79 training [time: 16.35s, train loss: 108.5070]
Sun 23 Nov 2025 22:30:42 INFO  epoch 79 evaluating [time: 0.36s, valid_score: 0.385300]
Sun 23 Nov 2025 22:30:42 INFO  valid result: 
recall@10 : 0.1551    mrr@10 : 0.3853    ndcg@10 : 0.2132    hit@10 : 0.7381    precision@10 : 0.1655
Sun 23 Nov 2025 22:30:58 INFO  epoch 80 training [time: 16.30s, train loss: 108.2428]
Sun 23 Nov 2025 22:31:15 INFO  epoch 81 training [time: 16.35s, train loss: 107.4063]
Sun 23 Nov 2025 22:31:15 INFO  epoch 81 evaluating [time: 0.40s, valid_score: 0.386000]
Sun 23 Nov 2025 22:31:15 INFO  valid result: 
recall@10 : 0.1539    mrr@10 : 0.386    ndcg@10 : 0.2122    hit@10 : 0.7369    precision@10 : 0.1648
Sun 23 Nov 2025 22:31:32 INFO  epoch 82 training [time: 16.38s, train loss: 106.8316]
Sun 23 Nov 2025 22:31:48 INFO  epoch 83 training [time: 16.37s, train loss: 105.6919]
Sun 23 Nov 2025 22:31:48 INFO  epoch 83 evaluating [time: 0.38s, valid_score: 0.385900]
Sun 23 Nov 2025 22:31:48 INFO  valid result: 
recall@10 : 0.1533    mrr@10 : 0.3859    ndcg@10 : 0.2123    hit@10 : 0.7381    precision@10 : 0.165
Sun 23 Nov 2025 22:32:05 INFO  epoch 84 training [time: 16.34s, train loss: 105.6351]
Sun 23 Nov 2025 22:32:21 INFO  epoch 85 training [time: 16.34s, train loss: 104.7757]
Sun 23 Nov 2025 22:32:21 INFO  epoch 85 evaluating [time: 0.37s, valid_score: 0.385100]
Sun 23 Nov 2025 22:32:21 INFO  valid result: 
recall@10 : 0.1556    mrr@10 : 0.3851    ndcg@10 : 0.2133    hit@10 : 0.7424    precision@10 : 0.1664
Sun 23 Nov 2025 22:32:38 INFO  epoch 86 training [time: 16.29s, train loss: 103.7404]
Sun 23 Nov 2025 22:32:52 INFO  epoch 87 training [time: 14.84s, train loss: 102.9735]
Sun 23 Nov 2025 22:32:53 INFO  epoch 87 evaluating [time: 0.20s, valid_score: 0.389600]
Sun 23 Nov 2025 22:32:53 INFO  valid result: 
recall@10 : 0.1555    mrr@10 : 0.3896    ndcg@10 : 0.2142    hit@10 : 0.7409    precision@10 : 0.1662
Sun 23 Nov 2025 22:32:53 INFO  Saving current: saved/LightGCN-Nov-23-2025_22-09-40.pth
Sun 23 Nov 2025 22:33:04 INFO  epoch 88 training [time: 11.18s, train loss: 102.8795]
Sun 23 Nov 2025 22:33:15 INFO  epoch 89 training [time: 11.21s, train loss: 101.1171]
Sun 23 Nov 2025 22:33:15 INFO  epoch 89 evaluating [time: 0.20s, valid_score: 0.387900]
Sun 23 Nov 2025 22:33:15 INFO  valid result: 
recall@10 : 0.1562    mrr@10 : 0.3879    ndcg@10 : 0.2143    hit@10 : 0.7434    precision@10 : 0.1668
Sun 23 Nov 2025 22:33:27 INFO  epoch 90 training [time: 11.26s, train loss: 101.2878]
Sun 23 Nov 2025 22:33:38 INFO  epoch 91 training [time: 11.28s, train loss: 100.5949]
Sun 23 Nov 2025 22:33:38 INFO  epoch 91 evaluating [time: 0.20s, valid_score: 0.384600]
Sun 23 Nov 2025 22:33:38 INFO  valid result: 
recall@10 : 0.1563    mrr@10 : 0.3846    ndcg@10 : 0.2135    hit@10 : 0.7425    precision@10 : 0.1668
Sun 23 Nov 2025 22:33:49 INFO  epoch 92 training [time: 11.27s, train loss: 100.0131]
Sun 23 Nov 2025 22:34:02 INFO  epoch 93 training [time: 12.83s, train loss: 99.8073]
Sun 23 Nov 2025 22:34:02 INFO  epoch 93 evaluating [time: 0.20s, valid_score: 0.385500]
Sun 23 Nov 2025 22:34:02 INFO  valid result: 
recall@10 : 0.1567    mrr@10 : 0.3855    ndcg@10 : 0.2137    hit@10 : 0.7416    precision@10 : 0.1666
Sun 23 Nov 2025 22:34:17 INFO  epoch 94 training [time: 15.06s, train loss: 98.9508]
Sun 23 Nov 2025 22:34:34 INFO  epoch 95 training [time: 16.48s, train loss: 98.3084]
Sun 23 Nov 2025 22:34:34 INFO  epoch 95 evaluating [time: 0.29s, valid_score: 0.384000]
Sun 23 Nov 2025 22:34:34 INFO  valid result: 
recall@10 : 0.1562    mrr@10 : 0.384    ndcg@10 : 0.2133    hit@10 : 0.7429    precision@10 : 0.1665
Sun 23 Nov 2025 22:34:51 INFO  epoch 96 training [time: 16.45s, train loss: 97.9419]
Sun 23 Nov 2025 22:35:07 INFO  epoch 97 training [time: 16.53s, train loss: 96.9168]
Sun 23 Nov 2025 22:35:08 INFO  epoch 97 evaluating [time: 0.37s, valid_score: 0.385200]
Sun 23 Nov 2025 22:35:08 INFO  valid result: 
recall@10 : 0.1563    mrr@10 : 0.3852    ndcg@10 : 0.2135    hit@10 : 0.7439    precision@10 : 0.1662
Sun 23 Nov 2025 22:35:24 INFO  epoch 98 training [time: 16.53s, train loss: 95.9676]
Sun 23 Nov 2025 22:35:41 INFO  epoch 99 training [time: 16.51s, train loss: 96.3131]
Sun 23 Nov 2025 22:35:41 INFO  epoch 99 evaluating [time: 0.37s, valid_score: 0.385200]
Sun 23 Nov 2025 22:35:41 INFO  valid result: 
recall@10 : 0.156    mrr@10 : 0.3852    ndcg@10 : 0.2133    hit@10 : 0.7427    precision@10 : 0.1662
Sun 23 Nov 2025 22:35:41 INFO  Loading model structure and parameters from saved/LightGCN-Nov-23-2025_22-09-40.pth
Sun 23 Nov 2025 22:35:41 INFO  count    1855.000000
mean       32.560647
std        70.797472
min         1.000000
25%         2.000000
50%         8.000000
75%        30.000000
max       827.000000
dtype: float64
Sun 23 Nov 2025 22:35:42 INFO  The running environment of this training is as follows:
+-------------+-----------------+
| Environment |      Usage      |
+=============+=================+
| CPU         |     5.50 %      |
+-------------+-----------------+
| GPU         | 0.26 G/47.53 G  |
+-------------+-----------------+
| Memory      | 1.80 G/251.48 G |
+-------------+-----------------+
Sun 23 Nov 2025 22:35:42 INFO  best valid : OrderedDict([('recall@10', 0.1555), ('mrr@10', 0.3896), ('ndcg@10', 0.2142), ('hit@10', 0.7409), ('precision@10', 0.1662)])
Sun 23 Nov 2025 22:35:42 INFO  test result: OrderedDict([('recall@10', 0.17403897350993378), ('mrr@10', 0.4557717218543047), ('ndcg@10', 0.26695556291390726), ('hit@10', 0.7640728476821192), ('precision@10', 0.2080298013245033)])
