30 Nov 01:17    INFO  
General Hyper Parameters:
gpu_id = 0
use_gpu = True
seed = 2020
state = INFO
reproducibility = True
data_path = dataset/ml-1m
checkpoint_dir = saved
show_progress = True
save_dataset = False
dataset_save_path = None
save_dataloaders = False
dataloaders_save_path = None
log_wandb = False

Training Hyper Parameters:
epochs = 100
train_batch_size = 1024
learner = adam
learning_rate = 0.001
train_neg_sample_args = {'distribution': 'uniform', 'sample_num': 1, 'alpha': 1.0, 'dynamic': False, 'candidate_num': 0}
eval_step = 2
stopping_step = 10
clip_grad_norm = None
weight_decay = 0.0
loss_decimal_place = 4

Evaluation Hyper Parameters:
eval_args = {'split': {'RS': [0.8, 0.1, 0.1]}, 'order': 'RO', 'group_by': 'user', 'mode': {'valid': 'full', 'test': 'full'}}
repeatable = False
metrics = ['Recall', 'MRR', 'NDCG', 'Hit', 'Precision']
topk = [10]
valid_metric = MRR@10
valid_metric_bigger = True
eval_batch_size = 102400
metric_decimal_place = 4

Dataset Hyper Parameters:
train_batch_size = 1024
eval_batch_size = 102400
field_separator = 
seq_separator =  
USER_ID_FIELD = user_id
ITEM_ID_FIELD = item_id
RATING_FIELD = rating
TIME_FIELD = timestamp
seq_len = None
LABEL_FIELD = label
threshold = None
NEG_PREFIX = neg_
load_col = {'inter': ['user_id', 'item_id', 'rating', 'timestamp'], 'user': ['user_id', 'age', 'gender', 'occupation'], 'item': ['item_id', 'release_year', 'genre']}
unload_col = None
unused_col = None
additional_feat_suffix = None
rm_dup_inter = None
val_interval = None
filter_inter_by_user_or_item = True
user_inter_num_interval = None
item_inter_num_interval = None
alias_of_user_id = None
alias_of_item_id = None
alias_of_entity_id = None
alias_of_relation_id = None
preload_weight = None
normalize_field = None
normalize_all = True
ITEM_LIST_LENGTH_FIELD = item_length
LIST_SUFFIX = _list
MAX_ITEM_LIST_LENGTH = 50
POSITION_FIELD = position_id
HEAD_ENTITY_ID_FIELD = head_id
TAIL_ENTITY_ID_FIELD = tail_id
RELATION_ID_FIELD = relation_id
ENTITY_ID_FIELD = entity_id
kg_reverse_r = False
entity_kg_num_interval = None
relation_kg_num_interval = None
benchmark_filename = None
save_single_user = True
save_base_path = output
attr = {'user': {'need_inter_num': True, 'need_inter_hour': True, 'need_rating': True, 'need_item_genre': True, 'need_item_year': True, 'need_zipcode_to_region': True}, 'item': {'need_inter_num': True, 'need_inter_hour': True, 'need_rating': True, 'need_age': True, 'need_gender': True, 'need_occupation': True, 'need_region': True}, 'interaction': {'timestamp_unit': 's'}}
to_bin = {'user': {'mean_rating': {'n_bins': 5}, 'interaction_nums': {'n_bins': 5}}, 'item': {'mean_rating': {'n_bins': 5}, 'interaction_nums': {'n_bins': 5}}}

Other Hyper Parameters: 
worker = 0
wandb_project = recbole
shuffle = True
require_pow = False
enable_amp = False
enable_scaler = False
transform = None
export_topk_recs = True
export_topk_dir = None
export_topk_filename = None
export_topk_item_separator = None
export_topk_separate_columns = None
embedding_size = 64
n_layers = 2
reg_weight = 1e-05
numerical_features = []
discretization = None
MODEL_TYPE = ModelType.GENERAL
MODEL_INPUT_TYPE = InputType.PAIRWISE
eval_type = EvaluatorType.RANKING
single_spec = True
local_rank = 0
device = cuda
valid_neg_sample_args = {'distribution': 'uniform', 'sample_num': 'none'}
test_neg_sample_args = {'distribution': 'uniform', 'sample_num': 'none'}


/data/xwx/site-packages/RecBole/recbole/data/dataset/dataset.py:502: FutureWarning: A value is trying to be set on a copy of a DataFrame or Series through chained assignment using an inplace method.
The behavior will change in pandas 3.0. This inplace method will never work because the intermediate object on which we are setting values always behaves as a copy.

For example, when doing 'df[col].method(value, inplace=True)', try using 'df.method({col: value}, inplace=True)' or df[col] = df[col].method(value) instead, to perform the operation inplace on the original object.


  df[field].fillna(value="", inplace=True)
/data/xwx/site-packages/RecBole/recbole/data/dataset/dataset.py:1218: FutureWarning: using <built-in function len> in Series.agg cannot aggregate and has been deprecated. Use Series.transform to keep behavior unchanged.
  split_point = np.cumsum(feat[field].agg(len))[:-1]
/data/xwx/site-packages/RecBole/recbole/data/dataset/dataset.py:649: FutureWarning: A value is trying to be set on a copy of a DataFrame or Series through chained assignment using an inplace method.
The behavior will change in pandas 3.0. This inplace method will never work because the intermediate object on which we are setting values always behaves as a copy.

For example, when doing 'df[col].method(value, inplace=True)', try using 'df.method({col: value}, inplace=True)' or df[col] = df[col].method(value) instead, to perform the operation inplace on the original object.


  feat[field].fillna(value=0, inplace=True)
/data/xwx/site-packages/RecBole/recbole/data/dataset/dataset.py:651: FutureWarning: A value is trying to be set on a copy of a DataFrame or Series through chained assignment using an inplace method.
The behavior will change in pandas 3.0. This inplace method will never work because the intermediate object on which we are setting values always behaves as a copy.

For example, when doing 'df[col].method(value, inplace=True)', try using 'df.method({col: value}, inplace=True)' or df[col] = df[col].method(value) instead, to perform the operation inplace on the original object.


  feat[field].fillna(value=feat[field].mean(), inplace=True)
30 Nov 01:17    INFO  ml-1m
The number of users: 6041
Average actions of users: 165.5975165562914
The number of items: 3884
Average actions of items: 269.88909875876953
The number of inters: 1000209
The sparsity of the dataset: 95.73712398848173%
Remain Fields: ['user_id', 'item_id', 'rating', 'timestamp', 'age', 'gender', 'occupation', 'release_year', 'genre']
30 Nov 01:18    INFO  [Training]: train_batch_size = [1024] train_neg_sample_args: [{'distribution': 'uniform', 'sample_num': 1, 'alpha': 1.0, 'dynamic': False, 'candidate_num': 0}]
30 Nov 01:18    INFO  [Evaluation]: eval_batch_size = [102400] eval_args: [{'split': {'RS': [0.8, 0.1, 0.1]}, 'order': 'RO', 'group_by': 'user', 'mode': {'valid': 'full', 'test': 'full'}}]
/data/xwx/site-packages/RecBole/recbole/model/general_recommender/lightgcn.py:106: UserWarning: torch.sparse.SparseTensor(indices, values, shape, *, device=) is deprecated.  Please use torch.sparse_coo_tensor(indices, values, shape, dtype=, device=). (Triggered internally at /pytorch/torch/csrc/utils/tensor_new.cpp:653.)
  SparseL = torch.sparse.FloatTensor(indices, values, torch.Size(L.shape))
30 Nov 01:18    INFO  LightGCN(
  (user_embedding): Embedding(6041, 64)
  (item_embedding): Embedding(3884, 64)
  (mf_loss): BPRLoss()
  (reg_loss): EmbLoss()
)
Trainable parameters: 635200
30 Nov 01:18    INFO  FLOPs: 0.0
Train     0:   0%|                                                                             | 0/787 [00:00<?, ?it/s]/data/xwx/site-packages/RecBole/recbole/trainer/trainer.py:236: FutureWarning: `torch.cuda.amp.GradScaler(args...)` is deprecated. Please use `torch.amp.GradScaler('cuda', args...)` instead.
  scaler = amp.GradScaler(enabled=self.enable_scaler)
Train     0: 100%|██████████████████████████████████████████| 787/787 [00:15<00:00, 51.67it/s, GPU RAM: 0.26 G/47.53 G]
30 Nov 01:18    INFO  epoch 0 training [time: 15.24s, train loss: 313.7776]
Train     1: 100%|██████████████████████████████████████████| 787/787 [00:16<00:00, 49.10it/s, GPU RAM: 0.26 G/47.53 G]
30 Nov 01:18    INFO  epoch 1 training [time: 16.03s, train loss: 264.2402]
Evaluate   : 100%|█████████████████████████████████████████| 233/233 [00:00<00:00, 339.98it/s, GPU RAM: 0.26 G/47.53 G]
/data/xwx/site-packages/RecBole/recbole/evaluator/metrics.py:234: RuntimeWarning: invalid value encountered in divide
  result = np.cumsum(pos_index, axis=1) / pos_len.reshape(-1, 1)
30 Nov 01:18    INFO  epoch 1 evaluating [time: 0.76s, valid_score: 0.221100]
30 Nov 01:18    INFO  valid result: 
recall@10 : 0.0674    pop_recall@10 : 0.0698    unpop_recall@10 : 0.0    mrr@10 : 0.2211    pop_mrr@10 : 0.2211    unpop_mrr@10 : 0.0    ndcg@10 : 0.1065    pop_ndcg@10 : 0.1072    unpop_ndcg@10 : 0.0    hit@10 : 0.4858    pop_hit@10 : 0.4858    unpop_hit@10 : 0.0    precision@10 : 0.0866    pop_precision@10 : 0.0866    unpop_precision@10 : 0.0
30 Nov 01:18    INFO  Saving current: saved/LightGCN-Nov-30-2025_01-18-01.pth
Train     2: 100%|██████████████████████████████████████████| 787/787 [00:14<00:00, 54.94it/s, GPU RAM: 0.26 G/47.53 G]
30 Nov 01:18    INFO  epoch 2 training [time: 14.33s, train loss: 259.7091]
Train     3: 100%|██████████████████████████████████████████| 787/787 [00:14<00:00, 53.79it/s, GPU RAM: 0.26 G/47.53 G]
30 Nov 01:19    INFO  epoch 3 training [time: 14.63s, train loss: 252.8784]
Evaluate   : 100%|█████████████████████████████████████████| 233/233 [00:00<00:00, 396.46it/s, GPU RAM: 0.26 G/47.53 G]
30 Nov 01:19    INFO  epoch 3 evaluating [time: 0.66s, valid_score: 0.230700]
30 Nov 01:19    INFO  valid result: 
recall@10 : 0.0716    pop_recall@10 : 0.0744    unpop_recall@10 : 0.0    mrr@10 : 0.2307    pop_mrr@10 : 0.2307    unpop_mrr@10 : 0.0    ndcg@10 : 0.112    pop_ndcg@10 : 0.1127    unpop_ndcg@10 : 0.0    hit@10 : 0.5023    pop_hit@10 : 0.5023    unpop_hit@10 : 0.0    precision@10 : 0.0908    pop_precision@10 : 0.0908    unpop_precision@10 : 0.0
30 Nov 01:19    INFO  Saving current: saved/LightGCN-Nov-30-2025_01-18-01.pth
Train     4: 100%|██████████████████████████████████████████| 787/787 [00:16<00:00, 48.28it/s, GPU RAM: 0.26 G/47.53 G]
30 Nov 01:19    INFO  epoch 4 training [time: 16.30s, train loss: 238.0056]
Train     5: 100%|██████████████████████████████████████████| 787/787 [00:15<00:00, 50.21it/s, GPU RAM: 0.26 G/47.53 G]
30 Nov 01:19    INFO  epoch 5 training [time: 15.68s, train loss: 222.3270]
Evaluate   : 100%|█████████████████████████████████████████| 233/233 [00:00<00:00, 414.13it/s, GPU RAM: 0.26 G/47.53 G]
30 Nov 01:19    INFO  epoch 5 evaluating [time: 0.64s, valid_score: 0.268800]
30 Nov 01:19    INFO  valid result: 
recall@10 : 0.0851    pop_recall@10 : 0.0884    unpop_recall@10 : 0.0    mrr@10 : 0.2688    pop_mrr@10 : 0.2688    unpop_mrr@10 : 0.0    ndcg@10 : 0.132    pop_ndcg@10 : 0.133    unpop_ndcg@10 : 0.0    hit@10 : 0.5535    pop_hit@10 : 0.5535    unpop_hit@10 : 0.0    precision@10 : 0.1063    pop_precision@10 : 0.1063    unpop_precision@10 : 0.0
30 Nov 01:19    INFO  Saving current: saved/LightGCN-Nov-30-2025_01-18-01.pth
Train     6: 100%|██████████████████████████████████████████| 787/787 [00:15<00:00, 50.11it/s, GPU RAM: 0.26 G/47.53 G]
30 Nov 01:19    INFO  epoch 6 training [time: 15.71s, train loss: 211.9639]
Train     7: 100%|██████████████████████████████████████████| 787/787 [00:15<00:00, 50.03it/s, GPU RAM: 0.26 G/47.53 G]
30 Nov 01:20    INFO  epoch 7 training [time: 15.73s, train loss: 203.7036]
Evaluate   : 100%|█████████████████████████████████████████| 233/233 [00:00<00:00, 415.71it/s, GPU RAM: 0.26 G/47.53 G]
30 Nov 01:20    INFO  epoch 7 evaluating [time: 0.63s, valid_score: 0.299600]
30 Nov 01:20    INFO  valid result: 
recall@10 : 0.0954    pop_recall@10 : 0.0995    unpop_recall@10 : 0.0    mrr@10 : 0.2996    pop_mrr@10 : 0.2996    unpop_mrr@10 : 0.0    ndcg@10 : 0.1485    pop_ndcg@10 : 0.1496    unpop_ndcg@10 : 0.0    hit@10 : 0.5869    pop_hit@10 : 0.5869    unpop_hit@10 : 0.0    precision@10 : 0.1174    pop_precision@10 : 0.1174    unpop_precision@10 : 0.0
30 Nov 01:20    INFO  Saving current: saved/LightGCN-Nov-30-2025_01-18-01.pth
Train     8: 100%|██████████████████████████████████████████| 787/787 [00:14<00:00, 53.08it/s, GPU RAM: 0.26 G/47.53 G]
30 Nov 01:20    INFO  epoch 8 training [time: 14.83s, train loss: 196.7664]
Train     9: 100%|██████████████████████████████████████████| 787/787 [00:15<00:00, 49.70it/s, GPU RAM: 0.26 G/47.53 G]
30 Nov 01:20    INFO  epoch 9 training [time: 15.84s, train loss: 191.5163]
Evaluate   : 100%|█████████████████████████████████████████| 233/233 [00:00<00:00, 417.13it/s, GPU RAM: 0.26 G/47.53 G]
30 Nov 01:20    INFO  epoch 9 evaluating [time: 0.62s, valid_score: 0.308100]
30 Nov 01:20    INFO  valid result: 
recall@10 : 0.101    pop_recall@10 : 0.1054    unpop_recall@10 : 0.0    mrr@10 : 0.3081    pop_mrr@10 : 0.3081    unpop_mrr@10 : 0.0    ndcg@10 : 0.1555    pop_ndcg@10 : 0.1568    unpop_ndcg@10 : 0.0    hit@10 : 0.6038    pop_hit@10 : 0.6038    unpop_hit@10 : 0.0    precision@10 : 0.1235    pop_precision@10 : 0.1235    unpop_precision@10 : 0.0
30 Nov 01:20    INFO  Saving current: saved/LightGCN-Nov-30-2025_01-18-01.pth
Train    10: 100%|██████████████████████████████████████████| 787/787 [00:16<00:00, 48.59it/s, GPU RAM: 0.26 G/47.53 G]
30 Nov 01:20    INFO  epoch 10 training [time: 16.20s, train loss: 186.4450]
Train    11: 100%|██████████████████████████████████████████| 787/787 [00:14<00:00, 55.59it/s, GPU RAM: 0.26 G/47.53 G]
30 Nov 01:21    INFO  epoch 11 training [time: 14.16s, train loss: 181.3435]
Evaluate   : 100%|█████████████████████████████████████████| 233/233 [00:00<00:00, 632.25it/s, GPU RAM: 0.26 G/47.53 G]
30 Nov 01:21    INFO  epoch 11 evaluating [time: 0.42s, valid_score: 0.317700]
30 Nov 01:21    INFO  valid result: 
recall@10 : 0.1079    pop_recall@10 : 0.1126    unpop_recall@10 : 0.0    mrr@10 : 0.3177    pop_mrr@10 : 0.3177    unpop_mrr@10 : 0.0    ndcg@10 : 0.1634    pop_ndcg@10 : 0.1648    unpop_ndcg@10 : 0.0    hit@10 : 0.6262    pop_hit@10 : 0.6262    unpop_hit@10 : 0.0    precision@10 : 0.1305    pop_precision@10 : 0.1305    unpop_precision@10 : 0.0
30 Nov 01:21    INFO  Saving current: saved/LightGCN-Nov-30-2025_01-18-01.pth
Train    12: 100%|██████████████████████████████████████████| 787/787 [00:13<00:00, 58.88it/s, GPU RAM: 0.26 G/47.53 G]
30 Nov 01:21    INFO  epoch 12 training [time: 13.37s, train loss: 177.6971]
Train    13: 100%|██████████████████████████████████████████| 787/787 [00:13<00:00, 57.01it/s, GPU RAM: 0.26 G/47.53 G]
30 Nov 01:21    INFO  epoch 13 training [time: 13.80s, train loss: 173.6912]
Evaluate   : 100%|█████████████████████████████████████████| 233/233 [00:00<00:00, 405.83it/s, GPU RAM: 0.26 G/47.53 G]
30 Nov 01:21    INFO  epoch 13 evaluating [time: 0.64s, valid_score: 0.328800]
30 Nov 01:21    INFO  valid result: 
recall@10 : 0.1128    pop_recall@10 : 0.1177    unpop_recall@10 : 0.0    mrr@10 : 0.3288    pop_mrr@10 : 0.3288    unpop_mrr@10 : 0.0    ndcg@10 : 0.1703    pop_ndcg@10 : 0.1717    unpop_ndcg@10 : 0.0    hit@10 : 0.6411    pop_hit@10 : 0.6411    unpop_hit@10 : 0.0    precision@10 : 0.1354    pop_precision@10 : 0.1354    unpop_precision@10 : 0.0
30 Nov 01:21    INFO  Saving current: saved/LightGCN-Nov-30-2025_01-18-01.pth
Train    14: 100%|██████████████████████████████████████████| 787/787 [00:14<00:00, 53.80it/s, GPU RAM: 0.26 G/47.53 G]
30 Nov 01:21    INFO  epoch 14 training [time: 14.63s, train loss: 171.1243]
Train    15: 100%|██████████████████████████████████████████| 787/787 [00:13<00:00, 59.30it/s, GPU RAM: 0.26 G/47.53 G]
30 Nov 01:22    INFO  epoch 15 training [time: 13.27s, train loss: 167.4187]
Evaluate   : 100%|█████████████████████████████████████████| 233/233 [00:00<00:00, 630.57it/s, GPU RAM: 0.26 G/47.53 G]
30 Nov 01:22    INFO  epoch 15 evaluating [time: 0.42s, valid_score: 0.339100]
30 Nov 01:22    INFO  valid result: 
recall@10 : 0.1168    pop_recall@10 : 0.1219    unpop_recall@10 : 0.0    mrr@10 : 0.3391    pop_mrr@10 : 0.3391    unpop_mrr@10 : 0.0    ndcg@10 : 0.1755    pop_ndcg@10 : 0.177    unpop_ndcg@10 : 0.0    hit@10 : 0.6561    pop_hit@10 : 0.6561    unpop_hit@10 : 0.0    precision@10 : 0.1396    pop_precision@10 : 0.1396    unpop_precision@10 : 0.0
30 Nov 01:22    INFO  Saving current: saved/LightGCN-Nov-30-2025_01-18-01.pth
Train    16: 100%|██████████████████████████████████████████| 787/787 [00:15<00:00, 51.37it/s, GPU RAM: 0.26 G/47.53 G]
30 Nov 01:22    INFO  epoch 16 training [time: 15.32s, train loss: 164.8956]
Train    17:  33%|█████████████▋                            | 256/787 [00:05<00:10, 49.25it/s, GPU RAM: Train    17:  33%|█████████████▋                            | 256/787 [00:05<00:10, 49.25it/s, GPU RAM: Train    17:  33%|█████████████▉                            | 261/787 [00:05<00:10, 49.31it/s, GPU RAM: Train    17:  33%|█████████████▉                            | 261/787 [00:05<00:10, 49.31it/s, GPU RAM: Train    17:  33%|█████████████▉                            | 261/787 [00:05<00:10, 49.31it/s, GPU RAM: Train    17:  33%|█████████████▉                            | 261/787 [00:05<00:10, 49.31it/s, GPU RAM: Train    17:  33%|█████████████▉                            | 261/787 [00:05<00:10, 49.31it/s, GPU RAM: Train    17:  33%|█████████████▉                            | 261/787 [00:05<00:10, 49.31it/s, GPU RAM: Train    17:  33%|█████████████▉                            | 261/787 [00:05<00:10, 49.31it/s, GPU RAM: Train    17:  34%|██████████████▏                           | 267/787 [00:05<00:10, 50.13it/s, GPU RAM: Train    17:  34%|██████████████▏                           | 267/787 [00:05<00:10, 50.13it/s, GPU RAM: Train    17:  34%|██████████████▏                           | 267/787 [00:05<00:10, 50.13it/s, GPU RAM: Train    17:  34%|██████████████▏                           | 267/787 [00:05<00:10, 50.13it/s, GPU RAM: Train    17:  34%|█████████▏                 | 267/787 [00:05<00:10, 50.13it/s, GPU RAM: 0.26 G/47.53 G]Train    17: 100%|███████████████████████████| 787/787 [00:16<00:00, 46.85it/s, GPU RAM: 0.26 G/47.53 G]
30 Nov 01:22    INFO  epoch 17 training [time: 16.80s, train loss: 162.5983]
Evaluate   : 100%|██████████████████████████| 233/233 [00:00<00:00, 352.81it/s, GPU RAM: 0.26 G/47.53 G]
30 Nov 01:22    INFO  epoch 17 evaluating [time: 0.73s, valid_score: 0.342900]
30 Nov 01:22    INFO  valid result: 
recall@10 : 0.1202    pop_recall@10 : 0.1254    unpop_recall@10 : 0.0    mrr@10 : 0.3429    pop_mrr@10 : 0.3429    unpop_mrr@10 : 0.0    ndcg@10 : 0.1791    pop_ndcg@10 : 0.1807    unpop_ndcg@10 : 0.0    hit@10 : 0.6639    pop_hit@10 : 0.6639    unpop_hit@10 : 0.0    precision@10 : 0.1421    pop_precision@10 : 0.1421    unpop_precision@10 : 0.0
30 Nov 01:22    INFO  Saving current: saved/LightGCN-Nov-30-2025_01-18-01.pth
Train    18: 100%|███████████████████████████| 787/787 [00:15<00:00, 49.50it/s, GPU RAM: 0.26 G/47.53 G]
30 Nov 01:22    INFO  epoch 18 training [time: 15.90s, train loss: 160.8869]
Train    19: 100%|███████████████████████████| 787/787 [00:15<00:00, 49.49it/s, GPU RAM: 0.26 G/47.53 G]
30 Nov 01:23    INFO  epoch 19 training [time: 15.90s, train loss: 159.1907]
Evaluate   : 100%|██████████████████████████| 233/233 [00:00<00:00, 419.70it/s, GPU RAM: 0.26 G/47.53 G]
30 Nov 01:23    INFO  epoch 19 evaluating [time: 0.62s, valid_score: 0.349800]
30 Nov 01:23    INFO  valid result: 
recall@10 : 0.1235    pop_recall@10 : 0.1289    unpop_recall@10 : 0.0    mrr@10 : 0.3498    pop_mrr@10 : 0.3498    unpop_mrr@10 : 0.0    ndcg@10 : 0.1836    pop_ndcg@10 : 0.1851    unpop_ndcg@10 : 0.0    hit@10 : 0.6727    pop_hit@10 : 0.6727    unpop_hit@10 : 0.0002    precision@10 : 0.1458    pop_precision@10 : 0.1458    unpop_precision@10 : 0.0
30 Nov 01:23    INFO  Saving current: saved/LightGCN-Nov-30-2025_01-18-01.pth
Train    20: 100%|███████████████████████████| 787/787 [00:15<00:00, 50.99it/s, GPU RAM: 0.26 G/47.53 G]
30 Nov 01:23    INFO  epoch 20 training [time: 15.44s, train loss: 157.6498]
Train    21: 100%|███████████████████████████| 787/787 [00:16<00:00, 46.83it/s, GPU RAM: 0.26 G/47.53 G]
30 Nov 01:23    INFO  epoch 21 training [time: 16.81s, train loss: 155.6452]
Evaluate   : 100%|██████████████████████████| 233/233 [00:00<00:00, 343.67it/s, GPU RAM: 0.26 G/47.53 G]
30 Nov 01:23    INFO  epoch 21 evaluating [time: 0.75s, valid_score: 0.353900]
30 Nov 01:23    INFO  valid result: 
recall@10 : 0.126    pop_recall@10 : 0.1314    unpop_recall@10 : 0.0001    mrr@10 : 0.3539    pop_mrr@10 : 0.3538    unpop_mrr@10 : 0.0    ndcg@10 : 0.1863    pop_ndcg@10 : 0.1879    unpop_ndcg@10 : 0.0    hit@10 : 0.6788    pop_hit@10 : 0.6786    unpop_hit@10 : 0.0003    precision@10 : 0.148    pop_precision@10 : 0.1479    unpop_precision@10 : 0.0
30 Nov 01:23    INFO  Saving current: saved/LightGCN-Nov-30-2025_01-18-01.pth
Train    22: 100%|███████████████████████████| 787/787 [00:17<00:00, 45.97it/s, GPU RAM: 0.26 G/47.53 G]
30 Nov 01:24    INFO  epoch 22 training [time: 17.12s, train loss: 154.6911]
Train    23: 100%|███████████████████████████| 787/787 [00:17<00:00, 44.45it/s, GPU RAM: 0.26 G/47.53 G]
30 Nov 01:24    INFO  epoch 23 training [time: 17.71s, train loss: 152.8429]
Evaluate   : 100%|██████████████████████████| 233/233 [00:00<00:00, 343.30it/s, GPU RAM: 0.26 G/47.53 G]
30 Nov 01:24    INFO  epoch 23 evaluating [time: 0.75s, valid_score: 0.358000]
30 Nov 01:24    INFO  valid result: 
recall@10 : 0.1276    pop_recall@10 : 0.1331    unpop_recall@10 : 0.0001    mrr@10 : 0.358    pop_mrr@10 : 0.3579    unpop_mrr@10 : 0.0001    ndcg@10 : 0.1877    pop_ndcg@10 : 0.1893    unpop_ndcg@10 : 0.0001    hit@10 : 0.681    pop_hit@10 : 0.6808    unpop_hit@10 : 0.0003    precision@10 : 0.1486    pop_precision@10 : 0.1486    unpop_precision@10 : 0.0
30 Nov 01:24    INFO  Saving current: saved/LightGCN-Nov-30-2025_01-18-01.pth
Train    24: 100%|███████████████████████████| 787/787 [00:17<00:00, 45.37it/s, GPU RAM: 0.26 G/47.53 G]
30 Nov 01:24    INFO  epoch 24 training [time: 17.35s, train loss: 150.6520]
Train    25: 100%|███████████████████████████| 787/787 [00:17<00:00, 44.78it/s, GPU RAM: 0.26 G/47.53 G]
30 Nov 01:24    INFO  epoch 25 training [time: 17.58s, train loss: 149.3836]
Evaluate   : 100%|██████████████████████████| 233/233 [00:00<00:00, 345.67it/s, GPU RAM: 0.26 G/47.53 G]
30 Nov 01:24    INFO  epoch 25 evaluating [time: 0.74s, valid_score: 0.359700]
30 Nov 01:24    INFO  valid result: 
recall@10 : 0.1302    pop_recall@10 : 0.136    unpop_recall@10 : 0.0005    mrr@10 : 0.3597    pop_mrr@10 : 0.3597    unpop_mrr@10 : 0.0002    ndcg@10 : 0.1903    pop_ndcg@10 : 0.1919    unpop_ndcg@10 : 0.0002    hit@10 : 0.6892    pop_hit@10 : 0.6889    unpop_hit@10 : 0.0012    precision@10 : 0.1509    pop_precision@10 : 0.1508    unpop_precision@10 : 0.0001
30 Nov 01:24    INFO  Saving current: saved/LightGCN-Nov-30-2025_01-18-01.pth
Train    26: 100%|███████████████████████████| 787/787 [00:18<00:00, 42.79it/s, GPU RAM: 0.26 G/47.53 G]
30 Nov 01:25    INFO  epoch 26 training [time: 18.40s, train loss: 148.5129]
Train    27: 100%|███████████████████████████| 787/787 [00:17<00:00, 43.88it/s, GPU RAM: 0.26 G/47.53 G]
30 Nov 01:25    INFO  epoch 27 training [time: 17.94s, train loss: 146.7813]
Evaluate   : 100%|██████████████████████████| 233/233 [00:00<00:00, 334.78it/s, GPU RAM: 0.26 G/47.53 G]
30 Nov 01:25    INFO  epoch 27 evaluating [time: 0.77s, valid_score: 0.358600]
30 Nov 01:25    INFO  valid result: 
recall@10 : 0.1326    pop_recall@10 : 0.1384    unpop_recall@10 : 0.0005    mrr@10 : 0.3586    pop_mrr@10 : 0.3585    unpop_mrr@10 : 0.0003    ndcg@10 : 0.1916    pop_ndcg@10 : 0.1933    unpop_ndcg@10 : 0.0003    hit@10 : 0.6935    pop_hit@10 : 0.6932    unpop_hit@10 : 0.0013    precision@10 : 0.1521    pop_precision@10 : 0.152    unpop_precision@10 : 0.0001
Train    28: 100%|███████████████████████████| 787/787 [00:17<00:00, 45.16it/s, GPU RAM: 0.26 G/47.53 G]
30 Nov 01:25    INFO  epoch 28 training [time: 17.43s, train loss: 146.1067]
Train    29: 100%|███████████████████████████| 787/787 [00:18<00:00, 43.67it/s, GPU RAM: 0.26 G/47.53 G]
30 Nov 01:26    INFO  epoch 29 training [time: 18.02s, train loss: 144.4499]
Evaluate   : 100%|██████████████████████████| 233/233 [00:00<00:00, 343.27it/s, GPU RAM: 0.26 G/47.53 G]
30 Nov 01:26    INFO  epoch 29 evaluating [time: 0.76s, valid_score: 0.359300]
30 Nov 01:26    INFO  valid result: 
recall@10 : 0.1343    pop_recall@10 : 0.1403    unpop_recall@10 : 0.0005    mrr@10 : 0.3593    pop_mrr@10 : 0.3591    unpop_mrr@10 : 0.0004    ndcg@10 : 0.1929    pop_ndcg@10 : 0.1947    unpop_ndcg@10 : 0.0003    hit@10 : 0.6987    pop_hit@10 : 0.6983    unpop_hit@10 : 0.0012    precision@10 : 0.1532    pop_precision@10 : 0.1531    unpop_precision@10 : 0.0001
Train    30: 100%|███████████████████████████| 787/787 [00:18<00:00, 43.43it/s, GPU RAM: 0.26 G/47.53 G]
30 Nov 01:26    INFO  epoch 30 training [time: 18.12s, train loss: 143.4586]
Train    31: 100%|███████████████████████████| 787/787 [00:18<00:00, 42.83it/s, GPU RAM: 0.26 G/47.53 G]
30 Nov 01:26    INFO  epoch 31 training [time: 18.38s, train loss: 142.4243]
Evaluate   : 100%|██████████████████████████| 233/233 [00:00<00:00, 312.75it/s, GPU RAM: 0.26 G/47.53 G]
30 Nov 01:26    INFO  epoch 31 evaluating [time: 0.84s, valid_score: 0.360600]
30 Nov 01:26    INFO  valid result: 
recall@10 : 0.1358    pop_recall@10 : 0.1417    unpop_recall@10 : 0.0006    mrr@10 : 0.3606    pop_mrr@10 : 0.3603    unpop_mrr@10 : 0.0005    ndcg@10 : 0.1943    pop_ndcg@10 : 0.196    unpop_ndcg@10 : 0.0004    hit@10 : 0.7033    pop_hit@10 : 0.703    unpop_hit@10 : 0.0013    precision@10 : 0.1543    pop_precision@10 : 0.1542    unpop_precision@10 : 0.0001
30 Nov 01:26    INFO  Saving current: saved/LightGCN-Nov-30-2025_01-18-01.pth
Train    32: 100%|███████████████████████████| 787/787 [00:18<00:00, 42.07it/s, GPU RAM: 0.26 G/47.53 G]
30 Nov 01:27    INFO  epoch 32 training [time: 18.71s, train loss: 142.1467]
Train    33: 100%|███████████████████████████| 787/787 [00:26<00:00, 29.57it/s, GPU RAM: 0.26 G/47.53 G]
30 Nov 01:27    INFO  epoch 33 training [time: 26.62s, train loss: 140.3706]
Evaluate   : 100%|██████████████████████████| 233/233 [00:01<00:00, 123.84it/s, GPU RAM: 0.26 G/47.53 G]
30 Nov 01:27    INFO  epoch 33 evaluating [time: 1.98s, valid_score: 0.362500]
30 Nov 01:27    INFO  valid result: 
recall@10 : 0.1373    pop_recall@10 : 0.1433    unpop_recall@10 : 0.0006    mrr@10 : 0.3625    pop_mrr@10 : 0.3623    unpop_mrr@10 : 0.0005    ndcg@10 : 0.1957    pop_ndcg@10 : 0.1974    unpop_ndcg@10 : 0.0004    hit@10 : 0.706    pop_hit@10 : 0.7056    unpop_hit@10 : 0.0013    precision@10 : 0.1552    pop_precision@10 : 0.1551    unpop_precision@10 : 0.0001
30 Nov 01:27    INFO  Saving current: saved/LightGCN-Nov-30-2025_01-18-01.pth
Train    34: 100%|███████████████████████████| 787/787 [00:33<00:00, 23.57it/s, GPU RAM: 0.26 G/47.53 G]
30 Nov 01:28    INFO  epoch 34 training [time: 33.39s, train loss: 139.3042]
Train    35: 100%|███████████████████████████| 787/787 [00:33<00:00, 23.57it/s, GPU RAM: 0.26 G/47.53 G]
30 Nov 01:28    INFO  epoch 35 training [time: 33.39s, train loss: 138.8654]
Evaluate   : 100%|██████████████████████████| 233/233 [00:01<00:00, 122.47it/s, GPU RAM: 0.26 G/47.53 G]
30 Nov 01:28    INFO  epoch 35 evaluating [time: 1.98s, valid_score: 0.363000]
30 Nov 01:28    INFO  valid result: 
recall@10 : 0.1391    pop_recall@10 : 0.1451    unpop_recall@10 : 0.0006    mrr@10 : 0.363    pop_mrr@10 : 0.3627    unpop_mrr@10 : 0.0005    ndcg@10 : 0.1966    pop_ndcg@10 : 0.1983    unpop_ndcg@10 : 0.0004    hit@10 : 0.7106    pop_hit@10 : 0.7103    unpop_hit@10 : 0.0015    precision@10 : 0.1557    pop_precision@10 : 0.1556    unpop_precision@10 : 0.0001
30 Nov 01:28    INFO  Saving current: saved/LightGCN-Nov-30-2025_01-18-01.pth
Train    36: 100%|███████████████████████████| 787/787 [00:33<00:00, 23.85it/s, GPU RAM: 0.26 G/47.53 G]
30 Nov 01:29    INFO  epoch 36 training [time: 33.01s, train loss: 137.3435]
Train    37: 100%|███████████████████████████| 787/787 [00:32<00:00, 24.33it/s, GPU RAM: 0.26 G/47.53 G]
30 Nov 01:29    INFO  epoch 37 training [time: 32.35s, train loss: 136.3750]
Evaluate   : 100%|██████████████████████████| 233/233 [00:01<00:00, 122.89it/s, GPU RAM: 0.26 G/47.53 G]
30 Nov 01:29    INFO  epoch 37 evaluating [time: 1.97s, valid_score: 0.366500]
30 Nov 01:29    INFO  valid result: 
recall@10 : 0.1394    pop_recall@10 : 0.1456    unpop_recall@10 : 0.0007    mrr@10 : 0.3665    pop_mrr@10 : 0.3663    unpop_mrr@10 : 0.0005    ndcg@10 : 0.1981    pop_ndcg@10 : 0.1998    unpop_ndcg@10 : 0.0004    hit@10 : 0.7104    pop_hit@10 : 0.7101    unpop_hit@10 : 0.0017    precision@10 : 0.1562    pop_precision@10 : 0.1561    unpop_precision@10 : 0.0002
30 Nov 01:29    INFO  Saving current: saved/LightGCN-Nov-30-2025_01-18-01.pth
Train    38: 100%|███████████████████████████| 787/787 [00:25<00:00, 31.18it/s, GPU RAM: 0.26 G/47.53 G]
30 Nov 01:30    INFO  epoch 38 training [time: 25.24s, train loss: 136.0283]
Train    39: 100%|███████████████████████████| 787/787 [00:18<00:00, 43.61it/s, GPU RAM: 0.26 G/47.53 G]
30 Nov 01:30    INFO  epoch 39 training [time: 18.05s, train loss: 134.9047]
Evaluate   : 100%|██████████████████████████| 233/233 [00:00<00:00, 415.96it/s, GPU RAM: 0.26 G/47.53 G]
30 Nov 01:30    INFO  epoch 39 evaluating [time: 0.64s, valid_score: 0.367500]
30 Nov 01:30    INFO  valid result: 
recall@10 : 0.1404    pop_recall@10 : 0.1467    unpop_recall@10 : 0.0005    mrr@10 : 0.3675    pop_mrr@10 : 0.3673    unpop_mrr@10 : 0.0005    ndcg@10 : 0.1985    pop_ndcg@10 : 0.2003    unpop_ndcg@10 : 0.0004    hit@10 : 0.7162    pop_hit@10 : 0.7159    unpop_hit@10 : 0.0013    precision@10 : 0.1563    pop_precision@10 : 0.1562    unpop_precision@10 : 0.0001
30 Nov 01:30    INFO  Saving current: saved/LightGCN-Nov-30-2025_01-18-01.pth
Train    40: 100%|███████████████████████████| 787/787 [00:18<00:00, 42.36it/s, GPU RAM: 0.26 G/47.53 G]
30 Nov 01:30    INFO  epoch 40 training [time: 18.58s, train loss: 134.2912]
Train    41: 100%|███████████████████████████| 787/787 [00:29<00:00, 27.10it/s, GPU RAM: 0.26 G/47.53 G]
30 Nov 01:31    INFO  epoch 41 training [time: 29.04s, train loss: 133.4387]
Evaluate   : 100%|██████████████████████████| 233/233 [00:01<00:00, 122.57it/s, GPU RAM: 0.26 G/47.53 G]
30 Nov 01:31    INFO  epoch 41 evaluating [time: 1.98s, valid_score: 0.370200]
30 Nov 01:31    INFO  valid result: 
recall@10 : 0.1415    pop_recall@10 : 0.1476    unpop_recall@10 : 0.0009    mrr@10 : 0.3702    pop_mrr@10 : 0.3701    unpop_mrr@10 : 0.0005    ndcg@10 : 0.2006    pop_ndcg@10 : 0.2023    unpop_ndcg@10 : 0.0004    hit@10 : 0.7202    pop_hit@10 : 0.7199    unpop_hit@10 : 0.0017    precision@10 : 0.1577    pop_precision@10 : 0.1576    unpop_precision@10 : 0.0002
30 Nov 01:31    INFO  Saving current: saved/LightGCN-Nov-30-2025_01-18-01.pth
Train    42: 100%|███████████████████████████| 787/787 [00:33<00:00, 23.49it/s, GPU RAM: 0.26 G/47.53 G]
30 Nov 01:31    INFO  epoch 42 training [time: 33.50s, train loss: 132.6892]
Train    43: 100%|███████████████████████████| 787/787 [00:33<00:00, 23.68it/s, GPU RAM: 0.26 G/47.53 G]
30 Nov 01:32    INFO  epoch 43 training [time: 33.24s, train loss: 131.7872]
Evaluate   : 100%|██████████████████████████| 233/233 [00:01<00:00, 123.34it/s, GPU RAM: 0.26 G/47.53 G]
30 Nov 01:32    INFO  epoch 43 evaluating [time: 2.01s, valid_score: 0.372200]
30 Nov 01:32    INFO  valid result: 
recall@10 : 0.1429    pop_recall@10 : 0.1492    unpop_recall@10 : 0.001    mrr@10 : 0.3722    pop_mrr@10 : 0.372    unpop_mrr@10 : 0.0006    ndcg@10 : 0.2018    pop_ndcg@10 : 0.2036    unpop_ndcg@10 : 0.0006    hit@10 : 0.7164    pop_hit@10 : 0.7159    unpop_hit@10 : 0.0022    precision@10 : 0.1583    pop_precision@10 : 0.1581    unpop_precision@10 : 0.0002
30 Nov 01:32    INFO  Saving current: saved/LightGCN-Nov-30-2025_01-18-01.pth
Train    44: 100%|███████████████████████████| 787/787 [00:33<00:00, 23.68it/s, GPU RAM: 0.26 G/47.53 G]
30 Nov 01:33    INFO  epoch 44 training [time: 33.24s, train loss: 130.9767]
Train    45: 100%|███████████████████████████| 787/787 [00:32<00:00, 24.15it/s, GPU RAM: 0.26 G/47.53 G]
30 Nov 01:33    INFO  epoch 45 training [time: 32.59s, train loss: 129.8353]
Evaluate   : 100%|██████████████████████████| 233/233 [00:01<00:00, 125.01it/s, GPU RAM: 0.26 G/47.53 G]
30 Nov 01:33    INFO  epoch 45 evaluating [time: 1.95s, valid_score: 0.372800]
30 Nov 01:33    INFO  valid result: 
recall@10 : 0.1424    pop_recall@10 : 0.1485    unpop_recall@10 : 0.001    mrr@10 : 0.3728    pop_mrr@10 : 0.3726    unpop_mrr@10 : 0.0005    ndcg@10 : 0.2011    pop_ndcg@10 : 0.2029    unpop_ndcg@10 : 0.0005    hit@10 : 0.7189    pop_hit@10 : 0.7185    unpop_hit@10 : 0.0018    precision@10 : 0.1575    pop_precision@10 : 0.1574    unpop_precision@10 : 0.0002
30 Nov 01:33    INFO  Saving current: saved/LightGCN-Nov-30-2025_01-18-01.pth
Train    46: 100%|███████████████████████████| 787/787 [00:33<00:00, 23.67it/s, GPU RAM: 0.26 G/47.53 G]
30 Nov 01:34    INFO  epoch 46 training [time: 33.25s, train loss: 128.9102]
Train    47: 100%|███████████████████████████| 787/787 [00:33<00:00, 23.71it/s, GPU RAM: 0.26 G/47.53 G]
30 Nov 01:34    INFO  epoch 47 training [time: 33.19s, train loss: 128.6782]
Evaluate   : 100%|██████████████████████████| 233/233 [00:02<00:00, 115.47it/s, GPU RAM: 0.26 G/47.53 G]
30 Nov 01:34    INFO  epoch 47 evaluating [time: 2.12s, valid_score: 0.372400]
30 Nov 01:34    INFO  valid result: 
recall@10 : 0.1442    pop_recall@10 : 0.1506    unpop_recall@10 : 0.0008    mrr@10 : 0.3724    pop_mrr@10 : 0.3722    unpop_mrr@10 : 0.0006    ndcg@10 : 0.2027    pop_ndcg@10 : 0.2044    unpop_ndcg@10 : 0.0005    hit@10 : 0.7212    pop_hit@10 : 0.7209    unpop_hit@10 : 0.0018    precision@10 : 0.1593    pop_precision@10 : 0.1591    unpop_precision@10 : 0.0002
Train    48: 100%|███████████████████████████| 787/787 [00:33<00:00, 23.68it/s, GPU RAM: 0.26 G/47.53 G]
30 Nov 01:35    INFO  epoch 48 training [time: 33.24s, train loss: 127.7495]
Train    49: 100%|███████████████████████████| 787/787 [00:32<00:00, 24.16it/s, GPU RAM: 0.26 G/47.53 G]
30 Nov 01:35    INFO  epoch 49 training [time: 32.58s, train loss: 126.7918]
Evaluate   : 100%|██████████████████████████| 233/233 [00:01<00:00, 126.51it/s, GPU RAM: 0.26 G/47.53 G]
30 Nov 01:35    INFO  epoch 49 evaluating [time: 1.92s, valid_score: 0.370100]
30 Nov 01:35    INFO  valid result: 
recall@10 : 0.1461    pop_recall@10 : 0.1525    unpop_recall@10 : 0.0011    mrr@10 : 0.3701    pop_mrr@10 : 0.3699    unpop_mrr@10 : 0.0007    ndcg@10 : 0.2037    pop_ndcg@10 : 0.2054    unpop_ndcg@10 : 0.0006    hit@10 : 0.7238    pop_hit@10 : 0.7235    unpop_hit@10 : 0.0025    precision@10 : 0.1609    pop_precision@10 : 0.1606    unpop_precision@10 : 0.0002
Train    50: 100%|███████████████████████████| 787/787 [00:33<00:00, 23.59it/s, GPU RAM: 0.26 G/47.53 G]
30 Nov 01:36    INFO  epoch 50 training [time: 33.36s, train loss: 126.2433]
Train    51: 100%|█████████████████████████████████████████████████████████████████████████████| 787/787 [00:33<00:00, 23.40it/s, GPU RAM: 0.26 G/47.53 G]
30 Nov 01:37    INFO  epoch 51 training [time: 33.64s, train loss: 125.7254]
Evaluate   : 100%|████████████████████████████████████████████████████████████████████████████| 233/233 [00:01<00:00, 122.36it/s, GPU RAM: 0.26 G/47.53 G]
30 Nov 01:37    INFO  epoch 51 evaluating [time: 2.04s, valid_score: 0.374100]
30 Nov 01:37    INFO  valid result: 
recall@10 : 0.1453    pop_recall@10 : 0.1516    unpop_recall@10 : 0.0011    mrr@10 : 0.3741    pop_mrr@10 : 0.3739    unpop_mrr@10 : 0.0006    ndcg@10 : 0.2042    pop_ndcg@10 : 0.206    unpop_ndcg@10 : 0.0005    hit@10 : 0.7219    pop_hit@10 : 0.7214    unpop_hit@10 : 0.0022    precision@10 : 0.1602    pop_precision@10 : 0.1599    unpop_precision@10 : 0.0002
30 Nov 01:37    INFO  Saving current: saved/LightGCN-Nov-30-2025_01-18-01.pth
Train    52: 100%|█████████████████████████████████████████████████████████████████████████████| 787/787 [00:33<00:00, 23.55it/s, GPU RAM: 0.26 G/47.53 G]
30 Nov 01:37    INFO  epoch 52 training [time: 33.42s, train loss: 124.6531]
Train    53: 100%|█████████████████████████████████████████████████████████████████████████████| 787/787 [00:32<00:00, 23.88it/s, GPU RAM: 0.26 G/47.53 G]
30 Nov 01:38    INFO  epoch 53 training [time: 32.96s, train loss: 124.0491]
Evaluate   : 100%|████████████████████████████████████████████████████████████████████████████| 233/233 [00:01<00:00, 124.32it/s, GPU RAM: 0.26 G/47.53 G]
30 Nov 01:38    INFO  epoch 53 evaluating [time: 1.96s, valid_score: 0.374300]
30 Nov 01:38    INFO  valid result: 
recall@10 : 0.1449    pop_recall@10 : 0.1514    unpop_recall@10 : 0.0009    mrr@10 : 0.3743    pop_mrr@10 : 0.3742    unpop_mrr@10 : 0.0005    ndcg@10 : 0.2042    pop_ndcg@10 : 0.206    unpop_ndcg@10 : 0.0005    hit@10 : 0.7228    pop_hit@10 : 0.7225    unpop_hit@10 : 0.002    precision@10 : 0.1605    pop_precision@10 : 0.1603    unpop_precision@10 : 0.0002
30 Nov 01:38    INFO  Saving current: saved/LightGCN-Nov-30-2025_01-18-01.pth
Train    54: 100%|█████████████████████████████████████████████████████████████████████████████| 787/787 [00:33<00:00, 23.53it/s, GPU RAM: 0.26 G/47.53 G]
30 Nov 01:38    INFO  epoch 54 training [time: 33.44s, train loss: 123.1965]
Train    55: 100%|█████████████████████████████████████████████████████████████████████████████| 787/787 [00:33<00:00, 23.50it/s, GPU RAM: 0.26 G/47.53 G]
30 Nov 01:39    INFO  epoch 55 training [time: 33.48s, train loss: 123.0865]
Evaluate   : 100%|████████████████████████████████████████████████████████████████████████████| 233/233 [00:01<00:00, 155.26it/s, GPU RAM: 0.26 G/47.53 G]
30 Nov 01:39    INFO  epoch 55 evaluating [time: 1.62s, valid_score: 0.377000]
30 Nov 01:39    INFO  valid result: 
recall@10 : 0.1471    pop_recall@10 : 0.1537    unpop_recall@10 : 0.0011    mrr@10 : 0.377    pop_mrr@10 : 0.3769    unpop_mrr@10 : 0.0007    ndcg@10 : 0.206    pop_ndcg@10 : 0.2078    unpop_ndcg@10 : 0.0006    hit@10 : 0.7265    pop_hit@10 : 0.7262    unpop_hit@10 : 0.0028    precision@10 : 0.1614    pop_precision@10 : 0.1611    unpop_precision@10 : 0.0003
30 Nov 01:39    INFO  Saving current: saved/LightGCN-Nov-30-2025_01-18-01.pth
Train    56: 100%|█████████████████████████████████████████████████████████████████████████████| 787/787 [00:32<00:00, 24.22it/s, GPU RAM: 0.26 G/47.53 G]
30 Nov 01:39    INFO  epoch 56 training [time: 32.50s, train loss: 122.0557]
Train    57: 100%|█████████████████████████████████████████████████████████████████████████████| 787/787 [00:33<00:00, 23.68it/s, GPU RAM: 0.26 G/47.53 G]
30 Nov 01:40    INFO  epoch 57 training [time: 33.24s, train loss: 120.8203]
Evaluate   : 100%|████████████████████████████████████████████████████████████████████████████| 233/233 [00:01<00:00, 122.23it/s, GPU RAM: 0.26 G/47.53 G]
30 Nov 01:40    INFO  epoch 57 evaluating [time: 1.99s, valid_score: 0.376500]
30 Nov 01:40    INFO  valid result: 
recall@10 : 0.1471    pop_recall@10 : 0.1535    unpop_recall@10 : 0.0011    mrr@10 : 0.3765    pop_mrr@10 : 0.3762    unpop_mrr@10 : 0.0008    ndcg@10 : 0.206    pop_ndcg@10 : 0.2078    unpop_ndcg@10 : 0.0007    hit@10 : 0.7252    pop_hit@10 : 0.7248    unpop_hit@10 : 0.003    precision@10 : 0.1615    pop_precision@10 : 0.1611    unpop_precision@10 : 0.0003
Train    58: 100%|█████████████████████████████████████████████████████████████████████████████| 787/787 [00:33<00:00, 23.68it/s, GPU RAM: 0.26 G/47.53 G]
30 Nov 01:41    INFO  epoch 58 training [time: 33.23s, train loss: 120.0918]
Train    59: 100%|█████████████████████████████████████████████████████████████████████████████| 787/787 [00:33<00:00, 23.48it/s, GPU RAM: 0.26 G/47.53 G]
30 Nov 01:41    INFO  epoch 59 training [time: 33.51s, train loss: 119.6357]
Evaluate   : 100%|████████████████████████████████████████████████████████████████████████████| 233/233 [00:01<00:00, 120.96it/s, GPU RAM: 0.26 G/47.53 G]
30 Nov 01:41    INFO  epoch 59 evaluating [time: 2.00s, valid_score: 0.377900]
30 Nov 01:41    INFO  valid result: 
recall@10 : 0.1489    pop_recall@10 : 0.1554    unpop_recall@10 : 0.0011    mrr@10 : 0.3779    pop_mrr@10 : 0.3778    unpop_mrr@10 : 0.0008    ndcg@10 : 0.2073    pop_ndcg@10 : 0.2091    unpop_ndcg@10 : 0.0007    hit@10 : 0.7306    pop_hit@10 : 0.7305    unpop_hit@10 : 0.0028    precision@10 : 0.1626    pop_precision@10 : 0.1623    unpop_precision@10 : 0.0003
30 Nov 01:41    INFO  Saving current: saved/LightGCN-Nov-30-2025_01-18-01.pth
Train    60: 100%|█████████████████████████████████████████████████████████████████████████████| 787/787 [00:32<00:00, 24.28it/s, GPU RAM: 0.26 G/47.53 G]
30 Nov 01:42    INFO  epoch 60 training [time: 32.42s, train loss: 119.4735]
Train    61: 100%|█████████████████████████████████████████████████████████████████████████████| 787/787 [00:33<00:00, 23.73it/s, GPU RAM: 0.26 G/47.53 G]
30 Nov 01:42    INFO  epoch 61 training [time: 33.17s, train loss: 118.4124]
Evaluate   : 100%|████████████████████████████████████████████████████████████████████████████| 233/233 [00:01<00:00, 133.00it/s, GPU RAM: 0.26 G/47.53 G]
30 Nov 01:42    INFO  epoch 61 evaluating [time: 1.85s, valid_score: 0.379500]
30 Nov 01:42    INFO  valid result: 
recall@10 : 0.1505    pop_recall@10 : 0.1569    unpop_recall@10 : 0.0009    mrr@10 : 0.3795    pop_mrr@10 : 0.3794    unpop_mrr@10 : 0.0008    ndcg@10 : 0.2088    pop_ndcg@10 : 0.2106    unpop_ndcg@10 : 0.0006    hit@10 : 0.7333    pop_hit@10 : 0.7331    unpop_hit@10 : 0.0026    precision@10 : 0.1635    pop_precision@10 : 0.1632    unpop_precision@10 : 0.0003
30 Nov 01:42    INFO  Saving current: saved/LightGCN-Nov-30-2025_01-18-01.pth
Train    62: 100%|█████████████████████████████████████████████████████████████████████████████| 787/787 [00:33<00:00, 23.63it/s, GPU RAM: 0.26 G/47.53 G]
30 Nov 01:43    INFO  epoch 62 training [time: 33.30s, train loss: 117.5983]
Train    63: 100%|█████████████████████████████████████████████████████████████████████████████| 787/787 [00:33<00:00, 23.59it/s, GPU RAM: 0.26 G/47.53 G]
30 Nov 01:43    INFO  epoch 63 training [time: 33.37s, train loss: 116.3088]
Evaluate   : 100%|████████████████████████████████████████████████████████████████████████████| 233/233 [00:01<00:00, 118.21it/s, GPU RAM: 0.26 G/47.53 G]
30 Nov 01:43    INFO  epoch 63 evaluating [time: 2.07s, valid_score: 0.380300]
30 Nov 01:43    INFO  valid result: 
recall@10 : 0.1513    pop_recall@10 : 0.1579    unpop_recall@10 : 0.0014    mrr@10 : 0.3803    pop_mrr@10 : 0.3801    unpop_mrr@10 : 0.0008    ndcg@10 : 0.2096    pop_ndcg@10 : 0.2114    unpop_ndcg@10 : 0.0007    hit@10 : 0.7348    pop_hit@10 : 0.7341    unpop_hit@10 : 0.0036    precision@10 : 0.1641    pop_precision@10 : 0.1637    unpop_precision@10 : 0.0004
30 Nov 01:43    INFO  Saving current: saved/LightGCN-Nov-30-2025_01-18-01.pth
Train    64: 100%|█████████████████████████████████████████████████████████████████████████████| 787/787 [00:32<00:00, 24.24it/s, GPU RAM: 0.26 G/47.53 G]
30 Nov 01:44    INFO  epoch 64 training [time: 32.48s, train loss: 115.7501]
Train    65: 100%|█████████████████████████████████████████████████████████████████████████████| 787/787 [00:33<00:00, 23.59it/s, GPU RAM: 0.26 G/47.53 G]
30 Nov 01:45    INFO  epoch 65 training [time: 33.37s, train loss: 114.9225]
Evaluate   : 100%|████████████████████████████████████████████████████████████████████████████| 233/233 [00:01<00:00, 117.20it/s, GPU RAM: 0.26 G/47.53 G]
30 Nov 01:45    INFO  epoch 65 evaluating [time: 2.11s, valid_score: 0.383200]
30 Nov 01:45    INFO  valid result: 
recall@10 : 0.1512    pop_recall@10 : 0.1577    unpop_recall@10 : 0.0015    mrr@10 : 0.3832    pop_mrr@10 : 0.383    unpop_mrr@10 : 0.0009    ndcg@10 : 0.2102    pop_ndcg@10 : 0.212    unpop_ndcg@10 : 0.0008    hit@10 : 0.7356    pop_hit@10 : 0.7351    unpop_hit@10 : 0.0033    precision@10 : 0.1643    pop_precision@10 : 0.1639    unpop_precision@10 : 0.0004
30 Nov 01:45    INFO  Saving current: saved/LightGCN-Nov-30-2025_01-18-01.pth
Train    66: 100%|█████████████████████████████████████████████████████████████████████████████| 787/787 [00:33<00:00, 23.67it/s, GPU RAM: 0.26 G/47.53 G]
30 Nov 01:45    INFO  epoch 66 training [time: 33.25s, train loss: 115.1349]
Train    67: 100%|█████████████████████████████████████████████████████████████████████████████| 787/787 [00:33<00:00, 23.56it/s, GPU RAM: 0.26 G/47.53 G]
30 Nov 01:46    INFO  epoch 67 training [time: 33.41s, train loss: 113.7908]
Evaluate   : 100%|████████████████████████████████████████████████████████████████████████████| 233/233 [00:01<00:00, 121.79it/s, GPU RAM: 0.26 G/47.53 G]
30 Nov 01:46    INFO  epoch 67 evaluating [time: 2.00s, valid_score: 0.383300]
30 Nov 01:46    INFO  valid result: 
recall@10 : 0.1508    pop_recall@10 : 0.1573    unpop_recall@10 : 0.0016    mrr@10 : 0.3833    pop_mrr@10 : 0.383    unpop_mrr@10 : 0.0009    ndcg@10 : 0.2103    pop_ndcg@10 : 0.2121    unpop_ndcg@10 : 0.0009    hit@10 : 0.7315    pop_hit@10 : 0.7306    unpop_hit@10 : 0.0036    precision@10 : 0.1641    pop_precision@10 : 0.1637    unpop_precision@10 : 0.0004
30 Nov 01:46    INFO  Saving current: saved/LightGCN-Nov-30-2025_01-18-01.pth
Train    68: 100%|█████████████████████████████████████████████████████████████████████████████| 787/787 [00:32<00:00, 24.28it/s, GPU RAM: 0.26 G/47.53 G]
30 Nov 01:46    INFO  epoch 68 training [time: 32.42s, train loss: 112.9526]
Train    69: 100%|█████████████████████████████████████████████████████████████████████████████| 787/787 [00:33<00:00, 23.66it/s, GPU RAM: 0.26 G/47.53 G]
30 Nov 01:47    INFO  epoch 69 training [time: 33.27s, train loss: 112.0094]
Evaluate   : 100%|████████████████████████████████████████████████████████████████████████████| 233/233 [00:01<00:00, 123.08it/s, GPU RAM: 0.26 G/47.53 G]
30 Nov 01:47    INFO  epoch 69 evaluating [time: 1.99s, valid_score: 0.384400]
30 Nov 01:47    INFO  valid result: 
recall@10 : 0.1524    pop_recall@10 : 0.159    unpop_recall@10 : 0.0018    mrr@10 : 0.3844    pop_mrr@10 : 0.3842    unpop_mrr@10 : 0.0009    ndcg@10 : 0.212    pop_ndcg@10 : 0.2137    unpop_ndcg@10 : 0.0009    hit@10 : 0.7356    pop_hit@10 : 0.7353    unpop_hit@10 : 0.0038    precision@10 : 0.1654    pop_precision@10 : 0.165    unpop_precision@10 : 0.0004
30 Nov 01:47    INFO  Saving current: saved/LightGCN-Nov-30-2025_01-18-01.pth
Train    70: 100%|█████████████████████████████████████████████████████████████████████████████| 787/787 [00:33<00:00, 23.77it/s, GPU RAM: 0.26 G/47.53 G]
30 Nov 01:47    INFO  epoch 70 training [time: 33.11s, train loss: 111.7186]
Train    71: 100%|█████████████████████████████████████████████████████████████████████████████| 787/787 [00:33<00:00, 23.64it/s, GPU RAM: 0.26 G/47.53 G]
30 Nov 01:48    INFO  epoch 71 training [time: 33.29s, train loss: 110.9440]
Evaluate   : 100%|█████████████████████████████████████████████████████████████████████████████| 233/233 [00:02<00:00, 96.87it/s, GPU RAM: 0.26 G/47.53 G]
30 Nov 01:48    INFO  epoch 71 evaluating [time: 2.54s, valid_score: 0.384800]
30 Nov 01:48    INFO  valid result: 
recall@10 : 0.154    pop_recall@10 : 0.1607    unpop_recall@10 : 0.0016    mrr@10 : 0.3848    pop_mrr@10 : 0.3845    unpop_mrr@10 : 0.0011    ndcg@10 : 0.2125    pop_ndcg@10 : 0.2143    unpop_ndcg@10 : 0.001    hit@10 : 0.7416    pop_hit@10 : 0.7409    unpop_hit@10 : 0.0038    precision@10 : 0.1659    pop_precision@10 : 0.1655    unpop_precision@10 : 0.0004
30 Nov 01:48    INFO  Saving current: saved/LightGCN-Nov-30-2025_01-18-01.pth
Train    72: 100%|█████████████████████████████████████████████████████████████████████████████| 787/787 [00:32<00:00, 24.25it/s, GPU RAM: 0.26 G/47.53 G]
30 Nov 01:49    INFO  epoch 72 training [time: 32.46s, train loss: 109.8459]
Train    73: 100%|█████████████████████████████████████████████████████████████████████████████| 787/787 [00:33<00:00, 23.44it/s, GPU RAM: 0.26 G/47.53 G]
30 Nov 01:49    INFO  epoch 73 training [time: 33.57s, train loss: 110.0001]
Evaluate   : 100%|████████████████████████████████████████████████████████████████████████████| 233/233 [00:01<00:00, 121.89it/s, GPU RAM: 0.26 G/47.53 G]
30 Nov 01:49    INFO  epoch 73 evaluating [time: 2.05s, valid_score: 0.387300]
30 Nov 01:49    INFO  valid result: 
recall@10 : 0.153    pop_recall@10 : 0.1599    unpop_recall@10 : 0.0017    mrr@10 : 0.3873    pop_mrr@10 : 0.387    unpop_mrr@10 : 0.001    ndcg@10 : 0.2128    pop_ndcg@10 : 0.2146    unpop_ndcg@10 : 0.001    hit@10 : 0.7376    pop_hit@10 : 0.7369    unpop_hit@10 : 0.0038    precision@10 : 0.1658    pop_precision@10 : 0.1654    unpop_precision@10 : 0.0004
30 Nov 01:49    INFO  Saving current: saved/LightGCN-Nov-30-2025_01-18-01.pth
Train    74: 100%|█████████████████████████████████████████████████████████████████████████████| 787/787 [00:33<00:00, 23.79it/s, GPU RAM: 0.26 G/47.53 G]
30 Nov 01:50    INFO  epoch 74 training [time: 33.08s, train loss: 109.0109]
Train    75: 100%|█████████████████████████████████████████████████████████████████████████████| 787/787 [00:33<00:00, 23.56it/s, GPU RAM: 0.26 G/47.53 G]
30 Nov 01:50    INFO  epoch 75 training [time: 33.41s, train loss: 108.2113]
Evaluate   : 100%|████████████████████████████████████████████████████████████████████████████| 233/233 [00:01<00:00, 123.95it/s, GPU RAM: 0.26 G/47.53 G]
30 Nov 01:50    INFO  epoch 75 evaluating [time: 1.98s, valid_score: 0.389300]
30 Nov 01:50    INFO  valid result: 
recall@10 : 0.1529    pop_recall@10 : 0.1595    unpop_recall@10 : 0.0015    mrr@10 : 0.3893    pop_mrr@10 : 0.3891    unpop_mrr@10 : 0.001    ndcg@10 : 0.2131    pop_ndcg@10 : 0.2149    unpop_ndcg@10 : 0.0009    hit@10 : 0.7396    pop_hit@10 : 0.7391    unpop_hit@10 : 0.0035    precision@10 : 0.1657    pop_precision@10 : 0.1653    unpop_precision@10 : 0.0004
30 Nov 01:50    INFO  Saving current: saved/LightGCN-Nov-30-2025_01-18-01.pth
Train    76: 100%|█████████████████████████████████████████████████████████████████████████████| 787/787 [00:32<00:00, 24.20it/s, GPU RAM: 0.26 G/47.53 G]
30 Nov 01:51    INFO  epoch 76 training [time: 32.52s, train loss: 107.1634]
Train    77: 100%|█████████████████████████████████████████████████████████████████████████████| 787/787 [00:33<00:00, 23.59it/s, GPU RAM: 0.26 G/47.53 G]
30 Nov 01:51    INFO  epoch 77 training [time: 33.36s, train loss: 106.7085]
Evaluate   : 100%|████████████████████████████████████████████████████████████████████████████| 233/233 [00:01<00:00, 118.85it/s, GPU RAM: 0.26 G/47.53 G]
30 Nov 01:51    INFO  epoch 77 evaluating [time: 2.07s, valid_score: 0.387700]
30 Nov 01:51    INFO  valid result: 
recall@10 : 0.1533    pop_recall@10 : 0.1598    unpop_recall@10 : 0.0021    mrr@10 : 0.3877    pop_mrr@10 : 0.3872    unpop_mrr@10 : 0.0012    ndcg@10 : 0.2131    pop_ndcg@10 : 0.2148    unpop_ndcg@10 : 0.0012    hit@10 : 0.7386    pop_hit@10 : 0.7377    unpop_hit@10 : 0.0043    precision@10 : 0.1656    pop_precision@10 : 0.1652    unpop_precision@10 : 0.0004
Train    78: 100%|█████████████████████████████████████████████████████████████████████████████| 787/787 [00:33<00:00, 23.53it/s, GPU RAM: 0.26 G/47.53 G]
30 Nov 01:52    INFO  epoch 78 training [time: 33.44s, train loss: 106.5301]
Train    79: 100%|█████████████████████████████████████████████████████████████████████████████| 787/787 [00:33<00:00, 23.55it/s, GPU RAM: 0.26 G/47.53 G]
30 Nov 01:53    INFO  epoch 79 training [time: 33.42s, train loss: 105.9903]
Evaluate   : 100%|████████████████████████████████████████████████████████████████████████████| 233/233 [00:01<00:00, 116.63it/s, GPU RAM: 0.26 G/47.53 G]
30 Nov 01:53    INFO  epoch 79 evaluating [time: 2.10s, valid_score: 0.387900]
30 Nov 01:53    INFO  valid result: 
recall@10 : 0.1549    pop_recall@10 : 0.1616    unpop_recall@10 : 0.0021    mrr@10 : 0.3879    pop_mrr@10 : 0.3873    unpop_mrr@10 : 0.0014    ndcg@10 : 0.2141    pop_ndcg@10 : 0.2157    unpop_ndcg@10 : 0.0013    hit@10 : 0.7422    pop_hit@10 : 0.7414    unpop_hit@10 : 0.0045    precision@10 : 0.167    pop_precision@10 : 0.1665    unpop_precision@10 : 0.0005
Train    80: 100%|█████████████████████████████████████████████████████████████████████████████| 787/787 [00:32<00:00, 24.02it/s, GPU RAM: 0.26 G/47.53 G]
30 Nov 01:53    INFO  epoch 80 training [time: 32.76s, train loss: 104.3539]
Train    81: 100%|█████████████████████████████████████████████████████████████████████████████| 787/787 [00:33<00:00, 23.82it/s, GPU RAM: 0.26 G/47.53 G]
30 Nov 01:54    INFO  epoch 81 training [time: 33.04s, train loss: 104.5844]
Evaluate   : 100%|████████████████████████████████████████████████████████████████████████████| 233/233 [00:02<00:00, 115.77it/s, GPU RAM: 0.26 G/47.53 G]
30 Nov 01:54    INFO  epoch 81 evaluating [time: 2.10s, valid_score: 0.388600]
30 Nov 01:54    INFO  valid result: 
recall@10 : 0.1555    pop_recall@10 : 0.1622    unpop_recall@10 : 0.0018    mrr@10 : 0.3886    pop_mrr@10 : 0.3879    unpop_mrr@10 : 0.0014    ndcg@10 : 0.2146    pop_ndcg@10 : 0.2163    unpop_ndcg@10 : 0.0012    hit@10 : 0.7435    pop_hit@10 : 0.7429    unpop_hit@10 : 0.0038    precision@10 : 0.1673    pop_precision@10 : 0.1669    unpop_precision@10 : 0.0004
Train    82: 100%|█████████████████████████████████████████████████████████████████████████████| 787/787 [00:33<00:00, 23.49it/s, GPU RAM: 0.26 G/47.53 G]
30 Nov 01:54    INFO  epoch 82 training [time: 33.51s, train loss: 103.3285]
Train    83: 100%|█████████████████████████████████████████████████████████████████████████████| 787/787 [00:33<00:00, 23.64it/s, GPU RAM: 0.26 G/47.53 G]
30 Nov 01:55    INFO  epoch 83 training [time: 33.29s, train loss: 103.0909]
Evaluate   : 100%|████████████████████████████████████████████████████████████████████████████| 233/233 [00:01<00:00, 121.74it/s, GPU RAM: 0.26 G/47.53 G]
30 Nov 01:55    INFO  epoch 83 evaluating [time: 1.99s, valid_score: 0.388100]
30 Nov 01:55    INFO  valid result: 
recall@10 : 0.1556    pop_recall@10 : 0.1623    unpop_recall@10 : 0.0019    mrr@10 : 0.3881    pop_mrr@10 : 0.3876    unpop_mrr@10 : 0.0012    ndcg@10 : 0.2143    pop_ndcg@10 : 0.2161    unpop_ndcg@10 : 0.0012    hit@10 : 0.7427    pop_hit@10 : 0.7419    unpop_hit@10 : 0.0041    precision@10 : 0.1669    pop_precision@10 : 0.1664    unpop_precision@10 : 0.0004
Train    84: 100%|█████████████████████████████████████████████████████████████████████████████| 787/787 [00:32<00:00, 24.13it/s, GPU RAM: 0.26 G/47.53 G]
30 Nov 01:55    INFO  epoch 84 training [time: 32.62s, train loss: 102.1228]
Train    85: 100%|█████████████████████████████████████████████████████████████████████████████| 787/787 [00:33<00:00, 23.55it/s, GPU RAM: 0.26 G/47.53 G]
30 Nov 01:56    INFO  epoch 85 training [time: 33.42s, train loss: 101.5852]
Evaluate   : 100%|████████████████████████████████████████████████████████████████████████████| 233/233 [00:01<00:00, 122.38it/s, GPU RAM: 0.26 G/47.53 G]
30 Nov 01:56    INFO  epoch 85 evaluating [time: 2.01s, valid_score: 0.388500]
30 Nov 01:56    INFO  valid result: 
recall@10 : 0.156    pop_recall@10 : 0.1627    unpop_recall@10 : 0.0022    mrr@10 : 0.3885    pop_mrr@10 : 0.3881    unpop_mrr@10 : 0.0013    ndcg@10 : 0.2148    pop_ndcg@10 : 0.2165    unpop_ndcg@10 : 0.0012    hit@10 : 0.7449    pop_hit@10 : 0.7439    unpop_hit@10 : 0.0051    precision@10 : 0.1669    pop_precision@10 : 0.1664    unpop_precision@10 : 0.0005
Train    86: 100%|█████████████████████████████████████████████████████████████████████████████| 787/787 [00:33<00:00, 23.51it/s, GPU RAM: 0.26 G/47.53 G]
30 Nov 01:57    INFO  epoch 86 training [time: 33.48s, train loss: 101.2569]
Train    87: 100%|█████████████████████████████████████████████████████████████████████████████| 787/787 [00:33<00:00, 23.67it/s, GPU RAM: 0.26 G/47.53 G]
30 Nov 01:57    INFO  epoch 87 training [time: 33.24s, train loss: 100.1261]
Evaluate   : 100%|████████████████████████████████████████████████████████████████████████████| 233/233 [00:01<00:00, 125.53it/s, GPU RAM: 0.26 G/47.53 G]
30 Nov 01:57    INFO  epoch 87 evaluating [time: 1.96s, valid_score: 0.385400]
30 Nov 01:57    INFO  valid result: 
recall@10 : 0.156    pop_recall@10 : 0.1629    unpop_recall@10 : 0.0019    mrr@10 : 0.3854    pop_mrr@10 : 0.3849    unpop_mrr@10 : 0.0013    ndcg@10 : 0.2142    pop_ndcg@10 : 0.2159    unpop_ndcg@10 : 0.0012    hit@10 : 0.7419    pop_hit@10 : 0.7412    unpop_hit@10 : 0.0043    precision@10 : 0.1671    pop_precision@10 : 0.1666    unpop_precision@10 : 0.0005
Train    88: 100%|█████████████████████████████████████████████████████████████████████████████| 787/787 [00:32<00:00, 24.17it/s, GPU RAM: 0.26 G/47.53 G]
30 Nov 01:58    INFO  epoch 88 training [time: 32.57s, train loss: 99.6015]
Train    89: 100%|█████████████████████████████████████████████████████████████████████████████| 787/787 [00:33<00:00, 23.70it/s, GPU RAM: 0.26 G/47.53 G]
30 Nov 01:58    INFO  epoch 89 training [time: 33.20s, train loss: 98.7286]
Evaluate   : 100%|████████████████████████████████████████████████████████████████████████████| 233/233 [00:01<00:00, 129.42it/s, GPU RAM: 0.26 G/47.53 G]
30 Nov 01:58    INFO  epoch 89 evaluating [time: 1.87s, valid_score: 0.386100]
30 Nov 01:58    INFO  valid result: 
recall@10 : 0.1568    pop_recall@10 : 0.1636    unpop_recall@10 : 0.0019    mrr@10 : 0.3861    pop_mrr@10 : 0.3854    unpop_mrr@10 : 0.0015    ndcg@10 : 0.2141    pop_ndcg@10 : 0.2158    unpop_ndcg@10 : 0.0013    hit@10 : 0.7449    pop_hit@10 : 0.7442    unpop_hit@10 : 0.0045    precision@10 : 0.1667    pop_precision@10 : 0.1662    unpop_precision@10 : 0.0005
Train    90: 100%|█████████████████████████████████████████████████████████████████████████████| 787/787 [00:33<00:00, 23.71it/s, GPU RAM: 0.26 G/47.53 G]
30 Nov 01:59    INFO  epoch 90 training [time: 33.19s, train loss: 98.4524]
Train    91: 100%|█████████████████████████████████████████████████████████████████████████████| 787/787 [00:33<00:00, 23.70it/s, GPU RAM: 0.26 G/47.53 G]
30 Nov 01:59    INFO  epoch 91 training [time: 33.20s, train loss: 97.7045]
Evaluate   : 100%|████████████████████████████████████████████████████████████████████████████| 233/233 [00:01<00:00, 120.91it/s, GPU RAM: 0.26 G/47.53 G]
30 Nov 01:59    INFO  epoch 91 evaluating [time: 2.04s, valid_score: 0.389400]
30 Nov 01:59    INFO  valid result: 
recall@10 : 0.1569    pop_recall@10 : 0.1637    unpop_recall@10 : 0.0022    mrr@10 : 0.3894    pop_mrr@10 : 0.3888    unpop_mrr@10 : 0.0014    ndcg@10 : 0.2154    pop_ndcg@10 : 0.2171    unpop_ndcg@10 : 0.0013    hit@10 : 0.7455    pop_hit@10 : 0.7449    unpop_hit@10 : 0.0046    precision@10 : 0.1671    pop_precision@10 : 0.1666    unpop_precision@10 : 0.0005
30 Nov 01:59    INFO  Saving current: saved/LightGCN-Nov-30-2025_01-18-01.pth
Train    92: 100%|█████████████████████████████████████████████████████████████████████████████| 787/787 [00:32<00:00, 24.43it/s, GPU RAM: 0.26 G/47.53 G]
30 Nov 02:00    INFO  epoch 92 training [time: 32.21s, train loss: 96.9444]
Train    93: 100%|█████████████████████████████████████████████████████████████████████████████| 787/787 [00:33<00:00, 23.53it/s, GPU RAM: 0.26 G/47.53 G]
30 Nov 02:01    INFO  epoch 93 training [time: 33.45s, train loss: 96.6082]
Evaluate   : 100%|████████████████████████████████████████████████████████████████████████████| 233/233 [00:01<00:00, 121.42it/s, GPU RAM: 0.26 G/47.53 G]
30 Nov 02:01    INFO  epoch 93 evaluating [time: 2.03s, valid_score: 0.387400]
30 Nov 02:01    INFO  valid result: 
recall@10 : 0.1572    pop_recall@10 : 0.1638    unpop_recall@10 : 0.0024    mrr@10 : 0.3874    pop_mrr@10 : 0.3868    unpop_mrr@10 : 0.0015    ndcg@10 : 0.2154    pop_ndcg@10 : 0.217    unpop_ndcg@10 : 0.0015    hit@10 : 0.7493    pop_hit@10 : 0.7485    unpop_hit@10 : 0.0053    precision@10 : 0.1679    pop_precision@10 : 0.1674    unpop_precision@10 : 0.0006
Train    94: 100%|█████████████████████████████████████████████████████████████████████████████| 787/787 [00:33<00:00, 23.77it/s, GPU RAM: 0.26 G/47.53 G]
30 Nov 02:01    INFO  epoch 94 training [time: 33.12s, train loss: 95.7547]
Train    95: 100%|█████████████████████████████████████████████████████████████████████████████| 787/787 [00:33<00:00, 23.70it/s, GPU RAM: 0.26 G/47.53 G]
30 Nov 02:02    INFO  epoch 95 training [time: 33.21s, train loss: 95.7619]
Evaluate   : 100%|████████████████████████████████████████████████████████████████████████████| 233/233 [00:01<00:00, 119.70it/s, GPU RAM: 0.26 G/47.53 G]
30 Nov 02:02    INFO  epoch 95 evaluating [time: 2.03s, valid_score: 0.388800]
30 Nov 02:02    INFO  valid result: 
recall@10 : 0.1575    pop_recall@10 : 0.164    unpop_recall@10 : 0.0027    mrr@10 : 0.3888    pop_mrr@10 : 0.3881    unpop_mrr@10 : 0.0016    ndcg@10 : 0.2156    pop_ndcg@10 : 0.2171    unpop_ndcg@10 : 0.0016    hit@10 : 0.7485    pop_hit@10 : 0.7477    unpop_hit@10 : 0.0056    precision@10 : 0.1678    pop_precision@10 : 0.1672    unpop_precision@10 : 0.0006
Train    96: 100%|█████████████████████████████████████████████████████████████████████████████| 787/787 [00:32<00:00, 24.54it/s, GPU RAM: 0.26 G/47.53 G]
30 Nov 02:02    INFO  epoch 96 training [time: 32.07s, train loss: 94.9219]
Train    97: 100%|█████████████████████████████████████████████████████████████████████████████| 787/787 [00:32<00:00, 23.85it/s, GPU RAM: 0.26 G/47.53 G]
30 Nov 02:03    INFO  epoch 97 training [time: 33.00s, train loss: 94.2230]
Evaluate   : 100%|████████████████████████████████████████████████████████████████████████████| 233/233 [00:01<00:00, 133.88it/s, GPU RAM: 0.26 G/47.53 G]
30 Nov 02:03    INFO  epoch 97 evaluating [time: 1.88s, valid_score: 0.388800]
30 Nov 02:03    INFO  valid result: 
recall@10 : 0.1584    pop_recall@10 : 0.1651    unpop_recall@10 : 0.0025    mrr@10 : 0.3888    pop_mrr@10 : 0.3882    unpop_mrr@10 : 0.0016    ndcg@10 : 0.2156    pop_ndcg@10 : 0.2172    unpop_ndcg@10 : 0.0015    hit@10 : 0.7488    pop_hit@10 : 0.7482    unpop_hit@10 : 0.0053    precision@10 : 0.1679    pop_precision@10 : 0.1673    unpop_precision@10 : 0.0006
Train    98: 100%|█████████████████████████████████████████████████████████████████████████████| 787/787 [00:33<00:00, 23.76it/s, GPU RAM: 0.26 G/47.53 G]
30 Nov 02:03    INFO  epoch 98 training [time: 33.12s, train loss: 93.8415]
Train    99: 100%|█████████████████████████████████████████████████████████████████████████████| 787/787 [00:33<00:00, 23.81it/s, GPU RAM: 0.26 G/47.53 G]
30 Nov 02:04    INFO  epoch 99 training [time: 33.06s, train loss: 93.0992]
Evaluate   : 100%|████████████████████████████████████████████████████████████████████████████| 233/233 [00:01<00:00, 129.40it/s, GPU RAM: 0.26 G/47.53 G]
30 Nov 02:04    INFO  epoch 99 evaluating [time: 1.92s, valid_score: 0.388700]
30 Nov 02:04    INFO  valid result: 
recall@10 : 0.158    pop_recall@10 : 0.1646    unpop_recall@10 : 0.0026    mrr@10 : 0.3887    pop_mrr@10 : 0.3881    unpop_mrr@10 : 0.0016    ndcg@10 : 0.2156    pop_ndcg@10 : 0.2173    unpop_ndcg@10 : 0.0015    hit@10 : 0.7455    pop_hit@10 : 0.7447    unpop_hit@10 : 0.0055    precision@10 : 0.1677    pop_precision@10 : 0.1671    unpop_precision@10 : 0.0006
30 Nov 02:04    INFO  Loading model structure and parameters from saved/LightGCN-Nov-30-2025_01-18-01.pth
Evaluate   : 100%|████████████████████████████████████████████████████████████████████████████| 233/233 [00:01<00:00, 138.26it/s, GPU RAM: 0.27 G/47.53 G]
30 Nov 02:04    INFO  count    1872.000000
mean       32.264957
std        70.104132
min         1.000000
25%         2.000000
50%         8.000000
75%        30.000000
max       777.000000
dtype: float64
/data/xwx/site-packages/RecBole/recbole/evaluator/metrics.py:234: RuntimeWarning: invalid value encountered in divide
  result = np.cumsum(pos_index, axis=1) / pos_len.reshape(-1, 1)
30 Nov 02:04    INFO  The running environment of this training is as follows:
+-------------+-----------------+
| Environment |      Usage      |
+=============+=================+
| CPU         |     32.60 %     |
+-------------+-----------------+
| GPU         | 0.27 G/47.53 G  |
+-------------+-----------------+
| Memory      | 1.84 G/251.48 G |
+-------------+-----------------+
30 Nov 02:04    INFO  best valid : OrderedDict([('recall@10', 0.1569), ('pop_recall@10', 0.1637), ('unpop_recall@10', 0.0022), ('mrr@10', 0.3894), ('pop_mrr@10', 0.3888), ('unpop_mrr@10', 0.0014), ('ndcg@10', 0.2154), ('pop_ndcg@10', 0.2171), ('unpop_ndcg@10', 0.0013), ('hit@10', 0.7455), ('pop_hit@10', 0.7449), ('unpop_hit@10', 0.0046), ('precision@10', 0.1671), ('pop_precision@10', 0.1666), ('unpop_precision@10', 0.0005)])
30 Nov 02:04    INFO  test result: OrderedDict([('recall@10', 0.17320314569536424), ('pop_recall@10', 0.18164559602649008), ('unpop_recall@10', 0.0018183940397350994), ('mrr@10', 0.4575081622516556), ('pop_mrr@10', 0.45711907284768216), ('unpop_mrr@10', 0.0011846688741721854), ('ndcg@10', 0.2663005960264901), ('pop_ndcg@10', 0.268483476821192), ('unpop_ndcg@10', 0.000992665562913907), ('hit@10', 0.7582781456953642), ('pop_hit@10', 0.7577814569536424), ('unpop_hit@10', 0.004470198675496689), ('precision@10', 0.20763245033112582), ('pop_precision@10', 0.20713576158940397), ('unpop_precision@10', 0.0004966887417218543)])