Sun 30 Nov 2025 11:38:09 INFO  ['/data/xwx/site-packages/RecBole/run_recbole.py', '--model', 'LightGCN', '--dataset', 'ml-1m', '--nproc', '1', '--ip', 'localhost', '--port', '5678', '--world_size', '-1', '--group_offset', '0']
Sun 30 Nov 2025 11:38:09 INFO  
General Hyper Parameters:
gpu_id = 0
use_gpu = True
seed = 2020
state = INFO
reproducibility = True
data_path = dataset/ml-1m
checkpoint_dir = saved
show_progress = True
save_dataset = False
dataset_save_path = None
save_dataloaders = False
dataloaders_save_path = None
log_wandb = False

Training Hyper Parameters:
epochs = 100
train_batch_size = 1024
learner = adam
learning_rate = 0.001
train_neg_sample_args = {'distribution': 'uniform', 'sample_num': 1, 'alpha': 1.0, 'dynamic': False, 'candidate_num': 0}
eval_step = 2
stopping_step = 10
clip_grad_norm = None
weight_decay = 0.0
loss_decimal_place = 4

Evaluation Hyper Parameters:
eval_args = {'split': {'RS': [0.8, 0.1, 0.1]}, 'order': 'RO', 'group_by': 'user', 'mode': {'valid': 'full', 'test': 'full'}}
repeatable = False
metrics = ['Recall', 'MRR', 'NDCG', 'Hit', 'Precision']
topk = [10]
valid_metric = MRR@10
valid_metric_bigger = True
eval_batch_size = 102400
metric_decimal_place = 4

Dataset Hyper Parameters:
train_batch_size = 1024
eval_batch_size = 102400
field_separator = 	
seq_separator =  
USER_ID_FIELD = user_id
ITEM_ID_FIELD = item_id
RATING_FIELD = rating
TIME_FIELD = timestamp
seq_len = None
LABEL_FIELD = label
threshold = None
NEG_PREFIX = neg_
load_col = {'inter': ['user_id', 'item_id', 'rating', 'timestamp'], 'user': ['user_id', 'age', 'gender', 'occupation'], 'item': ['item_id', 'release_year', 'genre']}
unload_col = None
unused_col = None
additional_feat_suffix = None
rm_dup_inter = None
val_interval = None
filter_inter_by_user_or_item = True
user_inter_num_interval = None
item_inter_num_interval = None
alias_of_user_id = None
alias_of_item_id = None
alias_of_entity_id = None
alias_of_relation_id = None
preload_weight = None
normalize_field = None
normalize_all = True
ITEM_LIST_LENGTH_FIELD = item_length
LIST_SUFFIX = _list
MAX_ITEM_LIST_LENGTH = 50
POSITION_FIELD = position_id
HEAD_ENTITY_ID_FIELD = head_id
TAIL_ENTITY_ID_FIELD = tail_id
RELATION_ID_FIELD = relation_id
ENTITY_ID_FIELD = entity_id
kg_reverse_r = False
entity_kg_num_interval = None
relation_kg_num_interval = None
benchmark_filename = None
save_single_user = True
save_base_path = output
attr = {'user': {'need_inter_num': True, 'need_inter_hour': True, 'need_rating': True, 'need_item_genre': True, 'need_item_year': True, 'need_zipcode_to_region': True}, 'item': {'need_inter_num': True, 'need_inter_hour': True, 'need_rating': True, 'need_age': True, 'need_gender': True, 'need_occupation': True, 'need_region': True}, 'interaction': {'timestamp_unit': 's'}}
to_bin = {'user': {'mean_rating': {'n_bins': 5}, 'interaction_nums': {'n_bins': 5}}, 'item': {'mean_rating': {'n_bins': 5}, 'interaction_nums': {'n_bins': 5}}}

Other Hyper Parameters: 
worker = 0
wandb_project = recbole
shuffle = True
require_pow = False
enable_amp = False
enable_scaler = False
transform = None
export_topk_recs = True
export_topk_dir = None
export_topk_filename = None
export_topk_item_separator = None
export_topk_separate_columns = None
embedding_size = 64
n_layers = 2
reg_weight = 1e-05
numerical_features = []
discretization = None
MODEL_TYPE = ModelType.GENERAL
MODEL_INPUT_TYPE = InputType.PAIRWISE
eval_type = EvaluatorType.RANKING
single_spec = True
local_rank = 0
device = cuda
valid_neg_sample_args = {'distribution': 'uniform', 'sample_num': 'none'}
test_neg_sample_args = {'distribution': 'uniform', 'sample_num': 'none'}


Sun 30 Nov 2025 11:38:13 INFO  ml-1m
The number of users: 6041
Average actions of users: 165.5975165562914
The number of items: 3884
Average actions of items: 269.88909875876953
The number of inters: 1000209
The sparsity of the dataset: 95.73712398848173%
Remain Fields: ['user_id', 'item_id', 'rating', 'timestamp', 'age', 'gender', 'occupation', 'release_year', 'genre']
Sun 30 Nov 2025 11:38:17 INFO  [Training]: train_batch_size = [1024] train_neg_sample_args: [{'distribution': 'uniform', 'sample_num': 1, 'alpha': 1.0, 'dynamic': False, 'candidate_num': 0}]
Sun 30 Nov 2025 11:38:17 INFO  [Evaluation]: eval_batch_size = [102400] eval_args: [{'split': {'RS': [0.8, 0.1, 0.1]}, 'order': 'RO', 'group_by': 'user', 'mode': {'valid': 'full', 'test': 'full'}}]
Sun 30 Nov 2025 11:38:17 INFO  LightGCN(
  (user_embedding): Embedding(6041, 64)
  (item_embedding): Embedding(3884, 64)
  (mf_loss): BPRLoss()
  (reg_loss): EmbLoss()
)
Trainable parameters: 635200
Sun 30 Nov 2025 11:38:17 INFO  FLOPs: 0.0
Sun 30 Nov 2025 11:38:35 INFO  epoch 0 training [time: 16.59s, train loss: 313.7776]
Sun 30 Nov 2025 11:38:52 INFO  epoch 1 training [time: 17.47s, train loss: 264.2402]
Sun 30 Nov 2025 11:38:57 INFO  epoch 1 evaluating [time: 4.49s, valid_score: 0.221100]
Sun 30 Nov 2025 11:38:57 INFO  valid result: 
recall@10 : 0.0674    pop_recall@10 : 0.0866    unpop_recall@10 : 0.0    mrr@10 : 0.2211    pop_mrr@10 : 0.2211    unpop_mrr@10 : 0.0    ndcg@10 : 0.1065    pop_ndcg@10 : 0.112    unpop_ndcg@10 : 0.0    hit@10 : 0.4858    pop_hit@10 : 0.4858    unpop_hit@10 : 0.0    precision@10 : 0.0866    pop_precision@10 : 0.0866    unpop_precision@10 : 0.0
Sun 30 Nov 2025 11:38:57 INFO  Saving current: saved/LightGCN-Nov-30-2025_11-38-17.pth
Sun 30 Nov 2025 11:39:15 INFO  epoch 2 training [time: 17.70s, train loss: 259.7091]
Sun 30 Nov 2025 11:39:30 INFO  epoch 3 training [time: 15.37s, train loss: 252.8784]
Sun 30 Nov 2025 11:41:09 INFO  epoch 3 evaluating [time: 98.52s, valid_score: 0.230700]
Sun 30 Nov 2025 11:41:09 INFO  valid result: 
recall@10 : 0.0716    pop_recall@10 : 0.0928    unpop_recall@10 : 0.0    mrr@10 : 0.2307    pop_mrr@10 : 0.2307    unpop_mrr@10 : 0.0    ndcg@10 : 0.112    pop_ndcg@10 : 0.1179    unpop_ndcg@10 : 0.0    hit@10 : 0.5023    pop_hit@10 : 0.5023    unpop_hit@10 : 0.0    precision@10 : 0.0908    pop_precision@10 : 0.0908    unpop_precision@10 : 0.0
Sun 30 Nov 2025 11:41:09 INFO  Saving current: saved/LightGCN-Nov-30-2025_11-38-17.pth
Sun 30 Nov 2025 11:41:25 INFO  epoch 4 training [time: 16.60s, train loss: 238.0056]
Sun 30 Nov 2025 11:41:44 INFO  epoch 5 training [time: 18.31s, train loss: 222.3270]
Sun 30 Nov 2025 11:41:44 INFO  epoch 5 evaluating [time: 0.81s, valid_score: 0.268800]
Sun 30 Nov 2025 11:41:44 INFO  valid result: 
recall@10 : 0.0851    pop_recall@10 : 0.1109    unpop_recall@10 : 0.0    mrr@10 : 0.2688    pop_mrr@10 : 0.2688    unpop_mrr@10 : 0.0    ndcg@10 : 0.132    pop_ndcg@10 : 0.1396    unpop_ndcg@10 : 0.0    hit@10 : 0.5535    pop_hit@10 : 0.5535    unpop_hit@10 : 0.0002    precision@10 : 0.1063    pop_precision@10 : 0.1063    unpop_precision@10 : 0.0
Sun 30 Nov 2025 11:41:44 INFO  Saving current: saved/LightGCN-Nov-30-2025_11-38-17.pth
Sun 30 Nov 2025 11:42:02 INFO  epoch 6 training [time: 17.52s, train loss: 211.9639]
Sun 30 Nov 2025 11:42:19 INFO  epoch 7 training [time: 16.71s, train loss: 203.7036]
Sun 30 Nov 2025 11:42:19 INFO  epoch 7 evaluating [time: 0.77s, valid_score: 0.299600]
Sun 30 Nov 2025 11:42:19 INFO  valid result: 
recall@10 : 0.0954    pop_recall@10 : 0.1246    unpop_recall@10 : 0.0002    mrr@10 : 0.2996    pop_mrr@10 : 0.2995    unpop_mrr@10 : 0.0001    ndcg@10 : 0.1485    pop_ndcg@10 : 0.1573    unpop_ndcg@10 : 0.0001    hit@10 : 0.5869    pop_hit@10 : 0.5866    unpop_hit@10 : 0.001    precision@10 : 0.1174    pop_precision@10 : 0.1173    unpop_precision@10 : 0.0001
Sun 30 Nov 2025 11:42:20 INFO  Saving current: saved/LightGCN-Nov-30-2025_11-38-17.pth
Sun 30 Nov 2025 11:42:37 INFO  epoch 8 training [time: 17.10s, train loss: 196.7664]
Sun 30 Nov 2025 11:42:55 INFO  epoch 9 training [time: 17.85s, train loss: 191.5163]
Sun 30 Nov 2025 11:42:55 INFO  epoch 9 evaluating [time: 0.79s, valid_score: 0.308100]
Sun 30 Nov 2025 11:42:55 INFO  valid result: 
recall@10 : 0.101    pop_recall@10 : 0.132    unpop_recall@10 : 0.0002    mrr@10 : 0.3081    pop_mrr@10 : 0.3079    unpop_mrr@10 : 0.0004    ndcg@10 : 0.1555    pop_ndcg@10 : 0.1648    unpop_ndcg@10 : 0.0002    hit@10 : 0.6038    pop_hit@10 : 0.6031    unpop_hit@10 : 0.0017    precision@10 : 0.1235    pop_precision@10 : 0.1232    unpop_precision@10 : 0.0002
Sun 30 Nov 2025 11:42:55 INFO  Saving current: saved/LightGCN-Nov-30-2025_11-38-17.pth
Sun 30 Nov 2025 11:43:13 INFO  epoch 10 training [time: 17.56s, train loss: 186.4450]
Sun 30 Nov 2025 11:43:31 INFO  epoch 11 training [time: 18.38s, train loss: 181.3435]
Sun 30 Nov 2025 11:43:32 INFO  epoch 11 evaluating [time: 0.79s, valid_score: 0.317700]
Sun 30 Nov 2025 11:43:32 INFO  valid result: 
recall@10 : 0.1079    pop_recall@10 : 0.141    unpop_recall@10 : 0.0006    mrr@10 : 0.3177    pop_mrr@10 : 0.3169    unpop_mrr@10 : 0.0014    ndcg@10 : 0.1634    pop_ndcg@10 : 0.173    unpop_ndcg@10 : 0.0007    hit@10 : 0.6262    pop_hit@10 : 0.6248    unpop_hit@10 : 0.0046    precision@10 : 0.1305    pop_precision@10 : 0.1299    unpop_precision@10 : 0.0006
Sun 30 Nov 2025 11:43:32 INFO  Saving current: saved/LightGCN-Nov-30-2025_11-38-17.pth
Sun 30 Nov 2025 11:43:52 INFO  epoch 12 training [time: 19.17s, train loss: 177.6971]
Sun 30 Nov 2025 11:44:12 INFO  epoch 13 training [time: 20.56s, train loss: 173.6912]
Sun 30 Nov 2025 11:44:13 INFO  epoch 13 evaluating [time: 0.83s, valid_score: 0.328800]
Sun 30 Nov 2025 11:44:13 INFO  valid result: 
recall@10 : 0.1128    pop_recall@10 : 0.148    unpop_recall@10 : 0.0012    mrr@10 : 0.3288    pop_mrr@10 : 0.3273    unpop_mrr@10 : 0.0026    ndcg@10 : 0.1703    pop_ndcg@10 : 0.1802    unpop_ndcg@10 : 0.0013    hit@10 : 0.6411    pop_hit@10 : 0.6389    unpop_hit@10 : 0.0086    precision@10 : 0.1354    pop_precision@10 : 0.1343    unpop_precision@10 : 0.0012
Sun 30 Nov 2025 11:44:13 INFO  Saving current: saved/LightGCN-Nov-30-2025_11-38-17.pth
Sun 30 Nov 2025 11:44:33 INFO  epoch 14 training [time: 20.42s, train loss: 171.1243]
Sun 30 Nov 2025 11:44:54 INFO  epoch 15 training [time: 20.74s, train loss: 167.4187]
Sun 30 Nov 2025 11:44:55 INFO  epoch 15 evaluating [time: 0.81s, valid_score: 0.339100]
Sun 30 Nov 2025 11:44:55 INFO  valid result: 
recall@10 : 0.1168    pop_recall@10 : 0.1532    unpop_recall@10 : 0.0016    mrr@10 : 0.3391    pop_mrr@10 : 0.3374    unpop_mrr@10 : 0.0035    ndcg@10 : 0.1755    pop_ndcg@10 : 0.1855    unpop_ndcg@10 : 0.0018    hit@10 : 0.6561    pop_hit@10 : 0.653    unpop_hit@10 : 0.0124    precision@10 : 0.1396    pop_precision@10 : 0.1379    unpop_precision@10 : 0.0017
Sun 30 Nov 2025 11:44:55 INFO  Saving current: saved/LightGCN-Nov-30-2025_11-38-17.pth
Sun 30 Nov 2025 11:45:28 INFO  epoch 16 training [time: 32.68s, train loss: 164.8956]
Sun 30 Nov 2025 11:46:03 INFO  epoch 17 training [time: 34.77s, train loss: 162.5983]
Sun 30 Nov 2025 11:46:05 INFO  epoch 17 evaluating [time: 2.07s, valid_score: 0.342900]
Sun 30 Nov 2025 11:46:05 INFO  valid result: 
recall@10 : 0.1202    pop_recall@10 : 0.1574    unpop_recall@10 : 0.0021    mrr@10 : 0.3429    pop_mrr@10 : 0.3408    unpop_mrr@10 : 0.004    ndcg@10 : 0.1791    pop_ndcg@10 : 0.1893    unpop_ndcg@10 : 0.0022    hit@10 : 0.6639    pop_hit@10 : 0.6596    unpop_hit@10 : 0.0141    precision@10 : 0.1421    pop_precision@10 : 0.14    unpop_precision@10 : 0.002
Sun 30 Nov 2025 11:46:05 INFO  Saving current: saved/LightGCN-Nov-30-2025_11-38-17.pth
Sun 30 Nov 2025 11:46:40 INFO  epoch 18 training [time: 34.88s, train loss: 160.8869]
Sun 30 Nov 2025 11:47:15 INFO  epoch 19 training [time: 35.04s, train loss: 159.1907]
Sun 30 Nov 2025 11:47:17 INFO  epoch 19 evaluating [time: 1.91s, valid_score: 0.349800]
Sun 30 Nov 2025 11:47:17 INFO  valid result: 
recall@10 : 0.1235    pop_recall@10 : 0.1603    unpop_recall@10 : 0.003    mrr@10 : 0.3498    pop_mrr@10 : 0.3471    unpop_mrr@10 : 0.0053    ndcg@10 : 0.1836    pop_ndcg@10 : 0.1933    unpop_ndcg@10 : 0.003    hit@10 : 0.6727    pop_hit@10 : 0.6667    unpop_hit@10 : 0.0184    precision@10 : 0.1458    pop_precision@10 : 0.1432    unpop_precision@10 : 0.0026
Sun 30 Nov 2025 11:47:17 INFO  Saving current: saved/LightGCN-Nov-30-2025_11-38-17.pth
Sun 30 Nov 2025 11:47:51 INFO  epoch 20 training [time: 34.59s, train loss: 157.6498]
Sun 30 Nov 2025 11:48:26 INFO  epoch 21 training [time: 35.15s, train loss: 155.6452]
Sun 30 Nov 2025 11:48:28 INFO  epoch 21 evaluating [time: 1.99s, valid_score: 0.353900]
Sun 30 Nov 2025 11:48:28 INFO  valid result: 
recall@10 : 0.126    pop_recall@10 : 0.1629    unpop_recall@10 : 0.0039    mrr@10 : 0.3539    pop_mrr@10 : 0.3506    unpop_mrr@10 : 0.0064    ndcg@10 : 0.1863    pop_ndcg@10 : 0.1955    unpop_ndcg@10 : 0.0037    hit@10 : 0.6788    pop_hit@10 : 0.6714    unpop_hit@10 : 0.0232    precision@10 : 0.148    pop_precision@10 : 0.1448    unpop_precision@10 : 0.0032
Sun 30 Nov 2025 11:48:28 INFO  Saving current: saved/LightGCN-Nov-30-2025_11-38-17.pth
Sun 30 Nov 2025 11:49:04 INFO  epoch 22 training [time: 35.17s, train loss: 154.6911]
Sun 30 Nov 2025 11:49:38 INFO  epoch 23 training [time: 34.42s, train loss: 152.8429]
Sun 30 Nov 2025 11:49:40 INFO  epoch 23 evaluating [time: 2.12s, valid_score: 0.358000]
Sun 30 Nov 2025 11:49:40 INFO  valid result: 
recall@10 : 0.1276    pop_recall@10 : 0.1652    unpop_recall@10 : 0.0045    mrr@10 : 0.358    pop_mrr@10 : 0.3542    unpop_mrr@10 : 0.0072    ndcg@10 : 0.1877    pop_ndcg@10 : 0.1969    unpop_ndcg@10 : 0.0041    hit@10 : 0.681    pop_hit@10 : 0.674    unpop_hit@10 : 0.0262    precision@10 : 0.1486    pop_precision@10 : 0.1451    unpop_precision@10 : 0.0035
Sun 30 Nov 2025 11:49:40 INFO  Saving current: saved/LightGCN-Nov-30-2025_11-38-17.pth
Sun 30 Nov 2025 11:50:16 INFO  epoch 24 training [time: 35.21s, train loss: 150.6520]
Sun 30 Nov 2025 11:50:51 INFO  epoch 25 training [time: 35.38s, train loss: 149.3836]
Sun 30 Nov 2025 11:50:53 INFO  epoch 25 evaluating [time: 2.13s, valid_score: 0.359700]
Sun 30 Nov 2025 11:50:53 INFO  valid result: 
recall@10 : 0.1302    pop_recall@10 : 0.168    unpop_recall@10 : 0.0052    mrr@10 : 0.3597    pop_mrr@10 : 0.3555    unpop_mrr@10 : 0.0082    ndcg@10 : 0.1903    pop_ndcg@10 : 0.1993    unpop_ndcg@10 : 0.0047    hit@10 : 0.6892    pop_hit@10 : 0.6813    unpop_hit@10 : 0.0296    precision@10 : 0.1509    pop_precision@10 : 0.147    unpop_precision@10 : 0.0039
Sun 30 Nov 2025 11:50:53 INFO  Saving current: saved/LightGCN-Nov-30-2025_11-38-17.pth
Sun 30 Nov 2025 11:51:28 INFO  epoch 26 training [time: 34.92s, train loss: 148.5129]
Sun 30 Nov 2025 11:52:02 INFO  epoch 27 training [time: 33.86s, train loss: 146.7813]
Sun 30 Nov 2025 11:52:04 INFO  epoch 27 evaluating [time: 2.00s, valid_score: 0.358600]
Sun 30 Nov 2025 11:52:04 INFO  valid result: 
recall@10 : 0.1326    pop_recall@10 : 0.1704    unpop_recall@10 : 0.0058    mrr@10 : 0.3586    pop_mrr@10 : 0.3541    unpop_mrr@10 : 0.0087    ndcg@10 : 0.1916    pop_ndcg@10 : 0.2006    unpop_ndcg@10 : 0.0051    hit@10 : 0.6935    pop_hit@10 : 0.6849    unpop_hit@10 : 0.031    precision@10 : 0.1521    pop_precision@10 : 0.148    unpop_precision@10 : 0.0041
Sun 30 Nov 2025 11:52:39 INFO  epoch 28 training [time: 34.68s, train loss: 146.1067]
Sun 30 Nov 2025 11:53:13 INFO  epoch 29 training [time: 34.51s, train loss: 144.4499]
Sun 30 Nov 2025 11:53:15 INFO  epoch 29 evaluating [time: 2.09s, valid_score: 0.359300]
Sun 30 Nov 2025 11:53:15 INFO  valid result: 
recall@10 : 0.1343    pop_recall@10 : 0.1731    unpop_recall@10 : 0.0062    mrr@10 : 0.3593    pop_mrr@10 : 0.355    unpop_mrr@10 : 0.0088    ndcg@10 : 0.1929    pop_ndcg@10 : 0.202    unpop_ndcg@10 : 0.0054    hit@10 : 0.6987    pop_hit@10 : 0.6891    unpop_hit@10 : 0.0336    precision@10 : 0.1532    pop_precision@10 : 0.1488    unpop_precision@10 : 0.0044
Sun 30 Nov 2025 11:53:50 INFO  epoch 30 training [time: 34.62s, train loss: 143.4586]
Sun 30 Nov 2025 11:54:24 INFO  epoch 31 training [time: 33.71s, train loss: 142.4243]
Sun 30 Nov 2025 11:54:26 INFO  epoch 31 evaluating [time: 2.05s, valid_score: 0.360600]
Sun 30 Nov 2025 11:54:26 INFO  valid result: 
recall@10 : 0.1358    pop_recall@10 : 0.1745    unpop_recall@10 : 0.0067    mrr@10 : 0.3606    pop_mrr@10 : 0.356    unpop_mrr@10 : 0.0093    ndcg@10 : 0.1943    pop_ndcg@10 : 0.2032    unpop_ndcg@10 : 0.0057    hit@10 : 0.7033    pop_hit@10 : 0.6929    unpop_hit@10 : 0.0354    precision@10 : 0.1543    pop_precision@10 : 0.1496    unpop_precision@10 : 0.0047
Sun 30 Nov 2025 11:54:26 INFO  Saving current: saved/LightGCN-Nov-30-2025_11-38-17.pth
Sun 30 Nov 2025 11:55:00 INFO  epoch 32 training [time: 34.53s, train loss: 142.1467]
Sun 30 Nov 2025 11:55:35 INFO  epoch 33 training [time: 34.70s, train loss: 140.3706]
Sun 30 Nov 2025 11:55:37 INFO  epoch 33 evaluating [time: 2.03s, valid_score: 0.362500]
Sun 30 Nov 2025 11:55:37 INFO  valid result: 
recall@10 : 0.1373    pop_recall@10 : 0.176    unpop_recall@10 : 0.0071    mrr@10 : 0.3625    pop_mrr@10 : 0.3573    unpop_mrr@10 : 0.0103    ndcg@10 : 0.1957    pop_ndcg@10 : 0.2044    unpop_ndcg@10 : 0.0062    hit@10 : 0.706    pop_hit@10 : 0.6945    unpop_hit@10 : 0.0386    precision@10 : 0.1552    pop_precision@10 : 0.1501    unpop_precision@10 : 0.0051
Sun 30 Nov 2025 11:55:37 INFO  Saving current: saved/LightGCN-Nov-30-2025_11-38-17.pth
Sun 30 Nov 2025 11:56:11 INFO  epoch 34 training [time: 33.98s, train loss: 139.3042]
Sun 30 Nov 2025 11:56:45 INFO  epoch 35 training [time: 33.43s, train loss: 138.8654]
Sun 30 Nov 2025 11:56:46 INFO  epoch 35 evaluating [time: 1.88s, valid_score: 0.363000]
Sun 30 Nov 2025 11:56:46 INFO  valid result: 
recall@10 : 0.1391    pop_recall@10 : 0.1786    unpop_recall@10 : 0.0077    mrr@10 : 0.363    pop_mrr@10 : 0.3573    unpop_mrr@10 : 0.0112    ndcg@10 : 0.1966    pop_ndcg@10 : 0.2052    unpop_ndcg@10 : 0.0066    hit@10 : 0.7106    pop_hit@10 : 0.6988    unpop_hit@10 : 0.0417    precision@10 : 0.1557    pop_precision@10 : 0.1505    unpop_precision@10 : 0.0052
Sun 30 Nov 2025 11:56:47 INFO  Saving current: saved/LightGCN-Nov-30-2025_11-38-17.pth
Sun 30 Nov 2025 11:57:21 INFO  epoch 36 training [time: 34.64s, train loss: 137.3435]
Sun 30 Nov 2025 11:57:56 INFO  epoch 37 training [time: 34.47s, train loss: 136.3750]
Sun 30 Nov 2025 11:57:58 INFO  epoch 37 evaluating [time: 2.09s, valid_score: 0.366500]
Sun 30 Nov 2025 11:57:58 INFO  valid result: 
recall@10 : 0.1394    pop_recall@10 : 0.1782    unpop_recall@10 : 0.0083    mrr@10 : 0.3665    pop_mrr@10 : 0.3606    unpop_mrr@10 : 0.0118    ndcg@10 : 0.1981    pop_ndcg@10 : 0.2065    unpop_ndcg@10 : 0.007    hit@10 : 0.7104    pop_hit@10 : 0.6985    unpop_hit@10 : 0.0429    precision@10 : 0.1562    pop_precision@10 : 0.1508    unpop_precision@10 : 0.0055
Sun 30 Nov 2025 11:57:58 INFO  Saving current: saved/LightGCN-Nov-30-2025_11-38-17.pth
Sun 30 Nov 2025 11:58:32 INFO  epoch 38 training [time: 34.27s, train loss: 136.0283]
Sun 30 Nov 2025 11:59:06 INFO  epoch 39 training [time: 33.83s, train loss: 134.9047]
Sun 30 Nov 2025 11:59:08 INFO  epoch 39 evaluating [time: 2.16s, valid_score: 0.367500]
Sun 30 Nov 2025 11:59:08 INFO  valid result: 
recall@10 : 0.1404    pop_recall@10 : 0.1795    unpop_recall@10 : 0.0085    mrr@10 : 0.3675    pop_mrr@10 : 0.3606    unpop_mrr@10 : 0.0128    ndcg@10 : 0.1985    pop_ndcg@10 : 0.2067    unpop_ndcg@10 : 0.0074    hit@10 : 0.7162    pop_hit@10 : 0.7035    unpop_hit@10 : 0.0447    precision@10 : 0.1563    pop_precision@10 : 0.1506    unpop_precision@10 : 0.0057
Sun 30 Nov 2025 11:59:08 INFO  Saving current: saved/LightGCN-Nov-30-2025_11-38-17.pth
Sun 30 Nov 2025 11:59:43 INFO  epoch 40 training [time: 34.62s, train loss: 134.2912]
Sun 30 Nov 2025 12:00:18 INFO  epoch 41 training [time: 34.64s, train loss: 133.4387]
Sun 30 Nov 2025 12:00:20 INFO  epoch 41 evaluating [time: 2.14s, valid_score: 0.370200]
Sun 30 Nov 2025 12:00:20 INFO  valid result: 
recall@10 : 0.1415    pop_recall@10 : 0.1805    unpop_recall@10 : 0.0091    mrr@10 : 0.3702    pop_mrr@10 : 0.3631    unpop_mrr@10 : 0.013    ndcg@10 : 0.2006    pop_ndcg@10 : 0.2089    unpop_ndcg@10 : 0.0076    hit@10 : 0.7202    pop_hit@10 : 0.7068    unpop_hit@10 : 0.0442    precision@10 : 0.1577    pop_precision@10 : 0.1522    unpop_precision@10 : 0.0056
Sun 30 Nov 2025 12:00:20 INFO  Saving current: saved/LightGCN-Nov-30-2025_11-38-17.pth
Sun 30 Nov 2025 12:00:55 INFO  epoch 42 training [time: 34.79s, train loss: 132.6892]
Sun 30 Nov 2025 12:01:28 INFO  epoch 43 training [time: 33.46s, train loss: 131.7872]
Sun 30 Nov 2025 12:01:30 INFO  epoch 43 evaluating [time: 2.08s, valid_score: 0.372200]
Sun 30 Nov 2025 12:01:30 INFO  valid result: 
recall@10 : 0.1429    pop_recall@10 : 0.1814    unpop_recall@10 : 0.0099    mrr@10 : 0.3722    pop_mrr@10 : 0.3649    unpop_mrr@10 : 0.0135    ndcg@10 : 0.2018    pop_ndcg@10 : 0.2099    unpop_ndcg@10 : 0.008    hit@10 : 0.7164    pop_hit@10 : 0.7015    unpop_hit@10 : 0.0488    precision@10 : 0.1583    pop_precision@10 : 0.1522    unpop_precision@10 : 0.0061
Sun 30 Nov 2025 12:01:30 INFO  Saving current: saved/LightGCN-Nov-30-2025_11-38-17.pth
Sun 30 Nov 2025 12:02:04 INFO  epoch 44 training [time: 34.11s, train loss: 130.9767]
Sun 30 Nov 2025 12:02:39 INFO  epoch 45 training [time: 34.55s, train loss: 129.8353]
Sun 30 Nov 2025 12:02:41 INFO  epoch 45 evaluating [time: 1.85s, valid_score: 0.372800]
Sun 30 Nov 2025 12:02:41 INFO  valid result: 
recall@10 : 0.1424    pop_recall@10 : 0.1812    unpop_recall@10 : 0.0099    mrr@10 : 0.3728    pop_mrr@10 : 0.3646    unpop_mrr@10 : 0.0143    ndcg@10 : 0.2011    pop_ndcg@10 : 0.209    unpop_ndcg@10 : 0.0082    hit@10 : 0.7189    pop_hit@10 : 0.7038    unpop_hit@10 : 0.0474    precision@10 : 0.1575    pop_precision@10 : 0.1517    unpop_precision@10 : 0.0058
Sun 30 Nov 2025 12:02:41 INFO  Saving current: saved/LightGCN-Nov-30-2025_11-38-17.pth
Sun 30 Nov 2025 12:03:15 INFO  epoch 46 training [time: 34.27s, train loss: 128.9102]
Sun 30 Nov 2025 12:03:49 INFO  epoch 47 training [time: 33.51s, train loss: 128.6782]
Sun 30 Nov 2025 12:03:51 INFO  epoch 47 evaluating [time: 1.97s, valid_score: 0.372400]
Sun 30 Nov 2025 12:03:51 INFO  valid result: 
recall@10 : 0.1442    pop_recall@10 : 0.1836    unpop_recall@10 : 0.0108    mrr@10 : 0.3724    pop_mrr@10 : 0.3642    unpop_mrr@10 : 0.0148    ndcg@10 : 0.2027    pop_ndcg@10 : 0.2103    unpop_ndcg@10 : 0.0086    hit@10 : 0.7212    pop_hit@10 : 0.7053    unpop_hit@10 : 0.05    precision@10 : 0.1593    pop_precision@10 : 0.1532    unpop_precision@10 : 0.0062
Sun 30 Nov 2025 12:04:26 INFO  epoch 48 training [time: 35.16s, train loss: 127.7495]
Sun 30 Nov 2025 12:05:01 INFO  epoch 49 training [time: 35.41s, train loss: 126.7918]
Sun 30 Nov 2025 12:05:03 INFO  epoch 49 evaluating [time: 2.09s, valid_score: 0.370100]
Sun 30 Nov 2025 12:05:03 INFO  valid result: 
recall@10 : 0.1461    pop_recall@10 : 0.1853    unpop_recall@10 : 0.0117    mrr@10 : 0.3701    pop_mrr@10 : 0.3614    unpop_mrr@10 : 0.0156    ndcg@10 : 0.2037    pop_ndcg@10 : 0.211    unpop_ndcg@10 : 0.0092    hit@10 : 0.7238    pop_hit@10 : 0.7086    unpop_hit@10 : 0.0523    precision@10 : 0.1609    pop_precision@10 : 0.1544    unpop_precision@10 : 0.0065
Sun 30 Nov 2025 12:05:38 INFO  epoch 50 training [time: 34.66s, train loss: 126.2433]
Sun 30 Nov 2025 12:06:12 INFO  epoch 51 training [time: 34.35s, train loss: 125.7254]
Sun 30 Nov 2025 12:06:14 INFO  epoch 51 evaluating [time: 2.13s, valid_score: 0.374100]
Sun 30 Nov 2025 12:06:14 INFO  valid result: 
recall@10 : 0.1453    pop_recall@10 : 0.1844    unpop_recall@10 : 0.012    mrr@10 : 0.3741    pop_mrr@10 : 0.3653    unpop_mrr@10 : 0.0162    ndcg@10 : 0.2042    pop_ndcg@10 : 0.2114    unpop_ndcg@10 : 0.0096    hit@10 : 0.7219    pop_hit@10 : 0.7065    unpop_hit@10 : 0.055    precision@10 : 0.1602    pop_precision@10 : 0.1535    unpop_precision@10 : 0.0067
Sun 30 Nov 2025 12:06:15 INFO  Saving current: saved/LightGCN-Nov-30-2025_11-38-17.pth
Sun 30 Nov 2025 12:06:49 INFO  epoch 52 training [time: 34.68s, train loss: 124.6531]
Sun 30 Nov 2025 12:07:24 INFO  epoch 53 training [time: 34.84s, train loss: 124.0491]
Sun 30 Nov 2025 12:07:26 INFO  epoch 53 evaluating [time: 1.93s, valid_score: 0.374300]
Sun 30 Nov 2025 12:07:26 INFO  valid result: 
recall@10 : 0.1449    pop_recall@10 : 0.1837    unpop_recall@10 : 0.0126    mrr@10 : 0.3743    pop_mrr@10 : 0.3643    unpop_mrr@10 : 0.0179    ndcg@10 : 0.2042    pop_ndcg@10 : 0.2107    unpop_ndcg@10 : 0.0103    hit@10 : 0.7228    pop_hit@10 : 0.7056    unpop_hit@10 : 0.0583    precision@10 : 0.1605    pop_precision@10 : 0.1533    unpop_precision@10 : 0.0073
Sun 30 Nov 2025 12:07:26 INFO  Saving current: saved/LightGCN-Nov-30-2025_11-38-17.pth
Sun 30 Nov 2025 12:08:00 INFO  epoch 54 training [time: 34.19s, train loss: 123.1965]
Sun 30 Nov 2025 12:08:35 INFO  epoch 55 training [time: 34.70s, train loss: 123.0865]
Sun 30 Nov 2025 12:08:37 INFO  epoch 55 evaluating [time: 2.07s, valid_score: 0.377000]
Sun 30 Nov 2025 12:08:37 INFO  valid result: 
recall@10 : 0.1471    pop_recall@10 : 0.1863    unpop_recall@10 : 0.0133    mrr@10 : 0.377    pop_mrr@10 : 0.3668    unpop_mrr@10 : 0.0186    ndcg@10 : 0.206    pop_ndcg@10 : 0.2125    unpop_ndcg@10 : 0.0107    hit@10 : 0.7265    pop_hit@10 : 0.7083    unpop_hit@10 : 0.0596    precision@10 : 0.1614    pop_precision@10 : 0.1539    unpop_precision@10 : 0.0075
Sun 30 Nov 2025 12:08:37 INFO  Saving current: saved/LightGCN-Nov-30-2025_11-38-17.pth
Sun 30 Nov 2025 12:09:11 INFO  epoch 56 training [time: 34.17s, train loss: 122.0557]
Sun 30 Nov 2025 12:09:46 INFO  epoch 57 training [time: 34.49s, train loss: 120.8203]
Sun 30 Nov 2025 12:09:48 INFO  epoch 57 evaluating [time: 2.11s, valid_score: 0.376500]
Sun 30 Nov 2025 12:09:48 INFO  valid result: 
recall@10 : 0.1471    pop_recall@10 : 0.1856    unpop_recall@10 : 0.014    mrr@10 : 0.3765    pop_mrr@10 : 0.3655    unpop_mrr@10 : 0.0197    ndcg@10 : 0.206    pop_ndcg@10 : 0.2122    unpop_ndcg@10 : 0.0111    hit@10 : 0.7252    pop_hit@10 : 0.7078    unpop_hit@10 : 0.0608    precision@10 : 0.1615    pop_precision@10 : 0.154    unpop_precision@10 : 0.0074
Sun 30 Nov 2025 12:10:22 INFO  epoch 58 training [time: 33.89s, train loss: 120.0918]
Sun 30 Nov 2025 12:10:56 INFO  epoch 59 training [time: 34.41s, train loss: 119.6357]
Sun 30 Nov 2025 12:10:58 INFO  epoch 59 evaluating [time: 2.09s, valid_score: 0.377900]
Sun 30 Nov 2025 12:10:58 INFO  valid result: 
recall@10 : 0.1489    pop_recall@10 : 0.1883    unpop_recall@10 : 0.0148    mrr@10 : 0.3779    pop_mrr@10 : 0.3668    unpop_mrr@10 : 0.0201    ndcg@10 : 0.2073    pop_ndcg@10 : 0.2133    unpop_ndcg@10 : 0.0116    hit@10 : 0.7306    pop_hit@10 : 0.7131    unpop_hit@10 : 0.0623    precision@10 : 0.1626    pop_precision@10 : 0.1549    unpop_precision@10 : 0.0077
Sun 30 Nov 2025 12:10:59 INFO  Saving current: saved/LightGCN-Nov-30-2025_11-38-17.pth
Sun 30 Nov 2025 12:11:34 INFO  epoch 60 training [time: 35.01s, train loss: 119.4735]
Sun 30 Nov 2025 12:12:07 INFO  epoch 61 training [time: 33.90s, train loss: 118.4124]
Sun 30 Nov 2025 12:12:09 INFO  epoch 61 evaluating [time: 1.99s, valid_score: 0.379500]
Sun 30 Nov 2025 12:12:09 INFO  valid result: 
recall@10 : 0.1505    pop_recall@10 : 0.1896    unpop_recall@10 : 0.015    mrr@10 : 0.3795    pop_mrr@10 : 0.3685    unpop_mrr@10 : 0.0203    ndcg@10 : 0.2088    pop_ndcg@10 : 0.2148    unpop_ndcg@10 : 0.0118    hit@10 : 0.7333    pop_hit@10 : 0.7154    unpop_hit@10 : 0.0634    precision@10 : 0.1635    pop_precision@10 : 0.1556    unpop_precision@10 : 0.0079
Sun 30 Nov 2025 12:12:10 INFO  Saving current: saved/LightGCN-Nov-30-2025_11-38-17.pth
Sun 30 Nov 2025 12:12:44 INFO  epoch 62 training [time: 34.00s, train loss: 117.5983]
Sun 30 Nov 2025 12:13:18 INFO  epoch 63 training [time: 34.25s, train loss: 116.3088]
Sun 30 Nov 2025 12:13:20 INFO  epoch 63 evaluating [time: 2.25s, valid_score: 0.380300]
Sun 30 Nov 2025 12:13:20 INFO  valid result: 
recall@10 : 0.1513    pop_recall@10 : 0.1909    unpop_recall@10 : 0.0153    mrr@10 : 0.3803    pop_mrr@10 : 0.3689    unpop_mrr@10 : 0.0206    ndcg@10 : 0.2096    pop_ndcg@10 : 0.2157    unpop_ndcg@10 : 0.012    hit@10 : 0.7348    pop_hit@10 : 0.7169    unpop_hit@10 : 0.0646    precision@10 : 0.1641    pop_precision@10 : 0.1561    unpop_precision@10 : 0.008
Sun 30 Nov 2025 12:13:20 INFO  Saving current: saved/LightGCN-Nov-30-2025_11-38-17.pth
Sun 30 Nov 2025 12:13:54 INFO  epoch 64 training [time: 34.11s, train loss: 115.7501]
Sun 30 Nov 2025 12:14:29 INFO  epoch 65 training [time: 34.33s, train loss: 114.9225]
Sun 30 Nov 2025 12:14:31 INFO  epoch 65 evaluating [time: 2.04s, valid_score: 0.383200]
Sun 30 Nov 2025 12:14:31 INFO  valid result: 
recall@10 : 0.1512    pop_recall@10 : 0.1898    unpop_recall@10 : 0.0164    mrr@10 : 0.3832    pop_mrr@10 : 0.3715    unpop_mrr@10 : 0.0213    ndcg@10 : 0.2102    pop_ndcg@10 : 0.2157    unpop_ndcg@10 : 0.0126    hit@10 : 0.7356    pop_hit@10 : 0.7161    unpop_hit@10 : 0.0679    precision@10 : 0.1643    pop_precision@10 : 0.1558    unpop_precision@10 : 0.0085
Sun 30 Nov 2025 12:14:31 INFO  Saving current: saved/LightGCN-Nov-30-2025_11-38-17.pth
Sun 30 Nov 2025 12:15:04 INFO  epoch 66 training [time: 33.41s, train loss: 115.1349]
Sun 30 Nov 2025 12:15:39 INFO  epoch 67 training [time: 34.99s, train loss: 113.7908]
Sun 30 Nov 2025 12:15:41 INFO  epoch 67 evaluating [time: 2.09s, valid_score: 0.383300]
Sun 30 Nov 2025 12:15:41 INFO  valid result: 
recall@10 : 0.1508    pop_recall@10 : 0.1883    unpop_recall@10 : 0.0176    mrr@10 : 0.3833    pop_mrr@10 : 0.3708    unpop_mrr@10 : 0.0228    ndcg@10 : 0.2103    pop_ndcg@10 : 0.2149    unpop_ndcg@10 : 0.0136    hit@10 : 0.7315    pop_hit@10 : 0.7108    unpop_hit@10 : 0.0728    precision@10 : 0.1641    pop_precision@10 : 0.155    unpop_precision@10 : 0.0091
Sun 30 Nov 2025 12:15:42 INFO  Saving current: saved/LightGCN-Nov-30-2025_11-38-17.pth
Sun 30 Nov 2025 12:16:16 INFO  epoch 68 training [time: 34.61s, train loss: 112.9526]
Sun 30 Nov 2025 12:16:51 INFO  epoch 69 training [time: 34.61s, train loss: 112.0094]
Sun 30 Nov 2025 12:16:53 INFO  epoch 69 evaluating [time: 1.92s, valid_score: 0.384400]
Sun 30 Nov 2025 12:16:53 INFO  valid result: 
recall@10 : 0.1524    pop_recall@10 : 0.1899    unpop_recall@10 : 0.0185    mrr@10 : 0.3844    pop_mrr@10 : 0.3705    unpop_mrr@10 : 0.0248    ndcg@10 : 0.212    pop_ndcg@10 : 0.2161    unpop_ndcg@10 : 0.0145    hit@10 : 0.7356    pop_hit@10 : 0.7146    unpop_hit@10 : 0.0755    precision@10 : 0.1654    pop_precision@10 : 0.1559    unpop_precision@10 : 0.0095
Sun 30 Nov 2025 12:16:53 INFO  Saving current: saved/LightGCN-Nov-30-2025_11-38-17.pth
Sun 30 Nov 2025 12:17:26 INFO  epoch 70 training [time: 33.35s, train loss: 111.7186]
Sun 30 Nov 2025 12:18:00 INFO  epoch 71 training [time: 34.08s, train loss: 110.9440]
Sun 30 Nov 2025 12:18:02 INFO  epoch 71 evaluating [time: 2.07s, valid_score: 0.384800]
Sun 30 Nov 2025 12:18:02 INFO  valid result: 
recall@10 : 0.154    pop_recall@10 : 0.1911    unpop_recall@10 : 0.0189    mrr@10 : 0.3848    pop_mrr@10 : 0.3708    unpop_mrr@10 : 0.0251    ndcg@10 : 0.2125    pop_ndcg@10 : 0.2163    unpop_ndcg@10 : 0.0149    hit@10 : 0.7416    pop_hit@10 : 0.7199    unpop_hit@10 : 0.0765    precision@10 : 0.1659    pop_precision@10 : 0.1563    unpop_precision@10 : 0.0096
Sun 30 Nov 2025 12:18:02 INFO  Saving current: saved/LightGCN-Nov-30-2025_11-38-17.pth
Sun 30 Nov 2025 12:18:35 INFO  epoch 72 training [time: 33.02s, train loss: 109.8459]
Sun 30 Nov 2025 12:19:08 INFO  epoch 73 training [time: 32.67s, train loss: 110.0001]
Sun 30 Nov 2025 12:19:10 INFO  epoch 73 evaluating [time: 1.92s, valid_score: 0.387300]
Sun 30 Nov 2025 12:19:10 INFO  valid result: 
recall@10 : 0.153    pop_recall@10 : 0.1905    unpop_recall@10 : 0.0196    mrr@10 : 0.3873    pop_mrr@10 : 0.3728    unpop_mrr@10 : 0.0254    ndcg@10 : 0.2128    pop_ndcg@10 : 0.2165    unpop_ndcg@10 : 0.0152    hit@10 : 0.7376    pop_hit@10 : 0.7157    unpop_hit@10 : 0.0775    precision@10 : 0.1658    pop_precision@10 : 0.1561    unpop_precision@10 : 0.0098
Sun 30 Nov 2025 12:19:10 INFO  Saving current: saved/LightGCN-Nov-30-2025_11-38-17.pth
Sun 30 Nov 2025 12:19:42 INFO  epoch 74 training [time: 31.81s, train loss: 109.0109]
Sun 30 Nov 2025 12:20:14 INFO  epoch 75 training [time: 32.53s, train loss: 108.2113]
Sun 30 Nov 2025 12:20:16 INFO  epoch 75 evaluating [time: 1.90s, valid_score: 0.389300]
Sun 30 Nov 2025 12:20:16 INFO  valid result: 
recall@10 : 0.1529    pop_recall@10 : 0.1899    unpop_recall@10 : 0.0201    mrr@10 : 0.3893    pop_mrr@10 : 0.3739    unpop_mrr@10 : 0.0267    ndcg@10 : 0.2131    pop_ndcg@10 : 0.2163    unpop_ndcg@10 : 0.0158    hit@10 : 0.7396    pop_hit@10 : 0.7172    unpop_hit@10 : 0.0786    precision@10 : 0.1657    pop_precision@10 : 0.1557    unpop_precision@10 : 0.01
Sun 30 Nov 2025 12:20:16 INFO  Saving current: saved/LightGCN-Nov-30-2025_11-38-17.pth
Sun 30 Nov 2025 12:20:49 INFO  epoch 76 training [time: 32.95s, train loss: 107.1634]
Sun 30 Nov 2025 12:21:22 INFO  epoch 77 training [time: 33.03s, train loss: 106.7085]
Sun 30 Nov 2025 12:21:25 INFO  epoch 77 evaluating [time: 2.11s, valid_score: 0.387700]
Sun 30 Nov 2025 12:21:25 INFO  valid result: 
recall@10 : 0.1533    pop_recall@10 : 0.1898    unpop_recall@10 : 0.0201    mrr@10 : 0.3877    pop_mrr@10 : 0.3728    unpop_mrr@10 : 0.0261    ndcg@10 : 0.2131    pop_ndcg@10 : 0.2166    unpop_ndcg@10 : 0.0156    hit@10 : 0.7386    pop_hit@10 : 0.7156    unpop_hit@10 : 0.0801    precision@10 : 0.1656    pop_precision@10 : 0.1558    unpop_precision@10 : 0.0099
Sun 30 Nov 2025 12:21:56 INFO  epoch 78 training [time: 31.84s, train loss: 106.5301]
Sun 30 Nov 2025 12:22:29 INFO  epoch 79 training [time: 32.50s, train loss: 105.9903]
Sun 30 Nov 2025 12:22:31 INFO  epoch 79 evaluating [time: 2.10s, valid_score: 0.387900]
Sun 30 Nov 2025 12:22:31 INFO  valid result: 
recall@10 : 0.1549    pop_recall@10 : 0.1919    unpop_recall@10 : 0.0206    mrr@10 : 0.3879    pop_mrr@10 : 0.3718    unpop_mrr@10 : 0.0274    ndcg@10 : 0.2141    pop_ndcg@10 : 0.2169    unpop_ndcg@10 : 0.0162    hit@10 : 0.7422    pop_hit@10 : 0.72    unpop_hit@10 : 0.0803    precision@10 : 0.167    pop_precision@10 : 0.1569    unpop_precision@10 : 0.0101
Sun 30 Nov 2025 12:23:04 INFO  epoch 80 training [time: 33.00s, train loss: 104.3539]
Sun 30 Nov 2025 12:23:37 INFO  epoch 81 training [time: 32.68s, train loss: 104.5844]
Sun 30 Nov 2025 12:23:38 INFO  epoch 81 evaluating [time: 1.61s, valid_score: 0.388600]
Sun 30 Nov 2025 12:23:38 INFO  valid result: 
recall@10 : 0.1555    pop_recall@10 : 0.1927    unpop_recall@10 : 0.0211    mrr@10 : 0.3886    pop_mrr@10 : 0.3727    unpop_mrr@10 : 0.0272    ndcg@10 : 0.2146    pop_ndcg@10 : 0.2175    unpop_ndcg@10 : 0.0163    hit@10 : 0.7435    pop_hit@10 : 0.7202    unpop_hit@10 : 0.0826    precision@10 : 0.1673    pop_precision@10 : 0.157    unpop_precision@10 : 0.0103
Sun 30 Nov 2025 12:24:11 INFO  epoch 82 training [time: 32.42s, train loss: 103.3285]
Sun 30 Nov 2025 12:24:44 INFO  epoch 83 training [time: 32.95s, train loss: 103.0909]
Sun 30 Nov 2025 12:24:46 INFO  epoch 83 evaluating [time: 1.90s, valid_score: 0.388100]
Sun 30 Nov 2025 12:24:46 INFO  valid result: 
recall@10 : 0.1556    pop_recall@10 : 0.1927    unpop_recall@10 : 0.0209    mrr@10 : 0.3881    pop_mrr@10 : 0.3709    unpop_mrr@10 : 0.0288    ndcg@10 : 0.2143    pop_ndcg@10 : 0.2169    unpop_ndcg@10 : 0.0167    hit@10 : 0.7427    pop_hit@10 : 0.7195    unpop_hit@10 : 0.0846    precision@10 : 0.1669    pop_precision@10 : 0.1564    unpop_precision@10 : 0.0104
Sun 30 Nov 2025 12:25:19 INFO  epoch 84 training [time: 32.95s, train loss: 102.1228]
Sun 30 Nov 2025 12:25:51 INFO  epoch 85 training [time: 32.45s, train loss: 101.5852]
Sun 30 Nov 2025 12:25:52 INFO  epoch 85 evaluating [time: 1.46s, valid_score: 0.388500]
Sun 30 Nov 2025 12:25:52 INFO  valid result: 
recall@10 : 0.156    pop_recall@10 : 0.1924    unpop_recall@10 : 0.0217    mrr@10 : 0.3885    pop_mrr@10 : 0.3711    unpop_mrr@10 : 0.0295    ndcg@10 : 0.2148    pop_ndcg@10 : 0.217    unpop_ndcg@10 : 0.0172    hit@10 : 0.7449    pop_hit@10 : 0.7204    unpop_hit@10 : 0.0866    precision@10 : 0.1669    pop_precision@10 : 0.156    unpop_precision@10 : 0.0109
Sun 30 Nov 2025 12:26:25 INFO  epoch 86 training [time: 33.03s, train loss: 101.2569]
Sun 30 Nov 2025 12:26:58 INFO  epoch 87 training [time: 32.85s, train loss: 100.1261]
Sun 30 Nov 2025 12:27:00 INFO  epoch 87 evaluating [time: 2.08s, valid_score: 0.385400]
Sun 30 Nov 2025 12:27:00 INFO  valid result: 
recall@10 : 0.156    pop_recall@10 : 0.1924    unpop_recall@10 : 0.0219    mrr@10 : 0.3854    pop_mrr@10 : 0.369    unpop_mrr@10 : 0.029    ndcg@10 : 0.2142    pop_ndcg@10 : 0.2164    unpop_ndcg@10 : 0.0171    hit@10 : 0.7419    pop_hit@10 : 0.7177    unpop_hit@10 : 0.0881    precision@10 : 0.1671    pop_precision@10 : 0.1562    unpop_precision@10 : 0.0109
Sun 30 Nov 2025 12:27:33 INFO  epoch 88 training [time: 32.79s, train loss: 99.6015]
Sun 30 Nov 2025 12:28:05 INFO  epoch 89 training [time: 31.94s, train loss: 98.7286]
Sun 30 Nov 2025 12:28:07 INFO  epoch 89 evaluating [time: 2.00s, valid_score: 0.386100]
Sun 30 Nov 2025 12:28:07 INFO  valid result: 
recall@10 : 0.1568    pop_recall@10 : 0.1928    unpop_recall@10 : 0.0232    mrr@10 : 0.3861    pop_mrr@10 : 0.3688    unpop_mrr@10 : 0.0298    ndcg@10 : 0.2141    pop_ndcg@10 : 0.216    unpop_ndcg@10 : 0.018    hit@10 : 0.7449    pop_hit@10 : 0.7179    unpop_hit@10 : 0.0909    precision@10 : 0.1667    pop_precision@10 : 0.1554    unpop_precision@10 : 0.0113
Sun 30 Nov 2025 12:28:40 INFO  epoch 90 training [time: 33.06s, train loss: 98.4524]
Sun 30 Nov 2025 12:29:13 INFO  epoch 91 training [time: 32.89s, train loss: 97.7045]
Sun 30 Nov 2025 12:29:15 INFO  epoch 91 evaluating [time: 2.02s, valid_score: 0.389400]
Sun 30 Nov 2025 12:29:15 INFO  valid result: 
recall@10 : 0.1569    pop_recall@10 : 0.1928    unpop_recall@10 : 0.023    mrr@10 : 0.3894    pop_mrr@10 : 0.3711    unpop_mrr@10 : 0.0312    ndcg@10 : 0.2154    pop_ndcg@10 : 0.217    unpop_ndcg@10 : 0.0182    hit@10 : 0.7455    pop_hit@10 : 0.7184    unpop_hit@10 : 0.0917    precision@10 : 0.1671    pop_precision@10 : 0.1557    unpop_precision@10 : 0.0114
Sun 30 Nov 2025 12:29:15 INFO  Saving current: saved/LightGCN-Nov-30-2025_11-38-17.pth
Sun 30 Nov 2025 12:29:48 INFO  epoch 92 training [time: 32.77s, train loss: 96.9444]
Sun 30 Nov 2025 12:30:21 INFO  epoch 93 training [time: 32.77s, train loss: 96.6082]
Sun 30 Nov 2025 12:30:23 INFO  epoch 93 evaluating [time: 2.14s, valid_score: 0.387400]
Sun 30 Nov 2025 12:30:23 INFO  valid result: 
recall@10 : 0.1572    pop_recall@10 : 0.1931    unpop_recall@10 : 0.023    mrr@10 : 0.3874    pop_mrr@10 : 0.3692    unpop_mrr@10 : 0.0316    ndcg@10 : 0.2154    pop_ndcg@10 : 0.2168    unpop_ndcg@10 : 0.0184    hit@10 : 0.7493    pop_hit@10 : 0.7238    unpop_hit@10 : 0.0925    precision@10 : 0.1679    pop_precision@10 : 0.1564    unpop_precision@10 : 0.0115
Sun 30 Nov 2025 12:30:57 INFO  epoch 94 training [time: 34.06s, train loss: 95.7547]
Sun 30 Nov 2025 12:31:31 INFO  epoch 95 training [time: 33.89s, train loss: 95.7619]
Sun 30 Nov 2025 12:31:33 INFO  epoch 95 evaluating [time: 2.06s, valid_score: 0.388800]
Sun 30 Nov 2025 12:31:33 INFO  valid result: 
recall@10 : 0.1575    pop_recall@10 : 0.1937    unpop_recall@10 : 0.0228    mrr@10 : 0.3888    pop_mrr@10 : 0.3703    unpop_mrr@10 : 0.0311    ndcg@10 : 0.2156    pop_ndcg@10 : 0.2174    unpop_ndcg@10 : 0.018    hit@10 : 0.7485    pop_hit@10 : 0.7217    unpop_hit@10 : 0.0911    precision@10 : 0.1678    pop_precision@10 : 0.1565    unpop_precision@10 : 0.0112
Sun 30 Nov 2025 12:32:07 INFO  epoch 96 training [time: 33.66s, train loss: 94.9219]
Sun 30 Nov 2025 12:32:39 INFO  epoch 97 training [time: 32.85s, train loss: 94.2230]
Sun 30 Nov 2025 12:32:41 INFO  epoch 97 evaluating [time: 2.07s, valid_score: 0.388800]
Sun 30 Nov 2025 12:32:41 INFO  valid result: 
recall@10 : 0.1584    pop_recall@10 : 0.1944    unpop_recall@10 : 0.0244    mrr@10 : 0.3888    pop_mrr@10 : 0.371    unpop_mrr@10 : 0.0311    ndcg@10 : 0.2156    pop_ndcg@10 : 0.2172    unpop_ndcg@10 : 0.0184    hit@10 : 0.7488    pop_hit@10 : 0.7217    unpop_hit@10 : 0.0949    precision@10 : 0.1679    pop_precision@10 : 0.1563    unpop_precision@10 : 0.0116
Sun 30 Nov 2025 12:33:15 INFO  epoch 98 training [time: 33.88s, train loss: 93.8415]
Sun 30 Nov 2025 12:33:49 INFO  epoch 99 training [time: 34.08s, train loss: 93.0992]
Sun 30 Nov 2025 12:33:52 INFO  epoch 99 evaluating [time: 2.15s, valid_score: 0.388700]
Sun 30 Nov 2025 12:33:52 INFO  valid result: 
recall@10 : 0.158    pop_recall@10 : 0.1939    unpop_recall@10 : 0.0247    mrr@10 : 0.3887    pop_mrr@10 : 0.3708    unpop_mrr@10 : 0.0321    ndcg@10 : 0.2156    pop_ndcg@10 : 0.2169    unpop_ndcg@10 : 0.0189    hit@10 : 0.7455    pop_hit@10 : 0.72    unpop_hit@10 : 0.0964    precision@10 : 0.1677    pop_precision@10 : 0.156    unpop_precision@10 : 0.0117
Sun 30 Nov 2025 12:33:52 INFO  Loading model structure and parameters from saved/LightGCN-Nov-30-2025_11-38-17.pth
Sun 30 Nov 2025 12:33:54 INFO  count    1872.000000
mean       32.264957
std        70.104132
min         1.000000
25%         2.000000
50%         8.000000
75%        30.000000
max       777.000000
dtype: float64
Sun 30 Nov 2025 12:33:55 INFO  The running environment of this training is as follows:
+-------------+-----------------+
| Environment |      Usage      |
+=============+=================+
| CPU         |     38.10 %     |
+-------------+-----------------+
| GPU         | 0.27 G/47.53 G  |
+-------------+-----------------+
| Memory      | 1.91 G/251.48 G |
+-------------+-----------------+
Sun 30 Nov 2025 12:33:55 INFO  best valid : OrderedDict([('recall@10', 0.1569), ('pop_recall@10', 0.1928), ('unpop_recall@10', 0.023), ('mrr@10', 0.3894), ('pop_mrr@10', 0.3711), ('unpop_mrr@10', 0.0312), ('ndcg@10', 0.2154), ('pop_ndcg@10', 0.217), ('unpop_ndcg@10', 0.0182), ('hit@10', 0.7455), ('pop_hit@10', 0.7184), ('unpop_hit@10', 0.0917), ('precision@10', 0.1671), ('pop_precision@10', 0.1557), ('unpop_precision@10', 0.0114)])
Sun 30 Nov 2025 12:33:55 INFO  test result: OrderedDict([('recall@10', 0.17320314569536424), ('pop_recall@10', 0.21408150662251652), ('unpop_recall@10', 0.026475778145695364), ('mrr@10', 0.4575081622516556), ('pop_mrr@10', 0.44018849337748345), ('unpop_mrr@10', 0.03580938741721854), ('ndcg@10', 0.2663005960264901), ('pop_ndcg@10', 0.266378178807947), ('unpop_ndcg@10', 0.021687731788079468), ('hit@10', 0.7582781456953642), ('pop_hit@10', 0.7350993377483444), ('unpop_hit@10', 0.10629139072847682), ('precision@10', 0.20763245033112582), ('pop_precision@10', 0.19314569536423842), ('unpop_precision@10', 0.014486754966887417)])
